/home/jupyter-deuk-c4e4/.conda/envs/ts310/lib/python3.10/site-packages/wandb/sdk/internal/internal_api.py:30: UserWarning: pkg_resources is deprecated as an API. See https://setuptools.pypa.io/en/latest/pkg_resources.html. The pkg_resources package is slated for removal as early as 2025-11-30. Refrain from using this package or pin to Setuptools<81.
  from pkg_resources import parse_version
/home/jupyter-deuk-c4e4/.conda/envs/ts310/lib/python3.10/site-packages/pkg_resources/__init__.py:3148: DeprecationWarning: Deprecated call to `pkg_resources.declare_namespace('mpl_toolkits')`.
Implementing implicit namespace packages (as specified in PEP 420) is preferred to `pkg_resources.declare_namespace`. See https://setuptools.pypa.io/en/latest/references/keywords.html#keyword-namespace-packages
  declare_namespace(pkg)
/home/jupyter-deuk-c4e4/.conda/envs/ts310/lib/python3.10/site-packages/pkg_resources/__init__.py:3148: DeprecationWarning: Deprecated call to `pkg_resources.declare_namespace('google')`.
Implementing implicit namespace packages (as specified in PEP 420) is preferred to `pkg_resources.declare_namespace`. See https://setuptools.pypa.io/en/latest/references/keywords.html#keyword-namespace-packages
  declare_namespace(pkg)
/home/jupyter-deuk-c4e4/.conda/envs/ts310/lib/python3.10/site-packages/Cython/Distutils/old_build_ext.py:15: DeprecationWarning: dep_util is Deprecated. Use functions from setuptools instead.
  from distutils.dep_util import newer, newer_group
<frozen importlib._bootstrap>:283: DeprecationWarning: the load_module() method is deprecated and slated for removal in Python 3.12; use exec_module() instead
Warning: Mujoco-based envs failed to import. Set the environment variable D4RL_SUPPRESS_IMPORT_ERROR=1 to suppress this message.
No module named 'mjrl'
Warning: Flow failed to import. Set the environment variable D4RL_SUPPRESS_IMPORT_ERROR=1 to suppress this message.
No module named 'flow'
Warning: CARLA failed to import. Set the environment variable D4RL_SUPPRESS_IMPORT_ERROR=1 to suppress this message.
No module named 'carla'
pybullet build time: Jan 29 2025 23:16:28
/home/jupyter-deuk-c4e4/.conda/envs/ts310/lib/python3.10/site-packages/gym/envs/registration.py:595: UserWarning: [33mWARN: Overriding environment maze2d-open-v0[0m
  logger.warn(f"Overriding environment {id}")
/home/jupyter-deuk-c4e4/.conda/envs/ts310/lib/python3.10/site-packages/gym/envs/registration.py:595: UserWarning: [33mWARN: Overriding environment maze2d-umaze-v0[0m
  logger.warn(f"Overriding environment {id}")
/home/jupyter-deuk-c4e4/.conda/envs/ts310/lib/python3.10/site-packages/gym/envs/registration.py:595: UserWarning: [33mWARN: Overriding environment maze2d-medium-v0[0m
  logger.warn(f"Overriding environment {id}")
/home/jupyter-deuk-c4e4/.conda/envs/ts310/lib/python3.10/site-packages/gym/envs/registration.py:595: UserWarning: [33mWARN: Overriding environment maze2d-large-v0[0m
  logger.warn(f"Overriding environment {id}")
/home/jupyter-deuk-c4e4/.conda/envs/ts310/lib/python3.10/site-packages/gym/envs/registration.py:595: UserWarning: [33mWARN: Overriding environment maze2d-umaze-v1[0m
  logger.warn(f"Overriding environment {id}")
/home/jupyter-deuk-c4e4/.conda/envs/ts310/lib/python3.10/site-packages/gym/envs/registration.py:595: UserWarning: [33mWARN: Overriding environment maze2d-medium-v1[0m
  logger.warn(f"Overriding environment {id}")
/home/jupyter-deuk-c4e4/.conda/envs/ts310/lib/python3.10/site-packages/gym/envs/registration.py:595: UserWarning: [33mWARN: Overriding environment maze2d-large-v1[0m
  logger.warn(f"Overriding environment {id}")
/home/jupyter-deuk-c4e4/.conda/envs/ts310/lib/python3.10/site-packages/gym/envs/registration.py:595: UserWarning: [33mWARN: Overriding environment maze2d-eval-umaze-v1[0m
  logger.warn(f"Overriding environment {id}")
/home/jupyter-deuk-c4e4/.conda/envs/ts310/lib/python3.10/site-packages/gym/envs/registration.py:595: UserWarning: [33mWARN: Overriding environment maze2d-eval-medium-v1[0m
  logger.warn(f"Overriding environment {id}")
/home/jupyter-deuk-c4e4/.conda/envs/ts310/lib/python3.10/site-packages/gym/envs/registration.py:595: UserWarning: [33mWARN: Overriding environment maze2d-eval-large-v1[0m
  logger.warn(f"Overriding environment {id}")
/home/jupyter-deuk-c4e4/.conda/envs/ts310/lib/python3.10/site-packages/gym/envs/registration.py:595: UserWarning: [33mWARN: Overriding environment maze2d-open-dense-v0[0m
  logger.warn(f"Overriding environment {id}")
/home/jupyter-deuk-c4e4/.conda/envs/ts310/lib/python3.10/site-packages/gym/envs/registration.py:595: UserWarning: [33mWARN: Overriding environment maze2d-umaze-dense-v0[0m
  logger.warn(f"Overriding environment {id}")
/home/jupyter-deuk-c4e4/.conda/envs/ts310/lib/python3.10/site-packages/gym/envs/registration.py:595: UserWarning: [33mWARN: Overriding environment maze2d-medium-dense-v0[0m
  logger.warn(f"Overriding environment {id}")
/home/jupyter-deuk-c4e4/.conda/envs/ts310/lib/python3.10/site-packages/gym/envs/registration.py:595: UserWarning: [33mWARN: Overriding environment maze2d-large-dense-v0[0m
  logger.warn(f"Overriding environment {id}")
/home/jupyter-deuk-c4e4/.conda/envs/ts310/lib/python3.10/site-packages/gym/envs/registration.py:595: UserWarning: [33mWARN: Overriding environment maze2d-umaze-dense-v1[0m
  logger.warn(f"Overriding environment {id}")
/home/jupyter-deuk-c4e4/.conda/envs/ts310/lib/python3.10/site-packages/gym/envs/registration.py:595: UserWarning: [33mWARN: Overriding environment maze2d-medium-dense-v1[0m
  logger.warn(f"Overriding environment {id}")
/home/jupyter-deuk-c4e4/.conda/envs/ts310/lib/python3.10/site-packages/gym/envs/registration.py:595: UserWarning: [33mWARN: Overriding environment maze2d-large-dense-v1[0m
  logger.warn(f"Overriding environment {id}")
/home/jupyter-deuk-c4e4/.conda/envs/ts310/lib/python3.10/site-packages/gym/envs/registration.py:595: UserWarning: [33mWARN: Overriding environment maze2d-eval-umaze-dense-v1[0m
  logger.warn(f"Overriding environment {id}")
/home/jupyter-deuk-c4e4/.conda/envs/ts310/lib/python3.10/site-packages/gym/envs/registration.py:595: UserWarning: [33mWARN: Overriding environment maze2d-eval-medium-dense-v1[0m
  logger.warn(f"Overriding environment {id}")
/home/jupyter-deuk-c4e4/.conda/envs/ts310/lib/python3.10/site-packages/gym/envs/registration.py:595: UserWarning: [33mWARN: Overriding environment maze2d-eval-large-dense-v1[0m
  logger.warn(f"Overriding environment {id}")
/opt/dlami/nvme/home/jupyter-deuk-c4e4/temporal-straightening/custom_resolvers.py:4: UserWarning: 
The version_base parameter is not specified.
Please specify a compatability version level, or None.
Will assume defaults for version 1.1
  @hydra.main(config_path=None)
[2026-07-25 16:17:53,355][__main__][INFO] - Planning result saved dir: /opt/dlami/nvme/home/jupyter-deuk-c4e4/pusht-reproduction/patchproj_reproduction/plan/mpc_seed_200/chunk_40
/home/jupyter-deuk-c4e4/.conda/envs/ts310/lib/python3.10/site-packages/wandb/sdk/internal/internal_api.py:30: UserWarning: pkg_resources is deprecated as an API. See https://setuptools.pypa.io/en/latest/pkg_resources.html. The pkg_resources package is slated for removal as early as 2025-11-30. Refrain from using this package or pin to Setuptools<81.
  from pkg_resources import parse_version
Using cache found in /home/jupyter-deuk-c4e4/.cache/torch/hub/facebookresearch_dinov2_81b2b6419385
Loaded 18685 rollouts
Loaded 21 rollouts
[2026-07-25 16:17:55,846][dinov2][INFO] - using MLP layer as FFN
[2026-07-25 16:17:56,276][models.dino][WARNING] - Unknown projector 'none' for patch tokens; proceeding without projector.
Resuming from epoch 2: /home/jupyter-deuk-c4e4/pusht-reproduction/patchproj_reproduction/test/pusht_False_agg32_projchannel_dim8_hw14_sgTrue_lr1e-06/checkpoints/model_2.pth
[2026-07-25 16:17:56,617][models.visual_world_model][INFO] - num_action_repeat: 1
[2026-07-25 16:17:56,617][models.visual_world_model][INFO] - num_proprio_repeat: 1
[2026-07-25 16:17:56,617][models.visual_world_model][INFO] - proprio encoder: ProprioceptiveEmbedding(
  (patch_embed): Conv1d(4, 10, kernel_size=(1,), stride=(1,))
  (norm): LayerNorm((10,), eps=1e-05, elementwise_affine=True)
)
[2026-07-25 16:17:56,618][models.visual_world_model][INFO] - action encoder: ProprioceptiveEmbedding(
  (patch_embed): Conv1d(10, 10, kernel_size=(1,), stride=(1,))
  (norm): LayerNorm((10,), eps=1e-05, elementwise_affine=True)
)
[2026-07-25 16:17:56,618][models.visual_world_model][INFO] - proprio_dim: 10, after repeat: 10
[2026-07-25 16:17:56,618][models.visual_world_model][INFO] - action_dim: 10, after repeat: 10
[2026-07-25 16:17:56,618][models.visual_world_model][INFO] - emb_dim: 28
[2026-07-25 16:17:56,618][models.visual_world_model][INFO] - Straightening disabled
[2026-07-25 16:17:56,618][models.visual_world_model][INFO] - Speed constancy disabled
[2026-07-25 16:17:56,618][models.visual_world_model][INFO] - Trajectory penalty disabled
[2026-07-25 16:17:56,618][models.visual_world_model][INFO] - Stop-grad enabled: True
[2026-07-25 16:17:56,618][models.visual_world_model][INFO] - VCReg enabled: False, apply_to=enc, std_coeff=0.0, cov_coeff=0.0
[2026-07-25 16:17:56,618][models.visual_world_model][INFO] - Model emb_dim: 28
[timing] setup_model_s=3.265
eval_seed:  [8001, 8201, 8401, 8601, 8801, 9001, 9201, 9401, 9601, 9801]
Dumped plan targets to /opt/dlami/nvme/home/jupyter-deuk-c4e4/pusht-reproduction/patchproj_reproduction/plan/mpc_seed_200/chunk_40/plan_targets.pkl
[timing] setup_workspace_s=6.434

MPC iter 0 Eval ------- 
Success rate:  0.0
{'success': array([False, False, False, False, False, False, False, False, False,
       False]), 'state_dist': array([151.8657  , 129.70445 , 252.9805  , 237.821   , 215.45166 ,
       318.06296 , 114.803566, 183.52669 , 221.8972  , 140.25311 ],
      dtype=float32)}
self.is_success:  [False False False False False False False False False False]

MPC iter 1 Eval ------- 
Success rate:  0.0
{'success': array([False, False, False, False, False, False, False, False, False,
       False]), 'state_dist': array([118.029015, 109.94106 , 214.65807 , 244.57048 , 243.0301  ,
       246.74767 , 119.67232 , 171.58    , 193.85924 , 122.24956 ],
      dtype=float32)}
self.is_success:  [False False False False False False False False False False]

MPC iter 2 Eval ------- 
Success rate:  0.0
{'success': array([False, False, False, False, False, False, False, False, False,
       False]), 'state_dist': array([121.85681 ,  88.74873 , 180.22841 , 286.4103  , 255.75456 ,
       156.36423 , 121.115524,  87.91029 , 161.30434 , 122.879166],
      dtype=float32)}
self.is_success:  [False False False False False False False False False False]

MPC iter 3 Eval ------- 
Success rate:  0.0
{'success': array([False, False, False, False, False, False, False, False, False,
       False]), 'state_dist': array([112.36792 ,  76.92678 , 207.20001 , 259.33688 , 251.73512 ,
       104.08033 , 163.63264 ,  56.296024, 118.60319 ,  69.51926 ],
      dtype=float32)}
self.is_success:  [False False False False False False False False False False]

MPC iter 4 Eval ------- 
Success rate:  0.1
{'success': array([False, False, False,  True, False, False, False, False, False,
       False]), 'state_dist': array([113.50265 ,  71.754555, 171.41035 , 122.14142 , 220.92712 ,
       174.35208 ,  75.95854 , 279.79376 ,  80.146706, 294.68042 ],
      dtype=float32)}
self.is_success:  [False False False  True False False False False False False]

MPC iter 5 Eval ------- 
Success rate:  0.4
{'success': array([False,  True, False,  True, False,  True, False,  True, False,
       False]), 'state_dist': array([ 77.92828 ,  46.412415,  95.89149 , 122.14142 ,  62.172634,
       112.79808 , 225.81607 ,  55.872467, 101.70801 ,  71.23483 ],
      dtype=float32)}
self.is_success:  [False  True False  True False  True False  True False False]

MPC iter 6 Eval ------- 
Success rate:  0.6
{'success': array([ True,  True,  True,  True, False,  True, False,  True, False,
       False]), 'state_dist': array([ 30.514296,  46.412415,  63.831066, 122.14142 ,  45.08509 ,
       112.79808 ,  37.046677,  55.872467,  87.10843 , 182.84305 ],
      dtype=float32)}
self.is_success:  [ True  True  True  True False  True False  True False False]

MPC iter 7 Eval ------- 
Success rate:  0.9
{'success': array([ True,  True,  True,  True,  True,  True,  True,  True,  True,
       False]), 'state_dist': array([ 30.514296,  46.412415,  63.831066, 122.14142 ,  78.235   ,
       112.79808 ,  69.97475 ,  55.872467,  25.797516, 105.77965 ],
      dtype=float32)}
self.is_success:  [ True  True  True  True  True  True  True  True  True False]

MPC iter 8 Eval ------- 
Success rate:  0.9
{'success': array([ True,  True,  True,  True,  True,  True,  True,  True,  True,
       False]), 'state_dist': array([ 30.514296,  46.412415,  63.831066, 122.14142 ,  78.235   ,
       112.79808 ,  69.97475 ,  55.872467,  25.797516, 234.61948 ],
      dtype=float32)}
self.is_success:  [ True  True  True  True  True  True  True  True  True False]

MPC iter 9 Eval ------- 
Success rate:  0.9
{'success': array([ True,  True,  True,  True,  True,  True,  True,  True,  True,
       False]), 'state_dist': array([ 30.514296,  46.412415,  63.831066, 122.14142 ,  78.235   ,
       112.79808 ,  69.97475 ,  55.872467,  25.797516,  69.95738 ],
      dtype=float32)}
self.is_success:  [ True  True  True  True  True  True  True  True  True False]

MPC iter 10 Eval ------- 
Success rate:  0.9
{'success': array([ True,  True,  True,  True,  True,  True,  True,  True,  True,
       False]), 'state_dist': array([ 30.514296,  46.412415,  63.831066, 122.14142 ,  78.235   ,
       112.79808 ,  69.97475 ,  55.872467,  25.797516, 476.42618 ],
      dtype=float32)}
self.is_success:  [ True  True  True  True  True  True  True  True  True False]

MPC iter 11 Eval ------- 
Success rate:  0.9
{'success': array([ True,  True,  True,  True,  True,  True,  True,  True,  True,
       False]), 'state_dist': array([ 30.514296,  46.412415,  63.831066, 122.14142 ,  78.235   ,
       112.79808 ,  69.97475 ,  55.872467,  25.797516, 138.19934 ],
      dtype=float32)}
self.is_success:  [ True  True  True  True  True  True  True  True  True False]

MPC iter 12 Eval ------- 
Success rate:  0.9
{'success': array([ True,  True,  True,  True,  True,  True,  True,  True,  True,
       False]), 'state_dist': array([ 30.514296,  46.412415,  63.831066, 122.14142 ,  78.235   ,
       112.79808 ,  69.97475 ,  55.872467,  25.797516, 202.7769  ],
      dtype=float32)}
self.is_success:  [ True  True  True  True  True  True  True  True  True False]

MPC iter 13 Eval ------- 
Success rate:  0.9
{'success': array([ True,  True,  True,  True,  True,  True,  True,  True,  True,
       False]), 'state_dist': array([ 30.514296,  46.412415,  63.831066, 122.14142 ,  78.235   ,
       112.79808 ,  69.97475 ,  55.872467,  25.797516,  89.53432 ],
      dtype=float32)}
self.is_success:  [ True  True  True  True  True  True  True  True  True False]

MPC iter 14 Eval ------- 
Success rate:  0.9
{'success': array([ True,  True,  True,  True,  True,  True,  True,  True,  True,
       False]), 'state_dist': array([ 30.514296,  46.412415,  63.831066, 122.14142 ,  78.235   ,
       112.79808 ,  69.97475 ,  55.872467,  25.797516, 109.18938 ],
      dtype=float32)}
self.is_success:  [ True  True  True  True  True  True  True  True  True False]

MPC iter 15 Eval ------- 
Success rate:  0.9
{'success': array([ True,  True,  True,  True,  True,  True,  True,  True,  True,
       False]), 'state_dist': array([ 30.514296,  46.412415,  63.831066, 122.14142 ,  78.235   ,
       112.79808 ,  69.97475 ,  55.872467,  25.797516, 143.07181 ],
      dtype=float32)}
self.is_success:  [ True  True  True  True  True  True  True  True  True False]

MPC iter 16 Eval ------- 
Success rate:  0.9
{'success': array([ True,  True,  True,  True,  True,  True,  True,  True,  True,
       False]), 'state_dist': array([ 30.514296,  46.412415,  63.831066, 122.14142 ,  78.235   ,
       112.79808 ,  69.97475 ,  55.872467,  25.797516, 126.159935],
      dtype=float32)}
self.is_success:  [ True  True  True  True  True  True  True  True  True False]

MPC iter 17 Eval ------- 
Success rate:  0.9
{'success': array([ True,  True,  True,  True,  True,  True,  True,  True,  True,
       False]), 'state_dist': array([ 30.514296,  46.412415,  63.831066, 122.14142 ,  78.235   ,
       112.79808 ,  69.97475 ,  55.872467,  25.797516, 139.06708 ],
      dtype=float32)}
self.is_success:  [ True  True  True  True  True  True  True  True  True False]

MPC iter 18 Eval ------- 
Success rate:  0.9
{'success': array([ True,  True,  True,  True,  True,  True,  True,  True,  True,
       False]), 'state_dist': array([ 30.514296,  46.412415,  63.831066, 122.14142 ,  78.235   ,
       112.79808 ,  69.97475 ,  55.872467,  25.797516, 132.75511 ],
      dtype=float32)}
self.is_success:  [ True  True  True  True  True  True  True  True  True False]

MPC iter 19 Eval ------- 
Success rate:  0.9
{'success': array([ True,  True,  True,  True,  True,  True,  True,  True,  True,
       False]), 'state_dist': array([ 30.514296,  46.412415,  63.831066, 122.14142 ,  78.235   ,
       112.79808 ,  69.97475 ,  55.872467,  25.797516, 133.52852 ],
      dtype=float32)}
self.is_success:  [ True  True  True  True  True  True  True  True  True False]
Success rate:  0.9
{'success': array([ True,  True,  True,  True,  True,  True,  True,  True,  True,
       False]), 'state_dist': array([ 30.514296,  46.412415,  63.831066, 122.14142 ,  78.235   ,
       112.79808 ,  69.97475 ,  55.872467,  25.797516, 133.52852 ],
      dtype=float32)}
[timing] perform_planning_s=449.988
[timing] total_planning_main_s=459.687
