/home/jupyter-deuk-c4e4/.conda/envs/ts310/lib/python3.10/site-packages/wandb/sdk/internal/internal_api.py:30: UserWarning: pkg_resources is deprecated as an API. See https://setuptools.pypa.io/en/latest/pkg_resources.html. The pkg_resources package is slated for removal as early as 2025-11-30. Refrain from using this package or pin to Setuptools<81.
  from pkg_resources import parse_version
/home/jupyter-deuk-c4e4/.conda/envs/ts310/lib/python3.10/site-packages/pkg_resources/__init__.py:3148: DeprecationWarning: Deprecated call to `pkg_resources.declare_namespace('mpl_toolkits')`.
Implementing implicit namespace packages (as specified in PEP 420) is preferred to `pkg_resources.declare_namespace`. See https://setuptools.pypa.io/en/latest/references/keywords.html#keyword-namespace-packages
  declare_namespace(pkg)
/home/jupyter-deuk-c4e4/.conda/envs/ts310/lib/python3.10/site-packages/pkg_resources/__init__.py:3148: DeprecationWarning: Deprecated call to `pkg_resources.declare_namespace('google')`.
Implementing implicit namespace packages (as specified in PEP 420) is preferred to `pkg_resources.declare_namespace`. See https://setuptools.pypa.io/en/latest/references/keywords.html#keyword-namespace-packages
  declare_namespace(pkg)
/home/jupyter-deuk-c4e4/.conda/envs/ts310/lib/python3.10/site-packages/Cython/Distutils/old_build_ext.py:15: DeprecationWarning: dep_util is Deprecated. Use functions from setuptools instead.
  from distutils.dep_util import newer, newer_group
<frozen importlib._bootstrap>:283: DeprecationWarning: the load_module() method is deprecated and slated for removal in Python 3.12; use exec_module() instead
Warning: Mujoco-based envs failed to import. Set the environment variable D4RL_SUPPRESS_IMPORT_ERROR=1 to suppress this message.
No module named 'mjrl'
Warning: Flow failed to import. Set the environment variable D4RL_SUPPRESS_IMPORT_ERROR=1 to suppress this message.
No module named 'flow'
Warning: CARLA failed to import. Set the environment variable D4RL_SUPPRESS_IMPORT_ERROR=1 to suppress this message.
No module named 'carla'
pybullet build time: Jan 29 2025 23:16:28
/home/jupyter-deuk-c4e4/.conda/envs/ts310/lib/python3.10/site-packages/gym/envs/registration.py:595: UserWarning: [33mWARN: Overriding environment maze2d-open-v0[0m
  logger.warn(f"Overriding environment {id}")
/home/jupyter-deuk-c4e4/.conda/envs/ts310/lib/python3.10/site-packages/gym/envs/registration.py:595: UserWarning: [33mWARN: Overriding environment maze2d-umaze-v0[0m
  logger.warn(f"Overriding environment {id}")
/home/jupyter-deuk-c4e4/.conda/envs/ts310/lib/python3.10/site-packages/gym/envs/registration.py:595: UserWarning: [33mWARN: Overriding environment maze2d-medium-v0[0m
  logger.warn(f"Overriding environment {id}")
/home/jupyter-deuk-c4e4/.conda/envs/ts310/lib/python3.10/site-packages/gym/envs/registration.py:595: UserWarning: [33mWARN: Overriding environment maze2d-large-v0[0m
  logger.warn(f"Overriding environment {id}")
/home/jupyter-deuk-c4e4/.conda/envs/ts310/lib/python3.10/site-packages/gym/envs/registration.py:595: UserWarning: [33mWARN: Overriding environment maze2d-umaze-v1[0m
  logger.warn(f"Overriding environment {id}")
/home/jupyter-deuk-c4e4/.conda/envs/ts310/lib/python3.10/site-packages/gym/envs/registration.py:595: UserWarning: [33mWARN: Overriding environment maze2d-medium-v1[0m
  logger.warn(f"Overriding environment {id}")
/home/jupyter-deuk-c4e4/.conda/envs/ts310/lib/python3.10/site-packages/gym/envs/registration.py:595: UserWarning: [33mWARN: Overriding environment maze2d-large-v1[0m
  logger.warn(f"Overriding environment {id}")
/home/jupyter-deuk-c4e4/.conda/envs/ts310/lib/python3.10/site-packages/gym/envs/registration.py:595: UserWarning: [33mWARN: Overriding environment maze2d-eval-umaze-v1[0m
  logger.warn(f"Overriding environment {id}")
/home/jupyter-deuk-c4e4/.conda/envs/ts310/lib/python3.10/site-packages/gym/envs/registration.py:595: UserWarning: [33mWARN: Overriding environment maze2d-eval-medium-v1[0m
  logger.warn(f"Overriding environment {id}")
/home/jupyter-deuk-c4e4/.conda/envs/ts310/lib/python3.10/site-packages/gym/envs/registration.py:595: UserWarning: [33mWARN: Overriding environment maze2d-eval-large-v1[0m
  logger.warn(f"Overriding environment {id}")
/home/jupyter-deuk-c4e4/.conda/envs/ts310/lib/python3.10/site-packages/gym/envs/registration.py:595: UserWarning: [33mWARN: Overriding environment maze2d-open-dense-v0[0m
  logger.warn(f"Overriding environment {id}")
/home/jupyter-deuk-c4e4/.conda/envs/ts310/lib/python3.10/site-packages/gym/envs/registration.py:595: UserWarning: [33mWARN: Overriding environment maze2d-umaze-dense-v0[0m
  logger.warn(f"Overriding environment {id}")
/home/jupyter-deuk-c4e4/.conda/envs/ts310/lib/python3.10/site-packages/gym/envs/registration.py:595: UserWarning: [33mWARN: Overriding environment maze2d-medium-dense-v0[0m
  logger.warn(f"Overriding environment {id}")
/home/jupyter-deuk-c4e4/.conda/envs/ts310/lib/python3.10/site-packages/gym/envs/registration.py:595: UserWarning: [33mWARN: Overriding environment maze2d-large-dense-v0[0m
  logger.warn(f"Overriding environment {id}")
/home/jupyter-deuk-c4e4/.conda/envs/ts310/lib/python3.10/site-packages/gym/envs/registration.py:595: UserWarning: [33mWARN: Overriding environment maze2d-umaze-dense-v1[0m
  logger.warn(f"Overriding environment {id}")
/home/jupyter-deuk-c4e4/.conda/envs/ts310/lib/python3.10/site-packages/gym/envs/registration.py:595: UserWarning: [33mWARN: Overriding environment maze2d-medium-dense-v1[0m
  logger.warn(f"Overriding environment {id}")
/home/jupyter-deuk-c4e4/.conda/envs/ts310/lib/python3.10/site-packages/gym/envs/registration.py:595: UserWarning: [33mWARN: Overriding environment maze2d-large-dense-v1[0m
  logger.warn(f"Overriding environment {id}")
/home/jupyter-deuk-c4e4/.conda/envs/ts310/lib/python3.10/site-packages/gym/envs/registration.py:595: UserWarning: [33mWARN: Overriding environment maze2d-eval-umaze-dense-v1[0m
  logger.warn(f"Overriding environment {id}")
/home/jupyter-deuk-c4e4/.conda/envs/ts310/lib/python3.10/site-packages/gym/envs/registration.py:595: UserWarning: [33mWARN: Overriding environment maze2d-eval-medium-dense-v1[0m
  logger.warn(f"Overriding environment {id}")
/home/jupyter-deuk-c4e4/.conda/envs/ts310/lib/python3.10/site-packages/gym/envs/registration.py:595: UserWarning: [33mWARN: Overriding environment maze2d-eval-large-dense-v1[0m
  logger.warn(f"Overriding environment {id}")
/opt/dlami/nvme/home/jupyter-deuk-c4e4/temporal-straightening/custom_resolvers.py:4: UserWarning: 
The version_base parameter is not specified.
Please specify a compatability version level, or None.
Will assume defaults for version 1.1
  @hydra.main(config_path=None)
[2026-07-25 15:58:50,059][__main__][INFO] - Planning result saved dir: /opt/dlami/nvme/home/jupyter-deuk-c4e4/pusht-reproduction/patchproj_reproduction/plan/mpc_seed_200/chunk_10
/home/jupyter-deuk-c4e4/.conda/envs/ts310/lib/python3.10/site-packages/wandb/sdk/internal/internal_api.py:30: UserWarning: pkg_resources is deprecated as an API. See https://setuptools.pypa.io/en/latest/pkg_resources.html. The pkg_resources package is slated for removal as early as 2025-11-30. Refrain from using this package or pin to Setuptools<81.
  from pkg_resources import parse_version
Using cache found in /home/jupyter-deuk-c4e4/.cache/torch/hub/facebookresearch_dinov2_81b2b6419385
Loaded 18685 rollouts
Loaded 21 rollouts
[2026-07-25 15:58:52,873][dinov2][INFO] - using MLP layer as FFN
[2026-07-25 15:58:53,368][models.dino][WARNING] - Unknown projector 'none' for patch tokens; proceeding without projector.
Resuming from epoch 2: /home/jupyter-deuk-c4e4/pusht-reproduction/patchproj_reproduction/test/pusht_False_agg32_projchannel_dim8_hw14_sgTrue_lr1e-06/checkpoints/model_2.pth
[2026-07-25 15:58:53,714][models.visual_world_model][INFO] - num_action_repeat: 1
[2026-07-25 15:58:53,715][models.visual_world_model][INFO] - num_proprio_repeat: 1
[2026-07-25 15:58:53,715][models.visual_world_model][INFO] - proprio encoder: ProprioceptiveEmbedding(
  (patch_embed): Conv1d(4, 10, kernel_size=(1,), stride=(1,))
  (norm): LayerNorm((10,), eps=1e-05, elementwise_affine=True)
)
[2026-07-25 15:58:53,715][models.visual_world_model][INFO] - action encoder: ProprioceptiveEmbedding(
  (patch_embed): Conv1d(10, 10, kernel_size=(1,), stride=(1,))
  (norm): LayerNorm((10,), eps=1e-05, elementwise_affine=True)
)
[2026-07-25 15:58:53,715][models.visual_world_model][INFO] - proprio_dim: 10, after repeat: 10
[2026-07-25 15:58:53,715][models.visual_world_model][INFO] - action_dim: 10, after repeat: 10
[2026-07-25 15:58:53,715][models.visual_world_model][INFO] - emb_dim: 28
[2026-07-25 15:58:53,715][models.visual_world_model][INFO] - Straightening disabled
[2026-07-25 15:58:53,715][models.visual_world_model][INFO] - Speed constancy disabled
[2026-07-25 15:58:53,715][models.visual_world_model][INFO] - Trajectory penalty disabled
[2026-07-25 15:58:53,715][models.visual_world_model][INFO] - Stop-grad enabled: True
[2026-07-25 15:58:53,715][models.visual_world_model][INFO] - VCReg enabled: False, apply_to=enc, std_coeff=0.0, cov_coeff=0.0
[2026-07-25 15:58:53,715][models.visual_world_model][INFO] - Model emb_dim: 28
[timing] setup_model_s=3.659
eval_seed:  [2001, 2201, 2401, 2601, 2801, 3001, 3201, 3401, 3601, 3801]
Dumped plan targets to /opt/dlami/nvme/home/jupyter-deuk-c4e4/pusht-reproduction/patchproj_reproduction/plan/mpc_seed_200/chunk_10/plan_targets.pkl
[timing] setup_workspace_s=5.143

MPC iter 0 Eval ------- 
Success rate:  0.0
{'success': array([False, False, False, False, False, False, False, False, False,
       False]), 'state_dist': array([159.61693 , 239.4241  , 197.76381 , 137.33194 ,  90.04735 ,
       243.05023 , 212.23294 , 140.76924 , 118.229614, 111.96249 ],
      dtype=float32)}
self.is_success:  [False False False False False False False False False False]

MPC iter 1 Eval ------- 
Success rate:  0.0
{'success': array([False, False, False, False, False, False, False, False, False,
       False]), 'state_dist': array([149.43108 , 231.46327 , 198.84996 , 120.618065,  82.017654,
       263.17587 , 228.38934 , 148.69118 , 138.36163 , 113.16824 ],
      dtype=float32)}
self.is_success:  [False False False False False False False False False False]

MPC iter 2 Eval ------- 
Success rate:  0.0
{'success': array([False, False, False, False, False, False, False, False, False,
       False]), 'state_dist': array([159.62961, 353.87918, 206.3701 , 131.91125,  90.67008, 396.5111 ,
       169.56218, 151.56902, 169.50435,  95.6866 ], dtype=float32)}
self.is_success:  [False False False False False False False False False False]

MPC iter 3 Eval ------- 
Success rate:  0.1
{'success': array([False,  True, False, False, False, False, False, False, False,
       False]), 'state_dist': array([180.05745, 498.54044, 237.18016, 119.85611,  63.14336, 189.06947,
       162.86621, 140.58444, 147.15494,  67.19218], dtype=float32)}
self.is_success:  [False  True False False False False False False False False]

MPC iter 4 Eval ------- 
Success rate:  0.2
{'success': array([False,  True, False,  True, False, False, False, False, False,
       False]), 'state_dist': array([166.98575 , 498.54044 , 556.87225 ,  74.73192 ,  53.288845,
       193.08693 , 294.56482 , 110.29195 ,  91.54068 , 239.80617 ],
      dtype=float32)}
self.is_success:  [False  True False  True False False False False False False]

MPC iter 5 Eval ------- 
Success rate:  0.3
{'success': array([ True,  True, False,  True, False, False, False, False, False,
       False]), 'state_dist': array([ 63.807796, 498.54044 , 185.69693 ,  74.73192 ,  43.58209 ,
        37.433075, 228.65007 ,  49.938587, 133.49203 , 118.449295],
      dtype=float32)}
self.is_success:  [ True  True False  True False False False False False False]

MPC iter 6 Eval ------- 
Success rate:  0.7
{'success': array([ True,  True, False,  True,  True,  True, False,  True, False,
        True]), 'state_dist': array([ 63.807796, 498.54044 , 248.14105 ,  74.73192 ,  29.095812,
        68.909065,  56.69413 ,  49.56367 , 169.36809 ,  59.0601  ],
      dtype=float32)}
self.is_success:  [ True  True False  True  True  True False  True False  True]

MPC iter 7 Eval ------- 
Success rate:  0.7
{'success': array([ True,  True, False,  True,  True,  True, False,  True, False,
        True]), 'state_dist': array([ 63.807796, 498.54044 , 274.5527  ,  74.73192 ,  29.095812,
        68.909065, 175.55325 ,  49.56367 ,  38.17199 ,  59.0601  ],
      dtype=float32)}
self.is_success:  [ True  True False  True  True  True False  True False  True]

MPC iter 8 Eval ------- 
Success rate:  0.8
{'success': array([ True,  True, False,  True,  True,  True,  True,  True, False,
        True]), 'state_dist': array([ 63.807796, 498.54044 , 297.12363 ,  74.73192 ,  29.095812,
        68.909065,  98.26956 ,  49.56367 ,  86.66221 ,  59.0601  ],
      dtype=float32)}
self.is_success:  [ True  True False  True  True  True  True  True False  True]

MPC iter 9 Eval ------- 
Success rate:  0.8
{'success': array([ True,  True, False,  True,  True,  True,  True,  True, False,
        True]), 'state_dist': array([ 63.807796, 498.54044 , 287.60767 ,  74.73192 ,  29.095812,
        68.909065,  98.26956 ,  49.56367 ,  67.91549 ,  59.0601  ],
      dtype=float32)}
self.is_success:  [ True  True False  True  True  True  True  True False  True]

MPC iter 10 Eval ------- 
Success rate:  0.8
{'success': array([ True,  True, False,  True,  True,  True,  True,  True, False,
        True]), 'state_dist': array([ 63.807796, 498.54044 , 291.3153  ,  74.73192 ,  29.095812,
        68.909065,  98.26956 ,  49.56367 ,  74.000496,  59.0601  ],
      dtype=float32)}
self.is_success:  [ True  True False  True  True  True  True  True False  True]

MPC iter 11 Eval ------- 
Success rate:  0.8
{'success': array([ True,  True, False,  True,  True,  True,  True,  True, False,
        True]), 'state_dist': array([ 63.807796, 498.54044 , 290.43866 ,  74.73192 ,  29.095812,
        68.909065,  98.26956 ,  49.56367 ,  73.76683 ,  59.0601  ],
      dtype=float32)}
self.is_success:  [ True  True False  True  True  True  True  True False  True]

MPC iter 12 Eval ------- 
Success rate:  0.8
{'success': array([ True,  True, False,  True,  True,  True,  True,  True, False,
        True]), 'state_dist': array([ 63.807796, 498.54044 , 291.5987  ,  74.73192 ,  29.095812,
        68.909065,  98.26956 ,  49.56367 ,  71.89723 ,  59.0601  ],
      dtype=float32)}
self.is_success:  [ True  True False  True  True  True  True  True False  True]

MPC iter 13 Eval ------- 
Success rate:  0.8
{'success': array([ True,  True, False,  True,  True,  True,  True,  True, False,
        True]), 'state_dist': array([ 63.807796, 498.54044 , 291.45667 ,  74.73192 ,  29.095812,
        68.909065,  98.26956 ,  49.56367 ,  72.04949 ,  59.0601  ],
      dtype=float32)}
self.is_success:  [ True  True False  True  True  True  True  True False  True]

MPC iter 14 Eval ------- 
Success rate:  0.8
{'success': array([ True,  True, False,  True,  True,  True,  True,  True, False,
        True]), 'state_dist': array([ 63.807796, 498.54044 , 291.54288 ,  74.73192 ,  29.095812,
        68.909065,  98.26956 ,  49.56367 ,  73.652306,  59.0601  ],
      dtype=float32)}
self.is_success:  [ True  True False  True  True  True  True  True False  True]

MPC iter 15 Eval ------- 
Success rate:  0.8
{'success': array([ True,  True, False,  True,  True,  True,  True,  True, False,
        True]), 'state_dist': array([ 63.807796, 498.54044 , 291.50418 ,  74.73192 ,  29.095812,
        68.909065,  98.26956 ,  49.56367 ,  72.505775,  59.0601  ],
      dtype=float32)}
self.is_success:  [ True  True False  True  True  True  True  True False  True]

MPC iter 16 Eval ------- 
Success rate:  0.8
{'success': array([ True,  True, False,  True,  True,  True,  True,  True, False,
        True]), 'state_dist': array([ 63.807796, 498.54044 , 291.4719  ,  74.73192 ,  29.095812,
        68.909065,  98.26956 ,  49.56367 ,  71.25091 ,  59.0601  ],
      dtype=float32)}
self.is_success:  [ True  True False  True  True  True  True  True False  True]

MPC iter 17 Eval ------- 
Success rate:  0.8
{'success': array([ True,  True, False,  True,  True,  True,  True,  True, False,
        True]), 'state_dist': array([ 63.807796, 498.54044 , 291.546   ,  74.73192 ,  29.095812,
        68.909065,  98.26956 ,  49.56367 ,  73.74008 ,  59.0601  ],
      dtype=float32)}
self.is_success:  [ True  True False  True  True  True  True  True False  True]

MPC iter 18 Eval ------- 
Success rate:  0.8
{'success': array([ True,  True, False,  True,  True,  True,  True,  True, False,
        True]), 'state_dist': array([ 63.807796, 498.54044 , 291.57684 ,  74.73192 ,  29.095812,
        68.909065,  98.26956 ,  49.56367 ,  72.38356 ,  59.0601  ],
      dtype=float32)}
self.is_success:  [ True  True False  True  True  True  True  True False  True]

MPC iter 19 Eval ------- 
Success rate:  0.8
{'success': array([ True,  True, False,  True,  True,  True,  True,  True, False,
        True]), 'state_dist': array([ 63.807796, 498.54044 , 291.59177 ,  74.73192 ,  29.095812,
        68.909065,  98.26956 ,  49.56367 ,  73.05325 ,  59.0601  ],
      dtype=float32)}
self.is_success:  [ True  True False  True  True  True  True  True False  True]
Success rate:  0.8
{'success': array([ True,  True, False,  True,  True,  True,  True,  True, False,
        True]), 'state_dist': array([ 63.807796, 498.54044 , 291.59177 ,  74.73192 ,  29.095812,
        68.909065,  98.26956 ,  49.56367 ,  73.05325 ,  59.0601  ],
      dtype=float32)}
[timing] perform_planning_s=450.653
[timing] total_planning_main_s=459.455
