/home/jupyter-deuk-c4e4/.conda/envs/ts310/lib/python3.10/site-packages/wandb/sdk/internal/internal_api.py:30: UserWarning: pkg_resources is deprecated as an API. See https://setuptools.pypa.io/en/latest/pkg_resources.html. The pkg_resources package is slated for removal as early as 2025-11-30. Refrain from using this package or pin to Setuptools<81.
  from pkg_resources import parse_version
/home/jupyter-deuk-c4e4/.conda/envs/ts310/lib/python3.10/site-packages/pkg_resources/__init__.py:3148: DeprecationWarning: Deprecated call to `pkg_resources.declare_namespace('mpl_toolkits')`.
Implementing implicit namespace packages (as specified in PEP 420) is preferred to `pkg_resources.declare_namespace`. See https://setuptools.pypa.io/en/latest/references/keywords.html#keyword-namespace-packages
  declare_namespace(pkg)
/home/jupyter-deuk-c4e4/.conda/envs/ts310/lib/python3.10/site-packages/pkg_resources/__init__.py:3148: DeprecationWarning: Deprecated call to `pkg_resources.declare_namespace('google')`.
Implementing implicit namespace packages (as specified in PEP 420) is preferred to `pkg_resources.declare_namespace`. See https://setuptools.pypa.io/en/latest/references/keywords.html#keyword-namespace-packages
  declare_namespace(pkg)
/home/jupyter-deuk-c4e4/.conda/envs/ts310/lib/python3.10/site-packages/Cython/Distutils/old_build_ext.py:15: DeprecationWarning: dep_util is Deprecated. Use functions from setuptools instead.
  from distutils.dep_util import newer, newer_group
<frozen importlib._bootstrap>:283: DeprecationWarning: the load_module() method is deprecated and slated for removal in Python 3.12; use exec_module() instead
Warning: Mujoco-based envs failed to import. Set the environment variable D4RL_SUPPRESS_IMPORT_ERROR=1 to suppress this message.
No module named 'mjrl'
Warning: Flow failed to import. Set the environment variable D4RL_SUPPRESS_IMPORT_ERROR=1 to suppress this message.
No module named 'flow'
Warning: CARLA failed to import. Set the environment variable D4RL_SUPPRESS_IMPORT_ERROR=1 to suppress this message.
No module named 'carla'
pybullet build time: Jan 29 2025 23:16:28
/home/jupyter-deuk-c4e4/.conda/envs/ts310/lib/python3.10/site-packages/gym/envs/registration.py:595: UserWarning: [33mWARN: Overriding environment maze2d-open-v0[0m
  logger.warn(f"Overriding environment {id}")
/home/jupyter-deuk-c4e4/.conda/envs/ts310/lib/python3.10/site-packages/gym/envs/registration.py:595: UserWarning: [33mWARN: Overriding environment maze2d-umaze-v0[0m
  logger.warn(f"Overriding environment {id}")
/home/jupyter-deuk-c4e4/.conda/envs/ts310/lib/python3.10/site-packages/gym/envs/registration.py:595: UserWarning: [33mWARN: Overriding environment maze2d-medium-v0[0m
  logger.warn(f"Overriding environment {id}")
/home/jupyter-deuk-c4e4/.conda/envs/ts310/lib/python3.10/site-packages/gym/envs/registration.py:595: UserWarning: [33mWARN: Overriding environment maze2d-large-v0[0m
  logger.warn(f"Overriding environment {id}")
/home/jupyter-deuk-c4e4/.conda/envs/ts310/lib/python3.10/site-packages/gym/envs/registration.py:595: UserWarning: [33mWARN: Overriding environment maze2d-umaze-v1[0m
  logger.warn(f"Overriding environment {id}")
/home/jupyter-deuk-c4e4/.conda/envs/ts310/lib/python3.10/site-packages/gym/envs/registration.py:595: UserWarning: [33mWARN: Overriding environment maze2d-medium-v1[0m
  logger.warn(f"Overriding environment {id}")
/home/jupyter-deuk-c4e4/.conda/envs/ts310/lib/python3.10/site-packages/gym/envs/registration.py:595: UserWarning: [33mWARN: Overriding environment maze2d-large-v1[0m
  logger.warn(f"Overriding environment {id}")
/home/jupyter-deuk-c4e4/.conda/envs/ts310/lib/python3.10/site-packages/gym/envs/registration.py:595: UserWarning: [33mWARN: Overriding environment maze2d-eval-umaze-v1[0m
  logger.warn(f"Overriding environment {id}")
/home/jupyter-deuk-c4e4/.conda/envs/ts310/lib/python3.10/site-packages/gym/envs/registration.py:595: UserWarning: [33mWARN: Overriding environment maze2d-eval-medium-v1[0m
  logger.warn(f"Overriding environment {id}")
/home/jupyter-deuk-c4e4/.conda/envs/ts310/lib/python3.10/site-packages/gym/envs/registration.py:595: UserWarning: [33mWARN: Overriding environment maze2d-eval-large-v1[0m
  logger.warn(f"Overriding environment {id}")
/home/jupyter-deuk-c4e4/.conda/envs/ts310/lib/python3.10/site-packages/gym/envs/registration.py:595: UserWarning: [33mWARN: Overriding environment maze2d-open-dense-v0[0m
  logger.warn(f"Overriding environment {id}")
/home/jupyter-deuk-c4e4/.conda/envs/ts310/lib/python3.10/site-packages/gym/envs/registration.py:595: UserWarning: [33mWARN: Overriding environment maze2d-umaze-dense-v0[0m
  logger.warn(f"Overriding environment {id}")
/home/jupyter-deuk-c4e4/.conda/envs/ts310/lib/python3.10/site-packages/gym/envs/registration.py:595: UserWarning: [33mWARN: Overriding environment maze2d-medium-dense-v0[0m
  logger.warn(f"Overriding environment {id}")
/home/jupyter-deuk-c4e4/.conda/envs/ts310/lib/python3.10/site-packages/gym/envs/registration.py:595: UserWarning: [33mWARN: Overriding environment maze2d-large-dense-v0[0m
  logger.warn(f"Overriding environment {id}")
/home/jupyter-deuk-c4e4/.conda/envs/ts310/lib/python3.10/site-packages/gym/envs/registration.py:595: UserWarning: [33mWARN: Overriding environment maze2d-umaze-dense-v1[0m
  logger.warn(f"Overriding environment {id}")
/home/jupyter-deuk-c4e4/.conda/envs/ts310/lib/python3.10/site-packages/gym/envs/registration.py:595: UserWarning: [33mWARN: Overriding environment maze2d-medium-dense-v1[0m
  logger.warn(f"Overriding environment {id}")
/home/jupyter-deuk-c4e4/.conda/envs/ts310/lib/python3.10/site-packages/gym/envs/registration.py:595: UserWarning: [33mWARN: Overriding environment maze2d-large-dense-v1[0m
  logger.warn(f"Overriding environment {id}")
/home/jupyter-deuk-c4e4/.conda/envs/ts310/lib/python3.10/site-packages/gym/envs/registration.py:595: UserWarning: [33mWARN: Overriding environment maze2d-eval-umaze-dense-v1[0m
  logger.warn(f"Overriding environment {id}")
/home/jupyter-deuk-c4e4/.conda/envs/ts310/lib/python3.10/site-packages/gym/envs/registration.py:595: UserWarning: [33mWARN: Overriding environment maze2d-eval-medium-dense-v1[0m
  logger.warn(f"Overriding environment {id}")
/home/jupyter-deuk-c4e4/.conda/envs/ts310/lib/python3.10/site-packages/gym/envs/registration.py:595: UserWarning: [33mWARN: Overriding environment maze2d-eval-large-dense-v1[0m
  logger.warn(f"Overriding environment {id}")
/opt/dlami/nvme/home/jupyter-deuk-c4e4/temporal-straightening/custom_resolvers.py:4: UserWarning: 
The version_base parameter is not specified.
Please specify a compatability version level, or None.
Will assume defaults for version 1.1
  @hydra.main(config_path=None)
[2026-07-25 16:25:38,216][__main__][INFO] - Planning result saved dir: /opt/dlami/nvme/home/jupyter-deuk-c4e4/pusht-reproduction/patchproj_reproduction/plan/mpc_seed_300/chunk_00
/home/jupyter-deuk-c4e4/.conda/envs/ts310/lib/python3.10/site-packages/wandb/sdk/internal/internal_api.py:30: UserWarning: pkg_resources is deprecated as an API. See https://setuptools.pypa.io/en/latest/pkg_resources.html. The pkg_resources package is slated for removal as early as 2025-11-30. Refrain from using this package or pin to Setuptools<81.
  from pkg_resources import parse_version
Using cache found in /home/jupyter-deuk-c4e4/.cache/torch/hub/facebookresearch_dinov2_81b2b6419385
Loaded 18685 rollouts
Loaded 21 rollouts
[2026-07-25 16:25:40,662][dinov2][INFO] - using MLP layer as FFN
[2026-07-25 16:25:41,064][models.dino][WARNING] - Unknown projector 'none' for patch tokens; proceeding without projector.
Resuming from epoch 2: /home/jupyter-deuk-c4e4/pusht-reproduction/patchproj_reproduction/test/pusht_False_agg32_projchannel_dim8_hw14_sgTrue_lr1e-06/checkpoints/model_2.pth
[2026-07-25 16:25:41,404][models.visual_world_model][INFO] - num_action_repeat: 1
[2026-07-25 16:25:41,405][models.visual_world_model][INFO] - num_proprio_repeat: 1
[2026-07-25 16:25:41,405][models.visual_world_model][INFO] - proprio encoder: ProprioceptiveEmbedding(
  (patch_embed): Conv1d(4, 10, kernel_size=(1,), stride=(1,))
  (norm): LayerNorm((10,), eps=1e-05, elementwise_affine=True)
)
[2026-07-25 16:25:41,405][models.visual_world_model][INFO] - action encoder: ProprioceptiveEmbedding(
  (patch_embed): Conv1d(10, 10, kernel_size=(1,), stride=(1,))
  (norm): LayerNorm((10,), eps=1e-05, elementwise_affine=True)
)
[2026-07-25 16:25:41,405][models.visual_world_model][INFO] - proprio_dim: 10, after repeat: 10
[2026-07-25 16:25:41,405][models.visual_world_model][INFO] - action_dim: 10, after repeat: 10
[2026-07-25 16:25:41,405][models.visual_world_model][INFO] - emb_dim: 28
[2026-07-25 16:25:41,405][models.visual_world_model][INFO] - Straightening disabled
[2026-07-25 16:25:41,405][models.visual_world_model][INFO] - Speed constancy disabled
[2026-07-25 16:25:41,405][models.visual_world_model][INFO] - Trajectory penalty disabled
[2026-07-25 16:25:41,405][models.visual_world_model][INFO] - Stop-grad enabled: True
[2026-07-25 16:25:41,405][models.visual_world_model][INFO] - VCReg enabled: False, apply_to=enc, std_coeff=0.0, cov_coeff=0.0
[2026-07-25 16:25:41,405][models.visual_world_model][INFO] - Model emb_dim: 28
[timing] setup_model_s=3.192
eval_seed:  [1, 301, 601, 901, 1201, 1501, 1801, 2101, 2401, 2701]
Dumped plan targets to /opt/dlami/nvme/home/jupyter-deuk-c4e4/pusht-reproduction/patchproj_reproduction/plan/mpc_seed_300/chunk_00/plan_targets.pkl
[timing] setup_workspace_s=3.940

MPC iter 0 Eval ------- 
Success rate:  0.0
{'success': array([False, False, False, False, False, False, False, False, False,
       False]), 'state_dist': array([191.06326, 291.89514,  75.25301, 140.23083, 323.1901 , 176.23311,
       218.20834,  86.6749 , 218.51253, 163.94296], dtype=float32)}
self.is_success:  [False False False False False False False False False False]

MPC iter 1 Eval ------- 
Success rate:  0.0
{'success': array([False, False, False, False, False, False, False, False, False,
       False]), 'state_dist': array([144.41861, 227.82191,  62.1655 , 207.9883 , 157.80627, 165.00015,
       183.56946,  70.09435, 216.94154, 238.78027], dtype=float32)}
self.is_success:  [False False False False False False False False False False]

MPC iter 2 Eval ------- 
Success rate:  0.0
{'success': array([False, False, False, False, False, False, False, False, False,
       False]), 'state_dist': array([105.25919 , 157.28874 ,  53.775597, 212.47084 , 245.44313 ,
       164.09062 , 127.17451 ,  43.791008, 279.01593 , 197.59209 ],
      dtype=float32)}
self.is_success:  [False False False False False False False False False False]

MPC iter 3 Eval ------- 
Success rate:  0.0
{'success': array([False, False, False, False, False, False, False, False, False,
       False]), 'state_dist': array([ 93.734146,  97.64522 ,  47.248745, 272.17184 , 319.88406 ,
       141.11958 ,  75.95764 ,  44.930866, 337.77945 , 294.78506 ],
      dtype=float32)}
self.is_success:  [False False False False False False False False False False]

MPC iter 4 Eval ------- 
Success rate:  0.2
{'success': array([False, False,  True, False, False, False, False,  True, False,
       False]), 'state_dist': array([109.18549 , 150.80629 ,  18.680109, 105.84903 , 272.99277 ,
       120.724144, 247.88936 ,  29.431936, 122.36699 , 109.13813 ],
      dtype=float32)}
self.is_success:  [False False  True False False False False  True False False]

MPC iter 5 Eval ------- 
Success rate:  0.4
{'success': array([False, False,  True,  True, False,  True, False,  True, False,
       False]), 'state_dist': array([104.96426 ,  95.91922 ,  18.680109,  77.63722 ,  92.60943 ,
        59.32706 , 206.4263  ,  29.431936, 141.83972 ,  62.29227 ],
      dtype=float32)}
self.is_success:  [False False  True  True False  True False  True False False]

MPC iter 6 Eval ------- 
Success rate:  0.6
{'success': array([False, False,  True,  True,  True,  True, False,  True, False,
        True]), 'state_dist': array([ 84.43832 ,  85.4351  ,  18.680109,  77.63722 , 165.66722 ,
        59.32706 , 243.96402 ,  29.431936, 128.1977  ,  66.37986 ],
      dtype=float32)}
self.is_success:  [False False  True  True  True  True False  True False  True]

MPC iter 7 Eval ------- 
Success rate:  0.7
{'success': array([ True, False,  True,  True,  True,  True, False,  True, False,
        True]), 'state_dist': array([103.87704 , 125.69312 ,  18.680109,  77.63722 , 165.66722 ,
        59.32706 , 227.9876  ,  29.431936, 125.02818 ,  66.37986 ],
      dtype=float32)}
self.is_success:  [ True False  True  True  True  True False  True False  True]

MPC iter 8 Eval ------- 
Success rate:  0.7
{'success': array([ True, False,  True,  True,  True,  True, False,  True, False,
        True]), 'state_dist': array([103.87704 ,  76.008286,  18.680109,  77.63722 , 165.66722 ,
        59.32706 , 223.40556 ,  29.431936, 123.52087 ,  66.37986 ],
      dtype=float32)}
self.is_success:  [ True False  True  True  True  True False  True False  True]

MPC iter 9 Eval ------- 
Success rate:  0.7
{'success': array([ True, False,  True,  True,  True,  True, False,  True, False,
        True]), 'state_dist': array([103.87704 ,  48.027428,  18.680109,  77.63722 , 165.66722 ,
        59.32706 , 222.48868 ,  29.431936, 126.0633  ,  66.37986 ],
      dtype=float32)}
self.is_success:  [ True False  True  True  True  True False  True False  True]

MPC iter 10 Eval ------- 
Success rate:  0.7
{'success': array([ True, False,  True,  True,  True,  True, False,  True, False,
        True]), 'state_dist': array([103.87704 ,  64.96694 ,  18.680109,  77.63722 , 165.66722 ,
        59.32706 , 221.13728 ,  29.431936, 121.12437 ,  66.37986 ],
      dtype=float32)}
self.is_success:  [ True False  True  True  True  True False  True False  True]

MPC iter 11 Eval ------- 
Success rate:  0.7
{'success': array([ True, False,  True,  True,  True,  True, False,  True, False,
        True]), 'state_dist': array([103.87704 ,  59.047253,  18.680109,  77.63722 , 165.66722 ,
        59.32706 , 221.62914 ,  29.431936, 124.83927 ,  66.37986 ],
      dtype=float32)}
self.is_success:  [ True False  True  True  True  True False  True False  True]

MPC iter 12 Eval ------- 
Success rate:  0.7
{'success': array([ True, False,  True,  True,  True,  True, False,  True, False,
        True]), 'state_dist': array([103.87704 ,  58.210854,  18.680109,  77.63722 , 165.66722 ,
        59.32706 , 226.60594 ,  29.431936, 123.01383 ,  66.37986 ],
      dtype=float32)}
self.is_success:  [ True False  True  True  True  True False  True False  True]

MPC iter 13 Eval ------- 
Success rate:  0.7
{'success': array([ True, False,  True,  True,  True,  True, False,  True, False,
        True]), 'state_dist': array([103.87704 ,  49.69943 ,  18.680109,  77.63722 , 165.66722 ,
        59.32706 , 221.36661 ,  29.431936, 121.873436,  66.37986 ],
      dtype=float32)}
self.is_success:  [ True False  True  True  True  True False  True False  True]

MPC iter 14 Eval ------- 
Success rate:  0.7
{'success': array([ True, False,  True,  True,  True,  True, False,  True, False,
        True]), 'state_dist': array([103.87704 ,  54.098656,  18.680109,  77.63722 , 165.66722 ,
        59.32706 , 222.7591  ,  29.431936, 121.438   ,  66.37986 ],
      dtype=float32)}
self.is_success:  [ True False  True  True  True  True False  True False  True]

MPC iter 15 Eval ------- 
Success rate:  0.7
{'success': array([ True, False,  True,  True,  True,  True, False,  True, False,
        True]), 'state_dist': array([103.87704 ,  57.30031 ,  18.680109,  77.63722 , 165.66722 ,
        59.32706 , 225.42096 ,  29.431936, 121.66916 ,  66.37986 ],
      dtype=float32)}
self.is_success:  [ True False  True  True  True  True False  True False  True]

MPC iter 16 Eval ------- 
Success rate:  0.7
{'success': array([ True, False,  True,  True,  True,  True, False,  True, False,
        True]), 'state_dist': array([103.87704 ,  58.891186,  18.680109,  77.63722 , 165.66722 ,
        59.32706 , 219.8047  ,  29.431936, 122.273705,  66.37986 ],
      dtype=float32)}
self.is_success:  [ True False  True  True  True  True False  True False  True]

MPC iter 17 Eval ------- 
Success rate:  0.7
{'success': array([ True, False,  True,  True,  True,  True, False,  True, False,
        True]), 'state_dist': array([103.87704 ,  58.976006,  18.680109,  77.63722 , 165.66722 ,
        59.32706 , 226.20457 ,  29.431936, 125.482796,  66.37986 ],
      dtype=float32)}
self.is_success:  [ True False  True  True  True  True False  True False  True]

MPC iter 18 Eval ------- 
Success rate:  0.7
{'success': array([ True, False,  True,  True,  True,  True, False,  True, False,
        True]), 'state_dist': array([103.87704 ,  60.57528 ,  18.680109,  77.63722 , 165.66722 ,
        59.32706 , 223.00502 ,  29.431936, 124.378716,  66.37986 ],
      dtype=float32)}
self.is_success:  [ True False  True  True  True  True False  True False  True]

MPC iter 19 Eval ------- 
Success rate:  0.7
{'success': array([ True, False,  True,  True,  True,  True, False,  True, False,
        True]), 'state_dist': array([103.87704 ,  58.952232,  18.680109,  77.63722 , 165.66722 ,
        59.32706 , 223.96637 ,  29.431936, 123.77259 ,  66.37986 ],
      dtype=float32)}
self.is_success:  [ True False  True  True  True  True False  True False  True]
Success rate:  0.7
{'success': array([ True, False,  True,  True,  True,  True, False,  True, False,
        True]), 'state_dist': array([103.87704 ,  58.952232,  18.680109,  77.63722 , 165.66722 ,
        59.32706 , 223.96637 ,  29.431936, 123.77259 ,  66.37986 ],
      dtype=float32)}
[timing] perform_planning_s=449.687
[timing] total_planning_main_s=456.819
