/home/jupyter-deuk-c4e4/.conda/envs/ts310/lib/python3.10/site-packages/wandb/sdk/internal/internal_api.py:30: UserWarning: pkg_resources is deprecated as an API. See https://setuptools.pypa.io/en/latest/pkg_resources.html. The pkg_resources package is slated for removal as early as 2025-11-30. Refrain from using this package or pin to Setuptools<81.
  from pkg_resources import parse_version
/home/jupyter-deuk-c4e4/.conda/envs/ts310/lib/python3.10/site-packages/pkg_resources/__init__.py:3148: DeprecationWarning: Deprecated call to `pkg_resources.declare_namespace('mpl_toolkits')`.
Implementing implicit namespace packages (as specified in PEP 420) is preferred to `pkg_resources.declare_namespace`. See https://setuptools.pypa.io/en/latest/references/keywords.html#keyword-namespace-packages
  declare_namespace(pkg)
/home/jupyter-deuk-c4e4/.conda/envs/ts310/lib/python3.10/site-packages/pkg_resources/__init__.py:3148: DeprecationWarning: Deprecated call to `pkg_resources.declare_namespace('google')`.
Implementing implicit namespace packages (as specified in PEP 420) is preferred to `pkg_resources.declare_namespace`. See https://setuptools.pypa.io/en/latest/references/keywords.html#keyword-namespace-packages
  declare_namespace(pkg)
/home/jupyter-deuk-c4e4/.conda/envs/ts310/lib/python3.10/site-packages/Cython/Distutils/old_build_ext.py:15: DeprecationWarning: dep_util is Deprecated. Use functions from setuptools instead.
  from distutils.dep_util import newer, newer_group
<frozen importlib._bootstrap>:283: DeprecationWarning: the load_module() method is deprecated and slated for removal in Python 3.12; use exec_module() instead
Warning: Mujoco-based envs failed to import. Set the environment variable D4RL_SUPPRESS_IMPORT_ERROR=1 to suppress this message.
No module named 'mjrl'
Warning: Flow failed to import. Set the environment variable D4RL_SUPPRESS_IMPORT_ERROR=1 to suppress this message.
No module named 'flow'
Warning: CARLA failed to import. Set the environment variable D4RL_SUPPRESS_IMPORT_ERROR=1 to suppress this message.
No module named 'carla'
pybullet build time: Jan 29 2025 23:16:28
/home/jupyter-deuk-c4e4/.conda/envs/ts310/lib/python3.10/site-packages/gym/envs/registration.py:595: UserWarning: [33mWARN: Overriding environment maze2d-open-v0[0m
  logger.warn(f"Overriding environment {id}")
/home/jupyter-deuk-c4e4/.conda/envs/ts310/lib/python3.10/site-packages/gym/envs/registration.py:595: UserWarning: [33mWARN: Overriding environment maze2d-umaze-v0[0m
  logger.warn(f"Overriding environment {id}")
/home/jupyter-deuk-c4e4/.conda/envs/ts310/lib/python3.10/site-packages/gym/envs/registration.py:595: UserWarning: [33mWARN: Overriding environment maze2d-medium-v0[0m
  logger.warn(f"Overriding environment {id}")
/home/jupyter-deuk-c4e4/.conda/envs/ts310/lib/python3.10/site-packages/gym/envs/registration.py:595: UserWarning: [33mWARN: Overriding environment maze2d-large-v0[0m
  logger.warn(f"Overriding environment {id}")
/home/jupyter-deuk-c4e4/.conda/envs/ts310/lib/python3.10/site-packages/gym/envs/registration.py:595: UserWarning: [33mWARN: Overriding environment maze2d-umaze-v1[0m
  logger.warn(f"Overriding environment {id}")
/home/jupyter-deuk-c4e4/.conda/envs/ts310/lib/python3.10/site-packages/gym/envs/registration.py:595: UserWarning: [33mWARN: Overriding environment maze2d-medium-v1[0m
  logger.warn(f"Overriding environment {id}")
/home/jupyter-deuk-c4e4/.conda/envs/ts310/lib/python3.10/site-packages/gym/envs/registration.py:595: UserWarning: [33mWARN: Overriding environment maze2d-large-v1[0m
  logger.warn(f"Overriding environment {id}")
/home/jupyter-deuk-c4e4/.conda/envs/ts310/lib/python3.10/site-packages/gym/envs/registration.py:595: UserWarning: [33mWARN: Overriding environment maze2d-eval-umaze-v1[0m
  logger.warn(f"Overriding environment {id}")
/home/jupyter-deuk-c4e4/.conda/envs/ts310/lib/python3.10/site-packages/gym/envs/registration.py:595: UserWarning: [33mWARN: Overriding environment maze2d-eval-medium-v1[0m
  logger.warn(f"Overriding environment {id}")
/home/jupyter-deuk-c4e4/.conda/envs/ts310/lib/python3.10/site-packages/gym/envs/registration.py:595: UserWarning: [33mWARN: Overriding environment maze2d-eval-large-v1[0m
  logger.warn(f"Overriding environment {id}")
/home/jupyter-deuk-c4e4/.conda/envs/ts310/lib/python3.10/site-packages/gym/envs/registration.py:595: UserWarning: [33mWARN: Overriding environment maze2d-open-dense-v0[0m
  logger.warn(f"Overriding environment {id}")
/home/jupyter-deuk-c4e4/.conda/envs/ts310/lib/python3.10/site-packages/gym/envs/registration.py:595: UserWarning: [33mWARN: Overriding environment maze2d-umaze-dense-v0[0m
  logger.warn(f"Overriding environment {id}")
/home/jupyter-deuk-c4e4/.conda/envs/ts310/lib/python3.10/site-packages/gym/envs/registration.py:595: UserWarning: [33mWARN: Overriding environment maze2d-medium-dense-v0[0m
  logger.warn(f"Overriding environment {id}")
/home/jupyter-deuk-c4e4/.conda/envs/ts310/lib/python3.10/site-packages/gym/envs/registration.py:595: UserWarning: [33mWARN: Overriding environment maze2d-large-dense-v0[0m
  logger.warn(f"Overriding environment {id}")
/home/jupyter-deuk-c4e4/.conda/envs/ts310/lib/python3.10/site-packages/gym/envs/registration.py:595: UserWarning: [33mWARN: Overriding environment maze2d-umaze-dense-v1[0m
  logger.warn(f"Overriding environment {id}")
/home/jupyter-deuk-c4e4/.conda/envs/ts310/lib/python3.10/site-packages/gym/envs/registration.py:595: UserWarning: [33mWARN: Overriding environment maze2d-medium-dense-v1[0m
  logger.warn(f"Overriding environment {id}")
/home/jupyter-deuk-c4e4/.conda/envs/ts310/lib/python3.10/site-packages/gym/envs/registration.py:595: UserWarning: [33mWARN: Overriding environment maze2d-large-dense-v1[0m
  logger.warn(f"Overriding environment {id}")
/home/jupyter-deuk-c4e4/.conda/envs/ts310/lib/python3.10/site-packages/gym/envs/registration.py:595: UserWarning: [33mWARN: Overriding environment maze2d-eval-umaze-dense-v1[0m
  logger.warn(f"Overriding environment {id}")
/home/jupyter-deuk-c4e4/.conda/envs/ts310/lib/python3.10/site-packages/gym/envs/registration.py:595: UserWarning: [33mWARN: Overriding environment maze2d-eval-medium-dense-v1[0m
  logger.warn(f"Overriding environment {id}")
/home/jupyter-deuk-c4e4/.conda/envs/ts310/lib/python3.10/site-packages/gym/envs/registration.py:595: UserWarning: [33mWARN: Overriding environment maze2d-eval-large-dense-v1[0m
  logger.warn(f"Overriding environment {id}")
/opt/dlami/nvme/home/jupyter-deuk-c4e4/temporal-straightening/custom_resolvers.py:4: UserWarning: 
The version_base parameter is not specified.
Please specify a compatability version level, or None.
Will assume defaults for version 1.1
  @hydra.main(config_path=None)
[2026-07-25 16:41:03,792][__main__][INFO] - Planning result saved dir: /opt/dlami/nvme/home/jupyter-deuk-c4e4/pusht-reproduction/patchproj_reproduction/plan/mpc_seed_300/chunk_20
/home/jupyter-deuk-c4e4/.conda/envs/ts310/lib/python3.10/site-packages/wandb/sdk/internal/internal_api.py:30: UserWarning: pkg_resources is deprecated as an API. See https://setuptools.pypa.io/en/latest/pkg_resources.html. The pkg_resources package is slated for removal as early as 2025-11-30. Refrain from using this package or pin to Setuptools<81.
  from pkg_resources import parse_version
Using cache found in /home/jupyter-deuk-c4e4/.cache/torch/hub/facebookresearch_dinov2_81b2b6419385
Loaded 18685 rollouts
Loaded 21 rollouts
[2026-07-25 16:41:06,231][dinov2][INFO] - using MLP layer as FFN
[2026-07-25 16:41:06,738][models.dino][WARNING] - Unknown projector 'none' for patch tokens; proceeding without projector.
Resuming from epoch 2: /home/jupyter-deuk-c4e4/pusht-reproduction/patchproj_reproduction/test/pusht_False_agg32_projchannel_dim8_hw14_sgTrue_lr1e-06/checkpoints/model_2.pth
[2026-07-25 16:41:07,085][models.visual_world_model][INFO] - num_action_repeat: 1
[2026-07-25 16:41:07,085][models.visual_world_model][INFO] - num_proprio_repeat: 1
[2026-07-25 16:41:07,085][models.visual_world_model][INFO] - proprio encoder: ProprioceptiveEmbedding(
  (patch_embed): Conv1d(4, 10, kernel_size=(1,), stride=(1,))
  (norm): LayerNorm((10,), eps=1e-05, elementwise_affine=True)
)
[2026-07-25 16:41:07,085][models.visual_world_model][INFO] - action encoder: ProprioceptiveEmbedding(
  (patch_embed): Conv1d(10, 10, kernel_size=(1,), stride=(1,))
  (norm): LayerNorm((10,), eps=1e-05, elementwise_affine=True)
)
[2026-07-25 16:41:07,085][models.visual_world_model][INFO] - proprio_dim: 10, after repeat: 10
[2026-07-25 16:41:07,085][models.visual_world_model][INFO] - action_dim: 10, after repeat: 10
[2026-07-25 16:41:07,085][models.visual_world_model][INFO] - emb_dim: 28
[2026-07-25 16:41:07,085][models.visual_world_model][INFO] - Straightening disabled
[2026-07-25 16:41:07,085][models.visual_world_model][INFO] - Speed constancy disabled
[2026-07-25 16:41:07,085][models.visual_world_model][INFO] - Trajectory penalty disabled
[2026-07-25 16:41:07,085][models.visual_world_model][INFO] - Stop-grad enabled: True
[2026-07-25 16:41:07,085][models.visual_world_model][INFO] - VCReg enabled: False, apply_to=enc, std_coeff=0.0, cov_coeff=0.0
[2026-07-25 16:41:07,085][models.visual_world_model][INFO] - Model emb_dim: 28
[timing] setup_model_s=3.295
eval_seed:  [6001, 6301, 6601, 6901, 7201, 7501, 7801, 8101, 8401, 8701]
Dumped plan targets to /opt/dlami/nvme/home/jupyter-deuk-c4e4/pusht-reproduction/patchproj_reproduction/plan/mpc_seed_300/chunk_20/plan_targets.pkl
[timing] setup_workspace_s=5.389

MPC iter 0 Eval ------- 
Success rate:  0.0
{'success': array([False, False, False, False, False, False, False, False, False,
       False]), 'state_dist': array([ 81.61062 , 240.5394  , 123.86586 , 122.3508  , 195.26442 ,
       165.63855 ,  80.000984, 269.60858 , 161.63719 , 196.17409 ],
      dtype=float32)}
self.is_success:  [False False False False False False False False False False]

MPC iter 1 Eval ------- 
Success rate:  0.0
{'success': array([False, False, False, False, False, False, False, False, False,
       False]), 'state_dist': array([ 79.33824, 196.57625, 203.37743, 148.67383, 149.51326, 126.36491,
        63.74775, 267.52924, 215.38231, 183.03024], dtype=float32)}
self.is_success:  [False False False False False False False False False False]

MPC iter 2 Eval ------- 
Success rate:  0.0
{'success': array([False, False, False, False, False, False, False, False, False,
       False]), 'state_dist': array([157.3712  , 155.81989 , 228.37543 , 138.18925 ,  99.659775,
       188.42336 ,  73.078125, 320.4988  , 221.41638 , 135.79681 ],
      dtype=float32)}
self.is_success:  [False False False False False False False False False False]

MPC iter 3 Eval ------- 
Success rate:  0.0
{'success': array([False, False, False, False, False, False, False, False, False,
       False]), 'state_dist': array([205.87633 , 118.546326, 239.21655 ,  98.6278  ,  79.45238 ,
       167.66959 ,  84.27274 , 346.43845 , 328.4627  , 263.55438 ],
      dtype=float32)}
self.is_success:  [False False False False False False False False False False]

MPC iter 4 Eval ------- 
Success rate:  0.2
{'success': array([False,  True, False, False, False, False,  True, False, False,
       False]), 'state_dist': array([157.60175 , 161.36368 , 144.40985 ,  53.550278,  70.10639 ,
        91.75882 ,  62.442707, 114.54817 , 155.46875 , 434.1416  ],
      dtype=float32)}
self.is_success:  [False  True False False False False  True False False False]

MPC iter 5 Eval ------- 
Success rate:  0.4
{'success': array([False,  True, False, False,  True,  True,  True, False, False,
       False]), 'state_dist': array([157.50957 , 161.36368 ,  71.18984 ,  60.954678,  20.79819 ,
        69.52083 ,  62.442707, 127.68922 , 178.9556  , 116.89259 ],
      dtype=float32)}
self.is_success:  [False  True False False  True  True  True False False False]

MPC iter 6 Eval ------- 
Success rate:  0.7
{'success': array([ True,  True, False,  True,  True,  True,  True, False, False,
        True]), 'state_dist': array([ 90.29865 , 161.36368 ,  98.28395 ,  27.511358,  20.79819 ,
        69.52083 ,  62.442707,  65.59145 , 212.94965 ,  89.15262 ],
      dtype=float32)}
self.is_success:  [ True  True False  True  True  True  True False False  True]

MPC iter 7 Eval ------- 
Success rate:  0.8
{'success': array([ True,  True,  True,  True,  True,  True,  True, False, False,
        True]), 'state_dist': array([ 90.29865 , 161.36368 ,  64.63864 ,  27.511358,  20.79819 ,
        69.52083 ,  62.442707,  50.17982 , 467.55325 ,  89.15262 ],
      dtype=float32)}
self.is_success:  [ True  True  True  True  True  True  True False False  True]

MPC iter 8 Eval ------- 
Success rate:  0.8
{'success': array([ True,  True,  True,  True,  True,  True,  True, False, False,
        True]), 'state_dist': array([ 90.29865 , 161.36368 ,  64.63864 ,  27.511358,  20.79819 ,
        69.52083 ,  62.442707,  47.447163, 290.79025 ,  89.15262 ],
      dtype=float32)}
self.is_success:  [ True  True  True  True  True  True  True False False  True]

MPC iter 9 Eval ------- 
Success rate:  0.8
{'success': array([ True,  True,  True,  True,  True,  True,  True, False, False,
        True]), 'state_dist': array([ 90.29865 , 161.36368 ,  64.63864 ,  27.511358,  20.79819 ,
        69.52083 ,  62.442707,  52.370693, 351.25806 ,  89.15262 ],
      dtype=float32)}
self.is_success:  [ True  True  True  True  True  True  True False False  True]

MPC iter 10 Eval ------- 
Success rate:  0.8
{'success': array([ True,  True,  True,  True,  True,  True,  True, False, False,
        True]), 'state_dist': array([ 90.29865 , 161.36368 ,  64.63864 ,  27.511358,  20.79819 ,
        69.52083 ,  62.442707,  52.203323, 174.11531 ,  89.15262 ],
      dtype=float32)}
self.is_success:  [ True  True  True  True  True  True  True False False  True]

MPC iter 11 Eval ------- 
Success rate:  0.8
{'success': array([ True,  True,  True,  True,  True,  True,  True, False, False,
        True]), 'state_dist': array([ 90.29865 , 161.36368 ,  64.63864 ,  27.511358,  20.79819 ,
        69.52083 ,  62.442707,  53.213856, 137.7167  ,  89.15262 ],
      dtype=float32)}
self.is_success:  [ True  True  True  True  True  True  True False False  True]

MPC iter 12 Eval ------- 
Success rate:  0.8
{'success': array([ True,  True,  True,  True,  True,  True,  True, False, False,
        True]), 'state_dist': array([ 90.29865 , 161.36368 ,  64.63864 ,  27.511358,  20.79819 ,
        69.52083 ,  62.442707,  52.664436, 131.01038 ,  89.15262 ],
      dtype=float32)}
self.is_success:  [ True  True  True  True  True  True  True False False  True]

MPC iter 13 Eval ------- 
Success rate:  0.8
{'success': array([ True,  True,  True,  True,  True,  True,  True, False, False,
        True]), 'state_dist': array([ 90.29865 , 161.36368 ,  64.63864 ,  27.511358,  20.79819 ,
        69.52083 ,  62.442707,  50.777214, 136.56114 ,  89.15262 ],
      dtype=float32)}
self.is_success:  [ True  True  True  True  True  True  True False False  True]

MPC iter 14 Eval ------- 
Success rate:  0.8
{'success': array([ True,  True,  True,  True,  True,  True,  True, False, False,
        True]), 'state_dist': array([ 90.29865 , 161.36368 ,  64.63864 ,  27.511358,  20.79819 ,
        69.52083 ,  62.442707,  50.288025, 131.04681 ,  89.15262 ],
      dtype=float32)}
self.is_success:  [ True  True  True  True  True  True  True False False  True]

MPC iter 15 Eval ------- 
Success rate:  0.8
{'success': array([ True,  True,  True,  True,  True,  True,  True, False, False,
        True]), 'state_dist': array([ 90.29865 , 161.36368 ,  64.63864 ,  27.511358,  20.79819 ,
        69.52083 ,  62.442707,  50.099735, 131.16156 ,  89.15262 ],
      dtype=float32)}
self.is_success:  [ True  True  True  True  True  True  True False False  True]

MPC iter 16 Eval ------- 
Success rate:  0.8
{'success': array([ True,  True,  True,  True,  True,  True,  True, False, False,
        True]), 'state_dist': array([ 90.29865 , 161.36368 ,  64.63864 ,  27.511358,  20.79819 ,
        69.52083 ,  62.442707,  49.977814, 129.55144 ,  89.15262 ],
      dtype=float32)}
self.is_success:  [ True  True  True  True  True  True  True False False  True]

MPC iter 17 Eval ------- 
Success rate:  0.8
{'success': array([ True,  True,  True,  True,  True,  True,  True, False, False,
        True]), 'state_dist': array([ 90.29865 , 161.36368 ,  64.63864 ,  27.511358,  20.79819 ,
        69.52083 ,  62.442707,  49.962433, 174.76677 ,  89.15262 ],
      dtype=float32)}
self.is_success:  [ True  True  True  True  True  True  True False False  True]

MPC iter 18 Eval ------- 
Success rate:  0.8
{'success': array([ True,  True,  True,  True,  True,  True,  True, False, False,
        True]), 'state_dist': array([ 90.29865 , 161.36368 ,  64.63864 ,  27.511358,  20.79819 ,
        69.52083 ,  62.442707,  49.89152 , 156.10605 ,  89.15262 ],
      dtype=float32)}
self.is_success:  [ True  True  True  True  True  True  True False False  True]

MPC iter 19 Eval ------- 
Success rate:  0.8
{'success': array([ True,  True,  True,  True,  True,  True,  True, False, False,
        True]), 'state_dist': array([ 90.29865 , 161.36368 ,  64.63864 ,  27.511358,  20.79819 ,
        69.52083 ,  62.442707,  49.958664, 131.34984 ,  89.15262 ],
      dtype=float32)}
self.is_success:  [ True  True  True  True  True  True  True False False  True]
Success rate:  0.8
{'success': array([ True,  True,  True,  True,  True,  True,  True, False, False,
        True]), 'state_dist': array([ 90.29865 , 161.36368 ,  64.63864 ,  27.511358,  20.79819 ,
        69.52083 ,  62.442707,  49.958664, 131.34984 ,  89.15262 ],
      dtype=float32)}
[timing] perform_planning_s=449.795
[timing] total_planning_main_s=458.479
