/home/jupyter-deuk-c4e4/.conda/envs/ts310/lib/python3.10/site-packages/wandb/sdk/internal/internal_api.py:30: UserWarning: pkg_resources is deprecated as an API. See https://setuptools.pypa.io/en/latest/pkg_resources.html. The pkg_resources package is slated for removal as early as 2025-11-30. Refrain from using this package or pin to Setuptools<81.
  from pkg_resources import parse_version
/home/jupyter-deuk-c4e4/.conda/envs/ts310/lib/python3.10/site-packages/pkg_resources/__init__.py:3148: DeprecationWarning: Deprecated call to `pkg_resources.declare_namespace('mpl_toolkits')`.
Implementing implicit namespace packages (as specified in PEP 420) is preferred to `pkg_resources.declare_namespace`. See https://setuptools.pypa.io/en/latest/references/keywords.html#keyword-namespace-packages
  declare_namespace(pkg)
/home/jupyter-deuk-c4e4/.conda/envs/ts310/lib/python3.10/site-packages/pkg_resources/__init__.py:3148: DeprecationWarning: Deprecated call to `pkg_resources.declare_namespace('google')`.
Implementing implicit namespace packages (as specified in PEP 420) is preferred to `pkg_resources.declare_namespace`. See https://setuptools.pypa.io/en/latest/references/keywords.html#keyword-namespace-packages
  declare_namespace(pkg)
/home/jupyter-deuk-c4e4/.conda/envs/ts310/lib/python3.10/site-packages/Cython/Distutils/old_build_ext.py:15: DeprecationWarning: dep_util is Deprecated. Use functions from setuptools instead.
  from distutils.dep_util import newer, newer_group
<frozen importlib._bootstrap>:283: DeprecationWarning: the load_module() method is deprecated and slated for removal in Python 3.12; use exec_module() instead
Warning: Mujoco-based envs failed to import. Set the environment variable D4RL_SUPPRESS_IMPORT_ERROR=1 to suppress this message.
No module named 'mjrl'
Warning: Flow failed to import. Set the environment variable D4RL_SUPPRESS_IMPORT_ERROR=1 to suppress this message.
No module named 'flow'
Warning: CARLA failed to import. Set the environment variable D4RL_SUPPRESS_IMPORT_ERROR=1 to suppress this message.
No module named 'carla'
pybullet build time: Jan 29 2025 23:16:28
/home/jupyter-deuk-c4e4/.conda/envs/ts310/lib/python3.10/site-packages/gym/envs/registration.py:595: UserWarning: [33mWARN: Overriding environment maze2d-open-v0[0m
  logger.warn(f"Overriding environment {id}")
/home/jupyter-deuk-c4e4/.conda/envs/ts310/lib/python3.10/site-packages/gym/envs/registration.py:595: UserWarning: [33mWARN: Overriding environment maze2d-umaze-v0[0m
  logger.warn(f"Overriding environment {id}")
/home/jupyter-deuk-c4e4/.conda/envs/ts310/lib/python3.10/site-packages/gym/envs/registration.py:595: UserWarning: [33mWARN: Overriding environment maze2d-medium-v0[0m
  logger.warn(f"Overriding environment {id}")
/home/jupyter-deuk-c4e4/.conda/envs/ts310/lib/python3.10/site-packages/gym/envs/registration.py:595: UserWarning: [33mWARN: Overriding environment maze2d-large-v0[0m
  logger.warn(f"Overriding environment {id}")
/home/jupyter-deuk-c4e4/.conda/envs/ts310/lib/python3.10/site-packages/gym/envs/registration.py:595: UserWarning: [33mWARN: Overriding environment maze2d-umaze-v1[0m
  logger.warn(f"Overriding environment {id}")
/home/jupyter-deuk-c4e4/.conda/envs/ts310/lib/python3.10/site-packages/gym/envs/registration.py:595: UserWarning: [33mWARN: Overriding environment maze2d-medium-v1[0m
  logger.warn(f"Overriding environment {id}")
/home/jupyter-deuk-c4e4/.conda/envs/ts310/lib/python3.10/site-packages/gym/envs/registration.py:595: UserWarning: [33mWARN: Overriding environment maze2d-large-v1[0m
  logger.warn(f"Overriding environment {id}")
/home/jupyter-deuk-c4e4/.conda/envs/ts310/lib/python3.10/site-packages/gym/envs/registration.py:595: UserWarning: [33mWARN: Overriding environment maze2d-eval-umaze-v1[0m
  logger.warn(f"Overriding environment {id}")
/home/jupyter-deuk-c4e4/.conda/envs/ts310/lib/python3.10/site-packages/gym/envs/registration.py:595: UserWarning: [33mWARN: Overriding environment maze2d-eval-medium-v1[0m
  logger.warn(f"Overriding environment {id}")
/home/jupyter-deuk-c4e4/.conda/envs/ts310/lib/python3.10/site-packages/gym/envs/registration.py:595: UserWarning: [33mWARN: Overriding environment maze2d-eval-large-v1[0m
  logger.warn(f"Overriding environment {id}")
/home/jupyter-deuk-c4e4/.conda/envs/ts310/lib/python3.10/site-packages/gym/envs/registration.py:595: UserWarning: [33mWARN: Overriding environment maze2d-open-dense-v0[0m
  logger.warn(f"Overriding environment {id}")
/home/jupyter-deuk-c4e4/.conda/envs/ts310/lib/python3.10/site-packages/gym/envs/registration.py:595: UserWarning: [33mWARN: Overriding environment maze2d-umaze-dense-v0[0m
  logger.warn(f"Overriding environment {id}")
/home/jupyter-deuk-c4e4/.conda/envs/ts310/lib/python3.10/site-packages/gym/envs/registration.py:595: UserWarning: [33mWARN: Overriding environment maze2d-medium-dense-v0[0m
  logger.warn(f"Overriding environment {id}")
/home/jupyter-deuk-c4e4/.conda/envs/ts310/lib/python3.10/site-packages/gym/envs/registration.py:595: UserWarning: [33mWARN: Overriding environment maze2d-large-dense-v0[0m
  logger.warn(f"Overriding environment {id}")
/home/jupyter-deuk-c4e4/.conda/envs/ts310/lib/python3.10/site-packages/gym/envs/registration.py:595: UserWarning: [33mWARN: Overriding environment maze2d-umaze-dense-v1[0m
  logger.warn(f"Overriding environment {id}")
/home/jupyter-deuk-c4e4/.conda/envs/ts310/lib/python3.10/site-packages/gym/envs/registration.py:595: UserWarning: [33mWARN: Overriding environment maze2d-medium-dense-v1[0m
  logger.warn(f"Overriding environment {id}")
/home/jupyter-deuk-c4e4/.conda/envs/ts310/lib/python3.10/site-packages/gym/envs/registration.py:595: UserWarning: [33mWARN: Overriding environment maze2d-large-dense-v1[0m
  logger.warn(f"Overriding environment {id}")
/home/jupyter-deuk-c4e4/.conda/envs/ts310/lib/python3.10/site-packages/gym/envs/registration.py:595: UserWarning: [33mWARN: Overriding environment maze2d-eval-umaze-dense-v1[0m
  logger.warn(f"Overriding environment {id}")
/home/jupyter-deuk-c4e4/.conda/envs/ts310/lib/python3.10/site-packages/gym/envs/registration.py:595: UserWarning: [33mWARN: Overriding environment maze2d-eval-medium-dense-v1[0m
  logger.warn(f"Overriding environment {id}")
/home/jupyter-deuk-c4e4/.conda/envs/ts310/lib/python3.10/site-packages/gym/envs/registration.py:595: UserWarning: [33mWARN: Overriding environment maze2d-eval-large-dense-v1[0m
  logger.warn(f"Overriding environment {id}")
/opt/dlami/nvme/home/jupyter-deuk-c4e4/temporal-straightening/custom_resolvers.py:4: UserWarning: 
The version_base parameter is not specified.
Please specify a compatability version level, or None.
Will assume defaults for version 1.1
  @hydra.main(config_path=None)
[2026-07-25 16:52:21,605][__main__][INFO] - Planning result saved dir: /opt/dlami/nvme/home/jupyter-deuk-c4e4/pusht-reproduction/patchproj_reproduction/plan/mpc_seed_300/chunk_40
/home/jupyter-deuk-c4e4/.conda/envs/ts310/lib/python3.10/site-packages/wandb/sdk/internal/internal_api.py:30: UserWarning: pkg_resources is deprecated as an API. See https://setuptools.pypa.io/en/latest/pkg_resources.html. The pkg_resources package is slated for removal as early as 2025-11-30. Refrain from using this package or pin to Setuptools<81.
  from pkg_resources import parse_version
Using cache found in /home/jupyter-deuk-c4e4/.cache/torch/hub/facebookresearch_dinov2_81b2b6419385
Loaded 18685 rollouts
Loaded 21 rollouts
[2026-07-25 16:52:24,042][dinov2][INFO] - using MLP layer as FFN
[2026-07-25 16:52:24,440][models.dino][WARNING] - Unknown projector 'none' for patch tokens; proceeding without projector.
Resuming from epoch 2: /home/jupyter-deuk-c4e4/pusht-reproduction/patchproj_reproduction/test/pusht_False_agg32_projchannel_dim8_hw14_sgTrue_lr1e-06/checkpoints/model_2.pth
[2026-07-25 16:52:24,780][models.visual_world_model][INFO] - num_action_repeat: 1
[2026-07-25 16:52:24,781][models.visual_world_model][INFO] - num_proprio_repeat: 1
[2026-07-25 16:52:24,781][models.visual_world_model][INFO] - proprio encoder: ProprioceptiveEmbedding(
  (patch_embed): Conv1d(4, 10, kernel_size=(1,), stride=(1,))
  (norm): LayerNorm((10,), eps=1e-05, elementwise_affine=True)
)
[2026-07-25 16:52:24,781][models.visual_world_model][INFO] - action encoder: ProprioceptiveEmbedding(
  (patch_embed): Conv1d(10, 10, kernel_size=(1,), stride=(1,))
  (norm): LayerNorm((10,), eps=1e-05, elementwise_affine=True)
)
[2026-07-25 16:52:24,781][models.visual_world_model][INFO] - proprio_dim: 10, after repeat: 10
[2026-07-25 16:52:24,781][models.visual_world_model][INFO] - action_dim: 10, after repeat: 10
[2026-07-25 16:52:24,781][models.visual_world_model][INFO] - emb_dim: 28
[2026-07-25 16:52:24,781][models.visual_world_model][INFO] - Straightening disabled
[2026-07-25 16:52:24,781][models.visual_world_model][INFO] - Speed constancy disabled
[2026-07-25 16:52:24,781][models.visual_world_model][INFO] - Trajectory penalty disabled
[2026-07-25 16:52:24,781][models.visual_world_model][INFO] - Stop-grad enabled: True
[2026-07-25 16:52:24,781][models.visual_world_model][INFO] - VCReg enabled: False, apply_to=enc, std_coeff=0.0, cov_coeff=0.0
[2026-07-25 16:52:24,781][models.visual_world_model][INFO] - Model emb_dim: 28
[timing] setup_model_s=3.178
eval_seed:  [12001, 12301, 12601, 12901, 13201, 13501, 13801, 14101, 14401, 14701]
Dumped plan targets to /opt/dlami/nvme/home/jupyter-deuk-c4e4/pusht-reproduction/patchproj_reproduction/plan/mpc_seed_300/chunk_40/plan_targets.pkl
[timing] setup_workspace_s=6.427

MPC iter 0 Eval ------- 
Success rate:  0.0
{'success': array([False, False, False, False, False, False, False, False, False,
       False]), 'state_dist': array([ 98.79433, 252.67413, 310.50314, 241.75862,  71.6222 , 259.2438 ,
       187.15804, 374.00793, 257.53665, 284.46817], dtype=float32)}
self.is_success:  [False False False False False False False False False False]

MPC iter 1 Eval ------- 
Success rate:  0.0
{'success': array([False, False, False, False, False, False, False, False, False,
       False]), 'state_dist': array([ 88.21163 , 246.73015 , 202.48145 , 173.23244 ,  75.154205,
       215.91818 , 198.93437 , 311.40186 , 225.9217  , 321.37476 ],
      dtype=float32)}
self.is_success:  [False False False False False False False False False False]

MPC iter 2 Eval ------- 
Success rate:  0.0
{'success': array([False, False, False, False, False, False, False, False, False,
       False]), 'state_dist': array([105.82806 , 213.82828 , 178.83534 , 132.33911 ,  81.521385,
       190.54628 , 313.07437 , 349.05975 , 253.16281 , 206.60136 ],
      dtype=float32)}
self.is_success:  [False False False False False False False False False False]

MPC iter 3 Eval ------- 
Success rate:  0.0
{'success': array([False, False, False, False, False, False, False, False, False,
       False]), 'state_dist': array([354.5459  , 198.36296 , 152.65506 , 472.55753 ,  86.645226,
       138.9131  , 309.88165 , 285.68536 , 337.6565  , 149.78235 ],
      dtype=float32)}
self.is_success:  [False False False False False False False False False False]

MPC iter 4 Eval ------- 
Success rate:  0.0
{'success': array([False, False, False, False, False, False, False, False, False,
       False]), 'state_dist': array([276.39163 , 130.78233 , 180.078   , 269.61243 ,  36.86328 ,
       106.983665, 191.63647 , 112.56672 , 248.11157 ,  71.09728 ],
      dtype=float32)}
self.is_success:  [False False False False False False False False False False]

MPC iter 5 Eval ------- 
Success rate:  0.6
{'success': array([False, False,  True, False,  True,  True,  True,  True, False,
        True]), 'state_dist': array([267.1311  ,  76.6149  , 128.38919 , 113.7366  ,  43.07798 ,
        39.334476,  19.687183,  54.49262 , 161.20598 ,  41.397087],
      dtype=float32)}
self.is_success:  [False False  True False  True  True  True  True False  True]

MPC iter 6 Eval ------- 
Success rate:  0.8
{'success': array([False, False,  True,  True,  True,  True,  True,  True,  True,
        True]), 'state_dist': array([159.60663 ,  75.29097 , 128.38919 ,  49.797344,  43.07798 ,
        39.334476,  19.687183,  54.49262 ,  72.808426,  41.397087],
      dtype=float32)}
self.is_success:  [False False  True  True  True  True  True  True  True  True]

MPC iter 7 Eval ------- 
Success rate:  0.8
{'success': array([False, False,  True,  True,  True,  True,  True,  True,  True,
        True]), 'state_dist': array([132.35938 ,  98.41721 , 128.38919 ,  49.797344,  43.07798 ,
        39.334476,  19.687183,  54.49262 ,  72.808426,  41.397087],
      dtype=float32)}
self.is_success:  [False False  True  True  True  True  True  True  True  True]

MPC iter 8 Eval ------- 
Success rate:  0.8
{'success': array([False, False,  True,  True,  True,  True,  True,  True,  True,
        True]), 'state_dist': array([117.36729 , 102.85787 , 128.38919 ,  49.797344,  43.07798 ,
        39.334476,  19.687183,  54.49262 ,  72.808426,  41.397087],
      dtype=float32)}
self.is_success:  [False False  True  True  True  True  True  True  True  True]

MPC iter 9 Eval ------- 
Success rate:  0.9
{'success': array([False,  True,  True,  True,  True,  True,  True,  True,  True,
        True]), 'state_dist': array([129.67677 , 187.22343 , 128.38919 ,  49.797344,  43.07798 ,
        39.334476,  19.687183,  54.49262 ,  72.808426,  41.397087],
      dtype=float32)}
self.is_success:  [False  True  True  True  True  True  True  True  True  True]

MPC iter 10 Eval ------- 
Success rate:  0.9
{'success': array([False,  True,  True,  True,  True,  True,  True,  True,  True,
        True]), 'state_dist': array([111.688034, 187.22343 , 128.38919 ,  49.797344,  43.07798 ,
        39.334476,  19.687183,  54.49262 ,  72.808426,  41.397087],
      dtype=float32)}
self.is_success:  [False  True  True  True  True  True  True  True  True  True]

MPC iter 11 Eval ------- 
Success rate:  0.9
{'success': array([False,  True,  True,  True,  True,  True,  True,  True,  True,
        True]), 'state_dist': array([129.46228 , 187.22343 , 128.38919 ,  49.797344,  43.07798 ,
        39.334476,  19.687183,  54.49262 ,  72.808426,  41.397087],
      dtype=float32)}
self.is_success:  [False  True  True  True  True  True  True  True  True  True]

MPC iter 12 Eval ------- 
Success rate:  0.9
{'success': array([False,  True,  True,  True,  True,  True,  True,  True,  True,
        True]), 'state_dist': array([110.399376, 187.22343 , 128.38919 ,  49.797344,  43.07798 ,
        39.334476,  19.687183,  54.49262 ,  72.808426,  41.397087],
      dtype=float32)}
self.is_success:  [False  True  True  True  True  True  True  True  True  True]

MPC iter 13 Eval ------- 
Success rate:  0.9
{'success': array([False,  True,  True,  True,  True,  True,  True,  True,  True,
        True]), 'state_dist': array([124.085144, 187.22343 , 128.38919 ,  49.797344,  43.07798 ,
        39.334476,  19.687183,  54.49262 ,  72.808426,  41.397087],
      dtype=float32)}
self.is_success:  [False  True  True  True  True  True  True  True  True  True]

MPC iter 14 Eval ------- 
Success rate:  0.9
{'success': array([False,  True,  True,  True,  True,  True,  True,  True,  True,
        True]), 'state_dist': array([116.705635, 187.22343 , 128.38919 ,  49.797344,  43.07798 ,
        39.334476,  19.687183,  54.49262 ,  72.808426,  41.397087],
      dtype=float32)}
self.is_success:  [False  True  True  True  True  True  True  True  True  True]

MPC iter 15 Eval ------- 
Success rate:  0.9
{'success': array([False,  True,  True,  True,  True,  True,  True,  True,  True,
        True]), 'state_dist': array([121.408264, 187.22343 , 128.38919 ,  49.797344,  43.07798 ,
        39.334476,  19.687183,  54.49262 ,  72.808426,  41.397087],
      dtype=float32)}
self.is_success:  [False  True  True  True  True  True  True  True  True  True]

MPC iter 16 Eval ------- 
Success rate:  0.9
{'success': array([False,  True,  True,  True,  True,  True,  True,  True,  True,
        True]), 'state_dist': array([119.39474 , 187.22343 , 128.38919 ,  49.797344,  43.07798 ,
        39.334476,  19.687183,  54.49262 ,  72.808426,  41.397087],
      dtype=float32)}
self.is_success:  [False  True  True  True  True  True  True  True  True  True]

MPC iter 17 Eval ------- 
Success rate:  0.9
{'success': array([False,  True,  True,  True,  True,  True,  True,  True,  True,
        True]), 'state_dist': array([122.25884 , 187.22343 , 128.38919 ,  49.797344,  43.07798 ,
        39.334476,  19.687183,  54.49262 ,  72.808426,  41.397087],
      dtype=float32)}
self.is_success:  [False  True  True  True  True  True  True  True  True  True]

MPC iter 18 Eval ------- 
Success rate:  0.9
{'success': array([False,  True,  True,  True,  True,  True,  True,  True,  True,
        True]), 'state_dist': array([118.35242 , 187.22343 , 128.38919 ,  49.797344,  43.07798 ,
        39.334476,  19.687183,  54.49262 ,  72.808426,  41.397087],
      dtype=float32)}
self.is_success:  [False  True  True  True  True  True  True  True  True  True]

MPC iter 19 Eval ------- 
Success rate:  0.9
{'success': array([False,  True,  True,  True,  True,  True,  True,  True,  True,
        True]), 'state_dist': array([122.149345, 187.22343 , 128.38919 ,  49.797344,  43.07798 ,
        39.334476,  19.687183,  54.49262 ,  72.808426,  41.397087],
      dtype=float32)}
self.is_success:  [False  True  True  True  True  True  True  True  True  True]
Success rate:  0.9
{'success': array([False,  True,  True,  True,  True,  True,  True,  True,  True,
        True]), 'state_dist': array([122.149345, 187.22343 , 128.38919 ,  49.797344,  43.07798 ,
        39.334476,  19.687183,  54.49262 ,  72.808426,  41.397087],
      dtype=float32)}
[timing] perform_planning_s=449.569
[timing] total_planning_main_s=459.173
