/home/jupyter-deuk-c4e4/.conda/envs/ts310/lib/python3.10/site-packages/wandb/sdk/internal/internal_api.py:30: UserWarning: pkg_resources is deprecated as an API. See https://setuptools.pypa.io/en/latest/pkg_resources.html. The pkg_resources package is slated for removal as early as 2025-11-30. Refrain from using this package or pin to Setuptools<81.
  from pkg_resources import parse_version
/home/jupyter-deuk-c4e4/.conda/envs/ts310/lib/python3.10/site-packages/pkg_resources/__init__.py:3148: DeprecationWarning: Deprecated call to `pkg_resources.declare_namespace('mpl_toolkits')`.
Implementing implicit namespace packages (as specified in PEP 420) is preferred to `pkg_resources.declare_namespace`. See https://setuptools.pypa.io/en/latest/references/keywords.html#keyword-namespace-packages
  declare_namespace(pkg)
/home/jupyter-deuk-c4e4/.conda/envs/ts310/lib/python3.10/site-packages/pkg_resources/__init__.py:3148: DeprecationWarning: Deprecated call to `pkg_resources.declare_namespace('google')`.
Implementing implicit namespace packages (as specified in PEP 420) is preferred to `pkg_resources.declare_namespace`. See https://setuptools.pypa.io/en/latest/references/keywords.html#keyword-namespace-packages
  declare_namespace(pkg)
/home/jupyter-deuk-c4e4/.conda/envs/ts310/lib/python3.10/site-packages/Cython/Distutils/old_build_ext.py:15: DeprecationWarning: dep_util is Deprecated. Use functions from setuptools instead.
  from distutils.dep_util import newer, newer_group
<frozen importlib._bootstrap>:283: DeprecationWarning: the load_module() method is deprecated and slated for removal in Python 3.12; use exec_module() instead
Warning: Mujoco-based envs failed to import. Set the environment variable D4RL_SUPPRESS_IMPORT_ERROR=1 to suppress this message.
No module named 'mjrl'
Warning: Flow failed to import. Set the environment variable D4RL_SUPPRESS_IMPORT_ERROR=1 to suppress this message.
No module named 'flow'
Warning: CARLA failed to import. Set the environment variable D4RL_SUPPRESS_IMPORT_ERROR=1 to suppress this message.
No module named 'carla'
pybullet build time: Jan 29 2025 23:16:28
/home/jupyter-deuk-c4e4/.conda/envs/ts310/lib/python3.10/site-packages/gym/envs/registration.py:595: UserWarning: [33mWARN: Overriding environment maze2d-open-v0[0m
  logger.warn(f"Overriding environment {id}")
/home/jupyter-deuk-c4e4/.conda/envs/ts310/lib/python3.10/site-packages/gym/envs/registration.py:595: UserWarning: [33mWARN: Overriding environment maze2d-umaze-v0[0m
  logger.warn(f"Overriding environment {id}")
/home/jupyter-deuk-c4e4/.conda/envs/ts310/lib/python3.10/site-packages/gym/envs/registration.py:595: UserWarning: [33mWARN: Overriding environment maze2d-medium-v0[0m
  logger.warn(f"Overriding environment {id}")
/home/jupyter-deuk-c4e4/.conda/envs/ts310/lib/python3.10/site-packages/gym/envs/registration.py:595: UserWarning: [33mWARN: Overriding environment maze2d-large-v0[0m
  logger.warn(f"Overriding environment {id}")
/home/jupyter-deuk-c4e4/.conda/envs/ts310/lib/python3.10/site-packages/gym/envs/registration.py:595: UserWarning: [33mWARN: Overriding environment maze2d-umaze-v1[0m
  logger.warn(f"Overriding environment {id}")
/home/jupyter-deuk-c4e4/.conda/envs/ts310/lib/python3.10/site-packages/gym/envs/registration.py:595: UserWarning: [33mWARN: Overriding environment maze2d-medium-v1[0m
  logger.warn(f"Overriding environment {id}")
/home/jupyter-deuk-c4e4/.conda/envs/ts310/lib/python3.10/site-packages/gym/envs/registration.py:595: UserWarning: [33mWARN: Overriding environment maze2d-large-v1[0m
  logger.warn(f"Overriding environment {id}")
/home/jupyter-deuk-c4e4/.conda/envs/ts310/lib/python3.10/site-packages/gym/envs/registration.py:595: UserWarning: [33mWARN: Overriding environment maze2d-eval-umaze-v1[0m
  logger.warn(f"Overriding environment {id}")
/home/jupyter-deuk-c4e4/.conda/envs/ts310/lib/python3.10/site-packages/gym/envs/registration.py:595: UserWarning: [33mWARN: Overriding environment maze2d-eval-medium-v1[0m
  logger.warn(f"Overriding environment {id}")
/home/jupyter-deuk-c4e4/.conda/envs/ts310/lib/python3.10/site-packages/gym/envs/registration.py:595: UserWarning: [33mWARN: Overriding environment maze2d-eval-large-v1[0m
  logger.warn(f"Overriding environment {id}")
/home/jupyter-deuk-c4e4/.conda/envs/ts310/lib/python3.10/site-packages/gym/envs/registration.py:595: UserWarning: [33mWARN: Overriding environment maze2d-open-dense-v0[0m
  logger.warn(f"Overriding environment {id}")
/home/jupyter-deuk-c4e4/.conda/envs/ts310/lib/python3.10/site-packages/gym/envs/registration.py:595: UserWarning: [33mWARN: Overriding environment maze2d-umaze-dense-v0[0m
  logger.warn(f"Overriding environment {id}")
/home/jupyter-deuk-c4e4/.conda/envs/ts310/lib/python3.10/site-packages/gym/envs/registration.py:595: UserWarning: [33mWARN: Overriding environment maze2d-medium-dense-v0[0m
  logger.warn(f"Overriding environment {id}")
/home/jupyter-deuk-c4e4/.conda/envs/ts310/lib/python3.10/site-packages/gym/envs/registration.py:595: UserWarning: [33mWARN: Overriding environment maze2d-large-dense-v0[0m
  logger.warn(f"Overriding environment {id}")
/home/jupyter-deuk-c4e4/.conda/envs/ts310/lib/python3.10/site-packages/gym/envs/registration.py:595: UserWarning: [33mWARN: Overriding environment maze2d-umaze-dense-v1[0m
  logger.warn(f"Overriding environment {id}")
/home/jupyter-deuk-c4e4/.conda/envs/ts310/lib/python3.10/site-packages/gym/envs/registration.py:595: UserWarning: [33mWARN: Overriding environment maze2d-medium-dense-v1[0m
  logger.warn(f"Overriding environment {id}")
/home/jupyter-deuk-c4e4/.conda/envs/ts310/lib/python3.10/site-packages/gym/envs/registration.py:595: UserWarning: [33mWARN: Overriding environment maze2d-large-dense-v1[0m
  logger.warn(f"Overriding environment {id}")
/home/jupyter-deuk-c4e4/.conda/envs/ts310/lib/python3.10/site-packages/gym/envs/registration.py:595: UserWarning: [33mWARN: Overriding environment maze2d-eval-umaze-dense-v1[0m
  logger.warn(f"Overriding environment {id}")
/home/jupyter-deuk-c4e4/.conda/envs/ts310/lib/python3.10/site-packages/gym/envs/registration.py:595: UserWarning: [33mWARN: Overriding environment maze2d-eval-medium-dense-v1[0m
  logger.warn(f"Overriding environment {id}")
/home/jupyter-deuk-c4e4/.conda/envs/ts310/lib/python3.10/site-packages/gym/envs/registration.py:595: UserWarning: [33mWARN: Overriding environment maze2d-eval-large-dense-v1[0m
  logger.warn(f"Overriding environment {id}")
/opt/dlami/nvme/home/jupyter-deuk-c4e4/temporal-straightening/custom_resolvers.py:4: UserWarning: 
The version_base parameter is not specified.
Please specify a compatability version level, or None.
Will assume defaults for version 1.1
  @hydra.main(config_path=None)
[2026-07-25 16:10:09,556][__main__][INFO] - Planning result saved dir: /opt/dlami/nvme/home/jupyter-deuk-c4e4/pusht-reproduction/patchproj_reproduction/plan/mpc_seed_200/chunk_30
/home/jupyter-deuk-c4e4/.conda/envs/ts310/lib/python3.10/site-packages/wandb/sdk/internal/internal_api.py:30: UserWarning: pkg_resources is deprecated as an API. See https://setuptools.pypa.io/en/latest/pkg_resources.html. The pkg_resources package is slated for removal as early as 2025-11-30. Refrain from using this package or pin to Setuptools<81.
  from pkg_resources import parse_version
Using cache found in /home/jupyter-deuk-c4e4/.cache/torch/hub/facebookresearch_dinov2_81b2b6419385
Loaded 18685 rollouts
Loaded 21 rollouts
[2026-07-25 16:10:12,035][dinov2][INFO] - using MLP layer as FFN
[2026-07-25 16:10:12,442][models.dino][WARNING] - Unknown projector 'none' for patch tokens; proceeding without projector.
Resuming from epoch 2: /home/jupyter-deuk-c4e4/pusht-reproduction/patchproj_reproduction/test/pusht_False_agg32_projchannel_dim8_hw14_sgTrue_lr1e-06/checkpoints/model_2.pth
[2026-07-25 16:10:12,775][models.visual_world_model][INFO] - num_action_repeat: 1
[2026-07-25 16:10:12,775][models.visual_world_model][INFO] - num_proprio_repeat: 1
[2026-07-25 16:10:12,775][models.visual_world_model][INFO] - proprio encoder: ProprioceptiveEmbedding(
  (patch_embed): Conv1d(4, 10, kernel_size=(1,), stride=(1,))
  (norm): LayerNorm((10,), eps=1e-05, elementwise_affine=True)
)
[2026-07-25 16:10:12,775][models.visual_world_model][INFO] - action encoder: ProprioceptiveEmbedding(
  (patch_embed): Conv1d(10, 10, kernel_size=(1,), stride=(1,))
  (norm): LayerNorm((10,), eps=1e-05, elementwise_affine=True)
)
[2026-07-25 16:10:12,775][models.visual_world_model][INFO] - proprio_dim: 10, after repeat: 10
[2026-07-25 16:10:12,775][models.visual_world_model][INFO] - action_dim: 10, after repeat: 10
[2026-07-25 16:10:12,775][models.visual_world_model][INFO] - emb_dim: 28
[2026-07-25 16:10:12,775][models.visual_world_model][INFO] - Straightening disabled
[2026-07-25 16:10:12,775][models.visual_world_model][INFO] - Speed constancy disabled
[2026-07-25 16:10:12,775][models.visual_world_model][INFO] - Trajectory penalty disabled
[2026-07-25 16:10:12,775][models.visual_world_model][INFO] - Stop-grad enabled: True
[2026-07-25 16:10:12,775][models.visual_world_model][INFO] - VCReg enabled: False, apply_to=enc, std_coeff=0.0, cov_coeff=0.0
[2026-07-25 16:10:12,775][models.visual_world_model][INFO] - Model emb_dim: 28
[timing] setup_model_s=3.222
eval_seed:  [6001, 6201, 6401, 6601, 6801, 7001, 7201, 7401, 7601, 7801]
Dumped plan targets to /opt/dlami/nvme/home/jupyter-deuk-c4e4/pusht-reproduction/patchproj_reproduction/plan/mpc_seed_200/chunk_30/plan_targets.pkl
[timing] setup_workspace_s=5.969

MPC iter 0 Eval ------- 
Success rate:  0.0
{'success': array([False, False, False, False, False, False, False, False, False,
       False]), 'state_dist': array([133.43881, 171.96327, 182.12498, 124.31088, 100.98846,  69.57004,
       205.14827, 194.12933,  75.18851, 205.50815], dtype=float32)}
self.is_success:  [False False False False False False False False False False]

MPC iter 1 Eval ------- 
Success rate:  0.0
{'success': array([False, False, False, False, False, False, False, False, False,
       False]), 'state_dist': array([166.52681, 174.27753, 140.71115, 115.83254,  77.70811,  75.8683 ,
       312.42938, 146.27126,  91.69553, 141.46661], dtype=float32)}
self.is_success:  [False False False False False False False False False False]

MPC iter 2 Eval ------- 
Success rate:  0.0
{'success': array([False, False, False, False, False, False, False, False, False,
       False]), 'state_dist': array([161.77147, 193.90552, 149.57118,  97.21968,  53.78708,  75.93144,
       395.98615, 106.62078,  95.80015, 125.57842], dtype=float32)}
self.is_success:  [False False False False False False False False False False]

MPC iter 3 Eval ------- 
Success rate:  0.1
{'success': array([False, False, False, False, False,  True, False, False, False,
       False]), 'state_dist': array([161.0593  , 239.43091 , 178.5046  ,  69.50317 ,  50.082127,
        47.691635, 534.05817 ,  76.97967 , 102.06684 , 145.32124 ],
      dtype=float32)}
self.is_success:  [False False False False False  True False False False False]

MPC iter 4 Eval ------- 
Success rate:  0.2
{'success': array([False, False, False,  True, False,  True, False, False, False,
       False]), 'state_dist': array([ 71.371765, 235.50246 , 358.2272  ,  45.85835 ,  65.16096 ,
        47.691635, 421.1192  ,  38.75415 ,  69.191956, 381.1104  ],
      dtype=float32)}
self.is_success:  [False False False  True False  True False False False False]

MPC iter 5 Eval ------- 
Success rate:  0.5
{'success': array([ True, False, False,  True,  True,  True, False,  True, False,
       False]), 'state_dist': array([ 90.46452 ,  41.430702, 417.54163 ,  45.85835 ,  30.83227 ,
        47.691635, 303.00067 ,  15.97138 ,  64.8847  , 130.8299  ],
      dtype=float32)}
self.is_success:  [ True False False  True  True  True False  True False False]

MPC iter 6 Eval ------- 
Success rate:  0.7
{'success': array([ True,  True, False,  True,  True,  True, False,  True,  True,
       False]), 'state_dist': array([ 90.46452 ,  27.580433, 388.37405 ,  45.85835 ,  30.83227 ,
        47.691635, 140.64261 ,  15.97138 ,  33.523056,  99.331184],
      dtype=float32)}
self.is_success:  [ True  True False  True  True  True False  True  True False]

MPC iter 7 Eval ------- 
Success rate:  0.7
{'success': array([ True,  True, False,  True,  True,  True, False,  True,  True,
       False]), 'state_dist': array([ 90.46452 ,  27.580433,  91.57731 ,  45.85835 ,  30.83227 ,
        47.691635, 176.8626  ,  15.97138 ,  33.523056, 119.58305 ],
      dtype=float32)}
self.is_success:  [ True  True False  True  True  True False  True  True False]

MPC iter 8 Eval ------- 
Success rate:  0.8
{'success': array([ True,  True, False,  True,  True,  True, False,  True,  True,
        True]), 'state_dist': array([ 90.46452 ,  27.580433, 388.0371  ,  45.85835 ,  30.83227 ,
        47.691635, 138.85283 ,  15.97138 ,  33.523056, 404.0071  ],
      dtype=float32)}
self.is_success:  [ True  True False  True  True  True False  True  True  True]

MPC iter 9 Eval ------- 
Success rate:  0.8
{'success': array([ True,  True, False,  True,  True,  True, False,  True,  True,
        True]), 'state_dist': array([ 90.46452 ,  27.580433, 273.08093 ,  45.85835 ,  30.83227 ,
        47.691635, 132.7417  ,  15.97138 ,  33.523056, 404.0071  ],
      dtype=float32)}
self.is_success:  [ True  True False  True  True  True False  True  True  True]

MPC iter 10 Eval ------- 
Success rate:  0.8
{'success': array([ True,  True, False,  True,  True,  True, False,  True,  True,
        True]), 'state_dist': array([ 90.46452 ,  27.580433, 103.3508  ,  45.85835 ,  30.83227 ,
        47.691635, 138.14648 ,  15.97138 ,  33.523056, 404.0071  ],
      dtype=float32)}
self.is_success:  [ True  True False  True  True  True False  True  True  True]

MPC iter 11 Eval ------- 
Success rate:  0.8
{'success': array([ True,  True, False,  True,  True,  True, False,  True,  True,
        True]), 'state_dist': array([ 90.46452 ,  27.580433, 112.985016,  45.85835 ,  30.83227 ,
        47.691635, 135.35362 ,  15.97138 ,  33.523056, 404.0071  ],
      dtype=float32)}
self.is_success:  [ True  True False  True  True  True False  True  True  True]

MPC iter 12 Eval ------- 
Success rate:  0.8
{'success': array([ True,  True, False,  True,  True,  True, False,  True,  True,
        True]), 'state_dist': array([ 90.46452 ,  27.580433, 269.98788 ,  45.85835 ,  30.83227 ,
        47.691635, 137.2188  ,  15.97138 ,  33.523056, 404.0071  ],
      dtype=float32)}
self.is_success:  [ True  True False  True  True  True False  True  True  True]

MPC iter 13 Eval ------- 
Success rate:  0.8
{'success': array([ True,  True, False,  True,  True,  True, False,  True,  True,
        True]), 'state_dist': array([ 90.46452 ,  27.580433, 206.04614 ,  45.85835 ,  30.83227 ,
        47.691635, 140.12056 ,  15.97138 ,  33.523056, 404.0071  ],
      dtype=float32)}
self.is_success:  [ True  True False  True  True  True False  True  True  True]

MPC iter 14 Eval ------- 
Success rate:  0.8
{'success': array([ True,  True, False,  True,  True,  True, False,  True,  True,
        True]), 'state_dist': array([ 90.46452 ,  27.580433,  77.497345,  45.85835 ,  30.83227 ,
        47.691635, 132.23978 ,  15.97138 ,  33.523056, 404.0071  ],
      dtype=float32)}
self.is_success:  [ True  True False  True  True  True False  True  True  True]

MPC iter 15 Eval ------- 
Success rate:  0.8
{'success': array([ True,  True, False,  True,  True,  True, False,  True,  True,
        True]), 'state_dist': array([ 90.46452 ,  27.580433, 110.517784,  45.85835 ,  30.83227 ,
        47.691635, 136.7939  ,  15.97138 ,  33.523056, 404.0071  ],
      dtype=float32)}
self.is_success:  [ True  True False  True  True  True False  True  True  True]

MPC iter 16 Eval ------- 
Success rate:  0.8
{'success': array([ True,  True, False,  True,  True,  True, False,  True,  True,
        True]), 'state_dist': array([ 90.46452 ,  27.580433, 226.67151 ,  45.85835 ,  30.83227 ,
        47.691635, 140.11525 ,  15.97138 ,  33.523056, 404.0071  ],
      dtype=float32)}
self.is_success:  [ True  True False  True  True  True False  True  True  True]

MPC iter 17 Eval ------- 
Success rate:  0.8
{'success': array([ True,  True, False,  True,  True,  True, False,  True,  True,
        True]), 'state_dist': array([ 90.46452 ,  27.580433, 263.28894 ,  45.85835 ,  30.83227 ,
        47.691635, 132.11465 ,  15.97138 ,  33.523056, 404.0071  ],
      dtype=float32)}
self.is_success:  [ True  True False  True  True  True False  True  True  True]

MPC iter 18 Eval ------- 
Success rate:  0.8
{'success': array([ True,  True, False,  True,  True,  True, False,  True,  True,
        True]), 'state_dist': array([ 90.46452 ,  27.580433,  93.271454,  45.85835 ,  30.83227 ,
        47.691635, 139.53311 ,  15.97138 ,  33.523056, 404.0071  ],
      dtype=float32)}
self.is_success:  [ True  True False  True  True  True False  True  True  True]

MPC iter 19 Eval ------- 
Success rate:  0.8
{'success': array([ True,  True, False,  True,  True,  True, False,  True,  True,
        True]), 'state_dist': array([ 90.46452 ,  27.580433,  95.73047 ,  45.85835 ,  30.83227 ,
        47.691635, 135.7682  ,  15.97138 ,  33.523056, 404.0071  ],
      dtype=float32)}
self.is_success:  [ True  True False  True  True  True False  True  True  True]
Success rate:  0.8
{'success': array([ True,  True, False,  True,  True,  True, False,  True,  True,
        True]), 'state_dist': array([ 90.46452 ,  27.580433,  95.73047 ,  45.85835 ,  30.83227 ,
        47.691635, 135.7682  ,  15.97138 ,  33.523056, 404.0071  ],
      dtype=float32)}
[timing] perform_planning_s=449.359
[timing] total_planning_main_s=458.550
