/home/jupyter-deuk-c4e4/.conda/envs/ts310/lib/python3.10/site-packages/wandb/sdk/internal/internal_api.py:30: UserWarning: pkg_resources is deprecated as an API. See https://setuptools.pypa.io/en/latest/pkg_resources.html. The pkg_resources package is slated for removal as early as 2025-11-30. Refrain from using this package or pin to Setuptools<81.
  from pkg_resources import parse_version
/home/jupyter-deuk-c4e4/.conda/envs/ts310/lib/python3.10/site-packages/pkg_resources/__init__.py:3148: DeprecationWarning: Deprecated call to `pkg_resources.declare_namespace('mpl_toolkits')`.
Implementing implicit namespace packages (as specified in PEP 420) is preferred to `pkg_resources.declare_namespace`. See https://setuptools.pypa.io/en/latest/references/keywords.html#keyword-namespace-packages
  declare_namespace(pkg)
/home/jupyter-deuk-c4e4/.conda/envs/ts310/lib/python3.10/site-packages/pkg_resources/__init__.py:3148: DeprecationWarning: Deprecated call to `pkg_resources.declare_namespace('google')`.
Implementing implicit namespace packages (as specified in PEP 420) is preferred to `pkg_resources.declare_namespace`. See https://setuptools.pypa.io/en/latest/references/keywords.html#keyword-namespace-packages
  declare_namespace(pkg)
/home/jupyter-deuk-c4e4/.conda/envs/ts310/lib/python3.10/site-packages/Cython/Distutils/old_build_ext.py:15: DeprecationWarning: dep_util is Deprecated. Use functions from setuptools instead.
  from distutils.dep_util import newer, newer_group
<frozen importlib._bootstrap>:283: DeprecationWarning: the load_module() method is deprecated and slated for removal in Python 3.12; use exec_module() instead
Warning: Mujoco-based envs failed to import. Set the environment variable D4RL_SUPPRESS_IMPORT_ERROR=1 to suppress this message.
No module named 'mjrl'
Warning: Flow failed to import. Set the environment variable D4RL_SUPPRESS_IMPORT_ERROR=1 to suppress this message.
No module named 'flow'
Warning: CARLA failed to import. Set the environment variable D4RL_SUPPRESS_IMPORT_ERROR=1 to suppress this message.
No module named 'carla'
pybullet build time: Jan 29 2025 23:16:28
/home/jupyter-deuk-c4e4/.conda/envs/ts310/lib/python3.10/site-packages/gym/envs/registration.py:595: UserWarning: [33mWARN: Overriding environment maze2d-open-v0[0m
  logger.warn(f"Overriding environment {id}")
/home/jupyter-deuk-c4e4/.conda/envs/ts310/lib/python3.10/site-packages/gym/envs/registration.py:595: UserWarning: [33mWARN: Overriding environment maze2d-umaze-v0[0m
  logger.warn(f"Overriding environment {id}")
/home/jupyter-deuk-c4e4/.conda/envs/ts310/lib/python3.10/site-packages/gym/envs/registration.py:595: UserWarning: [33mWARN: Overriding environment maze2d-medium-v0[0m
  logger.warn(f"Overriding environment {id}")
/home/jupyter-deuk-c4e4/.conda/envs/ts310/lib/python3.10/site-packages/gym/envs/registration.py:595: UserWarning: [33mWARN: Overriding environment maze2d-large-v0[0m
  logger.warn(f"Overriding environment {id}")
/home/jupyter-deuk-c4e4/.conda/envs/ts310/lib/python3.10/site-packages/gym/envs/registration.py:595: UserWarning: [33mWARN: Overriding environment maze2d-umaze-v1[0m
  logger.warn(f"Overriding environment {id}")
/home/jupyter-deuk-c4e4/.conda/envs/ts310/lib/python3.10/site-packages/gym/envs/registration.py:595: UserWarning: [33mWARN: Overriding environment maze2d-medium-v1[0m
  logger.warn(f"Overriding environment {id}")
/home/jupyter-deuk-c4e4/.conda/envs/ts310/lib/python3.10/site-packages/gym/envs/registration.py:595: UserWarning: [33mWARN: Overriding environment maze2d-large-v1[0m
  logger.warn(f"Overriding environment {id}")
/home/jupyter-deuk-c4e4/.conda/envs/ts310/lib/python3.10/site-packages/gym/envs/registration.py:595: UserWarning: [33mWARN: Overriding environment maze2d-eval-umaze-v1[0m
  logger.warn(f"Overriding environment {id}")
/home/jupyter-deuk-c4e4/.conda/envs/ts310/lib/python3.10/site-packages/gym/envs/registration.py:595: UserWarning: [33mWARN: Overriding environment maze2d-eval-medium-v1[0m
  logger.warn(f"Overriding environment {id}")
/home/jupyter-deuk-c4e4/.conda/envs/ts310/lib/python3.10/site-packages/gym/envs/registration.py:595: UserWarning: [33mWARN: Overriding environment maze2d-eval-large-v1[0m
  logger.warn(f"Overriding environment {id}")
/home/jupyter-deuk-c4e4/.conda/envs/ts310/lib/python3.10/site-packages/gym/envs/registration.py:595: UserWarning: [33mWARN: Overriding environment maze2d-open-dense-v0[0m
  logger.warn(f"Overriding environment {id}")
/home/jupyter-deuk-c4e4/.conda/envs/ts310/lib/python3.10/site-packages/gym/envs/registration.py:595: UserWarning: [33mWARN: Overriding environment maze2d-umaze-dense-v0[0m
  logger.warn(f"Overriding environment {id}")
/home/jupyter-deuk-c4e4/.conda/envs/ts310/lib/python3.10/site-packages/gym/envs/registration.py:595: UserWarning: [33mWARN: Overriding environment maze2d-medium-dense-v0[0m
  logger.warn(f"Overriding environment {id}")
/home/jupyter-deuk-c4e4/.conda/envs/ts310/lib/python3.10/site-packages/gym/envs/registration.py:595: UserWarning: [33mWARN: Overriding environment maze2d-large-dense-v0[0m
  logger.warn(f"Overriding environment {id}")
/home/jupyter-deuk-c4e4/.conda/envs/ts310/lib/python3.10/site-packages/gym/envs/registration.py:595: UserWarning: [33mWARN: Overriding environment maze2d-umaze-dense-v1[0m
  logger.warn(f"Overriding environment {id}")
/home/jupyter-deuk-c4e4/.conda/envs/ts310/lib/python3.10/site-packages/gym/envs/registration.py:595: UserWarning: [33mWARN: Overriding environment maze2d-medium-dense-v1[0m
  logger.warn(f"Overriding environment {id}")
/home/jupyter-deuk-c4e4/.conda/envs/ts310/lib/python3.10/site-packages/gym/envs/registration.py:595: UserWarning: [33mWARN: Overriding environment maze2d-large-dense-v1[0m
  logger.warn(f"Overriding environment {id}")
/home/jupyter-deuk-c4e4/.conda/envs/ts310/lib/python3.10/site-packages/gym/envs/registration.py:595: UserWarning: [33mWARN: Overriding environment maze2d-eval-umaze-dense-v1[0m
  logger.warn(f"Overriding environment {id}")
/home/jupyter-deuk-c4e4/.conda/envs/ts310/lib/python3.10/site-packages/gym/envs/registration.py:595: UserWarning: [33mWARN: Overriding environment maze2d-eval-medium-dense-v1[0m
  logger.warn(f"Overriding environment {id}")
/home/jupyter-deuk-c4e4/.conda/envs/ts310/lib/python3.10/site-packages/gym/envs/registration.py:595: UserWarning: [33mWARN: Overriding environment maze2d-eval-large-dense-v1[0m
  logger.warn(f"Overriding environment {id}")
/opt/dlami/nvme/home/jupyter-deuk-c4e4/temporal-straightening/custom_resolvers.py:4: UserWarning: 
The version_base parameter is not specified.
Please specify a compatability version level, or None.
Will assume defaults for version 1.1
  @hydra.main(config_path=None)
[2026-07-25 15:20:04,696][__main__][INFO] - Planning result saved dir: /opt/dlami/nvme/home/jupyter-deuk-c4e4/pusht-reproduction/patchproj_reproduction/plan/mpc_seed_100/chunk_10
/home/jupyter-deuk-c4e4/.conda/envs/ts310/lib/python3.10/site-packages/wandb/sdk/internal/internal_api.py:30: UserWarning: pkg_resources is deprecated as an API. See https://setuptools.pypa.io/en/latest/pkg_resources.html. The pkg_resources package is slated for removal as early as 2025-11-30. Refrain from using this package or pin to Setuptools<81.
  from pkg_resources import parse_version
Using cache found in /home/jupyter-deuk-c4e4/.cache/torch/hub/facebookresearch_dinov2_81b2b6419385
Loaded 18685 rollouts
Loaded 21 rollouts
[2026-07-25 15:20:07,174][dinov2][INFO] - using MLP layer as FFN
[2026-07-25 15:20:08,263][models.dino][WARNING] - Unknown projector 'none' for patch tokens; proceeding without projector.
Resuming from epoch 2: /home/jupyter-deuk-c4e4/pusht-reproduction/patchproj_reproduction/test/pusht_False_agg32_projchannel_dim8_hw14_sgTrue_lr1e-06/checkpoints/model_2.pth
[2026-07-25 15:20:08,608][models.visual_world_model][INFO] - num_action_repeat: 1
[2026-07-25 15:20:08,608][models.visual_world_model][INFO] - num_proprio_repeat: 1
[2026-07-25 15:20:08,608][models.visual_world_model][INFO] - proprio encoder: ProprioceptiveEmbedding(
  (patch_embed): Conv1d(4, 10, kernel_size=(1,), stride=(1,))
  (norm): LayerNorm((10,), eps=1e-05, elementwise_affine=True)
)
[2026-07-25 15:20:08,609][models.visual_world_model][INFO] - action encoder: ProprioceptiveEmbedding(
  (patch_embed): Conv1d(10, 10, kernel_size=(1,), stride=(1,))
  (norm): LayerNorm((10,), eps=1e-05, elementwise_affine=True)
)
[2026-07-25 15:20:08,609][models.visual_world_model][INFO] - proprio_dim: 10, after repeat: 10
[2026-07-25 15:20:08,609][models.visual_world_model][INFO] - action_dim: 10, after repeat: 10
[2026-07-25 15:20:08,609][models.visual_world_model][INFO] - emb_dim: 28
[2026-07-25 15:20:08,609][models.visual_world_model][INFO] - Straightening disabled
[2026-07-25 15:20:08,609][models.visual_world_model][INFO] - Speed constancy disabled
[2026-07-25 15:20:08,609][models.visual_world_model][INFO] - Trajectory penalty disabled
[2026-07-25 15:20:08,609][models.visual_world_model][INFO] - Stop-grad enabled: True
[2026-07-25 15:20:08,609][models.visual_world_model][INFO] - VCReg enabled: False, apply_to=enc, std_coeff=0.0, cov_coeff=0.0
[2026-07-25 15:20:08,609][models.visual_world_model][INFO] - Model emb_dim: 28
[timing] setup_model_s=3.915
eval_seed:  [1001, 1101, 1201, 1301, 1401, 1501, 1601, 1701, 1801, 1901]
Dumped plan targets to /opt/dlami/nvme/home/jupyter-deuk-c4e4/pusht-reproduction/patchproj_reproduction/plan/mpc_seed_100/chunk_10/plan_targets.pkl
[timing] setup_workspace_s=5.070

MPC iter 0 Eval ------- 
Success rate:  0.0
{'success': array([False, False, False, False, False, False, False, False, False,
       False]), 'state_dist': array([128.6176 , 131.61646, 169.23145, 135.14256, 138.16394, 116.15348,
       162.35968, 176.20953, 243.05023, 247.40912], dtype=float32)}
self.is_success:  [False False False False False False False False False False]

MPC iter 1 Eval ------- 
Success rate:  0.0
{'success': array([False, False, False, False, False, False, False, False, False,
       False]), 'state_dist': array([ 99.34453,  97.11466, 211.6884 , 110.50698, 177.08507, 108.80462,
       134.92912, 163.4802 , 263.17587, 214.57242], dtype=float32)}
self.is_success:  [False False False False False False False False False False]

MPC iter 2 Eval ------- 
Success rate:  0.0
{'success': array([False, False, False, False, False, False, False, False, False,
       False]), 'state_dist': array([ 57.429264,  98.964066, 187.56615 ,  92.49418 , 234.47801 ,
       113.574814, 114.588646, 111.63412 , 396.5111  , 180.2487  ],
      dtype=float32)}
self.is_success:  [False False False False False False False False False False]

MPC iter 3 Eval ------- 
Success rate:  0.0
{'success': array([False, False, False, False, False, False, False, False, False,
       False]), 'state_dist': array([ 48.004223, 124.48577 , 214.52357 ,  62.542614, 245.06857 ,
       128.46739 ,  56.46662 , 121.06881 , 189.06947 , 178.99683 ],
      dtype=float32)}
self.is_success:  [False False False False False False False False False False]

MPC iter 4 Eval ------- 
Success rate:  0.1
{'success': array([False, False, False, False, False, False, False, False, False,
        True]), 'state_dist': array([ 46.33899, 261.24796, 362.1672 ,  28.24581, 128.75046, 238.93332,
       125.53547, 193.18536, 193.08693,  94.99362], dtype=float32)}
self.is_success:  [False False False False False False False False False  True]

MPC iter 5 Eval ------- 
Success rate:  0.3
{'success': array([ True, False, False,  True, False, False, False, False, False,
        True]), 'state_dist': array([ 31.628466, 191.87338 , 113.42334 ,  32.216957,  68.2366  ,
        64.533745,  80.334045, 219.62    ,  37.433075,  94.99362 ],
      dtype=float32)}
self.is_success:  [ True False False  True False False False False False  True]

MPC iter 6 Eval ------- 
Success rate:  0.8
{'success': array([ True, False, False,  True,  True,  True,  True,  True,  True,
        True]), 'state_dist': array([ 31.628466, 114.26021 , 102.52532 ,  32.216957,  16.242785,
        30.004827,  14.927314,  15.530097,  68.909065,  94.99362 ],
      dtype=float32)}
self.is_success:  [ True False False  True  True  True  True  True  True  True]

MPC iter 7 Eval ------- 
Success rate:  0.8
{'success': array([ True, False, False,  True,  True,  True,  True,  True,  True,
        True]), 'state_dist': array([ 31.628466,  56.584564, 117.65801 ,  32.216957,  16.242785,
        30.004827,  14.927314,  15.530097,  68.909065,  94.99362 ],
      dtype=float32)}
self.is_success:  [ True False False  True  True  True  True  True  True  True]

MPC iter 8 Eval ------- 
Success rate:  0.8
{'success': array([ True, False, False,  True,  True,  True,  True,  True,  True,
        True]), 'state_dist': array([ 31.628466,  70.776   , 123.9483  ,  32.216957,  16.242785,
        30.004827,  14.927314,  15.530097,  68.909065,  94.99362 ],
      dtype=float32)}
self.is_success:  [ True False False  True  True  True  True  True  True  True]

MPC iter 9 Eval ------- 
Success rate:  0.8
{'success': array([ True, False, False,  True,  True,  True,  True,  True,  True,
        True]), 'state_dist': array([ 31.628466,  77.589294, 105.30305 ,  32.216957,  16.242785,
        30.004827,  14.927314,  15.530097,  68.909065,  94.99362 ],
      dtype=float32)}
self.is_success:  [ True False False  True  True  True  True  True  True  True]

MPC iter 10 Eval ------- 
Success rate:  0.8
{'success': array([ True, False, False,  True,  True,  True,  True,  True,  True,
        True]), 'state_dist': array([ 31.628466,  75.01135 , 114.20191 ,  32.216957,  16.242785,
        30.004827,  14.927314,  15.530097,  68.909065,  94.99362 ],
      dtype=float32)}
self.is_success:  [ True False False  True  True  True  True  True  True  True]

MPC iter 11 Eval ------- 
Success rate:  0.8
{'success': array([ True, False, False,  True,  True,  True,  True,  True,  True,
        True]), 'state_dist': array([ 31.628466,  83.73751 , 112.2414  ,  32.216957,  16.242785,
        30.004827,  14.927314,  15.530097,  68.909065,  94.99362 ],
      dtype=float32)}
self.is_success:  [ True False False  True  True  True  True  True  True  True]

MPC iter 12 Eval ------- 
Success rate:  0.8
{'success': array([ True, False, False,  True,  True,  True,  True,  True,  True,
        True]), 'state_dist': array([ 31.628466,  80.01904 , 110.948204,  32.216957,  16.242785,
        30.004827,  14.927314,  15.530097,  68.909065,  94.99362 ],
      dtype=float32)}
self.is_success:  [ True False False  True  True  True  True  True  True  True]

MPC iter 13 Eval ------- 
Success rate:  0.8
{'success': array([ True, False, False,  True,  True,  True,  True,  True,  True,
        True]), 'state_dist': array([ 31.628466,  83.352806, 111.52013 ,  32.216957,  16.242785,
        30.004827,  14.927314,  15.530097,  68.909065,  94.99362 ],
      dtype=float32)}
self.is_success:  [ True False False  True  True  True  True  True  True  True]

MPC iter 14 Eval ------- 
Success rate:  0.8
{'success': array([ True, False, False,  True,  True,  True,  True,  True,  True,
        True]), 'state_dist': array([ 31.628466,  80.55937 , 111.95047 ,  32.216957,  16.242785,
        30.004827,  14.927314,  15.530097,  68.909065,  94.99362 ],
      dtype=float32)}
self.is_success:  [ True False False  True  True  True  True  True  True  True]

MPC iter 15 Eval ------- 
Success rate:  0.8
{'success': array([ True, False, False,  True,  True,  True,  True,  True,  True,
        True]), 'state_dist': array([ 31.628466,  79.817085, 112.20776 ,  32.216957,  16.242785,
        30.004827,  14.927314,  15.530097,  68.909065,  94.99362 ],
      dtype=float32)}
self.is_success:  [ True False False  True  True  True  True  True  True  True]

MPC iter 16 Eval ------- 
Success rate:  0.8
{'success': array([ True, False, False,  True,  True,  True,  True,  True,  True,
        True]), 'state_dist': array([ 31.628466,  84.19667 , 111.444885,  32.216957,  16.242785,
        30.004827,  14.927314,  15.530097,  68.909065,  94.99362 ],
      dtype=float32)}
self.is_success:  [ True False False  True  True  True  True  True  True  True]

MPC iter 17 Eval ------- 
Success rate:  0.8
{'success': array([ True, False, False,  True,  True,  True,  True,  True,  True,
        True]), 'state_dist': array([ 31.628466,  77.39048 , 112.20003 ,  32.216957,  16.242785,
        30.004827,  14.927314,  15.530097,  68.909065,  94.99362 ],
      dtype=float32)}
self.is_success:  [ True False False  True  True  True  True  True  True  True]

MPC iter 18 Eval ------- 
Success rate:  0.8
{'success': array([ True, False, False,  True,  True,  True,  True,  True,  True,
        True]), 'state_dist': array([ 31.628466,  87.987595, 112.8185  ,  32.216957,  16.242785,
        30.004827,  14.927314,  15.530097,  68.909065,  94.99362 ],
      dtype=float32)}
self.is_success:  [ True False False  True  True  True  True  True  True  True]

MPC iter 19 Eval ------- 
Success rate:  0.8
{'success': array([ True, False, False,  True,  True,  True,  True,  True,  True,
        True]), 'state_dist': array([ 31.628466,  80.4171  , 112.067505,  32.216957,  16.242785,
        30.004827,  14.927314,  15.530097,  68.909065,  94.99362 ],
      dtype=float32)}
self.is_success:  [ True False False  True  True  True  True  True  True  True]
Success rate:  0.8
{'success': array([ True, False, False,  True,  True,  True,  True,  True,  True,
        True]), 'state_dist': array([ 31.628466,  80.4171  , 112.067505,  32.216957,  16.242785,
        30.004827,  14.927314,  15.530097,  68.909065,  94.99362 ],
      dtype=float32)}
[timing] perform_planning_s=450.824
[timing] total_planning_main_s=459.809
