/home/jupyter-anusha-deuk2-a8e6/.conda/envs/ts310/lib/python3.10/site-packages/Cython/Distutils/old_build_ext.py:15: DeprecationWarning: dep_util is Deprecated. Use functions from setuptools instead.
  from distutils.dep_util import newer, newer_group
<frozen importlib._bootstrap>:283: DeprecationWarning: the load_module() method is deprecated and slated for removal in Python 3.12; use exec_module() instead
Warning: Mujoco-based envs failed to import. Set the environment variable D4RL_SUPPRESS_IMPORT_ERROR=1 to suppress this message.
No module named 'mjrl'
Warning: Flow failed to import. Set the environment variable D4RL_SUPPRESS_IMPORT_ERROR=1 to suppress this message.
No module named 'flow'
INFO:absl:MUJOCO_GL=osmesa, attempting to import specified OpenGL backend.
INFO:OpenGL.acceleratesupport:No OpenGL_accelerate module loaded: No module named 'OpenGL_accelerate'
INFO:absl:MuJoCo library version is: 3.2.7
Warning: CARLA failed to import. Set the environment variable D4RL_SUPPRESS_IMPORT_ERROR=1 to suppress this message.
No module named 'carla'
pybullet build time: Jan 29 2025 23:16:28
/home/jupyter-anusha-deuk2-a8e6/.conda/envs/ts310/lib/python3.10/site-packages/pybullet_envs/env_bases.py:8: UserWarning: pkg_resources is deprecated as an API. See https://setuptools.pypa.io/en/latest/pkg_resources.html. The pkg_resources package is slated for removal as early as 2025-11-30. Refrain from using this package or pin to Setuptools<81.
  from pkg_resources import parse_version
/home/jupyter-anusha-deuk2-a8e6/.conda/envs/ts310/lib/python3.10/site-packages/pkg_resources/__init__.py:3148: DeprecationWarning: Deprecated call to `pkg_resources.declare_namespace('mpl_toolkits')`.
Implementing implicit namespace packages (as specified in PEP 420) is preferred to `pkg_resources.declare_namespace`. See https://setuptools.pypa.io/en/latest/references/keywords.html#keyword-namespace-packages
  declare_namespace(pkg)
/home/jupyter-anusha-deuk2-a8e6/.conda/envs/ts310/lib/python3.10/site-packages/pkg_resources/__init__.py:3148: DeprecationWarning: Deprecated call to `pkg_resources.declare_namespace('google')`.
Implementing implicit namespace packages (as specified in PEP 420) is preferred to `pkg_resources.declare_namespace`. See https://setuptools.pypa.io/en/latest/references/keywords.html#keyword-namespace-packages
  declare_namespace(pkg)
/home/jupyter-anusha-deuk2-a8e6/.conda/envs/ts310/lib/python3.10/site-packages/gym/envs/registration.py:595: UserWarning: [33mWARN: Overriding environment maze2d-open-v0[0m
  logger.warn(f"Overriding environment {id}")
/home/jupyter-anusha-deuk2-a8e6/.conda/envs/ts310/lib/python3.10/site-packages/gym/envs/registration.py:595: UserWarning: [33mWARN: Overriding environment maze2d-umaze-v0[0m
  logger.warn(f"Overriding environment {id}")
/home/jupyter-anusha-deuk2-a8e6/.conda/envs/ts310/lib/python3.10/site-packages/gym/envs/registration.py:595: UserWarning: [33mWARN: Overriding environment maze2d-medium-v0[0m
  logger.warn(f"Overriding environment {id}")
/home/jupyter-anusha-deuk2-a8e6/.conda/envs/ts310/lib/python3.10/site-packages/gym/envs/registration.py:595: UserWarning: [33mWARN: Overriding environment maze2d-large-v0[0m
  logger.warn(f"Overriding environment {id}")
/home/jupyter-anusha-deuk2-a8e6/.conda/envs/ts310/lib/python3.10/site-packages/gym/envs/registration.py:595: UserWarning: [33mWARN: Overriding environment maze2d-umaze-v1[0m
  logger.warn(f"Overriding environment {id}")
/home/jupyter-anusha-deuk2-a8e6/.conda/envs/ts310/lib/python3.10/site-packages/gym/envs/registration.py:595: UserWarning: [33mWARN: Overriding environment maze2d-medium-v1[0m
  logger.warn(f"Overriding environment {id}")
/home/jupyter-anusha-deuk2-a8e6/.conda/envs/ts310/lib/python3.10/site-packages/gym/envs/registration.py:595: UserWarning: [33mWARN: Overriding environment maze2d-large-v1[0m
  logger.warn(f"Overriding environment {id}")
/home/jupyter-anusha-deuk2-a8e6/.conda/envs/ts310/lib/python3.10/site-packages/gym/envs/registration.py:595: UserWarning: [33mWARN: Overriding environment maze2d-eval-umaze-v1[0m
  logger.warn(f"Overriding environment {id}")
/home/jupyter-anusha-deuk2-a8e6/.conda/envs/ts310/lib/python3.10/site-packages/gym/envs/registration.py:595: UserWarning: [33mWARN: Overriding environment maze2d-eval-medium-v1[0m
  logger.warn(f"Overriding environment {id}")
/home/jupyter-anusha-deuk2-a8e6/.conda/envs/ts310/lib/python3.10/site-packages/gym/envs/registration.py:595: UserWarning: [33mWARN: Overriding environment maze2d-eval-large-v1[0m
  logger.warn(f"Overriding environment {id}")
/home/jupyter-anusha-deuk2-a8e6/.conda/envs/ts310/lib/python3.10/site-packages/gym/envs/registration.py:595: UserWarning: [33mWARN: Overriding environment maze2d-open-dense-v0[0m
  logger.warn(f"Overriding environment {id}")
/home/jupyter-anusha-deuk2-a8e6/.conda/envs/ts310/lib/python3.10/site-packages/gym/envs/registration.py:595: UserWarning: [33mWARN: Overriding environment maze2d-umaze-dense-v0[0m
  logger.warn(f"Overriding environment {id}")
/home/jupyter-anusha-deuk2-a8e6/.conda/envs/ts310/lib/python3.10/site-packages/gym/envs/registration.py:595: UserWarning: [33mWARN: Overriding environment maze2d-medium-dense-v0[0m
  logger.warn(f"Overriding environment {id}")
/home/jupyter-anusha-deuk2-a8e6/.conda/envs/ts310/lib/python3.10/site-packages/gym/envs/registration.py:595: UserWarning: [33mWARN: Overriding environment maze2d-large-dense-v0[0m
  logger.warn(f"Overriding environment {id}")
/home/jupyter-anusha-deuk2-a8e6/.conda/envs/ts310/lib/python3.10/site-packages/gym/envs/registration.py:595: UserWarning: [33mWARN: Overriding environment maze2d-umaze-dense-v1[0m
  logger.warn(f"Overriding environment {id}")
/home/jupyter-anusha-deuk2-a8e6/.conda/envs/ts310/lib/python3.10/site-packages/gym/envs/registration.py:595: UserWarning: [33mWARN: Overriding environment maze2d-medium-dense-v1[0m
  logger.warn(f"Overriding environment {id}")
/home/jupyter-anusha-deuk2-a8e6/.conda/envs/ts310/lib/python3.10/site-packages/gym/envs/registration.py:595: UserWarning: [33mWARN: Overriding environment maze2d-large-dense-v1[0m
  logger.warn(f"Overriding environment {id}")
/home/jupyter-anusha-deuk2-a8e6/.conda/envs/ts310/lib/python3.10/site-packages/gym/envs/registration.py:595: UserWarning: [33mWARN: Overriding environment maze2d-eval-umaze-dense-v1[0m
  logger.warn(f"Overriding environment {id}")
/home/jupyter-anusha-deuk2-a8e6/.conda/envs/ts310/lib/python3.10/site-packages/gym/envs/registration.py:595: UserWarning: [33mWARN: Overriding environment maze2d-eval-medium-dense-v1[0m
  logger.warn(f"Overriding environment {id}")
/home/jupyter-anusha-deuk2-a8e6/.conda/envs/ts310/lib/python3.10/site-packages/gym/envs/registration.py:595: UserWarning: [33mWARN: Overriding environment maze2d-eval-large-dense-v1[0m
  logger.warn(f"Overriding environment {id}")
[100/2000] 2.4 eps/s, ETA 13.1 min | last 100 eps: success 11.0%, mean final dist 1.685
[200/2000] 2.4 eps/s, ETA 12.6 min | last 200 eps: success 8.5%, mean final dist 1.698
[300/2000] 2.4 eps/s, ETA 12.0 min | last 300 eps: success 9.7%, mean final dist 1.638
[400/2000] 2.3 eps/s, ETA 11.5 min | last 400 eps: success 9.5%, mean final dist 1.658
[500/2000] 2.3 eps/s, ETA 10.8 min | last 500 eps: success 9.8%, mean final dist 1.658
[600/2000] 2.3 eps/s, ETA 10.1 min | last 600 eps: success 10.0%, mean final dist 1.637
[700/2000] 2.3 eps/s, ETA 9.4 min | last 700 eps: success 9.6%, mean final dist 1.659
[800/2000] 2.3 eps/s, ETA 8.7 min | last 800 eps: success 9.6%, mean final dist 1.647
[900/2000] 2.3 eps/s, ETA 8.0 min | last 900 eps: success 9.6%, mean final dist 1.648
[1000/2000] 2.3 eps/s, ETA 7.3 min | last 1000 eps: success 9.7%, mean final dist 1.643
[1100/2000] 2.3 eps/s, ETA 6.6 min | last 1100 eps: success 10.0%, mean final dist 1.639
[1200/2000] 2.3 eps/s, ETA 5.8 min | last 1200 eps: success 9.8%, mean final dist 1.647
[1300/2000] 2.3 eps/s, ETA 5.1 min | last 1300 eps: success 9.8%, mean final dist 1.652
[1400/2000] 2.3 eps/s, ETA 4.4 min | last 1400 eps: success 9.7%, mean final dist 1.644
[1500/2000] 2.3 eps/s, ETA 3.6 min | last 1500 eps: success 9.8%, mean final dist 1.650
[1600/2000] 2.3 eps/s, ETA 2.9 min | last 1600 eps: success 9.6%, mean final dist 1.658
[1700/2000] 2.3 eps/s, ETA 2.2 min | last 1700 eps: success 9.9%, mean final dist 1.657
[1800/2000] 2.3 eps/s, ETA 1.5 min | last 1800 eps: success 10.2%, mean final dist 1.646
[1900/2000] 2.3 eps/s, ETA 0.7 min | last 1900 eps: success 10.3%, mean final dist 1.640
[2000/2000] 2.3 eps/s, ETA 0.0 min | last 2000 eps: success 10.2%, mean final dist 1.639
saved 2000 episodes to /home/jupyter-anusha-deuk2-a8e6/data/point_maze
