/home/jupyter-deuk-c4e4/.conda/envs/ts310/lib/python3.10/site-packages/wandb/sdk/internal/internal_api.py:30: UserWarning: pkg_resources is deprecated as an API. See https://setuptools.pypa.io/en/latest/pkg_resources.html. The pkg_resources package is slated for removal as early as 2025-11-30. Refrain from using this package or pin to Setuptools<81.
  from pkg_resources import parse_version
/home/jupyter-deuk-c4e4/.conda/envs/ts310/lib/python3.10/site-packages/pkg_resources/__init__.py:3148: DeprecationWarning: Deprecated call to `pkg_resources.declare_namespace('mpl_toolkits')`.
Implementing implicit namespace packages (as specified in PEP 420) is preferred to `pkg_resources.declare_namespace`. See https://setuptools.pypa.io/en/latest/references/keywords.html#keyword-namespace-packages
  declare_namespace(pkg)
/home/jupyter-deuk-c4e4/.conda/envs/ts310/lib/python3.10/site-packages/pkg_resources/__init__.py:3148: DeprecationWarning: Deprecated call to `pkg_resources.declare_namespace('google')`.
Implementing implicit namespace packages (as specified in PEP 420) is preferred to `pkg_resources.declare_namespace`. See https://setuptools.pypa.io/en/latest/references/keywords.html#keyword-namespace-packages
  declare_namespace(pkg)
/home/jupyter-deuk-c4e4/.conda/envs/ts310/lib/python3.10/site-packages/Cython/Distutils/old_build_ext.py:15: DeprecationWarning: dep_util is Deprecated. Use functions from setuptools instead.
  from distutils.dep_util import newer, newer_group
<frozen importlib._bootstrap>:283: DeprecationWarning: the load_module() method is deprecated and slated for removal in Python 3.12; use exec_module() instead
Warning: Mujoco-based envs failed to import. Set the environment variable D4RL_SUPPRESS_IMPORT_ERROR=1 to suppress this message.
No module named 'mjrl'
Warning: Flow failed to import. Set the environment variable D4RL_SUPPRESS_IMPORT_ERROR=1 to suppress this message.
No module named 'flow'
Warning: CARLA failed to import. Set the environment variable D4RL_SUPPRESS_IMPORT_ERROR=1 to suppress this message.
No module named 'carla'
pybullet build time: Jan 29 2025 23:16:28
/home/jupyter-deuk-c4e4/.conda/envs/ts310/lib/python3.10/site-packages/gym/envs/registration.py:595: UserWarning: [33mWARN: Overriding environment maze2d-open-v0[0m
  logger.warn(f"Overriding environment {id}")
/home/jupyter-deuk-c4e4/.conda/envs/ts310/lib/python3.10/site-packages/gym/envs/registration.py:595: UserWarning: [33mWARN: Overriding environment maze2d-umaze-v0[0m
  logger.warn(f"Overriding environment {id}")
/home/jupyter-deuk-c4e4/.conda/envs/ts310/lib/python3.10/site-packages/gym/envs/registration.py:595: UserWarning: [33mWARN: Overriding environment maze2d-medium-v0[0m
  logger.warn(f"Overriding environment {id}")
/home/jupyter-deuk-c4e4/.conda/envs/ts310/lib/python3.10/site-packages/gym/envs/registration.py:595: UserWarning: [33mWARN: Overriding environment maze2d-large-v0[0m
  logger.warn(f"Overriding environment {id}")
/home/jupyter-deuk-c4e4/.conda/envs/ts310/lib/python3.10/site-packages/gym/envs/registration.py:595: UserWarning: [33mWARN: Overriding environment maze2d-umaze-v1[0m
  logger.warn(f"Overriding environment {id}")
/home/jupyter-deuk-c4e4/.conda/envs/ts310/lib/python3.10/site-packages/gym/envs/registration.py:595: UserWarning: [33mWARN: Overriding environment maze2d-medium-v1[0m
  logger.warn(f"Overriding environment {id}")
/home/jupyter-deuk-c4e4/.conda/envs/ts310/lib/python3.10/site-packages/gym/envs/registration.py:595: UserWarning: [33mWARN: Overriding environment maze2d-large-v1[0m
  logger.warn(f"Overriding environment {id}")
/home/jupyter-deuk-c4e4/.conda/envs/ts310/lib/python3.10/site-packages/gym/envs/registration.py:595: UserWarning: [33mWARN: Overriding environment maze2d-eval-umaze-v1[0m
  logger.warn(f"Overriding environment {id}")
/home/jupyter-deuk-c4e4/.conda/envs/ts310/lib/python3.10/site-packages/gym/envs/registration.py:595: UserWarning: [33mWARN: Overriding environment maze2d-eval-medium-v1[0m
  logger.warn(f"Overriding environment {id}")
/home/jupyter-deuk-c4e4/.conda/envs/ts310/lib/python3.10/site-packages/gym/envs/registration.py:595: UserWarning: [33mWARN: Overriding environment maze2d-eval-large-v1[0m
  logger.warn(f"Overriding environment {id}")
/home/jupyter-deuk-c4e4/.conda/envs/ts310/lib/python3.10/site-packages/gym/envs/registration.py:595: UserWarning: [33mWARN: Overriding environment maze2d-open-dense-v0[0m
  logger.warn(f"Overriding environment {id}")
/home/jupyter-deuk-c4e4/.conda/envs/ts310/lib/python3.10/site-packages/gym/envs/registration.py:595: UserWarning: [33mWARN: Overriding environment maze2d-umaze-dense-v0[0m
  logger.warn(f"Overriding environment {id}")
/home/jupyter-deuk-c4e4/.conda/envs/ts310/lib/python3.10/site-packages/gym/envs/registration.py:595: UserWarning: [33mWARN: Overriding environment maze2d-medium-dense-v0[0m
  logger.warn(f"Overriding environment {id}")
/home/jupyter-deuk-c4e4/.conda/envs/ts310/lib/python3.10/site-packages/gym/envs/registration.py:595: UserWarning: [33mWARN: Overriding environment maze2d-large-dense-v0[0m
  logger.warn(f"Overriding environment {id}")
/home/jupyter-deuk-c4e4/.conda/envs/ts310/lib/python3.10/site-packages/gym/envs/registration.py:595: UserWarning: [33mWARN: Overriding environment maze2d-umaze-dense-v1[0m
  logger.warn(f"Overriding environment {id}")
/home/jupyter-deuk-c4e4/.conda/envs/ts310/lib/python3.10/site-packages/gym/envs/registration.py:595: UserWarning: [33mWARN: Overriding environment maze2d-medium-dense-v1[0m
  logger.warn(f"Overriding environment {id}")
/home/jupyter-deuk-c4e4/.conda/envs/ts310/lib/python3.10/site-packages/gym/envs/registration.py:595: UserWarning: [33mWARN: Overriding environment maze2d-large-dense-v1[0m
  logger.warn(f"Overriding environment {id}")
/home/jupyter-deuk-c4e4/.conda/envs/ts310/lib/python3.10/site-packages/gym/envs/registration.py:595: UserWarning: [33mWARN: Overriding environment maze2d-eval-umaze-dense-v1[0m
  logger.warn(f"Overriding environment {id}")
/home/jupyter-deuk-c4e4/.conda/envs/ts310/lib/python3.10/site-packages/gym/envs/registration.py:595: UserWarning: [33mWARN: Overriding environment maze2d-eval-medium-dense-v1[0m
  logger.warn(f"Overriding environment {id}")
/home/jupyter-deuk-c4e4/.conda/envs/ts310/lib/python3.10/site-packages/gym/envs/registration.py:595: UserWarning: [33mWARN: Overriding environment maze2d-eval-large-dense-v1[0m
  logger.warn(f"Overriding environment {id}")
/opt/dlami/nvme/home/jupyter-deuk-c4e4/temporal-straightening/custom_resolvers.py:4: UserWarning: 
The version_base parameter is not specified.
Please specify a compatability version level, or None.
Will assume defaults for version 1.1
  @hydra.main(config_path=None)
[2026-07-25 15:51:03,674][__main__][INFO] - Planning result saved dir: /opt/dlami/nvme/home/jupyter-deuk-c4e4/pusht-reproduction/straightening_reproduction/plan/mpc_seed_200/chunk_00
/home/jupyter-deuk-c4e4/.conda/envs/ts310/lib/python3.10/site-packages/wandb/sdk/internal/internal_api.py:30: UserWarning: pkg_resources is deprecated as an API. See https://setuptools.pypa.io/en/latest/pkg_resources.html. The pkg_resources package is slated for removal as early as 2025-11-30. Refrain from using this package or pin to Setuptools<81.
  from pkg_resources import parse_version
Using cache found in /home/jupyter-deuk-c4e4/.cache/torch/hub/facebookresearch_dinov2_81b2b6419385
Loaded 18685 rollouts
Loaded 21 rollouts
[2026-07-25 15:51:06,140][dinov2][INFO] - using MLP layer as FFN
[2026-07-25 15:51:06,549][models.dino][WARNING] - Unknown projector 'none' for patch tokens; proceeding without projector.
Resuming from epoch 2: /home/jupyter-deuk-c4e4/pusht-reproduction/straightening_reproduction/test/pusht_aggmlpcos1e-1_agg32_projchannel_dim8_hw14_sgTrue_lr1e-05/checkpoints/model_2.pth
[2026-07-25 15:51:06,890][models.visual_world_model][INFO] - num_action_repeat: 1
[2026-07-25 15:51:06,890][models.visual_world_model][INFO] - num_proprio_repeat: 1
[2026-07-25 15:51:06,891][models.visual_world_model][INFO] - proprio encoder: ProprioceptiveEmbedding(
  (patch_embed): Conv1d(4, 10, kernel_size=(1,), stride=(1,))
  (norm): LayerNorm((10,), eps=1e-05, elementwise_affine=True)
)
[2026-07-25 15:51:06,891][models.visual_world_model][INFO] - action encoder: ProprioceptiveEmbedding(
  (patch_embed): Conv1d(10, 10, kernel_size=(1,), stride=(1,))
  (norm): LayerNorm((10,), eps=1e-05, elementwise_affine=True)
)
[2026-07-25 15:51:06,891][models.visual_world_model][INFO] - proprio_dim: 10, after repeat: 10
[2026-07-25 15:51:06,891][models.visual_world_model][INFO] - action_dim: 10, after repeat: 10
[2026-07-25 15:51:06,891][models.visual_world_model][INFO] - emb_dim: 28
[2026-07-25 15:51:06,891][models.visual_world_model][INFO] - Straightening disabled
[2026-07-25 15:51:06,891][models.visual_world_model][INFO] - Speed constancy disabled
[2026-07-25 15:51:06,891][models.visual_world_model][INFO] - Trajectory penalty disabled
[2026-07-25 15:51:06,891][models.visual_world_model][INFO] - Stop-grad enabled: True
[2026-07-25 15:51:06,891][models.visual_world_model][INFO] - VCReg enabled: False, apply_to=enc, std_coeff=0.0, cov_coeff=0.0
[2026-07-25 15:51:06,891][models.visual_world_model][INFO] - Model emb_dim: 28
[timing] setup_model_s=3.219
eval_seed:  [1, 201, 401, 601, 801, 1001, 1201, 1401, 1601, 1801]
Dumped plan targets to /opt/dlami/nvme/home/jupyter-deuk-c4e4/pusht-reproduction/straightening_reproduction/plan/mpc_seed_200/chunk_00/plan_targets.pkl
[timing] setup_workspace_s=4.275

MPC iter 0 Eval ------- 
Success rate:  0.0
{'success': array([False, False, False, False, False, False, False, False, False,
       False]), 'state_dist': array([364.61517, 305.06433, 209.53401, 283.77402, 283.10895, 152.77927,
       150.2364 , 184.3452 , 236.83823, 133.20612], dtype=float32)}
self.is_success:  [False False False False False False False False False False]

MPC iter 1 Eval ------- 
Success rate:  0.0
{'success': array([False, False, False, False, False, False, False, False, False,
       False]), 'state_dist': array([288.65842, 300.33395, 151.48259, 312.6121 , 247.38403, 118.06003,
       158.23827, 371.30933, 185.8897 , 114.16055], dtype=float32)}
self.is_success:  [False False False False False False False False False False]

MPC iter 2 Eval ------- 
Success rate:  0.0
{'success': array([False, False, False, False, False, False, False, False, False,
       False]), 'state_dist': array([278.12094 , 406.4807  , 113.43115 , 310.53836 , 164.94405 ,
        92.19341 , 169.80186 , 176.76225 , 255.53313 ,  98.101974],
      dtype=float32)}
self.is_success:  [False False False False False False False False False False]

MPC iter 3 Eval ------- 
Success rate:  0.0
{'success': array([False, False, False, False, False, False, False, False, False,
       False]), 'state_dist': array([340.9612  , 184.90492 ,  95.30548 , 274.56778 , 109.160866,
        77.02311 , 136.88829 ,  96.60757 , 179.2423  ,  98.1965  ],
      dtype=float32)}
self.is_success:  [False False False False False False False False False False]

MPC iter 4 Eval ------- 
Success rate:  0.0
{'success': array([False, False, False, False, False, False, False, False, False,
       False]), 'state_dist': array([265.3452  , 335.39008 ,  74.264565, 125.41566 , 111.602   ,
        99.45073 ,  55.39395 ,  97.080124, 115.368286,  60.56959 ],
      dtype=float32)}
self.is_success:  [False False False False False False False False False False]

MPC iter 5 Eval ------- 
Success rate:  0.3
{'success': array([ True, False,  True, False, False, False, False, False, False,
        True]), 'state_dist': array([ 53.79445 , 214.7354  ,  20.050007,  64.47912 , 114.99255 ,
        39.693985,  29.72172 ,  88.62892 ,  90.8826  ,  25.118319],
      dtype=float32)}
self.is_success:  [ True False  True False False False False False False  True]

MPC iter 6 Eval ------- 
Success rate:  0.8
{'success': array([ True, False,  True,  True,  True,  True,  True, False,  True,
        True]), 'state_dist': array([ 53.79445 , 262.0441  ,  20.050007, 107.92518 , 199.38301 ,
        38.96484 ,  20.392136,  68.01946 ,  81.93537 ,  25.118319],
      dtype=float32)}
self.is_success:  [ True False  True  True  True  True  True False  True  True]

MPC iter 7 Eval ------- 
Success rate:  0.8
{'success': array([ True, False,  True,  True,  True,  True,  True, False,  True,
        True]), 'state_dist': array([ 53.79445 , 222.78444 ,  20.050007, 107.92518 , 199.38301 ,
        38.96484 ,  20.392136, 105.25192 ,  81.93537 ,  25.118319],
      dtype=float32)}
self.is_success:  [ True False  True  True  True  True  True False  True  True]

MPC iter 8 Eval ------- 
Success rate:  0.8
{'success': array([ True, False,  True,  True,  True,  True,  True, False,  True,
        True]), 'state_dist': array([ 53.79445 , 231.90173 ,  20.050007, 107.92518 , 199.38301 ,
        38.96484 ,  20.392136, 145.19994 ,  81.93537 ,  25.118319],
      dtype=float32)}
self.is_success:  [ True False  True  True  True  True  True False  True  True]

MPC iter 9 Eval ------- 
Success rate:  0.8
{'success': array([ True, False,  True,  True,  True,  True,  True, False,  True,
        True]), 'state_dist': array([ 53.79445 , 233.12299 ,  20.050007, 107.92518 , 199.38301 ,
        38.96484 ,  20.392136,  65.56592 ,  81.93537 ,  25.118319],
      dtype=float32)}
self.is_success:  [ True False  True  True  True  True  True False  True  True]

MPC iter 10 Eval ------- 
Success rate:  0.8
{'success': array([ True, False,  True,  True,  True,  True,  True, False,  True,
        True]), 'state_dist': array([ 53.79445 , 238.26184 ,  20.050007, 107.92518 , 199.38301 ,
        38.96484 ,  20.392136,  43.16518 ,  81.93537 ,  25.118319],
      dtype=float32)}
self.is_success:  [ True False  True  True  True  True  True False  True  True]

MPC iter 11 Eval ------- 
Success rate:  0.8
{'success': array([ True, False,  True,  True,  True,  True,  True, False,  True,
        True]), 'state_dist': array([ 53.79445 , 227.24112 ,  20.050007, 107.92518 , 199.38301 ,
        38.96484 ,  20.392136,  49.252777,  81.93537 ,  25.118319],
      dtype=float32)}
self.is_success:  [ True False  True  True  True  True  True False  True  True]

MPC iter 12 Eval ------- 
Success rate:  0.8
{'success': array([ True, False,  True,  True,  True,  True,  True, False,  True,
        True]), 'state_dist': array([ 53.79445 , 237.38535 ,  20.050007, 107.92518 , 199.38301 ,
        38.96484 ,  20.392136,  53.864418,  81.93537 ,  25.118319],
      dtype=float32)}
self.is_success:  [ True False  True  True  True  True  True False  True  True]

MPC iter 13 Eval ------- 
Success rate:  0.8
{'success': array([ True, False,  True,  True,  True,  True,  True, False,  True,
        True]), 'state_dist': array([ 53.79445 , 225.90388 ,  20.050007, 107.92518 , 199.38301 ,
        38.96484 ,  20.392136,  55.45005 ,  81.93537 ,  25.118319],
      dtype=float32)}
self.is_success:  [ True False  True  True  True  True  True False  True  True]

MPC iter 14 Eval ------- 
Success rate:  0.8
{'success': array([ True, False,  True,  True,  True,  True,  True, False,  True,
        True]), 'state_dist': array([ 53.79445 , 235.26189 ,  20.050007, 107.92518 , 199.38301 ,
        38.96484 ,  20.392136,  56.6938  ,  81.93537 ,  25.118319],
      dtype=float32)}
self.is_success:  [ True False  True  True  True  True  True False  True  True]

MPC iter 15 Eval ------- 
Success rate:  0.8
{'success': array([ True, False,  True,  True,  True,  True,  True, False,  True,
        True]), 'state_dist': array([ 53.79445 , 238.42198 ,  20.050007, 107.92518 , 199.38301 ,
        38.96484 ,  20.392136,  49.86549 ,  81.93537 ,  25.118319],
      dtype=float32)}
self.is_success:  [ True False  True  True  True  True  True False  True  True]

MPC iter 16 Eval ------- 
Success rate:  0.8
{'success': array([ True, False,  True,  True,  True,  True,  True, False,  True,
        True]), 'state_dist': array([ 53.79445 , 227.98392 ,  20.050007, 107.92518 , 199.38301 ,
        38.96484 ,  20.392136,  49.66173 ,  81.93537 ,  25.118319],
      dtype=float32)}
self.is_success:  [ True False  True  True  True  True  True False  True  True]

MPC iter 17 Eval ------- 
Success rate:  0.8
{'success': array([ True, False,  True,  True,  True,  True,  True, False,  True,
        True]), 'state_dist': array([ 53.79445 , 236.98091 ,  20.050007, 107.92518 , 199.38301 ,
        38.96484 ,  20.392136,  52.54483 ,  81.93537 ,  25.118319],
      dtype=float32)}
self.is_success:  [ True False  True  True  True  True  True False  True  True]

MPC iter 18 Eval ------- 
Success rate:  0.8
{'success': array([ True, False,  True,  True,  True,  True,  True, False,  True,
        True]), 'state_dist': array([ 53.79445 , 228.5909  ,  20.050007, 107.92518 , 199.38301 ,
        38.96484 ,  20.392136,  55.35049 ,  81.93537 ,  25.118319],
      dtype=float32)}
self.is_success:  [ True False  True  True  True  True  True False  True  True]

MPC iter 19 Eval ------- 
Success rate:  0.8
{'success': array([ True, False,  True,  True,  True,  True,  True, False,  True,
        True]), 'state_dist': array([ 53.79445 , 232.80151 ,  20.050007, 107.92518 , 199.38301 ,
        38.96484 ,  20.392136,  56.140358,  81.93537 ,  25.118319],
      dtype=float32)}
self.is_success:  [ True False  True  True  True  True  True False  True  True]
Success rate:  0.8
{'success': array([ True, False,  True,  True,  True,  True,  True, False,  True,
        True]), 'state_dist': array([ 53.79445 , 232.80151 ,  20.050007, 107.92518 , 199.38301 ,
        38.96484 ,  20.392136,  56.140358,  81.93537 ,  25.118319],
      dtype=float32)}
[timing] perform_planning_s=449.606
[timing] total_planning_main_s=457.101
