/home/jupyter-deuk-c4e4/.conda/envs/ts310/lib/python3.10/site-packages/wandb/sdk/internal/internal_api.py:30: UserWarning: pkg_resources is deprecated as an API. See https://setuptools.pypa.io/en/latest/pkg_resources.html. The pkg_resources package is slated for removal as early as 2025-11-30. Refrain from using this package or pin to Setuptools<81.
  from pkg_resources import parse_version
/home/jupyter-deuk-c4e4/.conda/envs/ts310/lib/python3.10/site-packages/pkg_resources/__init__.py:3148: DeprecationWarning: Deprecated call to `pkg_resources.declare_namespace('mpl_toolkits')`.
Implementing implicit namespace packages (as specified in PEP 420) is preferred to `pkg_resources.declare_namespace`. See https://setuptools.pypa.io/en/latest/references/keywords.html#keyword-namespace-packages
  declare_namespace(pkg)
/home/jupyter-deuk-c4e4/.conda/envs/ts310/lib/python3.10/site-packages/pkg_resources/__init__.py:3148: DeprecationWarning: Deprecated call to `pkg_resources.declare_namespace('google')`.
Implementing implicit namespace packages (as specified in PEP 420) is preferred to `pkg_resources.declare_namespace`. See https://setuptools.pypa.io/en/latest/references/keywords.html#keyword-namespace-packages
  declare_namespace(pkg)
/home/jupyter-deuk-c4e4/.conda/envs/ts310/lib/python3.10/site-packages/Cython/Distutils/old_build_ext.py:15: DeprecationWarning: dep_util is Deprecated. Use functions from setuptools instead.
  from distutils.dep_util import newer, newer_group
<frozen importlib._bootstrap>:283: DeprecationWarning: the load_module() method is deprecated and slated for removal in Python 3.12; use exec_module() instead
Warning: Mujoco-based envs failed to import. Set the environment variable D4RL_SUPPRESS_IMPORT_ERROR=1 to suppress this message.
No module named 'mjrl'
Warning: Flow failed to import. Set the environment variable D4RL_SUPPRESS_IMPORT_ERROR=1 to suppress this message.
No module named 'flow'
Warning: CARLA failed to import. Set the environment variable D4RL_SUPPRESS_IMPORT_ERROR=1 to suppress this message.
No module named 'carla'
pybullet build time: Jan 29 2025 23:16:28
/home/jupyter-deuk-c4e4/.conda/envs/ts310/lib/python3.10/site-packages/gym/envs/registration.py:595: UserWarning: [33mWARN: Overriding environment maze2d-open-v0[0m
  logger.warn(f"Overriding environment {id}")
/home/jupyter-deuk-c4e4/.conda/envs/ts310/lib/python3.10/site-packages/gym/envs/registration.py:595: UserWarning: [33mWARN: Overriding environment maze2d-umaze-v0[0m
  logger.warn(f"Overriding environment {id}")
/home/jupyter-deuk-c4e4/.conda/envs/ts310/lib/python3.10/site-packages/gym/envs/registration.py:595: UserWarning: [33mWARN: Overriding environment maze2d-medium-v0[0m
  logger.warn(f"Overriding environment {id}")
/home/jupyter-deuk-c4e4/.conda/envs/ts310/lib/python3.10/site-packages/gym/envs/registration.py:595: UserWarning: [33mWARN: Overriding environment maze2d-large-v0[0m
  logger.warn(f"Overriding environment {id}")
/home/jupyter-deuk-c4e4/.conda/envs/ts310/lib/python3.10/site-packages/gym/envs/registration.py:595: UserWarning: [33mWARN: Overriding environment maze2d-umaze-v1[0m
  logger.warn(f"Overriding environment {id}")
/home/jupyter-deuk-c4e4/.conda/envs/ts310/lib/python3.10/site-packages/gym/envs/registration.py:595: UserWarning: [33mWARN: Overriding environment maze2d-medium-v1[0m
  logger.warn(f"Overriding environment {id}")
/home/jupyter-deuk-c4e4/.conda/envs/ts310/lib/python3.10/site-packages/gym/envs/registration.py:595: UserWarning: [33mWARN: Overriding environment maze2d-large-v1[0m
  logger.warn(f"Overriding environment {id}")
/home/jupyter-deuk-c4e4/.conda/envs/ts310/lib/python3.10/site-packages/gym/envs/registration.py:595: UserWarning: [33mWARN: Overriding environment maze2d-eval-umaze-v1[0m
  logger.warn(f"Overriding environment {id}")
/home/jupyter-deuk-c4e4/.conda/envs/ts310/lib/python3.10/site-packages/gym/envs/registration.py:595: UserWarning: [33mWARN: Overriding environment maze2d-eval-medium-v1[0m
  logger.warn(f"Overriding environment {id}")
/home/jupyter-deuk-c4e4/.conda/envs/ts310/lib/python3.10/site-packages/gym/envs/registration.py:595: UserWarning: [33mWARN: Overriding environment maze2d-eval-large-v1[0m
  logger.warn(f"Overriding environment {id}")
/home/jupyter-deuk-c4e4/.conda/envs/ts310/lib/python3.10/site-packages/gym/envs/registration.py:595: UserWarning: [33mWARN: Overriding environment maze2d-open-dense-v0[0m
  logger.warn(f"Overriding environment {id}")
/home/jupyter-deuk-c4e4/.conda/envs/ts310/lib/python3.10/site-packages/gym/envs/registration.py:595: UserWarning: [33mWARN: Overriding environment maze2d-umaze-dense-v0[0m
  logger.warn(f"Overriding environment {id}")
/home/jupyter-deuk-c4e4/.conda/envs/ts310/lib/python3.10/site-packages/gym/envs/registration.py:595: UserWarning: [33mWARN: Overriding environment maze2d-medium-dense-v0[0m
  logger.warn(f"Overriding environment {id}")
/home/jupyter-deuk-c4e4/.conda/envs/ts310/lib/python3.10/site-packages/gym/envs/registration.py:595: UserWarning: [33mWARN: Overriding environment maze2d-large-dense-v0[0m
  logger.warn(f"Overriding environment {id}")
/home/jupyter-deuk-c4e4/.conda/envs/ts310/lib/python3.10/site-packages/gym/envs/registration.py:595: UserWarning: [33mWARN: Overriding environment maze2d-umaze-dense-v1[0m
  logger.warn(f"Overriding environment {id}")
/home/jupyter-deuk-c4e4/.conda/envs/ts310/lib/python3.10/site-packages/gym/envs/registration.py:595: UserWarning: [33mWARN: Overriding environment maze2d-medium-dense-v1[0m
  logger.warn(f"Overriding environment {id}")
/home/jupyter-deuk-c4e4/.conda/envs/ts310/lib/python3.10/site-packages/gym/envs/registration.py:595: UserWarning: [33mWARN: Overriding environment maze2d-large-dense-v1[0m
  logger.warn(f"Overriding environment {id}")
/home/jupyter-deuk-c4e4/.conda/envs/ts310/lib/python3.10/site-packages/gym/envs/registration.py:595: UserWarning: [33mWARN: Overriding environment maze2d-eval-umaze-dense-v1[0m
  logger.warn(f"Overriding environment {id}")
/home/jupyter-deuk-c4e4/.conda/envs/ts310/lib/python3.10/site-packages/gym/envs/registration.py:595: UserWarning: [33mWARN: Overriding environment maze2d-eval-medium-dense-v1[0m
  logger.warn(f"Overriding environment {id}")
/home/jupyter-deuk-c4e4/.conda/envs/ts310/lib/python3.10/site-packages/gym/envs/registration.py:595: UserWarning: [33mWARN: Overriding environment maze2d-eval-large-dense-v1[0m
  logger.warn(f"Overriding environment {id}")
/opt/dlami/nvme/home/jupyter-deuk-c4e4/temporal-straightening/custom_resolvers.py:4: UserWarning: 
The version_base parameter is not specified.
Please specify a compatability version level, or None.
Will assume defaults for version 1.1
  @hydra.main(config_path=None)
[2026-07-25 15:20:03,968][__main__][INFO] - Planning result saved dir: /opt/dlami/nvme/home/jupyter-deuk-c4e4/pusht-reproduction/straightening_reproduction/plan/mpc_seed_100/chunk_10
/home/jupyter-deuk-c4e4/.conda/envs/ts310/lib/python3.10/site-packages/wandb/sdk/internal/internal_api.py:30: UserWarning: pkg_resources is deprecated as an API. See https://setuptools.pypa.io/en/latest/pkg_resources.html. The pkg_resources package is slated for removal as early as 2025-11-30. Refrain from using this package or pin to Setuptools<81.
  from pkg_resources import parse_version
Using cache found in /home/jupyter-deuk-c4e4/.cache/torch/hub/facebookresearch_dinov2_81b2b6419385
Loaded 18685 rollouts
Loaded 21 rollouts
[2026-07-25 15:20:06,445][dinov2][INFO] - using MLP layer as FFN
[2026-07-25 15:20:06,877][models.dino][WARNING] - Unknown projector 'none' for patch tokens; proceeding without projector.
Resuming from epoch 2: /home/jupyter-deuk-c4e4/pusht-reproduction/straightening_reproduction/test/pusht_aggmlpcos1e-1_agg32_projchannel_dim8_hw14_sgTrue_lr1e-05/checkpoints/model_2.pth
[2026-07-25 15:20:07,214][models.visual_world_model][INFO] - num_action_repeat: 1
[2026-07-25 15:20:07,214][models.visual_world_model][INFO] - num_proprio_repeat: 1
[2026-07-25 15:20:07,214][models.visual_world_model][INFO] - proprio encoder: ProprioceptiveEmbedding(
  (patch_embed): Conv1d(4, 10, kernel_size=(1,), stride=(1,))
  (norm): LayerNorm((10,), eps=1e-05, elementwise_affine=True)
)
[2026-07-25 15:20:07,214][models.visual_world_model][INFO] - action encoder: ProprioceptiveEmbedding(
  (patch_embed): Conv1d(10, 10, kernel_size=(1,), stride=(1,))
  (norm): LayerNorm((10,), eps=1e-05, elementwise_affine=True)
)
[2026-07-25 15:20:07,214][models.visual_world_model][INFO] - proprio_dim: 10, after repeat: 10
[2026-07-25 15:20:07,214][models.visual_world_model][INFO] - action_dim: 10, after repeat: 10
[2026-07-25 15:20:07,214][models.visual_world_model][INFO] - emb_dim: 28
[2026-07-25 15:20:07,214][models.visual_world_model][INFO] - Straightening disabled
[2026-07-25 15:20:07,214][models.visual_world_model][INFO] - Speed constancy disabled
[2026-07-25 15:20:07,214][models.visual_world_model][INFO] - Trajectory penalty disabled
[2026-07-25 15:20:07,215][models.visual_world_model][INFO] - Stop-grad enabled: True
[2026-07-25 15:20:07,215][models.visual_world_model][INFO] - VCReg enabled: False, apply_to=enc, std_coeff=0.0, cov_coeff=0.0
[2026-07-25 15:20:07,215][models.visual_world_model][INFO] - Model emb_dim: 28
[timing] setup_model_s=3.249
eval_seed:  [1001, 1101, 1201, 1301, 1401, 1501, 1601, 1701, 1801, 1901]
Dumped plan targets to /opt/dlami/nvme/home/jupyter-deuk-c4e4/pusht-reproduction/straightening_reproduction/plan/mpc_seed_100/chunk_10/plan_targets.pkl
[timing] setup_workspace_s=5.638

MPC iter 0 Eval ------- 
Success rate:  0.0
{'success': array([False, False, False, False, False, False, False, False, False,
       False]), 'state_dist': array([128.70917, 111.28903, 162.06313, 133.78526, 155.74478, 129.63135,
       151.66728, 146.14336, 239.50471, 261.67136], dtype=float32)}
self.is_success:  [False False False False False False False False False False]

MPC iter 1 Eval ------- 
Success rate:  0.0
{'success': array([False, False, False, False, False, False, False, False, False,
       False]), 'state_dist': array([106.38063 ,  81.92552 , 138.37152 , 104.35401 , 157.98106 ,
       110.033676, 119.3444  , 125.03001 , 221.00258 , 236.33961 ],
      dtype=float32)}
self.is_success:  [False False False False False False False False False False]

MPC iter 2 Eval ------- 
Success rate:  0.0
{'success': array([False, False, False, False, False, False, False, False, False,
       False]), 'state_dist': array([ 73.96809, 152.31328, 156.15372,  80.31209, 196.11377,  90.25694,
        82.55981, 141.33737, 328.5443 , 168.29758], dtype=float32)}
self.is_success:  [False False False False False False False False False False]

MPC iter 3 Eval ------- 
Success rate:  0.0
{'success': array([False, False, False, False, False, False, False, False, False,
       False]), 'state_dist': array([ 59.07628 ,  93.843   , 169.79433 ,  59.382137, 191.96442 ,
        93.83123 ,  86.31862 , 174.96802 , 279.63867 , 109.51296 ],
      dtype=float32)}
self.is_success:  [False False False False False False False False False False]

MPC iter 4 Eval ------- 
Success rate:  0.1
{'success': array([False, False, False,  True, False, False, False, False, False,
       False]), 'state_dist': array([ 47.442833,  88.21298 , 330.03665 ,  42.07733 ,  82.093605,
       111.43596 ,  80.712265, 111.75547 ,  80.75592 , 104.73568 ],
      dtype=float32)}
self.is_success:  [False False False  True False False False False False False]

MPC iter 5 Eval ------- 
Success rate:  0.4
{'success': array([ True, False, False,  True, False, False, False, False,  True,
        True]), 'state_dist': array([ 33.52984 , 297.27106 , 224.32677 ,  42.07733 ,  47.587906,
        52.99337 ,  39.074566,  36.49433 ,  63.126404,  52.83758 ],
      dtype=float32)}
self.is_success:  [ True False False  True False False False False  True  True]

MPC iter 6 Eval ------- 
Success rate:  0.8
{'success': array([ True, False, False,  True,  True,  True,  True,  True,  True,
        True]), 'state_dist': array([ 33.52984 ,  75.477   , 200.60883 ,  42.07733 ,  24.091694,
        12.208682,  36.546066,  43.02178 ,  63.126404,  52.83758 ],
      dtype=float32)}
self.is_success:  [ True False False  True  True  True  True  True  True  True]

MPC iter 7 Eval ------- 
Success rate:  0.8
{'success': array([ True, False, False,  True,  True,  True,  True,  True,  True,
        True]), 'state_dist': array([ 33.52984 ,  94.900024, 120.36034 ,  42.07733 ,  24.091694,
        12.208682,  36.546066,  43.02178 ,  63.126404,  52.83758 ],
      dtype=float32)}
self.is_success:  [ True False False  True  True  True  True  True  True  True]

MPC iter 8 Eval ------- 
Success rate:  0.8
{'success': array([ True, False, False,  True,  True,  True,  True,  True,  True,
        True]), 'state_dist': array([ 33.52984 ,  71.18858 , 128.13264 ,  42.07733 ,  24.091694,
        12.208682,  36.546066,  43.02178 ,  63.126404,  52.83758 ],
      dtype=float32)}
self.is_success:  [ True False False  True  True  True  True  True  True  True]

MPC iter 9 Eval ------- 
Success rate:  0.8
{'success': array([ True, False, False,  True,  True,  True,  True,  True,  True,
        True]), 'state_dist': array([ 33.52984 ,  71.58081 , 137.75333 ,  42.07733 ,  24.091694,
        12.208682,  36.546066,  43.02178 ,  63.126404,  52.83758 ],
      dtype=float32)}
self.is_success:  [ True False False  True  True  True  True  True  True  True]

MPC iter 10 Eval ------- 
Success rate:  0.8
{'success': array([ True, False, False,  True,  True,  True,  True,  True,  True,
        True]), 'state_dist': array([33.52984 , 70.89437 , 87.32747 , 42.07733 , 24.091694, 12.208682,
       36.546066, 43.02178 , 63.126404, 52.83758 ], dtype=float32)}
self.is_success:  [ True False False  True  True  True  True  True  True  True]

MPC iter 11 Eval ------- 
Success rate:  0.8
{'success': array([ True, False, False,  True,  True,  True,  True,  True,  True,
        True]), 'state_dist': array([33.52984 , 70.41487 , 86.62147 , 42.07733 , 24.091694, 12.208682,
       36.546066, 43.02178 , 63.126404, 52.83758 ], dtype=float32)}
self.is_success:  [ True False False  True  True  True  True  True  True  True]

MPC iter 12 Eval ------- 
Success rate:  0.8
{'success': array([ True, False, False,  True,  True,  True,  True,  True,  True,
        True]), 'state_dist': array([33.52984 , 71.64994 , 75.346535, 42.07733 , 24.091694, 12.208682,
       36.546066, 43.02178 , 63.126404, 52.83758 ], dtype=float32)}
self.is_success:  [ True False False  True  True  True  True  True  True  True]

MPC iter 13 Eval ------- 
Success rate:  0.8
{'success': array([ True, False, False,  True,  True,  True,  True,  True,  True,
        True]), 'state_dist': array([33.52984 , 71.70198 , 85.866394, 42.07733 , 24.091694, 12.208682,
       36.546066, 43.02178 , 63.126404, 52.83758 ], dtype=float32)}
self.is_success:  [ True False False  True  True  True  True  True  True  True]

MPC iter 14 Eval ------- 
Success rate:  0.8
{'success': array([ True, False, False,  True,  True,  True,  True,  True,  True,
        True]), 'state_dist': array([33.52984 , 71.73463 , 83.37606 , 42.07733 , 24.091694, 12.208682,
       36.546066, 43.02178 , 63.126404, 52.83758 ], dtype=float32)}
self.is_success:  [ True False False  True  True  True  True  True  True  True]

MPC iter 15 Eval ------- 
Success rate:  0.8
{'success': array([ True, False, False,  True,  True,  True,  True,  True,  True,
        True]), 'state_dist': array([33.52984 , 71.937675, 88.9534  , 42.07733 , 24.091694, 12.208682,
       36.546066, 43.02178 , 63.126404, 52.83758 ], dtype=float32)}
self.is_success:  [ True False False  True  True  True  True  True  True  True]

MPC iter 16 Eval ------- 
Success rate:  0.8
{'success': array([ True, False, False,  True,  True,  True,  True,  True,  True,
        True]), 'state_dist': array([33.52984 , 71.95551 , 81.33886 , 42.07733 , 24.091694, 12.208682,
       36.546066, 43.02178 , 63.126404, 52.83758 ], dtype=float32)}
self.is_success:  [ True False False  True  True  True  True  True  True  True]

MPC iter 17 Eval ------- 
Success rate:  0.8
{'success': array([ True, False, False,  True,  True,  True,  True,  True,  True,
        True]), 'state_dist': array([33.52984 , 71.65556 , 88.53556 , 42.07733 , 24.091694, 12.208682,
       36.546066, 43.02178 , 63.126404, 52.83758 ], dtype=float32)}
self.is_success:  [ True False False  True  True  True  True  True  True  True]

MPC iter 18 Eval ------- 
Success rate:  0.8
{'success': array([ True, False, False,  True,  True,  True,  True,  True,  True,
        True]), 'state_dist': array([33.52984 , 71.762405, 82.75654 , 42.07733 , 24.091694, 12.208682,
       36.546066, 43.02178 , 63.126404, 52.83758 ], dtype=float32)}
self.is_success:  [ True False False  True  True  True  True  True  True  True]

MPC iter 19 Eval ------- 
Success rate:  0.8
{'success': array([ True, False, False,  True,  True,  True,  True,  True,  True,
        True]), 'state_dist': array([33.52984 , 71.5007  , 81.25414 , 42.07733 , 24.091694, 12.208682,
       36.546066, 43.02178 , 63.126404, 52.83758 ], dtype=float32)}
self.is_success:  [ True False False  True  True  True  True  True  True  True]
Success rate:  0.8
{'success': array([ True, False, False,  True,  True,  True,  True,  True,  True,
        True]), 'state_dist': array([33.52984 , 71.5007  , 81.25414 , 42.07733 , 24.091694, 12.208682,
       36.546066, 43.02178 , 63.126404, 52.83758 ], dtype=float32)}
[timing] perform_planning_s=450.082
[timing] total_planning_main_s=458.969
