/home/jupyter-deuk-c4e4/.conda/envs/ts310/lib/python3.10/site-packages/wandb/sdk/internal/internal_api.py:30: UserWarning: pkg_resources is deprecated as an API. See https://setuptools.pypa.io/en/latest/pkg_resources.html. The pkg_resources package is slated for removal as early as 2025-11-30. Refrain from using this package or pin to Setuptools<81.
  from pkg_resources import parse_version
/home/jupyter-deuk-c4e4/.conda/envs/ts310/lib/python3.10/site-packages/pkg_resources/__init__.py:3148: DeprecationWarning: Deprecated call to `pkg_resources.declare_namespace('mpl_toolkits')`.
Implementing implicit namespace packages (as specified in PEP 420) is preferred to `pkg_resources.declare_namespace`. See https://setuptools.pypa.io/en/latest/references/keywords.html#keyword-namespace-packages
  declare_namespace(pkg)
/home/jupyter-deuk-c4e4/.conda/envs/ts310/lib/python3.10/site-packages/pkg_resources/__init__.py:3148: DeprecationWarning: Deprecated call to `pkg_resources.declare_namespace('google')`.
Implementing implicit namespace packages (as specified in PEP 420) is preferred to `pkg_resources.declare_namespace`. See https://setuptools.pypa.io/en/latest/references/keywords.html#keyword-namespace-packages
  declare_namespace(pkg)
/home/jupyter-deuk-c4e4/.conda/envs/ts310/lib/python3.10/site-packages/Cython/Distutils/old_build_ext.py:15: DeprecationWarning: dep_util is Deprecated. Use functions from setuptools instead.
  from distutils.dep_util import newer, newer_group
<frozen importlib._bootstrap>:283: DeprecationWarning: the load_module() method is deprecated and slated for removal in Python 3.12; use exec_module() instead
Warning: Mujoco-based envs failed to import. Set the environment variable D4RL_SUPPRESS_IMPORT_ERROR=1 to suppress this message.
No module named 'mjrl'
Warning: Flow failed to import. Set the environment variable D4RL_SUPPRESS_IMPORT_ERROR=1 to suppress this message.
No module named 'flow'
Warning: CARLA failed to import. Set the environment variable D4RL_SUPPRESS_IMPORT_ERROR=1 to suppress this message.
No module named 'carla'
pybullet build time: Jan 29 2025 23:16:28
/home/jupyter-deuk-c4e4/.conda/envs/ts310/lib/python3.10/site-packages/gym/envs/registration.py:595: UserWarning: [33mWARN: Overriding environment maze2d-open-v0[0m
  logger.warn(f"Overriding environment {id}")
/home/jupyter-deuk-c4e4/.conda/envs/ts310/lib/python3.10/site-packages/gym/envs/registration.py:595: UserWarning: [33mWARN: Overriding environment maze2d-umaze-v0[0m
  logger.warn(f"Overriding environment {id}")
/home/jupyter-deuk-c4e4/.conda/envs/ts310/lib/python3.10/site-packages/gym/envs/registration.py:595: UserWarning: [33mWARN: Overriding environment maze2d-medium-v0[0m
  logger.warn(f"Overriding environment {id}")
/home/jupyter-deuk-c4e4/.conda/envs/ts310/lib/python3.10/site-packages/gym/envs/registration.py:595: UserWarning: [33mWARN: Overriding environment maze2d-large-v0[0m
  logger.warn(f"Overriding environment {id}")
/home/jupyter-deuk-c4e4/.conda/envs/ts310/lib/python3.10/site-packages/gym/envs/registration.py:595: UserWarning: [33mWARN: Overriding environment maze2d-umaze-v1[0m
  logger.warn(f"Overriding environment {id}")
/home/jupyter-deuk-c4e4/.conda/envs/ts310/lib/python3.10/site-packages/gym/envs/registration.py:595: UserWarning: [33mWARN: Overriding environment maze2d-medium-v1[0m
  logger.warn(f"Overriding environment {id}")
/home/jupyter-deuk-c4e4/.conda/envs/ts310/lib/python3.10/site-packages/gym/envs/registration.py:595: UserWarning: [33mWARN: Overriding environment maze2d-large-v1[0m
  logger.warn(f"Overriding environment {id}")
/home/jupyter-deuk-c4e4/.conda/envs/ts310/lib/python3.10/site-packages/gym/envs/registration.py:595: UserWarning: [33mWARN: Overriding environment maze2d-eval-umaze-v1[0m
  logger.warn(f"Overriding environment {id}")
/home/jupyter-deuk-c4e4/.conda/envs/ts310/lib/python3.10/site-packages/gym/envs/registration.py:595: UserWarning: [33mWARN: Overriding environment maze2d-eval-medium-v1[0m
  logger.warn(f"Overriding environment {id}")
/home/jupyter-deuk-c4e4/.conda/envs/ts310/lib/python3.10/site-packages/gym/envs/registration.py:595: UserWarning: [33mWARN: Overriding environment maze2d-eval-large-v1[0m
  logger.warn(f"Overriding environment {id}")
/home/jupyter-deuk-c4e4/.conda/envs/ts310/lib/python3.10/site-packages/gym/envs/registration.py:595: UserWarning: [33mWARN: Overriding environment maze2d-open-dense-v0[0m
  logger.warn(f"Overriding environment {id}")
/home/jupyter-deuk-c4e4/.conda/envs/ts310/lib/python3.10/site-packages/gym/envs/registration.py:595: UserWarning: [33mWARN: Overriding environment maze2d-umaze-dense-v0[0m
  logger.warn(f"Overriding environment {id}")
/home/jupyter-deuk-c4e4/.conda/envs/ts310/lib/python3.10/site-packages/gym/envs/registration.py:595: UserWarning: [33mWARN: Overriding environment maze2d-medium-dense-v0[0m
  logger.warn(f"Overriding environment {id}")
/home/jupyter-deuk-c4e4/.conda/envs/ts310/lib/python3.10/site-packages/gym/envs/registration.py:595: UserWarning: [33mWARN: Overriding environment maze2d-large-dense-v0[0m
  logger.warn(f"Overriding environment {id}")
/home/jupyter-deuk-c4e4/.conda/envs/ts310/lib/python3.10/site-packages/gym/envs/registration.py:595: UserWarning: [33mWARN: Overriding environment maze2d-umaze-dense-v1[0m
  logger.warn(f"Overriding environment {id}")
/home/jupyter-deuk-c4e4/.conda/envs/ts310/lib/python3.10/site-packages/gym/envs/registration.py:595: UserWarning: [33mWARN: Overriding environment maze2d-medium-dense-v1[0m
  logger.warn(f"Overriding environment {id}")
/home/jupyter-deuk-c4e4/.conda/envs/ts310/lib/python3.10/site-packages/gym/envs/registration.py:595: UserWarning: [33mWARN: Overriding environment maze2d-large-dense-v1[0m
  logger.warn(f"Overriding environment {id}")
/home/jupyter-deuk-c4e4/.conda/envs/ts310/lib/python3.10/site-packages/gym/envs/registration.py:595: UserWarning: [33mWARN: Overriding environment maze2d-eval-umaze-dense-v1[0m
  logger.warn(f"Overriding environment {id}")
/home/jupyter-deuk-c4e4/.conda/envs/ts310/lib/python3.10/site-packages/gym/envs/registration.py:595: UserWarning: [33mWARN: Overriding environment maze2d-eval-medium-dense-v1[0m
  logger.warn(f"Overriding environment {id}")
/home/jupyter-deuk-c4e4/.conda/envs/ts310/lib/python3.10/site-packages/gym/envs/registration.py:595: UserWarning: [33mWARN: Overriding environment maze2d-eval-large-dense-v1[0m
  logger.warn(f"Overriding environment {id}")
/opt/dlami/nvme/home/jupyter-deuk-c4e4/temporal-straightening/custom_resolvers.py:4: UserWarning: 
The version_base parameter is not specified.
Please specify a compatability version level, or None.
Will assume defaults for version 1.1
  @hydra.main(config_path=None)
[2026-07-25 15:35:32,494][__main__][INFO] - Planning result saved dir: /opt/dlami/nvme/home/jupyter-deuk-c4e4/pusht-reproduction/straightening_reproduction/plan/mpc_seed_100/chunk_30
/home/jupyter-deuk-c4e4/.conda/envs/ts310/lib/python3.10/site-packages/wandb/sdk/internal/internal_api.py:30: UserWarning: pkg_resources is deprecated as an API. See https://setuptools.pypa.io/en/latest/pkg_resources.html. The pkg_resources package is slated for removal as early as 2025-11-30. Refrain from using this package or pin to Setuptools<81.
  from pkg_resources import parse_version
Using cache found in /home/jupyter-deuk-c4e4/.cache/torch/hub/facebookresearch_dinov2_81b2b6419385
Loaded 18685 rollouts
Loaded 21 rollouts
[2026-07-25 15:35:35,251][dinov2][INFO] - using MLP layer as FFN
[2026-07-25 15:35:35,746][models.dino][WARNING] - Unknown projector 'none' for patch tokens; proceeding without projector.
Resuming from epoch 2: /home/jupyter-deuk-c4e4/pusht-reproduction/straightening_reproduction/test/pusht_aggmlpcos1e-1_agg32_projchannel_dim8_hw14_sgTrue_lr1e-05/checkpoints/model_2.pth
[2026-07-25 15:35:36,152][models.visual_world_model][INFO] - num_action_repeat: 1
[2026-07-25 15:35:36,152][models.visual_world_model][INFO] - num_proprio_repeat: 1
[2026-07-25 15:35:36,152][models.visual_world_model][INFO] - proprio encoder: ProprioceptiveEmbedding(
  (patch_embed): Conv1d(4, 10, kernel_size=(1,), stride=(1,))
  (norm): LayerNorm((10,), eps=1e-05, elementwise_affine=True)
)
[2026-07-25 15:35:36,153][models.visual_world_model][INFO] - action encoder: ProprioceptiveEmbedding(
  (patch_embed): Conv1d(10, 10, kernel_size=(1,), stride=(1,))
  (norm): LayerNorm((10,), eps=1e-05, elementwise_affine=True)
)
[2026-07-25 15:35:36,153][models.visual_world_model][INFO] - proprio_dim: 10, after repeat: 10
[2026-07-25 15:35:36,153][models.visual_world_model][INFO] - action_dim: 10, after repeat: 10
[2026-07-25 15:35:36,153][models.visual_world_model][INFO] - emb_dim: 28
[2026-07-25 15:35:36,153][models.visual_world_model][INFO] - Straightening disabled
[2026-07-25 15:35:36,153][models.visual_world_model][INFO] - Speed constancy disabled
[2026-07-25 15:35:36,153][models.visual_world_model][INFO] - Trajectory penalty disabled
[2026-07-25 15:35:36,153][models.visual_world_model][INFO] - Stop-grad enabled: True
[2026-07-25 15:35:36,153][models.visual_world_model][INFO] - VCReg enabled: False, apply_to=enc, std_coeff=0.0, cov_coeff=0.0
[2026-07-25 15:35:36,153][models.visual_world_model][INFO] - Model emb_dim: 28
[timing] setup_model_s=3.661
eval_seed:  [3001, 3101, 3201, 3301, 3401, 3501, 3601, 3701, 3801, 3901]
Dumped plan targets to /opt/dlami/nvme/home/jupyter-deuk-c4e4/pusht-reproduction/straightening_reproduction/plan/mpc_seed_100/chunk_30/plan_targets.pkl
[timing] setup_workspace_s=7.331

MPC iter 0 Eval ------- 
Success rate:  0.0
{'success': array([False, False, False, False, False, False, False, False, False,
       False]), 'state_dist': array([239.28386 , 132.91107 , 122.03963 , 263.3573  ,  50.047596,
        76.03033 , 222.32605 , 243.1131  , 140.59602 , 140.90567 ],
      dtype=float32)}
self.is_success:  [False False False False False False False False False False]

MPC iter 1 Eval ------- 
Success rate:  0.0
{'success': array([False, False, False, False, False, False, False, False, False,
       False]), 'state_dist': array([176.25906, 109.37006, 103.87089, 256.0601 ,  53.24594,  84.78602,
       164.4566 , 231.86865, 127.95717, 103.96979], dtype=float32)}
self.is_success:  [False False False False False False False False False False]

MPC iter 2 Eval ------- 
Success rate:  0.0
{'success': array([False, False, False, False, False, False, False, False, False,
       False]), 'state_dist': array([129.94734 ,  88.62803 ,  86.08459 , 262.78656 ,  58.671204,
        65.636665, 221.81847 , 198.99678 , 113.456436,  85.56628 ],
      dtype=float32)}
self.is_success:  [False False False False False False False False False False]

MPC iter 3 Eval ------- 
Success rate:  0.0
{'success': array([False, False, False, False, False, False, False, False, False,
       False]), 'state_dist': array([116.39684 ,  64.199234,  62.22196 , 226.56096 ,  59.750984,
        49.515553, 327.58566 , 149.15771 , 129.21643 , 115.571884],
      dtype=float32)}
self.is_success:  [False False False False False False False False False False]

MPC iter 4 Eval ------- 
Success rate:  0.0
{'success': array([False, False, False, False, False, False, False, False, False,
       False]), 'state_dist': array([138.31255 ,  52.430706,  85.76554 ,  79.34928 ,  36.408077,
        66.21026 , 135.68503 ,  66.63804 , 105.12675 ,  74.006256],
      dtype=float32)}
self.is_success:  [False False False False False False False False False False]

MPC iter 5 Eval ------- 
Success rate:  0.3
{'success': array([False, False,  True,  True,  True, False, False, False, False,
       False]), 'state_dist': array([134.91603 ,  27.140545,  21.489256,  24.7502  ,  50.61761 ,
        89.08397 , 114.757805, 154.79512 ,  74.60561 ,  68.827034],
      dtype=float32)}
self.is_success:  [False False  True  True  True False False False False False]

MPC iter 6 Eval ------- 
Success rate:  0.6
{'success': array([False,  True,  True,  True,  True,  True, False,  True, False,
       False]), 'state_dist': array([72.29317 , 18.138773, 21.489256, 24.7502  , 50.61761 , 79.19921 ,
       85.31305 , 99.11931 , 70.05009 , 35.382072], dtype=float32)}
self.is_success:  [False  True  True  True  True  True False  True False False]

MPC iter 7 Eval ------- 
Success rate:  0.7
{'success': array([False,  True,  True,  True,  True,  True, False,  True, False,
        True]), 'state_dist': array([138.99374 ,  18.138773,  21.489256,  24.7502  ,  50.61761 ,
        79.19921 ,  90.5854  ,  99.11931 , 134.79445 ,  10.689871],
      dtype=float32)}
self.is_success:  [False  True  True  True  True  True False  True False  True]

MPC iter 8 Eval ------- 
Success rate:  0.7
{'success': array([False,  True,  True,  True,  True,  True, False,  True, False,
        True]), 'state_dist': array([176.76959 ,  18.138773,  21.489256,  24.7502  ,  50.61761 ,
        79.19921 ,  88.6258  ,  99.11931 , 128.89197 ,  10.689871],
      dtype=float32)}
self.is_success:  [False  True  True  True  True  True False  True False  True]

MPC iter 9 Eval ------- 
Success rate:  0.8
{'success': array([ True,  True,  True,  True,  True,  True, False,  True, False,
        True]), 'state_dist': array([148.90352 ,  18.138773,  21.489256,  24.7502  ,  50.61761 ,
        79.19921 ,  88.56225 ,  99.11931 , 213.9227  ,  10.689871],
      dtype=float32)}
self.is_success:  [ True  True  True  True  True  True False  True False  True]

MPC iter 10 Eval ------- 
Success rate:  0.8
{'success': array([ True,  True,  True,  True,  True,  True, False,  True, False,
        True]), 'state_dist': array([148.90352 ,  18.138773,  21.489256,  24.7502  ,  50.61761 ,
        79.19921 ,  87.37178 ,  99.11931 , 183.44464 ,  10.689871],
      dtype=float32)}
self.is_success:  [ True  True  True  True  True  True False  True False  True]

MPC iter 11 Eval ------- 
Success rate:  0.8
{'success': array([ True,  True,  True,  True,  True,  True, False,  True, False,
        True]), 'state_dist': array([148.90352 ,  18.138773,  21.489256,  24.7502  ,  50.61761 ,
        79.19921 ,  89.87504 ,  99.11931 ,  85.688225,  10.689871],
      dtype=float32)}
self.is_success:  [ True  True  True  True  True  True False  True False  True]

MPC iter 12 Eval ------- 
Success rate:  0.8
{'success': array([ True,  True,  True,  True,  True,  True, False,  True, False,
        True]), 'state_dist': array([148.90352 ,  18.138773,  21.489256,  24.7502  ,  50.61761 ,
        79.19921 ,  88.79009 ,  99.11931 , 318.42117 ,  10.689871],
      dtype=float32)}
self.is_success:  [ True  True  True  True  True  True False  True False  True]

MPC iter 13 Eval ------- 
Success rate:  0.8
{'success': array([ True,  True,  True,  True,  True,  True, False,  True, False,
        True]), 'state_dist': array([148.90352 ,  18.138773,  21.489256,  24.7502  ,  50.61761 ,
        79.19921 ,  87.885544,  99.11931 , 458.22977 ,  10.689871],
      dtype=float32)}
self.is_success:  [ True  True  True  True  True  True False  True False  True]

MPC iter 14 Eval ------- 
Success rate:  0.8
{'success': array([ True,  True,  True,  True,  True,  True, False,  True, False,
        True]), 'state_dist': array([148.90352 ,  18.138773,  21.489256,  24.7502  ,  50.61761 ,
        79.19921 ,  87.877594,  99.11931 , 419.96213 ,  10.689871],
      dtype=float32)}
self.is_success:  [ True  True  True  True  True  True False  True False  True]

MPC iter 15 Eval ------- 
Success rate:  0.8
{'success': array([ True,  True,  True,  True,  True,  True, False,  True, False,
        True]), 'state_dist': array([148.90352 ,  18.138773,  21.489256,  24.7502  ,  50.61761 ,
        79.19921 ,  87.142746,  99.11931 , 241.7401  ,  10.689871],
      dtype=float32)}
self.is_success:  [ True  True  True  True  True  True False  True False  True]

MPC iter 16 Eval ------- 
Success rate:  0.8
{'success': array([ True,  True,  True,  True,  True,  True, False,  True, False,
        True]), 'state_dist': array([148.90352 ,  18.138773,  21.489256,  24.7502  ,  50.61761 ,
        79.19921 ,  88.08157 ,  99.11931 , 324.0887  ,  10.689871],
      dtype=float32)}
self.is_success:  [ True  True  True  True  True  True False  True False  True]

MPC iter 17 Eval ------- 
Success rate:  0.8
{'success': array([ True,  True,  True,  True,  True,  True, False,  True, False,
        True]), 'state_dist': array([148.90352 ,  18.138773,  21.489256,  24.7502  ,  50.61761 ,
        79.19921 ,  87.97943 ,  99.11931 , 477.75568 ,  10.689871],
      dtype=float32)}
self.is_success:  [ True  True  True  True  True  True False  True False  True]

MPC iter 18 Eval ------- 
Success rate:  0.8
{'success': array([ True,  True,  True,  True,  True,  True, False,  True, False,
        True]), 'state_dist': array([148.90352 ,  18.138773,  21.489256,  24.7502  ,  50.61761 ,
        79.19921 ,  87.15377 ,  99.11931 , 518.6906  ,  10.689871],
      dtype=float32)}
self.is_success:  [ True  True  True  True  True  True False  True False  True]

MPC iter 19 Eval ------- 
Success rate:  0.8
{'success': array([ True,  True,  True,  True,  True,  True, False,  True, False,
        True]), 'state_dist': array([148.90352 ,  18.138773,  21.489256,  24.7502  ,  50.61761 ,
        79.19921 ,  88.08024 ,  99.11931 , 454.8761  ,  10.689871],
      dtype=float32)}
self.is_success:  [ True  True  True  True  True  True False  True False  True]
Success rate:  0.8
{'success': array([ True,  True,  True,  True,  True,  True, False,  True, False,
        True]), 'state_dist': array([148.90352 ,  18.138773,  21.489256,  24.7502  ,  50.61761 ,
        79.19921 ,  88.08024 ,  99.11931 , 454.8761  ,  10.689871],
      dtype=float32)}
[timing] perform_planning_s=450.109
[timing] total_planning_main_s=461.101
