/home/jupyter-deuk-c4e4/.conda/envs/ts310/lib/python3.10/site-packages/wandb/sdk/internal/internal_api.py:30: UserWarning: pkg_resources is deprecated as an API. See https://setuptools.pypa.io/en/latest/pkg_resources.html. The pkg_resources package is slated for removal as early as 2025-11-30. Refrain from using this package or pin to Setuptools<81.
  from pkg_resources import parse_version
/home/jupyter-deuk-c4e4/.conda/envs/ts310/lib/python3.10/site-packages/pkg_resources/__init__.py:3148: DeprecationWarning: Deprecated call to `pkg_resources.declare_namespace('mpl_toolkits')`.
Implementing implicit namespace packages (as specified in PEP 420) is preferred to `pkg_resources.declare_namespace`. See https://setuptools.pypa.io/en/latest/references/keywords.html#keyword-namespace-packages
  declare_namespace(pkg)
/home/jupyter-deuk-c4e4/.conda/envs/ts310/lib/python3.10/site-packages/pkg_resources/__init__.py:3148: DeprecationWarning: Deprecated call to `pkg_resources.declare_namespace('google')`.
Implementing implicit namespace packages (as specified in PEP 420) is preferred to `pkg_resources.declare_namespace`. See https://setuptools.pypa.io/en/latest/references/keywords.html#keyword-namespace-packages
  declare_namespace(pkg)
/home/jupyter-deuk-c4e4/.conda/envs/ts310/lib/python3.10/site-packages/Cython/Distutils/old_build_ext.py:15: DeprecationWarning: dep_util is Deprecated. Use functions from setuptools instead.
  from distutils.dep_util import newer, newer_group
<frozen importlib._bootstrap>:283: DeprecationWarning: the load_module() method is deprecated and slated for removal in Python 3.12; use exec_module() instead
Warning: Mujoco-based envs failed to import. Set the environment variable D4RL_SUPPRESS_IMPORT_ERROR=1 to suppress this message.
No module named 'mjrl'
Warning: Flow failed to import. Set the environment variable D4RL_SUPPRESS_IMPORT_ERROR=1 to suppress this message.
No module named 'flow'
Warning: CARLA failed to import. Set the environment variable D4RL_SUPPRESS_IMPORT_ERROR=1 to suppress this message.
No module named 'carla'
pybullet build time: Jan 29 2025 23:16:28
/home/jupyter-deuk-c4e4/.conda/envs/ts310/lib/python3.10/site-packages/gym/envs/registration.py:595: UserWarning: [33mWARN: Overriding environment maze2d-open-v0[0m
  logger.warn(f"Overriding environment {id}")
/home/jupyter-deuk-c4e4/.conda/envs/ts310/lib/python3.10/site-packages/gym/envs/registration.py:595: UserWarning: [33mWARN: Overriding environment maze2d-umaze-v0[0m
  logger.warn(f"Overriding environment {id}")
/home/jupyter-deuk-c4e4/.conda/envs/ts310/lib/python3.10/site-packages/gym/envs/registration.py:595: UserWarning: [33mWARN: Overriding environment maze2d-medium-v0[0m
  logger.warn(f"Overriding environment {id}")
/home/jupyter-deuk-c4e4/.conda/envs/ts310/lib/python3.10/site-packages/gym/envs/registration.py:595: UserWarning: [33mWARN: Overriding environment maze2d-large-v0[0m
  logger.warn(f"Overriding environment {id}")
/home/jupyter-deuk-c4e4/.conda/envs/ts310/lib/python3.10/site-packages/gym/envs/registration.py:595: UserWarning: [33mWARN: Overriding environment maze2d-umaze-v1[0m
  logger.warn(f"Overriding environment {id}")
/home/jupyter-deuk-c4e4/.conda/envs/ts310/lib/python3.10/site-packages/gym/envs/registration.py:595: UserWarning: [33mWARN: Overriding environment maze2d-medium-v1[0m
  logger.warn(f"Overriding environment {id}")
/home/jupyter-deuk-c4e4/.conda/envs/ts310/lib/python3.10/site-packages/gym/envs/registration.py:595: UserWarning: [33mWARN: Overriding environment maze2d-large-v1[0m
  logger.warn(f"Overriding environment {id}")
/home/jupyter-deuk-c4e4/.conda/envs/ts310/lib/python3.10/site-packages/gym/envs/registration.py:595: UserWarning: [33mWARN: Overriding environment maze2d-eval-umaze-v1[0m
  logger.warn(f"Overriding environment {id}")
/home/jupyter-deuk-c4e4/.conda/envs/ts310/lib/python3.10/site-packages/gym/envs/registration.py:595: UserWarning: [33mWARN: Overriding environment maze2d-eval-medium-v1[0m
  logger.warn(f"Overriding environment {id}")
/home/jupyter-deuk-c4e4/.conda/envs/ts310/lib/python3.10/site-packages/gym/envs/registration.py:595: UserWarning: [33mWARN: Overriding environment maze2d-eval-large-v1[0m
  logger.warn(f"Overriding environment {id}")
/home/jupyter-deuk-c4e4/.conda/envs/ts310/lib/python3.10/site-packages/gym/envs/registration.py:595: UserWarning: [33mWARN: Overriding environment maze2d-open-dense-v0[0m
  logger.warn(f"Overriding environment {id}")
/home/jupyter-deuk-c4e4/.conda/envs/ts310/lib/python3.10/site-packages/gym/envs/registration.py:595: UserWarning: [33mWARN: Overriding environment maze2d-umaze-dense-v0[0m
  logger.warn(f"Overriding environment {id}")
/home/jupyter-deuk-c4e4/.conda/envs/ts310/lib/python3.10/site-packages/gym/envs/registration.py:595: UserWarning: [33mWARN: Overriding environment maze2d-medium-dense-v0[0m
  logger.warn(f"Overriding environment {id}")
/home/jupyter-deuk-c4e4/.conda/envs/ts310/lib/python3.10/site-packages/gym/envs/registration.py:595: UserWarning: [33mWARN: Overriding environment maze2d-large-dense-v0[0m
  logger.warn(f"Overriding environment {id}")
/home/jupyter-deuk-c4e4/.conda/envs/ts310/lib/python3.10/site-packages/gym/envs/registration.py:595: UserWarning: [33mWARN: Overriding environment maze2d-umaze-dense-v1[0m
  logger.warn(f"Overriding environment {id}")
/home/jupyter-deuk-c4e4/.conda/envs/ts310/lib/python3.10/site-packages/gym/envs/registration.py:595: UserWarning: [33mWARN: Overriding environment maze2d-medium-dense-v1[0m
  logger.warn(f"Overriding environment {id}")
/home/jupyter-deuk-c4e4/.conda/envs/ts310/lib/python3.10/site-packages/gym/envs/registration.py:595: UserWarning: [33mWARN: Overriding environment maze2d-large-dense-v1[0m
  logger.warn(f"Overriding environment {id}")
/home/jupyter-deuk-c4e4/.conda/envs/ts310/lib/python3.10/site-packages/gym/envs/registration.py:595: UserWarning: [33mWARN: Overriding environment maze2d-eval-umaze-dense-v1[0m
  logger.warn(f"Overriding environment {id}")
/home/jupyter-deuk-c4e4/.conda/envs/ts310/lib/python3.10/site-packages/gym/envs/registration.py:595: UserWarning: [33mWARN: Overriding environment maze2d-eval-medium-dense-v1[0m
  logger.warn(f"Overriding environment {id}")
/home/jupyter-deuk-c4e4/.conda/envs/ts310/lib/python3.10/site-packages/gym/envs/registration.py:595: UserWarning: [33mWARN: Overriding environment maze2d-eval-large-dense-v1[0m
  logger.warn(f"Overriding environment {id}")
/opt/dlami/nvme/home/jupyter-deuk-c4e4/temporal-straightening/custom_resolvers.py:4: UserWarning: 
The version_base parameter is not specified.
Please specify a compatability version level, or None.
Will assume defaults for version 1.1
  @hydra.main(config_path=None)
[2026-07-25 16:14:13,122][__main__][INFO] - Planning result saved dir: /opt/dlami/nvme/home/jupyter-deuk-c4e4/pusht-reproduction/straightening_reproduction/plan/mpc_seed_200/chunk_30
/home/jupyter-deuk-c4e4/.conda/envs/ts310/lib/python3.10/site-packages/wandb/sdk/internal/internal_api.py:30: UserWarning: pkg_resources is deprecated as an API. See https://setuptools.pypa.io/en/latest/pkg_resources.html. The pkg_resources package is slated for removal as early as 2025-11-30. Refrain from using this package or pin to Setuptools<81.
  from pkg_resources import parse_version
Using cache found in /home/jupyter-deuk-c4e4/.cache/torch/hub/facebookresearch_dinov2_81b2b6419385
Loaded 18685 rollouts
Loaded 21 rollouts
[2026-07-25 16:14:15,598][dinov2][INFO] - using MLP layer as FFN
[2026-07-25 16:14:16,009][models.dino][WARNING] - Unknown projector 'none' for patch tokens; proceeding without projector.
Resuming from epoch 2: /home/jupyter-deuk-c4e4/pusht-reproduction/straightening_reproduction/test/pusht_aggmlpcos1e-1_agg32_projchannel_dim8_hw14_sgTrue_lr1e-05/checkpoints/model_2.pth
[2026-07-25 16:14:16,361][models.visual_world_model][INFO] - num_action_repeat: 1
[2026-07-25 16:14:16,361][models.visual_world_model][INFO] - num_proprio_repeat: 1
[2026-07-25 16:14:16,361][models.visual_world_model][INFO] - proprio encoder: ProprioceptiveEmbedding(
  (patch_embed): Conv1d(4, 10, kernel_size=(1,), stride=(1,))
  (norm): LayerNorm((10,), eps=1e-05, elementwise_affine=True)
)
[2026-07-25 16:14:16,361][models.visual_world_model][INFO] - action encoder: ProprioceptiveEmbedding(
  (patch_embed): Conv1d(10, 10, kernel_size=(1,), stride=(1,))
  (norm): LayerNorm((10,), eps=1e-05, elementwise_affine=True)
)
[2026-07-25 16:14:16,361][models.visual_world_model][INFO] - proprio_dim: 10, after repeat: 10
[2026-07-25 16:14:16,361][models.visual_world_model][INFO] - action_dim: 10, after repeat: 10
[2026-07-25 16:14:16,361][models.visual_world_model][INFO] - emb_dim: 28
[2026-07-25 16:14:16,361][models.visual_world_model][INFO] - Straightening disabled
[2026-07-25 16:14:16,361][models.visual_world_model][INFO] - Speed constancy disabled
[2026-07-25 16:14:16,361][models.visual_world_model][INFO] - Trajectory penalty disabled
[2026-07-25 16:14:16,361][models.visual_world_model][INFO] - Stop-grad enabled: True
[2026-07-25 16:14:16,361][models.visual_world_model][INFO] - VCReg enabled: False, apply_to=enc, std_coeff=0.0, cov_coeff=0.0
[2026-07-25 16:14:16,361][models.visual_world_model][INFO] - Model emb_dim: 28
[timing] setup_model_s=3.241
eval_seed:  [6001, 6201, 6401, 6601, 6801, 7001, 7201, 7401, 7601, 7801]
Dumped plan targets to /opt/dlami/nvme/home/jupyter-deuk-c4e4/pusht-reproduction/straightening_reproduction/plan/mpc_seed_200/chunk_30/plan_targets.pkl
[timing] setup_workspace_s=6.056

MPC iter 0 Eval ------- 
Success rate:  0.0
{'success': array([False, False, False, False, False, False, False, False, False,
       False]), 'state_dist': array([130.94255, 160.32643, 160.15685, 124.39855, 102.01034,  75.61881,
       272.12402, 195.60477,  73.67527, 278.6859 ], dtype=float32)}
self.is_success:  [False False False False False False False False False False]

MPC iter 1 Eval ------- 
Success rate:  0.0
{'success': array([False, False, False, False, False, False, False, False, False,
       False]), 'state_dist': array([122.31728 , 156.48714 , 120.400894, 111.86429 ,  88.08171 ,
        86.03689 , 196.49303 , 144.63875 ,  68.41226 , 284.5475  ],
      dtype=float32)}
self.is_success:  [False False False False False False False False False False]

MPC iter 2 Eval ------- 
Success rate:  0.0
{'success': array([False, False, False, False, False, False, False, False, False,
       False]), 'state_dist': array([111.15254 , 172.36766 , 105.187256,  91.494255,  84.844505,
       120.83362 , 136.92946 , 105.42118 ,  87.600716, 326.37405 ],
      dtype=float32)}
self.is_success:  [False False False False False False False False False False]

MPC iter 3 Eval ------- 
Success rate:  0.0
{'success': array([False, False, False, False, False, False, False, False, False,
       False]), 'state_dist': array([110.9106  , 235.83818 , 157.61758 ,  75.104416,  71.55507 ,
       123.660805,  65.11161 ,  80.48317 , 101.89039 , 285.5675  ],
      dtype=float32)}
self.is_success:  [False False False False False False False False False False]

MPC iter 4 Eval ------- 
Success rate:  0.2
{'success': array([False, False, False, False, False,  True,  True, False, False,
       False]), 'state_dist': array([ 52.361076, 158.24422 ,  62.198208,  45.153152,  58.402584,
        12.882802,  94.559166,  65.40093 , 112.779434, 284.05734 ],
      dtype=float32)}
self.is_success:  [False False False False False  True  True False False False]

MPC iter 5 Eval ------- 
Success rate:  0.3
{'success': array([ True, False, False, False, False,  True,  True, False, False,
       False]), 'state_dist': array([ 61.128235,  76.68564 ,  42.72785 ,  51.08475 ,  47.697025,
        12.882802,  94.559166,  63.321487,  83.58201 , 282.9361  ],
      dtype=float32)}
self.is_success:  [ True False False False False  True  True False False False]

MPC iter 6 Eval ------- 
Success rate:  0.6
{'success': array([ True,  True, False,  True,  True,  True,  True, False, False,
       False]), 'state_dist': array([ 61.128235,  24.92411 ,  99.8623  ,  34.492245,  18.081902,
        12.882802,  94.559166,  25.285536,  94.706276, 267.55002 ],
      dtype=float32)}
self.is_success:  [ True  True False  True  True  True  True False False False]

MPC iter 7 Eval ------- 
Success rate:  0.6
{'success': array([ True,  True, False,  True,  True,  True,  True, False, False,
       False]), 'state_dist': array([ 61.128235,  24.92411 ,  48.623714,  34.492245,  18.081902,
        12.882802,  94.559166,  32.46079 ,  72.81383 , 246.6892  ],
      dtype=float32)}
self.is_success:  [ True  True False  True  True  True  True False False False]

MPC iter 8 Eval ------- 
Success rate:  0.7
{'success': array([ True,  True, False,  True,  True,  True,  True, False,  True,
       False]), 'state_dist': array([ 61.128235,  24.92411 ,  57.957928,  34.492245,  18.081902,
        12.882802,  94.559166,  44.98961 ,  82.33655 , 242.3327  ],
      dtype=float32)}
self.is_success:  [ True  True False  True  True  True  True False  True False]

MPC iter 9 Eval ------- 
Success rate:  0.7
{'success': array([ True,  True, False,  True,  True,  True,  True, False,  True,
       False]), 'state_dist': array([ 61.128235,  24.92411 ,  28.681574,  34.492245,  18.081902,
        12.882802,  94.559166,  45.565754,  82.33655 , 233.6162  ],
      dtype=float32)}
self.is_success:  [ True  True False  True  True  True  True False  True False]

MPC iter 10 Eval ------- 
Success rate:  0.7
{'success': array([ True,  True, False,  True,  True,  True,  True, False,  True,
       False]), 'state_dist': array([ 61.128235,  24.92411 ,  38.83888 ,  34.492245,  18.081902,
        12.882802,  94.559166,  43.656025,  82.33655 , 250.58253 ],
      dtype=float32)}
self.is_success:  [ True  True False  True  True  True  True False  True False]

MPC iter 11 Eval ------- 
Success rate:  0.7
{'success': array([ True,  True, False,  True,  True,  True,  True, False,  True,
       False]), 'state_dist': array([ 61.128235,  24.92411 ,  55.34694 ,  34.492245,  18.081902,
        12.882802,  94.559166,  41.58404 ,  82.33655 , 270.12778 ],
      dtype=float32)}
self.is_success:  [ True  True False  True  True  True  True False  True False]

MPC iter 12 Eval ------- 
Success rate:  0.7
{'success': array([ True,  True, False,  True,  True,  True,  True, False,  True,
       False]), 'state_dist': array([ 61.128235,  24.92411 ,  26.880186,  34.492245,  18.081902,
        12.882802,  94.559166,  42.267265,  82.33655 , 231.86407 ],
      dtype=float32)}
self.is_success:  [ True  True False  True  True  True  True False  True False]

MPC iter 13 Eval ------- 
Success rate:  0.7
{'success': array([ True,  True, False,  True,  True,  True,  True, False,  True,
       False]), 'state_dist': array([ 61.128235,  24.92411 ,  41.182373,  34.492245,  18.081902,
        12.882802,  94.559166,  41.52594 ,  82.33655 , 254.49602 ],
      dtype=float32)}
self.is_success:  [ True  True False  True  True  True  True False  True False]

MPC iter 14 Eval ------- 
Success rate:  0.7
{'success': array([ True,  True, False,  True,  True,  True,  True, False,  True,
       False]), 'state_dist': array([ 61.128235,  24.92411 ,  52.092228,  34.492245,  18.081902,
        12.882802,  94.559166,  41.92509 ,  82.33655 , 265.87772 ],
      dtype=float32)}
self.is_success:  [ True  True False  True  True  True  True False  True False]

MPC iter 15 Eval ------- 
Success rate:  0.7
{'success': array([ True,  True, False,  True,  True,  True,  True, False,  True,
       False]), 'state_dist': array([ 61.128235,  24.92411 ,  25.171476,  34.492245,  18.081902,
        12.882802,  94.559166,  42.24489 ,  82.33655 , 235.98758 ],
      dtype=float32)}
self.is_success:  [ True  True False  True  True  True  True False  True False]

MPC iter 16 Eval ------- 
Success rate:  0.7
{'success': array([ True,  True, False,  True,  True,  True,  True, False,  True,
       False]), 'state_dist': array([ 61.128235,  24.92411 ,  37.0582  ,  34.492245,  18.081902,
        12.882802,  94.559166,  42.22942 ,  82.33655 , 257.92093 ],
      dtype=float32)}
self.is_success:  [ True  True False  True  True  True  True False  True False]

MPC iter 17 Eval ------- 
Success rate:  0.7
{'success': array([ True,  True, False,  True,  True,  True,  True, False,  True,
       False]), 'state_dist': array([ 61.128235,  24.92411 ,  48.45696 ,  34.492245,  18.081902,
        12.882802,  94.559166,  42.219555,  82.33655 , 255.80522 ],
      dtype=float32)}
self.is_success:  [ True  True False  True  True  True  True False  True False]

MPC iter 18 Eval ------- 
Success rate:  0.7
{'success': array([ True,  True, False,  True,  True,  True,  True, False,  True,
       False]), 'state_dist': array([ 61.128235,  24.92411 ,  25.743315,  34.492245,  18.081902,
        12.882802,  94.559166,  42.22123 ,  82.33655 , 236.84258 ],
      dtype=float32)}
self.is_success:  [ True  True False  True  True  True  True False  True False]

MPC iter 19 Eval ------- 
Success rate:  0.7
{'success': array([ True,  True, False,  True,  True,  True,  True, False,  True,
       False]), 'state_dist': array([ 61.128235,  24.92411 ,  48.698715,  34.492245,  18.081902,
        12.882802,  94.559166,  42.182503,  82.33655 , 261.76132 ],
      dtype=float32)}
self.is_success:  [ True  True False  True  True  True  True False  True False]
Success rate:  0.7
{'success': array([ True,  True, False,  True,  True,  True,  True, False,  True,
       False]), 'state_dist': array([ 61.128235,  24.92411 ,  48.698715,  34.492245,  18.081902,
        12.882802,  94.559166,  42.182503,  82.33655 , 261.76132 ],
      dtype=float32)}
[timing] perform_planning_s=449.337
[timing] total_planning_main_s=458.635
