/home/jupyter-deuk-c4e4/.conda/envs/ts310/lib/python3.10/site-packages/wandb/sdk/internal/internal_api.py:30: UserWarning: pkg_resources is deprecated as an API. See https://setuptools.pypa.io/en/latest/pkg_resources.html. The pkg_resources package is slated for removal as early as 2025-11-30. Refrain from using this package or pin to Setuptools<81.
  from pkg_resources import parse_version
/home/jupyter-deuk-c4e4/.conda/envs/ts310/lib/python3.10/site-packages/pkg_resources/__init__.py:3148: DeprecationWarning: Deprecated call to `pkg_resources.declare_namespace('mpl_toolkits')`.
Implementing implicit namespace packages (as specified in PEP 420) is preferred to `pkg_resources.declare_namespace`. See https://setuptools.pypa.io/en/latest/references/keywords.html#keyword-namespace-packages
  declare_namespace(pkg)
/home/jupyter-deuk-c4e4/.conda/envs/ts310/lib/python3.10/site-packages/pkg_resources/__init__.py:3148: DeprecationWarning: Deprecated call to `pkg_resources.declare_namespace('google')`.
Implementing implicit namespace packages (as specified in PEP 420) is preferred to `pkg_resources.declare_namespace`. See https://setuptools.pypa.io/en/latest/references/keywords.html#keyword-namespace-packages
  declare_namespace(pkg)
/home/jupyter-deuk-c4e4/.conda/envs/ts310/lib/python3.10/site-packages/Cython/Distutils/old_build_ext.py:15: DeprecationWarning: dep_util is Deprecated. Use functions from setuptools instead.
  from distutils.dep_util import newer, newer_group
<frozen importlib._bootstrap>:283: DeprecationWarning: the load_module() method is deprecated and slated for removal in Python 3.12; use exec_module() instead
Warning: Mujoco-based envs failed to import. Set the environment variable D4RL_SUPPRESS_IMPORT_ERROR=1 to suppress this message.
No module named 'mjrl'
Warning: Flow failed to import. Set the environment variable D4RL_SUPPRESS_IMPORT_ERROR=1 to suppress this message.
No module named 'flow'
Warning: CARLA failed to import. Set the environment variable D4RL_SUPPRESS_IMPORT_ERROR=1 to suppress this message.
No module named 'carla'
pybullet build time: Jan 29 2025 23:16:28
/home/jupyter-deuk-c4e4/.conda/envs/ts310/lib/python3.10/site-packages/gym/envs/registration.py:595: UserWarning: [33mWARN: Overriding environment maze2d-open-v0[0m
  logger.warn(f"Overriding environment {id}")
/home/jupyter-deuk-c4e4/.conda/envs/ts310/lib/python3.10/site-packages/gym/envs/registration.py:595: UserWarning: [33mWARN: Overriding environment maze2d-umaze-v0[0m
  logger.warn(f"Overriding environment {id}")
/home/jupyter-deuk-c4e4/.conda/envs/ts310/lib/python3.10/site-packages/gym/envs/registration.py:595: UserWarning: [33mWARN: Overriding environment maze2d-medium-v0[0m
  logger.warn(f"Overriding environment {id}")
/home/jupyter-deuk-c4e4/.conda/envs/ts310/lib/python3.10/site-packages/gym/envs/registration.py:595: UserWarning: [33mWARN: Overriding environment maze2d-large-v0[0m
  logger.warn(f"Overriding environment {id}")
/home/jupyter-deuk-c4e4/.conda/envs/ts310/lib/python3.10/site-packages/gym/envs/registration.py:595: UserWarning: [33mWARN: Overriding environment maze2d-umaze-v1[0m
  logger.warn(f"Overriding environment {id}")
/home/jupyter-deuk-c4e4/.conda/envs/ts310/lib/python3.10/site-packages/gym/envs/registration.py:595: UserWarning: [33mWARN: Overriding environment maze2d-medium-v1[0m
  logger.warn(f"Overriding environment {id}")
/home/jupyter-deuk-c4e4/.conda/envs/ts310/lib/python3.10/site-packages/gym/envs/registration.py:595: UserWarning: [33mWARN: Overriding environment maze2d-large-v1[0m
  logger.warn(f"Overriding environment {id}")
/home/jupyter-deuk-c4e4/.conda/envs/ts310/lib/python3.10/site-packages/gym/envs/registration.py:595: UserWarning: [33mWARN: Overriding environment maze2d-eval-umaze-v1[0m
  logger.warn(f"Overriding environment {id}")
/home/jupyter-deuk-c4e4/.conda/envs/ts310/lib/python3.10/site-packages/gym/envs/registration.py:595: UserWarning: [33mWARN: Overriding environment maze2d-eval-medium-v1[0m
  logger.warn(f"Overriding environment {id}")
/home/jupyter-deuk-c4e4/.conda/envs/ts310/lib/python3.10/site-packages/gym/envs/registration.py:595: UserWarning: [33mWARN: Overriding environment maze2d-eval-large-v1[0m
  logger.warn(f"Overriding environment {id}")
/home/jupyter-deuk-c4e4/.conda/envs/ts310/lib/python3.10/site-packages/gym/envs/registration.py:595: UserWarning: [33mWARN: Overriding environment maze2d-open-dense-v0[0m
  logger.warn(f"Overriding environment {id}")
/home/jupyter-deuk-c4e4/.conda/envs/ts310/lib/python3.10/site-packages/gym/envs/registration.py:595: UserWarning: [33mWARN: Overriding environment maze2d-umaze-dense-v0[0m
  logger.warn(f"Overriding environment {id}")
/home/jupyter-deuk-c4e4/.conda/envs/ts310/lib/python3.10/site-packages/gym/envs/registration.py:595: UserWarning: [33mWARN: Overriding environment maze2d-medium-dense-v0[0m
  logger.warn(f"Overriding environment {id}")
/home/jupyter-deuk-c4e4/.conda/envs/ts310/lib/python3.10/site-packages/gym/envs/registration.py:595: UserWarning: [33mWARN: Overriding environment maze2d-large-dense-v0[0m
  logger.warn(f"Overriding environment {id}")
/home/jupyter-deuk-c4e4/.conda/envs/ts310/lib/python3.10/site-packages/gym/envs/registration.py:595: UserWarning: [33mWARN: Overriding environment maze2d-umaze-dense-v1[0m
  logger.warn(f"Overriding environment {id}")
/home/jupyter-deuk-c4e4/.conda/envs/ts310/lib/python3.10/site-packages/gym/envs/registration.py:595: UserWarning: [33mWARN: Overriding environment maze2d-medium-dense-v1[0m
  logger.warn(f"Overriding environment {id}")
/home/jupyter-deuk-c4e4/.conda/envs/ts310/lib/python3.10/site-packages/gym/envs/registration.py:595: UserWarning: [33mWARN: Overriding environment maze2d-large-dense-v1[0m
  logger.warn(f"Overriding environment {id}")
/home/jupyter-deuk-c4e4/.conda/envs/ts310/lib/python3.10/site-packages/gym/envs/registration.py:595: UserWarning: [33mWARN: Overriding environment maze2d-eval-umaze-dense-v1[0m
  logger.warn(f"Overriding environment {id}")
/home/jupyter-deuk-c4e4/.conda/envs/ts310/lib/python3.10/site-packages/gym/envs/registration.py:595: UserWarning: [33mWARN: Overriding environment maze2d-eval-medium-dense-v1[0m
  logger.warn(f"Overriding environment {id}")
/home/jupyter-deuk-c4e4/.conda/envs/ts310/lib/python3.10/site-packages/gym/envs/registration.py:595: UserWarning: [33mWARN: Overriding environment maze2d-eval-large-dense-v1[0m
  logger.warn(f"Overriding environment {id}")
/opt/dlami/nvme/home/jupyter-deuk-c4e4/temporal-straightening/custom_resolvers.py:4: UserWarning: 
The version_base parameter is not specified.
Please specify a compatability version level, or None.
Will assume defaults for version 1.1
  @hydra.main(config_path=None)
[2026-07-25 17:00:33,260][__main__][INFO] - Planning result saved dir: /opt/dlami/nvme/home/jupyter-deuk-c4e4/pusht-reproduction/straightening_reproduction/plan/mpc_seed_300/chunk_40
/home/jupyter-deuk-c4e4/.conda/envs/ts310/lib/python3.10/site-packages/wandb/sdk/internal/internal_api.py:30: UserWarning: pkg_resources is deprecated as an API. See https://setuptools.pypa.io/en/latest/pkg_resources.html. The pkg_resources package is slated for removal as early as 2025-11-30. Refrain from using this package or pin to Setuptools<81.
  from pkg_resources import parse_version
Using cache found in /home/jupyter-deuk-c4e4/.cache/torch/hub/facebookresearch_dinov2_81b2b6419385
Loaded 18685 rollouts
Loaded 21 rollouts
[2026-07-25 17:00:35,692][dinov2][INFO] - using MLP layer as FFN
[2026-07-25 17:00:36,097][models.dino][WARNING] - Unknown projector 'none' for patch tokens; proceeding without projector.
Resuming from epoch 2: /home/jupyter-deuk-c4e4/pusht-reproduction/straightening_reproduction/test/pusht_aggmlpcos1e-1_agg32_projchannel_dim8_hw14_sgTrue_lr1e-05/checkpoints/model_2.pth
[2026-07-25 17:00:36,444][models.visual_world_model][INFO] - num_action_repeat: 1
[2026-07-25 17:00:36,444][models.visual_world_model][INFO] - num_proprio_repeat: 1
[2026-07-25 17:00:36,444][models.visual_world_model][INFO] - proprio encoder: ProprioceptiveEmbedding(
  (patch_embed): Conv1d(4, 10, kernel_size=(1,), stride=(1,))
  (norm): LayerNorm((10,), eps=1e-05, elementwise_affine=True)
)
[2026-07-25 17:00:36,444][models.visual_world_model][INFO] - action encoder: ProprioceptiveEmbedding(
  (patch_embed): Conv1d(10, 10, kernel_size=(1,), stride=(1,))
  (norm): LayerNorm((10,), eps=1e-05, elementwise_affine=True)
)
[2026-07-25 17:00:36,444][models.visual_world_model][INFO] - proprio_dim: 10, after repeat: 10
[2026-07-25 17:00:36,444][models.visual_world_model][INFO] - action_dim: 10, after repeat: 10
[2026-07-25 17:00:36,444][models.visual_world_model][INFO] - emb_dim: 28
[2026-07-25 17:00:36,444][models.visual_world_model][INFO] - Straightening disabled
[2026-07-25 17:00:36,444][models.visual_world_model][INFO] - Speed constancy disabled
[2026-07-25 17:00:36,444][models.visual_world_model][INFO] - Trajectory penalty disabled
[2026-07-25 17:00:36,444][models.visual_world_model][INFO] - Stop-grad enabled: True
[2026-07-25 17:00:36,445][models.visual_world_model][INFO] - VCReg enabled: False, apply_to=enc, std_coeff=0.0, cov_coeff=0.0
[2026-07-25 17:00:36,445][models.visual_world_model][INFO] - Model emb_dim: 28
[timing] setup_model_s=3.187
eval_seed:  [12001, 12301, 12601, 12901, 13201, 13501, 13801, 14101, 14401, 14701]
Dumped plan targets to /opt/dlami/nvme/home/jupyter-deuk-c4e4/pusht-reproduction/straightening_reproduction/plan/mpc_seed_300/chunk_40/plan_targets.pkl
[timing] setup_workspace_s=6.672

MPC iter 0 Eval ------- 
Success rate:  0.0
{'success': array([False, False, False, False, False, False, False, False, False,
       False]), 'state_dist': array([104.3049 , 248.82329, 283.98447, 251.19371,  73.46991, 242.88225,
       176.16364, 265.26013, 277.7857 , 272.57675], dtype=float32)}
self.is_success:  [False False False False False False False False False False]

MPC iter 1 Eval ------- 
Success rate:  0.0
{'success': array([False, False, False, False, False, False, False, False, False,
       False]), 'state_dist': array([103.72157 , 237.7211  , 212.63544 , 198.16034 ,  78.562805,
       194.29456 , 228.57524 , 328.8332  , 167.55618 , 286.53928 ],
      dtype=float32)}
self.is_success:  [False False False False False False False False False False]

MPC iter 2 Eval ------- 
Success rate:  0.0
{'success': array([False, False, False, False, False, False, False, False, False,
       False]), 'state_dist': array([147.04683 , 216.01549 , 174.27284 , 170.49619 ,  97.240875,
       169.6892  , 358.25363 , 200.80557 , 228.15541 , 242.66534 ],
      dtype=float32)}
self.is_success:  [False False False False False False False False False False]

MPC iter 3 Eval ------- 
Success rate:  0.0
{'success': array([False, False, False, False, False, False, False, False, False,
       False]), 'state_dist': array([164.07634, 183.1355 , 118.67111, 209.39247, 101.40852, 134.51596,
       289.44022, 277.93542, 230.15994, 178.85376], dtype=float32)}
self.is_success:  [False False False False False False False False False False]

MPC iter 4 Eval ------- 
Success rate:  0.0
{'success': array([False, False, False, False, False, False, False, False, False,
       False]), 'state_dist': array([136.05545 , 197.59949 , 105.06701 ,  98.03885 ,  87.006805,
        67.432846,  91.26672 , 166.55992 , 162.85124 ,  33.98309 ],
      dtype=float32)}
self.is_success:  [False False False False False False False False False False]

MPC iter 5 Eval ------- 
Success rate:  0.4
{'success': array([False, False, False,  True,  True,  True, False, False, False,
        True]), 'state_dist': array([ 84.66752 , 119.71548 ,  37.67878 ,  90.484764,  71.99485 ,
        24.150272,  45.682125,  94.29719 ,  26.958487,  43.068592],
      dtype=float32)}
self.is_success:  [False False False  True  True  True False False False  True]

MPC iter 6 Eval ------- 
Success rate:  0.7
{'success': array([False, False,  True,  True,  True,  True,  True, False,  True,
        True]), 'state_dist': array([ 37.567184,  79.6296  ,  24.6776  ,  90.484764,  71.99485 ,
        24.150272,  46.812405, 101.61563 ,  55.11956 ,  43.068592],
      dtype=float32)}
self.is_success:  [False False  True  True  True  True  True False  True  True]

MPC iter 7 Eval ------- 
Success rate:  0.8
{'success': array([ True, False,  True,  True,  True,  True,  True, False,  True,
        True]), 'state_dist': array([ 58.400154, 196.57277 ,  24.6776  ,  90.484764,  71.99485 ,
        24.150272,  46.812405, 113.02053 ,  55.11956 ,  43.068592],
      dtype=float32)}
self.is_success:  [ True False  True  True  True  True  True False  True  True]

MPC iter 8 Eval ------- 
Success rate:  0.8
{'success': array([ True, False,  True,  True,  True,  True,  True, False,  True,
        True]), 'state_dist': array([ 58.400154, 133.73718 ,  24.6776  ,  90.484764,  71.99485 ,
        24.150272,  46.812405,  84.45935 ,  55.11956 ,  43.068592],
      dtype=float32)}
self.is_success:  [ True False  True  True  True  True  True False  True  True]

MPC iter 9 Eval ------- 
Success rate:  0.8
{'success': array([ True, False,  True,  True,  True,  True,  True, False,  True,
        True]), 'state_dist': array([ 58.400154, 147.87926 ,  24.6776  ,  90.484764,  71.99485 ,
        24.150272,  46.812405,  82.424385,  55.11956 ,  43.068592],
      dtype=float32)}
self.is_success:  [ True False  True  True  True  True  True False  True  True]

MPC iter 10 Eval ------- 
Success rate:  0.8
{'success': array([ True, False,  True,  True,  True,  True,  True, False,  True,
        True]), 'state_dist': array([ 58.400154, 167.43582 ,  24.6776  ,  90.484764,  71.99485 ,
        24.150272,  46.812405,  81.3531  ,  55.11956 ,  43.068592],
      dtype=float32)}
self.is_success:  [ True False  True  True  True  True  True False  True  True]

MPC iter 11 Eval ------- 
Success rate:  0.8
{'success': array([ True, False,  True,  True,  True,  True,  True, False,  True,
        True]), 'state_dist': array([ 58.400154, 190.37881 ,  24.6776  ,  90.484764,  71.99485 ,
        24.150272,  46.812405,  81.089615,  55.11956 ,  43.068592],
      dtype=float32)}
self.is_success:  [ True False  True  True  True  True  True False  True  True]

MPC iter 12 Eval ------- 
Success rate:  0.8
{'success': array([ True, False,  True,  True,  True,  True,  True, False,  True,
        True]), 'state_dist': array([ 58.400154, 137.29457 ,  24.6776  ,  90.484764,  71.99485 ,
        24.150272,  46.812405,  81.882324,  55.11956 ,  43.068592],
      dtype=float32)}
self.is_success:  [ True False  True  True  True  True  True False  True  True]

MPC iter 13 Eval ------- 
Success rate:  0.8
{'success': array([ True, False,  True,  True,  True,  True,  True, False,  True,
        True]), 'state_dist': array([ 58.400154, 185.1334  ,  24.6776  ,  90.484764,  71.99485 ,
        24.150272,  46.812405,  81.57983 ,  55.11956 ,  43.068592],
      dtype=float32)}
self.is_success:  [ True False  True  True  True  True  True False  True  True]

MPC iter 14 Eval ------- 
Success rate:  0.8
{'success': array([ True, False,  True,  True,  True,  True,  True, False,  True,
        True]), 'state_dist': array([ 58.400154, 139.61775 ,  24.6776  ,  90.484764,  71.99485 ,
        24.150272,  46.812405,  81.439995,  55.11956 ,  43.068592],
      dtype=float32)}
self.is_success:  [ True False  True  True  True  True  True False  True  True]

MPC iter 15 Eval ------- 
Success rate:  0.8
{'success': array([ True, False,  True,  True,  True,  True,  True, False,  True,
        True]), 'state_dist': array([ 58.400154, 154.90102 ,  24.6776  ,  90.484764,  71.99485 ,
        24.150272,  46.812405,  81.52388 ,  55.11956 ,  43.068592],
      dtype=float32)}
self.is_success:  [ True False  True  True  True  True  True False  True  True]

MPC iter 16 Eval ------- 
Success rate:  0.8
{'success': array([ True, False,  True,  True,  True,  True,  True, False,  True,
        True]), 'state_dist': array([ 58.400154, 158.47142 ,  24.6776  ,  90.484764,  71.99485 ,
        24.150272,  46.812405,  81.37485 ,  55.11956 ,  43.068592],
      dtype=float32)}
self.is_success:  [ True False  True  True  True  True  True False  True  True]

MPC iter 17 Eval ------- 
Success rate:  0.8
{'success': array([ True, False,  True,  True,  True,  True,  True, False,  True,
        True]), 'state_dist': array([ 58.400154, 166.36943 ,  24.6776  ,  90.484764,  71.99485 ,
        24.150272,  46.812405,  81.523415,  55.11956 ,  43.068592],
      dtype=float32)}
self.is_success:  [ True False  True  True  True  True  True False  True  True]

MPC iter 18 Eval ------- 
Success rate:  0.8
{'success': array([ True, False,  True,  True,  True,  True,  True, False,  True,
        True]), 'state_dist': array([ 58.400154, 164.93315 ,  24.6776  ,  90.484764,  71.99485 ,
        24.150272,  46.812405,  81.35795 ,  55.11956 ,  43.068592],
      dtype=float32)}
self.is_success:  [ True False  True  True  True  True  True False  True  True]

MPC iter 19 Eval ------- 
Success rate:  0.8
{'success': array([ True, False,  True,  True,  True,  True,  True, False,  True,
        True]), 'state_dist': array([ 58.400154, 174.39177 ,  24.6776  ,  90.484764,  71.99485 ,
        24.150272,  46.812405,  81.524826,  55.11956 ,  43.068592],
      dtype=float32)}
self.is_success:  [ True False  True  True  True  True  True False  True  True]
Success rate:  0.8
{'success': array([ True, False,  True,  True,  True,  True,  True, False,  True,
        True]), 'state_dist': array([ 58.400154, 174.39177 ,  24.6776  ,  90.484764,  71.99485 ,
        24.150272,  46.812405,  81.524826,  55.11956 ,  43.068592],
      dtype=float32)}
[timing] perform_planning_s=449.580
[timing] total_planning_main_s=459.438
