/home/jupyter-deuk-c4e4/.conda/envs/ts310/lib/python3.10/site-packages/wandb/sdk/internal/internal_api.py:30: UserWarning: pkg_resources is deprecated as an API. See https://setuptools.pypa.io/en/latest/pkg_resources.html. The pkg_resources package is slated for removal as early as 2025-11-30. Refrain from using this package or pin to Setuptools<81.
  from pkg_resources import parse_version
/home/jupyter-deuk-c4e4/.conda/envs/ts310/lib/python3.10/site-packages/pkg_resources/__init__.py:3148: DeprecationWarning: Deprecated call to `pkg_resources.declare_namespace('mpl_toolkits')`.
Implementing implicit namespace packages (as specified in PEP 420) is preferred to `pkg_resources.declare_namespace`. See https://setuptools.pypa.io/en/latest/references/keywords.html#keyword-namespace-packages
  declare_namespace(pkg)
/home/jupyter-deuk-c4e4/.conda/envs/ts310/lib/python3.10/site-packages/pkg_resources/__init__.py:3148: DeprecationWarning: Deprecated call to `pkg_resources.declare_namespace('google')`.
Implementing implicit namespace packages (as specified in PEP 420) is preferred to `pkg_resources.declare_namespace`. See https://setuptools.pypa.io/en/latest/references/keywords.html#keyword-namespace-packages
  declare_namespace(pkg)
/home/jupyter-deuk-c4e4/.conda/envs/ts310/lib/python3.10/site-packages/Cython/Distutils/old_build_ext.py:15: DeprecationWarning: dep_util is Deprecated. Use functions from setuptools instead.
  from distutils.dep_util import newer, newer_group
<frozen importlib._bootstrap>:283: DeprecationWarning: the load_module() method is deprecated and slated for removal in Python 3.12; use exec_module() instead
Warning: Mujoco-based envs failed to import. Set the environment variable D4RL_SUPPRESS_IMPORT_ERROR=1 to suppress this message.
No module named 'mjrl'
Warning: Flow failed to import. Set the environment variable D4RL_SUPPRESS_IMPORT_ERROR=1 to suppress this message.
No module named 'flow'
Warning: CARLA failed to import. Set the environment variable D4RL_SUPPRESS_IMPORT_ERROR=1 to suppress this message.
No module named 'carla'
pybullet build time: Jan 29 2025 23:16:28
/home/jupyter-deuk-c4e4/.conda/envs/ts310/lib/python3.10/site-packages/gym/envs/registration.py:595: UserWarning: [33mWARN: Overriding environment maze2d-open-v0[0m
  logger.warn(f"Overriding environment {id}")
/home/jupyter-deuk-c4e4/.conda/envs/ts310/lib/python3.10/site-packages/gym/envs/registration.py:595: UserWarning: [33mWARN: Overriding environment maze2d-umaze-v0[0m
  logger.warn(f"Overriding environment {id}")
/home/jupyter-deuk-c4e4/.conda/envs/ts310/lib/python3.10/site-packages/gym/envs/registration.py:595: UserWarning: [33mWARN: Overriding environment maze2d-medium-v0[0m
  logger.warn(f"Overriding environment {id}")
/home/jupyter-deuk-c4e4/.conda/envs/ts310/lib/python3.10/site-packages/gym/envs/registration.py:595: UserWarning: [33mWARN: Overriding environment maze2d-large-v0[0m
  logger.warn(f"Overriding environment {id}")
/home/jupyter-deuk-c4e4/.conda/envs/ts310/lib/python3.10/site-packages/gym/envs/registration.py:595: UserWarning: [33mWARN: Overriding environment maze2d-umaze-v1[0m
  logger.warn(f"Overriding environment {id}")
/home/jupyter-deuk-c4e4/.conda/envs/ts310/lib/python3.10/site-packages/gym/envs/registration.py:595: UserWarning: [33mWARN: Overriding environment maze2d-medium-v1[0m
  logger.warn(f"Overriding environment {id}")
/home/jupyter-deuk-c4e4/.conda/envs/ts310/lib/python3.10/site-packages/gym/envs/registration.py:595: UserWarning: [33mWARN: Overriding environment maze2d-large-v1[0m
  logger.warn(f"Overriding environment {id}")
/home/jupyter-deuk-c4e4/.conda/envs/ts310/lib/python3.10/site-packages/gym/envs/registration.py:595: UserWarning: [33mWARN: Overriding environment maze2d-eval-umaze-v1[0m
  logger.warn(f"Overriding environment {id}")
/home/jupyter-deuk-c4e4/.conda/envs/ts310/lib/python3.10/site-packages/gym/envs/registration.py:595: UserWarning: [33mWARN: Overriding environment maze2d-eval-medium-v1[0m
  logger.warn(f"Overriding environment {id}")
/home/jupyter-deuk-c4e4/.conda/envs/ts310/lib/python3.10/site-packages/gym/envs/registration.py:595: UserWarning: [33mWARN: Overriding environment maze2d-eval-large-v1[0m
  logger.warn(f"Overriding environment {id}")
/home/jupyter-deuk-c4e4/.conda/envs/ts310/lib/python3.10/site-packages/gym/envs/registration.py:595: UserWarning: [33mWARN: Overriding environment maze2d-open-dense-v0[0m
  logger.warn(f"Overriding environment {id}")
/home/jupyter-deuk-c4e4/.conda/envs/ts310/lib/python3.10/site-packages/gym/envs/registration.py:595: UserWarning: [33mWARN: Overriding environment maze2d-umaze-dense-v0[0m
  logger.warn(f"Overriding environment {id}")
/home/jupyter-deuk-c4e4/.conda/envs/ts310/lib/python3.10/site-packages/gym/envs/registration.py:595: UserWarning: [33mWARN: Overriding environment maze2d-medium-dense-v0[0m
  logger.warn(f"Overriding environment {id}")
/home/jupyter-deuk-c4e4/.conda/envs/ts310/lib/python3.10/site-packages/gym/envs/registration.py:595: UserWarning: [33mWARN: Overriding environment maze2d-large-dense-v0[0m
  logger.warn(f"Overriding environment {id}")
/home/jupyter-deuk-c4e4/.conda/envs/ts310/lib/python3.10/site-packages/gym/envs/registration.py:595: UserWarning: [33mWARN: Overriding environment maze2d-umaze-dense-v1[0m
  logger.warn(f"Overriding environment {id}")
/home/jupyter-deuk-c4e4/.conda/envs/ts310/lib/python3.10/site-packages/gym/envs/registration.py:595: UserWarning: [33mWARN: Overriding environment maze2d-medium-dense-v1[0m
  logger.warn(f"Overriding environment {id}")
/home/jupyter-deuk-c4e4/.conda/envs/ts310/lib/python3.10/site-packages/gym/envs/registration.py:595: UserWarning: [33mWARN: Overriding environment maze2d-large-dense-v1[0m
  logger.warn(f"Overriding environment {id}")
/home/jupyter-deuk-c4e4/.conda/envs/ts310/lib/python3.10/site-packages/gym/envs/registration.py:595: UserWarning: [33mWARN: Overriding environment maze2d-eval-umaze-dense-v1[0m
  logger.warn(f"Overriding environment {id}")
/home/jupyter-deuk-c4e4/.conda/envs/ts310/lib/python3.10/site-packages/gym/envs/registration.py:595: UserWarning: [33mWARN: Overriding environment maze2d-eval-medium-dense-v1[0m
  logger.warn(f"Overriding environment {id}")
/home/jupyter-deuk-c4e4/.conda/envs/ts310/lib/python3.10/site-packages/gym/envs/registration.py:595: UserWarning: [33mWARN: Overriding environment maze2d-eval-large-dense-v1[0m
  logger.warn(f"Overriding environment {id}")
/opt/dlami/nvme/home/jupyter-deuk-c4e4/temporal-straightening/custom_resolvers.py:4: UserWarning: 
The version_base parameter is not specified.
Please specify a compatability version level, or None.
Will assume defaults for version 1.1
  @hydra.main(config_path=None)
[2026-07-25 16:06:29,931][__main__][INFO] - Planning result saved dir: /opt/dlami/nvme/home/jupyter-deuk-c4e4/pusht-reproduction/straightening_reproduction/plan/mpc_seed_200/chunk_20
/home/jupyter-deuk-c4e4/.conda/envs/ts310/lib/python3.10/site-packages/wandb/sdk/internal/internal_api.py:30: UserWarning: pkg_resources is deprecated as an API. See https://setuptools.pypa.io/en/latest/pkg_resources.html. The pkg_resources package is slated for removal as early as 2025-11-30. Refrain from using this package or pin to Setuptools<81.
  from pkg_resources import parse_version
Using cache found in /home/jupyter-deuk-c4e4/.cache/torch/hub/facebookresearch_dinov2_81b2b6419385
Loaded 18685 rollouts
Loaded 21 rollouts
[2026-07-25 16:06:32,473][dinov2][INFO] - using MLP layer as FFN
[2026-07-25 16:06:32,967][models.dino][WARNING] - Unknown projector 'none' for patch tokens; proceeding without projector.
Resuming from epoch 2: /home/jupyter-deuk-c4e4/pusht-reproduction/straightening_reproduction/test/pusht_aggmlpcos1e-1_agg32_projchannel_dim8_hw14_sgTrue_lr1e-05/checkpoints/model_2.pth
[2026-07-25 16:06:33,312][models.visual_world_model][INFO] - num_action_repeat: 1
[2026-07-25 16:06:33,312][models.visual_world_model][INFO] - num_proprio_repeat: 1
[2026-07-25 16:06:33,312][models.visual_world_model][INFO] - proprio encoder: ProprioceptiveEmbedding(
  (patch_embed): Conv1d(4, 10, kernel_size=(1,), stride=(1,))
  (norm): LayerNorm((10,), eps=1e-05, elementwise_affine=True)
)
[2026-07-25 16:06:33,312][models.visual_world_model][INFO] - action encoder: ProprioceptiveEmbedding(
  (patch_embed): Conv1d(10, 10, kernel_size=(1,), stride=(1,))
  (norm): LayerNorm((10,), eps=1e-05, elementwise_affine=True)
)
[2026-07-25 16:06:33,312][models.visual_world_model][INFO] - proprio_dim: 10, after repeat: 10
[2026-07-25 16:06:33,312][models.visual_world_model][INFO] - action_dim: 10, after repeat: 10
[2026-07-25 16:06:33,312][models.visual_world_model][INFO] - emb_dim: 28
[2026-07-25 16:06:33,312][models.visual_world_model][INFO] - Straightening disabled
[2026-07-25 16:06:33,312][models.visual_world_model][INFO] - Speed constancy disabled
[2026-07-25 16:06:33,312][models.visual_world_model][INFO] - Trajectory penalty disabled
[2026-07-25 16:06:33,312][models.visual_world_model][INFO] - Stop-grad enabled: True
[2026-07-25 16:06:33,313][models.visual_world_model][INFO] - VCReg enabled: False, apply_to=enc, std_coeff=0.0, cov_coeff=0.0
[2026-07-25 16:06:33,313][models.visual_world_model][INFO] - Model emb_dim: 28
[timing] setup_model_s=3.384
eval_seed:  [4001, 4201, 4401, 4601, 4801, 5001, 5201, 5401, 5601, 5801]
Dumped plan targets to /opt/dlami/nvme/home/jupyter-deuk-c4e4/pusht-reproduction/straightening_reproduction/plan/mpc_seed_200/chunk_20/plan_targets.pkl
[timing] setup_workspace_s=5.737

MPC iter 0 Eval ------- 
Success rate:  0.0
{'success': array([False, False, False, False, False, False, False, False, False,
       False]), 'state_dist': array([ 87.74743 ,  90.521286,  95.56161 , 268.4222  , 211.11427 ,
       128.52936 ,  87.56155 ,  53.53275 , 253.22765 , 155.22426 ],
      dtype=float32)}
self.is_success:  [False False False False False False False False False False]

MPC iter 1 Eval ------- 
Success rate:  0.0
{'success': array([False, False, False, False, False, False, False, False, False,
       False]), 'state_dist': array([ 63.077206,  73.51284 ,  90.17798 , 236.86491 , 215.53394 ,
       103.47639 ,  74.932106,  57.96835 , 165.16667 , 112.16907 ],
      dtype=float32)}
self.is_success:  [False False False False False False False False False False]

MPC iter 2 Eval ------- 
Success rate:  0.0
{'success': array([False, False, False, False, False, False, False, False, False,
       False]), 'state_dist': array([ 54.02961 , 104.327835,  85.37449 , 204.0161  , 149.56383 ,
        76.27407 ,  71.04663 , 125.258286, 135.57784 , 102.33344 ],
      dtype=float32)}
self.is_success:  [False False False False False False False False False False]

MPC iter 3 Eval ------- 
Success rate:  0.1
{'success': array([False, False, False, False, False, False, False,  True, False,
       False]), 'state_dist': array([ 48.436825, 127.044716,  44.82314 , 180.09279 , 121.77052 ,
        84.26383 , 112.83326 , 137.54095 , 181.70789 , 209.04697 ],
      dtype=float32)}
self.is_success:  [False False False False False False False  True False False]

MPC iter 4 Eval ------- 
Success rate:  0.2
{'success': array([False, False, False, False, False,  True, False,  True, False,
       False]), 'state_dist': array([ 48.707924,  58.970444,  56.962566,  75.50222 ,  47.947533,
       182.35587 , 121.41905 , 137.54095 , 135.57948 , 132.5773  ],
      dtype=float32)}
self.is_success:  [False False False False False  True False  True False False]

MPC iter 5 Eval ------- 
Success rate:  0.6
{'success': array([ True,  True,  True, False, False,  True,  True,  True, False,
       False]), 'state_dist': array([ 26.02659 ,  76.21726 ,  54.38845 ,  41.171165,  82.498604,
       182.35587 ,  81.65089 , 137.54095 ,  58.012917,  89.53916 ],
      dtype=float32)}
self.is_success:  [ True  True  True False False  True  True  True False False]

MPC iter 6 Eval ------- 
Success rate:  0.7
{'success': array([ True,  True,  True, False, False,  True,  True,  True, False,
        True]), 'state_dist': array([ 26.02659 ,  76.21726 ,  54.38845 ,  44.482574,  44.952904,
       182.35587 ,  81.65089 , 137.54095 ,  38.927982,  31.425478],
      dtype=float32)}
self.is_success:  [ True  True  True False False  True  True  True False  True]

MPC iter 7 Eval ------- 
Success rate:  0.8
{'success': array([ True,  True,  True, False, False,  True,  True,  True,  True,
        True]), 'state_dist': array([ 26.02659 ,  76.21726 ,  54.38845 ,  47.77136 , 199.18208 ,
       182.35587 ,  81.65089 , 137.54095 ,  41.544117,  31.425478],
      dtype=float32)}
self.is_success:  [ True  True  True False False  True  True  True  True  True]

MPC iter 8 Eval ------- 
Success rate:  0.8
{'success': array([ True,  True,  True, False, False,  True,  True,  True,  True,
        True]), 'state_dist': array([ 26.02659 ,  76.21726 ,  54.38845 ,  50.16459 , 176.89348 ,
       182.35587 ,  81.65089 , 137.54095 ,  41.544117,  31.425478],
      dtype=float32)}
self.is_success:  [ True  True  True False False  True  True  True  True  True]

MPC iter 9 Eval ------- 
Success rate:  0.9
{'success': array([ True,  True,  True, False,  True,  True,  True,  True,  True,
        True]), 'state_dist': array([ 26.02659 ,  76.21726 ,  54.38845 ,  46.311764,  29.553257,
       182.35587 ,  81.65089 , 137.54095 ,  41.544117,  31.425478],
      dtype=float32)}
self.is_success:  [ True  True  True False  True  True  True  True  True  True]

MPC iter 10 Eval ------- 
Success rate:  0.9
{'success': array([ True,  True,  True, False,  True,  True,  True,  True,  True,
        True]), 'state_dist': array([ 26.02659 ,  76.21726 ,  54.38845 ,  49.389015,  29.553257,
       182.35587 ,  81.65089 , 137.54095 ,  41.544117,  31.425478],
      dtype=float32)}
self.is_success:  [ True  True  True False  True  True  True  True  True  True]

MPC iter 11 Eval ------- 
Success rate:  0.9
{'success': array([ True,  True,  True, False,  True,  True,  True,  True,  True,
        True]), 'state_dist': array([ 26.02659 ,  76.21726 ,  54.38845 ,  49.74537 ,  29.553257,
       182.35587 ,  81.65089 , 137.54095 ,  41.544117,  31.425478],
      dtype=float32)}
self.is_success:  [ True  True  True False  True  True  True  True  True  True]

MPC iter 12 Eval ------- 
Success rate:  0.9
{'success': array([ True,  True,  True, False,  True,  True,  True,  True,  True,
        True]), 'state_dist': array([ 26.02659 ,  76.21726 ,  54.38845 ,  46.585045,  29.553257,
       182.35587 ,  81.65089 , 137.54095 ,  41.544117,  31.425478],
      dtype=float32)}
self.is_success:  [ True  True  True False  True  True  True  True  True  True]

MPC iter 13 Eval ------- 
Success rate:  0.9
{'success': array([ True,  True,  True, False,  True,  True,  True,  True,  True,
        True]), 'state_dist': array([ 26.02659 ,  76.21726 ,  54.38845 ,  49.34612 ,  29.553257,
       182.35587 ,  81.65089 , 137.54095 ,  41.544117,  31.425478],
      dtype=float32)}
self.is_success:  [ True  True  True False  True  True  True  True  True  True]

MPC iter 14 Eval ------- 
Success rate:  0.9
{'success': array([ True,  True,  True, False,  True,  True,  True,  True,  True,
        True]), 'state_dist': array([ 26.02659 ,  76.21726 ,  54.38845 ,  49.745018,  29.553257,
       182.35587 ,  81.65089 , 137.54095 ,  41.544117,  31.425478],
      dtype=float32)}
self.is_success:  [ True  True  True False  True  True  True  True  True  True]

MPC iter 15 Eval ------- 
Success rate:  0.9
{'success': array([ True,  True,  True, False,  True,  True,  True,  True,  True,
        True]), 'state_dist': array([ 26.02659 ,  76.21726 ,  54.38845 ,  46.610962,  29.553257,
       182.35587 ,  81.65089 , 137.54095 ,  41.544117,  31.425478],
      dtype=float32)}
self.is_success:  [ True  True  True False  True  True  True  True  True  True]

MPC iter 16 Eval ------- 
Success rate:  0.9
{'success': array([ True,  True,  True, False,  True,  True,  True,  True,  True,
        True]), 'state_dist': array([ 26.02659 ,  76.21726 ,  54.38845 ,  49.357178,  29.553257,
       182.35587 ,  81.65089 , 137.54095 ,  41.544117,  31.425478],
      dtype=float32)}
self.is_success:  [ True  True  True False  True  True  True  True  True  True]

MPC iter 17 Eval ------- 
Success rate:  0.9
{'success': array([ True,  True,  True, False,  True,  True,  True,  True,  True,
        True]), 'state_dist': array([ 26.02659 ,  76.21726 ,  54.38845 ,  49.7384  ,  29.553257,
       182.35587 ,  81.65089 , 137.54095 ,  41.544117,  31.425478],
      dtype=float32)}
self.is_success:  [ True  True  True False  True  True  True  True  True  True]

MPC iter 18 Eval ------- 
Success rate:  0.9
{'success': array([ True,  True,  True, False,  True,  True,  True,  True,  True,
        True]), 'state_dist': array([ 26.02659 ,  76.21726 ,  54.38845 ,  46.597034,  29.553257,
       182.35587 ,  81.65089 , 137.54095 ,  41.544117,  31.425478],
      dtype=float32)}
self.is_success:  [ True  True  True False  True  True  True  True  True  True]

MPC iter 19 Eval ------- 
Success rate:  0.9
{'success': array([ True,  True,  True, False,  True,  True,  True,  True,  True,
        True]), 'state_dist': array([ 26.02659 ,  76.21726 ,  54.38845 ,  49.369576,  29.553257,
       182.35587 ,  81.65089 , 137.54095 ,  41.544117,  31.425478],
      dtype=float32)}
self.is_success:  [ True  True  True False  True  True  True  True  True  True]
Success rate:  0.9
{'success': array([ True,  True,  True, False,  True,  True,  True,  True,  True,
        True]), 'state_dist': array([ 26.02659 ,  76.21726 ,  54.38845 ,  49.369576,  29.553257,
       182.35587 ,  81.65089 , 137.54095 ,  41.544117,  31.425478],
      dtype=float32)}
[timing] perform_planning_s=448.817
[timing] total_planning_main_s=457.938
