/home/jupyter-deuk-c4e4/.conda/envs/ts310/lib/python3.10/site-packages/wandb/sdk/internal/internal_api.py:30: UserWarning: pkg_resources is deprecated as an API. See https://setuptools.pypa.io/en/latest/pkg_resources.html. The pkg_resources package is slated for removal as early as 2025-11-30. Refrain from using this package or pin to Setuptools<81.
  from pkg_resources import parse_version
/home/jupyter-deuk-c4e4/.conda/envs/ts310/lib/python3.10/site-packages/pkg_resources/__init__.py:3148: DeprecationWarning: Deprecated call to `pkg_resources.declare_namespace('mpl_toolkits')`.
Implementing implicit namespace packages (as specified in PEP 420) is preferred to `pkg_resources.declare_namespace`. See https://setuptools.pypa.io/en/latest/references/keywords.html#keyword-namespace-packages
  declare_namespace(pkg)
/home/jupyter-deuk-c4e4/.conda/envs/ts310/lib/python3.10/site-packages/pkg_resources/__init__.py:3148: DeprecationWarning: Deprecated call to `pkg_resources.declare_namespace('google')`.
Implementing implicit namespace packages (as specified in PEP 420) is preferred to `pkg_resources.declare_namespace`. See https://setuptools.pypa.io/en/latest/references/keywords.html#keyword-namespace-packages
  declare_namespace(pkg)
/home/jupyter-deuk-c4e4/.conda/envs/ts310/lib/python3.10/site-packages/Cython/Distutils/old_build_ext.py:15: DeprecationWarning: dep_util is Deprecated. Use functions from setuptools instead.
  from distutils.dep_util import newer, newer_group
<frozen importlib._bootstrap>:283: DeprecationWarning: the load_module() method is deprecated and slated for removal in Python 3.12; use exec_module() instead
Warning: Mujoco-based envs failed to import. Set the environment variable D4RL_SUPPRESS_IMPORT_ERROR=1 to suppress this message.
No module named 'mjrl'
Warning: Flow failed to import. Set the environment variable D4RL_SUPPRESS_IMPORT_ERROR=1 to suppress this message.
No module named 'flow'
Warning: CARLA failed to import. Set the environment variable D4RL_SUPPRESS_IMPORT_ERROR=1 to suppress this message.
No module named 'carla'
pybullet build time: Jan 29 2025 23:16:28
/home/jupyter-deuk-c4e4/.conda/envs/ts310/lib/python3.10/site-packages/gym/envs/registration.py:595: UserWarning: [33mWARN: Overriding environment maze2d-open-v0[0m
  logger.warn(f"Overriding environment {id}")
/home/jupyter-deuk-c4e4/.conda/envs/ts310/lib/python3.10/site-packages/gym/envs/registration.py:595: UserWarning: [33mWARN: Overriding environment maze2d-umaze-v0[0m
  logger.warn(f"Overriding environment {id}")
/home/jupyter-deuk-c4e4/.conda/envs/ts310/lib/python3.10/site-packages/gym/envs/registration.py:595: UserWarning: [33mWARN: Overriding environment maze2d-medium-v0[0m
  logger.warn(f"Overriding environment {id}")
/home/jupyter-deuk-c4e4/.conda/envs/ts310/lib/python3.10/site-packages/gym/envs/registration.py:595: UserWarning: [33mWARN: Overriding environment maze2d-large-v0[0m
  logger.warn(f"Overriding environment {id}")
/home/jupyter-deuk-c4e4/.conda/envs/ts310/lib/python3.10/site-packages/gym/envs/registration.py:595: UserWarning: [33mWARN: Overriding environment maze2d-umaze-v1[0m
  logger.warn(f"Overriding environment {id}")
/home/jupyter-deuk-c4e4/.conda/envs/ts310/lib/python3.10/site-packages/gym/envs/registration.py:595: UserWarning: [33mWARN: Overriding environment maze2d-medium-v1[0m
  logger.warn(f"Overriding environment {id}")
/home/jupyter-deuk-c4e4/.conda/envs/ts310/lib/python3.10/site-packages/gym/envs/registration.py:595: UserWarning: [33mWARN: Overriding environment maze2d-large-v1[0m
  logger.warn(f"Overriding environment {id}")
/home/jupyter-deuk-c4e4/.conda/envs/ts310/lib/python3.10/site-packages/gym/envs/registration.py:595: UserWarning: [33mWARN: Overriding environment maze2d-eval-umaze-v1[0m
  logger.warn(f"Overriding environment {id}")
/home/jupyter-deuk-c4e4/.conda/envs/ts310/lib/python3.10/site-packages/gym/envs/registration.py:595: UserWarning: [33mWARN: Overriding environment maze2d-eval-medium-v1[0m
  logger.warn(f"Overriding environment {id}")
/home/jupyter-deuk-c4e4/.conda/envs/ts310/lib/python3.10/site-packages/gym/envs/registration.py:595: UserWarning: [33mWARN: Overriding environment maze2d-eval-large-v1[0m
  logger.warn(f"Overriding environment {id}")
/home/jupyter-deuk-c4e4/.conda/envs/ts310/lib/python3.10/site-packages/gym/envs/registration.py:595: UserWarning: [33mWARN: Overriding environment maze2d-open-dense-v0[0m
  logger.warn(f"Overriding environment {id}")
/home/jupyter-deuk-c4e4/.conda/envs/ts310/lib/python3.10/site-packages/gym/envs/registration.py:595: UserWarning: [33mWARN: Overriding environment maze2d-umaze-dense-v0[0m
  logger.warn(f"Overriding environment {id}")
/home/jupyter-deuk-c4e4/.conda/envs/ts310/lib/python3.10/site-packages/gym/envs/registration.py:595: UserWarning: [33mWARN: Overriding environment maze2d-medium-dense-v0[0m
  logger.warn(f"Overriding environment {id}")
/home/jupyter-deuk-c4e4/.conda/envs/ts310/lib/python3.10/site-packages/gym/envs/registration.py:595: UserWarning: [33mWARN: Overriding environment maze2d-large-dense-v0[0m
  logger.warn(f"Overriding environment {id}")
/home/jupyter-deuk-c4e4/.conda/envs/ts310/lib/python3.10/site-packages/gym/envs/registration.py:595: UserWarning: [33mWARN: Overriding environment maze2d-umaze-dense-v1[0m
  logger.warn(f"Overriding environment {id}")
/home/jupyter-deuk-c4e4/.conda/envs/ts310/lib/python3.10/site-packages/gym/envs/registration.py:595: UserWarning: [33mWARN: Overriding environment maze2d-medium-dense-v1[0m
  logger.warn(f"Overriding environment {id}")
/home/jupyter-deuk-c4e4/.conda/envs/ts310/lib/python3.10/site-packages/gym/envs/registration.py:595: UserWarning: [33mWARN: Overriding environment maze2d-large-dense-v1[0m
  logger.warn(f"Overriding environment {id}")
/home/jupyter-deuk-c4e4/.conda/envs/ts310/lib/python3.10/site-packages/gym/envs/registration.py:595: UserWarning: [33mWARN: Overriding environment maze2d-eval-umaze-dense-v1[0m
  logger.warn(f"Overriding environment {id}")
/home/jupyter-deuk-c4e4/.conda/envs/ts310/lib/python3.10/site-packages/gym/envs/registration.py:595: UserWarning: [33mWARN: Overriding environment maze2d-eval-medium-dense-v1[0m
  logger.warn(f"Overriding environment {id}")
/home/jupyter-deuk-c4e4/.conda/envs/ts310/lib/python3.10/site-packages/gym/envs/registration.py:595: UserWarning: [33mWARN: Overriding environment maze2d-eval-large-dense-v1[0m
  logger.warn(f"Overriding environment {id}")
/opt/dlami/nvme/home/jupyter-deuk-c4e4/temporal-straightening/custom_resolvers.py:4: UserWarning: 
The version_base parameter is not specified.
Please specify a compatability version level, or None.
Will assume defaults for version 1.1
  @hydra.main(config_path=None)
[2026-07-25 15:43:18,940][__main__][INFO] - Planning result saved dir: /opt/dlami/nvme/home/jupyter-deuk-c4e4/pusht-reproduction/straightening_reproduction/plan/mpc_seed_100/chunk_40
/home/jupyter-deuk-c4e4/.conda/envs/ts310/lib/python3.10/site-packages/wandb/sdk/internal/internal_api.py:30: UserWarning: pkg_resources is deprecated as an API. See https://setuptools.pypa.io/en/latest/pkg_resources.html. The pkg_resources package is slated for removal as early as 2025-11-30. Refrain from using this package or pin to Setuptools<81.
  from pkg_resources import parse_version
Using cache found in /home/jupyter-deuk-c4e4/.cache/torch/hub/facebookresearch_dinov2_81b2b6419385
Loaded 18685 rollouts
Loaded 21 rollouts
[2026-07-25 15:43:21,392][dinov2][INFO] - using MLP layer as FFN
[2026-07-25 15:43:21,854][models.dino][WARNING] - Unknown projector 'none' for patch tokens; proceeding without projector.
Resuming from epoch 2: /home/jupyter-deuk-c4e4/pusht-reproduction/straightening_reproduction/test/pusht_aggmlpcos1e-1_agg32_projchannel_dim8_hw14_sgTrue_lr1e-05/checkpoints/model_2.pth
[2026-07-25 15:43:22,210][models.visual_world_model][INFO] - num_action_repeat: 1
[2026-07-25 15:43:22,210][models.visual_world_model][INFO] - num_proprio_repeat: 1
[2026-07-25 15:43:22,210][models.visual_world_model][INFO] - proprio encoder: ProprioceptiveEmbedding(
  (patch_embed): Conv1d(4, 10, kernel_size=(1,), stride=(1,))
  (norm): LayerNorm((10,), eps=1e-05, elementwise_affine=True)
)
[2026-07-25 15:43:22,210][models.visual_world_model][INFO] - action encoder: ProprioceptiveEmbedding(
  (patch_embed): Conv1d(10, 10, kernel_size=(1,), stride=(1,))
  (norm): LayerNorm((10,), eps=1e-05, elementwise_affine=True)
)
[2026-07-25 15:43:22,210][models.visual_world_model][INFO] - proprio_dim: 10, after repeat: 10
[2026-07-25 15:43:22,210][models.visual_world_model][INFO] - action_dim: 10, after repeat: 10
[2026-07-25 15:43:22,210][models.visual_world_model][INFO] - emb_dim: 28
[2026-07-25 15:43:22,210][models.visual_world_model][INFO] - Straightening disabled
[2026-07-25 15:43:22,210][models.visual_world_model][INFO] - Speed constancy disabled
[2026-07-25 15:43:22,211][models.visual_world_model][INFO] - Trajectory penalty disabled
[2026-07-25 15:43:22,211][models.visual_world_model][INFO] - Stop-grad enabled: True
[2026-07-25 15:43:22,211][models.visual_world_model][INFO] - VCReg enabled: False, apply_to=enc, std_coeff=0.0, cov_coeff=0.0
[2026-07-25 15:43:22,211][models.visual_world_model][INFO] - Model emb_dim: 28
[timing] setup_model_s=3.272
eval_seed:  [4001, 4101, 4201, 4301, 4401, 4501, 4601, 4701, 4801, 4901]
Dumped plan targets to /opt/dlami/nvme/home/jupyter-deuk-c4e4/pusht-reproduction/straightening_reproduction/plan/mpc_seed_100/chunk_40/plan_targets.pkl
[timing] setup_workspace_s=7.271

MPC iter 0 Eval ------- 
Success rate:  0.0
{'success': array([False, False, False, False, False, False, False, False, False,
       False]), 'state_dist': array([176.29353, 181.63098, 212.30156,  53.53275, 142.6009 , 261.58353,
       235.0308 , 147.76001, 246.06909, 131.68982], dtype=float32)}
self.is_success:  [False False False False False False False False False False]

MPC iter 1 Eval ------- 
Success rate:  0.0
{'success': array([False, False, False, False, False, False, False, False, False,
       False]), 'state_dist': array([153.442  , 193.58002, 157.88461,  57.96835, 127.53775, 227.96037,
       246.83458, 130.88809, 214.90347, 127.99603], dtype=float32)}
self.is_success:  [False False False False False False False False False False]

MPC iter 2 Eval ------- 
Success rate:  0.0
{'success': array([False, False, False, False, False, False, False, False, False,
       False]), 'state_dist': array([117.63813 , 164.74446 , 129.20209 , 125.258286, 101.45786 ,
       190.17659 , 244.77144 , 133.34908 , 186.37392 , 129.7624  ],
      dtype=float32)}
self.is_success:  [False False False False False False False False False False]

MPC iter 3 Eval ------- 
Success rate:  0.1
{'success': array([False, False, False,  True, False, False, False, False, False,
       False]), 'state_dist': array([ 78.6571  , 150.41418 , 210.45291 , 137.54095 ,  88.13325 ,
        96.364426, 153.15918 , 155.14462 , 334.47983 , 127.80168 ],
      dtype=float32)}
self.is_success:  [False False False  True False False False False False False]

MPC iter 4 Eval ------- 
Success rate:  0.3
{'success': array([False, False,  True,  True, False, False,  True, False, False,
       False]), 'state_dist': array([ 65.94234 ,  79.99721 ,  49.05351 , 137.54095 ,  85.25834 ,
        61.839947, 106.85681 , 157.03204 , 182.34348 , 115.83719 ],
      dtype=float32)}
self.is_success:  [False False  True  True False False  True False False False]

MPC iter 5 Eval ------- 
Success rate:  0.4
{'success': array([False, False,  True,  True, False,  True,  True, False, False,
       False]), 'state_dist': array([ 45.2952  ,  97.57336 ,  49.05351 , 137.54095 ,  57.733883,
        84.17319 , 106.85681 ,  39.63774 , 158.89168 ,  97.22391 ],
      dtype=float32)}
self.is_success:  [False False  True  True False  True  True False False False]

MPC iter 6 Eval ------- 
Success rate:  0.9
{'success': array([ True,  True,  True,  True,  True,  True,  True, False,  True,
        True]), 'state_dist': array([ 24.161104,  46.52951 ,  49.05351 , 137.54095 ,  18.651878,
        84.17319 , 106.85681 , 133.78313 ,  92.64581 ,  83.78704 ],
      dtype=float32)}
self.is_success:  [ True  True  True  True  True  True  True False  True  True]

MPC iter 7 Eval ------- 
Success rate:  0.9
{'success': array([ True,  True,  True,  True,  True,  True,  True, False,  True,
        True]), 'state_dist': array([ 24.161104,  46.52951 ,  49.05351 , 137.54095 ,  18.651878,
        84.17319 , 106.85681 , 110.99499 ,  92.64581 ,  83.78704 ],
      dtype=float32)}
self.is_success:  [ True  True  True  True  True  True  True False  True  True]

MPC iter 8 Eval ------- 
Success rate:  0.9
{'success': array([ True,  True,  True,  True,  True,  True,  True, False,  True,
        True]), 'state_dist': array([ 24.161104,  46.52951 ,  49.05351 , 137.54095 ,  18.651878,
        84.17319 , 106.85681 , 139.03033 ,  92.64581 ,  83.78704 ],
      dtype=float32)}
self.is_success:  [ True  True  True  True  True  True  True False  True  True]

MPC iter 9 Eval ------- 
Success rate:  0.9
{'success': array([ True,  True,  True,  True,  True,  True,  True, False,  True,
        True]), 'state_dist': array([ 24.161104,  46.52951 ,  49.05351 , 137.54095 ,  18.651878,
        84.17319 , 106.85681 ,  38.243084,  92.64581 ,  83.78704 ],
      dtype=float32)}
self.is_success:  [ True  True  True  True  True  True  True False  True  True]

MPC iter 10 Eval ------- 
Success rate:  0.9
{'success': array([ True,  True,  True,  True,  True,  True,  True, False,  True,
        True]), 'state_dist': array([ 24.161104,  46.52951 ,  49.05351 , 137.54095 ,  18.651878,
        84.17319 , 106.85681 ,  47.826035,  92.64581 ,  83.78704 ],
      dtype=float32)}
self.is_success:  [ True  True  True  True  True  True  True False  True  True]

MPC iter 11 Eval ------- 
Success rate:  0.9
{'success': array([ True,  True,  True,  True,  True,  True,  True, False,  True,
        True]), 'state_dist': array([ 24.161104,  46.52951 ,  49.05351 , 137.54095 ,  18.651878,
        84.17319 , 106.85681 ,  32.30881 ,  92.64581 ,  83.78704 ],
      dtype=float32)}
self.is_success:  [ True  True  True  True  True  True  True False  True  True]

MPC iter 12 Eval ------- 
Success rate:  0.9
{'success': array([ True,  True,  True,  True,  True,  True,  True, False,  True,
        True]), 'state_dist': array([ 24.161104,  46.52951 ,  49.05351 , 137.54095 ,  18.651878,
        84.17319 , 106.85681 ,  36.476906,  92.64581 ,  83.78704 ],
      dtype=float32)}
self.is_success:  [ True  True  True  True  True  True  True False  True  True]

MPC iter 13 Eval ------- 
Success rate:  0.9
{'success': array([ True,  True,  True,  True,  True,  True,  True, False,  True,
        True]), 'state_dist': array([ 24.161104,  46.52951 ,  49.05351 , 137.54095 ,  18.651878,
        84.17319 , 106.85681 ,  55.33557 ,  92.64581 ,  83.78704 ],
      dtype=float32)}
self.is_success:  [ True  True  True  True  True  True  True False  True  True]

MPC iter 14 Eval ------- 
Success rate:  0.9
{'success': array([ True,  True,  True,  True,  True,  True,  True, False,  True,
        True]), 'state_dist': array([ 24.161104,  46.52951 ,  49.05351 , 137.54095 ,  18.651878,
        84.17319 , 106.85681 ,  40.73551 ,  92.64581 ,  83.78704 ],
      dtype=float32)}
self.is_success:  [ True  True  True  True  True  True  True False  True  True]

MPC iter 15 Eval ------- 
Success rate:  0.9
{'success': array([ True,  True,  True,  True,  True,  True,  True, False,  True,
        True]), 'state_dist': array([ 24.161104,  46.52951 ,  49.05351 , 137.54095 ,  18.651878,
        84.17319 , 106.85681 ,  46.161026,  92.64581 ,  83.78704 ],
      dtype=float32)}
self.is_success:  [ True  True  True  True  True  True  True False  True  True]

MPC iter 16 Eval ------- 
Success rate:  0.9
{'success': array([ True,  True,  True,  True,  True,  True,  True, False,  True,
        True]), 'state_dist': array([ 24.161104,  46.52951 ,  49.05351 , 137.54095 ,  18.651878,
        84.17319 , 106.85681 ,  45.416466,  92.64581 ,  83.78704 ],
      dtype=float32)}
self.is_success:  [ True  True  True  True  True  True  True False  True  True]

MPC iter 17 Eval ------- 
Success rate:  0.9
{'success': array([ True,  True,  True,  True,  True,  True,  True, False,  True,
        True]), 'state_dist': array([ 24.161104,  46.52951 ,  49.05351 , 137.54095 ,  18.651878,
        84.17319 , 106.85681 ,  51.481403,  92.64581 ,  83.78704 ],
      dtype=float32)}
self.is_success:  [ True  True  True  True  True  True  True False  True  True]

MPC iter 18 Eval ------- 
Success rate:  0.9
{'success': array([ True,  True,  True,  True,  True,  True,  True, False,  True,
        True]), 'state_dist': array([ 24.161104,  46.52951 ,  49.05351 , 137.54095 ,  18.651878,
        84.17319 , 106.85681 ,  69.142426,  92.64581 ,  83.78704 ],
      dtype=float32)}
self.is_success:  [ True  True  True  True  True  True  True False  True  True]

MPC iter 19 Eval ------- 
Success rate:  0.9
{'success': array([ True,  True,  True,  True,  True,  True,  True, False,  True,
        True]), 'state_dist': array([ 24.161104,  46.52951 ,  49.05351 , 137.54095 ,  18.651878,
        84.17319 , 106.85681 ,  55.755783,  92.64581 ,  83.78704 ],
      dtype=float32)}
self.is_success:  [ True  True  True  True  True  True  True False  True  True]
Success rate:  0.9
{'success': array([ True,  True,  True,  True,  True,  True,  True, False,  True,
        True]), 'state_dist': array([ 24.161104,  46.52951 ,  49.05351 , 137.54095 ,  18.651878,
        84.17319 , 106.85681 ,  55.755783,  92.64581 ,  83.78704 ],
      dtype=float32)}
[timing] perform_planning_s=448.974
[timing] total_planning_main_s=459.517
