/home/jupyter-deuk-c4e4/.conda/envs/ts310/lib/python3.10/site-packages/wandb/sdk/internal/internal_api.py:30: UserWarning: pkg_resources is deprecated as an API. See https://setuptools.pypa.io/en/latest/pkg_resources.html. The pkg_resources package is slated for removal as early as 2025-11-30. Refrain from using this package or pin to Setuptools<81.
  from pkg_resources import parse_version
/home/jupyter-deuk-c4e4/.conda/envs/ts310/lib/python3.10/site-packages/pkg_resources/__init__.py:3148: DeprecationWarning: Deprecated call to `pkg_resources.declare_namespace('mpl_toolkits')`.
Implementing implicit namespace packages (as specified in PEP 420) is preferred to `pkg_resources.declare_namespace`. See https://setuptools.pypa.io/en/latest/references/keywords.html#keyword-namespace-packages
  declare_namespace(pkg)
/home/jupyter-deuk-c4e4/.conda/envs/ts310/lib/python3.10/site-packages/pkg_resources/__init__.py:3148: DeprecationWarning: Deprecated call to `pkg_resources.declare_namespace('google')`.
Implementing implicit namespace packages (as specified in PEP 420) is preferred to `pkg_resources.declare_namespace`. See https://setuptools.pypa.io/en/latest/references/keywords.html#keyword-namespace-packages
  declare_namespace(pkg)
/home/jupyter-deuk-c4e4/.conda/envs/ts310/lib/python3.10/site-packages/Cython/Distutils/old_build_ext.py:15: DeprecationWarning: dep_util is Deprecated. Use functions from setuptools instead.
  from distutils.dep_util import newer, newer_group
<frozen importlib._bootstrap>:283: DeprecationWarning: the load_module() method is deprecated and slated for removal in Python 3.12; use exec_module() instead
Warning: Mujoco-based envs failed to import. Set the environment variable D4RL_SUPPRESS_IMPORT_ERROR=1 to suppress this message.
No module named 'mjrl'
Warning: Flow failed to import. Set the environment variable D4RL_SUPPRESS_IMPORT_ERROR=1 to suppress this message.
No module named 'flow'
Warning: CARLA failed to import. Set the environment variable D4RL_SUPPRESS_IMPORT_ERROR=1 to suppress this message.
No module named 'carla'
pybullet build time: Jan 29 2025 23:16:28
/home/jupyter-deuk-c4e4/.conda/envs/ts310/lib/python3.10/site-packages/gym/envs/registration.py:595: UserWarning: [33mWARN: Overriding environment maze2d-open-v0[0m
  logger.warn(f"Overriding environment {id}")
/home/jupyter-deuk-c4e4/.conda/envs/ts310/lib/python3.10/site-packages/gym/envs/registration.py:595: UserWarning: [33mWARN: Overriding environment maze2d-umaze-v0[0m
  logger.warn(f"Overriding environment {id}")
/home/jupyter-deuk-c4e4/.conda/envs/ts310/lib/python3.10/site-packages/gym/envs/registration.py:595: UserWarning: [33mWARN: Overriding environment maze2d-medium-v0[0m
  logger.warn(f"Overriding environment {id}")
/home/jupyter-deuk-c4e4/.conda/envs/ts310/lib/python3.10/site-packages/gym/envs/registration.py:595: UserWarning: [33mWARN: Overriding environment maze2d-large-v0[0m
  logger.warn(f"Overriding environment {id}")
/home/jupyter-deuk-c4e4/.conda/envs/ts310/lib/python3.10/site-packages/gym/envs/registration.py:595: UserWarning: [33mWARN: Overriding environment maze2d-umaze-v1[0m
  logger.warn(f"Overriding environment {id}")
/home/jupyter-deuk-c4e4/.conda/envs/ts310/lib/python3.10/site-packages/gym/envs/registration.py:595: UserWarning: [33mWARN: Overriding environment maze2d-medium-v1[0m
  logger.warn(f"Overriding environment {id}")
/home/jupyter-deuk-c4e4/.conda/envs/ts310/lib/python3.10/site-packages/gym/envs/registration.py:595: UserWarning: [33mWARN: Overriding environment maze2d-large-v1[0m
  logger.warn(f"Overriding environment {id}")
/home/jupyter-deuk-c4e4/.conda/envs/ts310/lib/python3.10/site-packages/gym/envs/registration.py:595: UserWarning: [33mWARN: Overriding environment maze2d-eval-umaze-v1[0m
  logger.warn(f"Overriding environment {id}")
/home/jupyter-deuk-c4e4/.conda/envs/ts310/lib/python3.10/site-packages/gym/envs/registration.py:595: UserWarning: [33mWARN: Overriding environment maze2d-eval-medium-v1[0m
  logger.warn(f"Overriding environment {id}")
/home/jupyter-deuk-c4e4/.conda/envs/ts310/lib/python3.10/site-packages/gym/envs/registration.py:595: UserWarning: [33mWARN: Overriding environment maze2d-eval-large-v1[0m
  logger.warn(f"Overriding environment {id}")
/home/jupyter-deuk-c4e4/.conda/envs/ts310/lib/python3.10/site-packages/gym/envs/registration.py:595: UserWarning: [33mWARN: Overriding environment maze2d-open-dense-v0[0m
  logger.warn(f"Overriding environment {id}")
/home/jupyter-deuk-c4e4/.conda/envs/ts310/lib/python3.10/site-packages/gym/envs/registration.py:595: UserWarning: [33mWARN: Overriding environment maze2d-umaze-dense-v0[0m
  logger.warn(f"Overriding environment {id}")
/home/jupyter-deuk-c4e4/.conda/envs/ts310/lib/python3.10/site-packages/gym/envs/registration.py:595: UserWarning: [33mWARN: Overriding environment maze2d-medium-dense-v0[0m
  logger.warn(f"Overriding environment {id}")
/home/jupyter-deuk-c4e4/.conda/envs/ts310/lib/python3.10/site-packages/gym/envs/registration.py:595: UserWarning: [33mWARN: Overriding environment maze2d-large-dense-v0[0m
  logger.warn(f"Overriding environment {id}")
/home/jupyter-deuk-c4e4/.conda/envs/ts310/lib/python3.10/site-packages/gym/envs/registration.py:595: UserWarning: [33mWARN: Overriding environment maze2d-umaze-dense-v1[0m
  logger.warn(f"Overriding environment {id}")
/home/jupyter-deuk-c4e4/.conda/envs/ts310/lib/python3.10/site-packages/gym/envs/registration.py:595: UserWarning: [33mWARN: Overriding environment maze2d-medium-dense-v1[0m
  logger.warn(f"Overriding environment {id}")
/home/jupyter-deuk-c4e4/.conda/envs/ts310/lib/python3.10/site-packages/gym/envs/registration.py:595: UserWarning: [33mWARN: Overriding environment maze2d-large-dense-v1[0m
  logger.warn(f"Overriding environment {id}")
/home/jupyter-deuk-c4e4/.conda/envs/ts310/lib/python3.10/site-packages/gym/envs/registration.py:595: UserWarning: [33mWARN: Overriding environment maze2d-eval-umaze-dense-v1[0m
  logger.warn(f"Overriding environment {id}")
/home/jupyter-deuk-c4e4/.conda/envs/ts310/lib/python3.10/site-packages/gym/envs/registration.py:595: UserWarning: [33mWARN: Overriding environment maze2d-eval-medium-dense-v1[0m
  logger.warn(f"Overriding environment {id}")
/home/jupyter-deuk-c4e4/.conda/envs/ts310/lib/python3.10/site-packages/gym/envs/registration.py:595: UserWarning: [33mWARN: Overriding environment maze2d-eval-large-dense-v1[0m
  logger.warn(f"Overriding environment {id}")
/opt/dlami/nvme/home/jupyter-deuk-c4e4/temporal-straightening/custom_resolvers.py:4: UserWarning: 
The version_base parameter is not specified.
Please specify a compatability version level, or None.
Will assume defaults for version 1.1
  @hydra.main(config_path=None)
[2026-07-25 16:37:23,089][__main__][INFO] - Planning result saved dir: /opt/dlami/nvme/home/jupyter-deuk-c4e4/pusht-reproduction/straightening_reproduction/plan/mpc_seed_300/chunk_10
/home/jupyter-deuk-c4e4/.conda/envs/ts310/lib/python3.10/site-packages/wandb/sdk/internal/internal_api.py:30: UserWarning: pkg_resources is deprecated as an API. See https://setuptools.pypa.io/en/latest/pkg_resources.html. The pkg_resources package is slated for removal as early as 2025-11-30. Refrain from using this package or pin to Setuptools<81.
  from pkg_resources import parse_version
Using cache found in /home/jupyter-deuk-c4e4/.cache/torch/hub/facebookresearch_dinov2_81b2b6419385
Loaded 18685 rollouts
Loaded 21 rollouts
[2026-07-25 16:37:25,581][dinov2][INFO] - using MLP layer as FFN
[2026-07-25 16:37:26,040][models.dino][WARNING] - Unknown projector 'none' for patch tokens; proceeding without projector.
Resuming from epoch 2: /home/jupyter-deuk-c4e4/pusht-reproduction/straightening_reproduction/test/pusht_aggmlpcos1e-1_agg32_projchannel_dim8_hw14_sgTrue_lr1e-05/checkpoints/model_2.pth
[2026-07-25 16:37:26,385][models.visual_world_model][INFO] - num_action_repeat: 1
[2026-07-25 16:37:26,385][models.visual_world_model][INFO] - num_proprio_repeat: 1
[2026-07-25 16:37:26,385][models.visual_world_model][INFO] - proprio encoder: ProprioceptiveEmbedding(
  (patch_embed): Conv1d(4, 10, kernel_size=(1,), stride=(1,))
  (norm): LayerNorm((10,), eps=1e-05, elementwise_affine=True)
)
[2026-07-25 16:37:26,386][models.visual_world_model][INFO] - action encoder: ProprioceptiveEmbedding(
  (patch_embed): Conv1d(10, 10, kernel_size=(1,), stride=(1,))
  (norm): LayerNorm((10,), eps=1e-05, elementwise_affine=True)
)
[2026-07-25 16:37:26,386][models.visual_world_model][INFO] - proprio_dim: 10, after repeat: 10
[2026-07-25 16:37:26,386][models.visual_world_model][INFO] - action_dim: 10, after repeat: 10
[2026-07-25 16:37:26,386][models.visual_world_model][INFO] - emb_dim: 28
[2026-07-25 16:37:26,386][models.visual_world_model][INFO] - Straightening disabled
[2026-07-25 16:37:26,386][models.visual_world_model][INFO] - Speed constancy disabled
[2026-07-25 16:37:26,386][models.visual_world_model][INFO] - Trajectory penalty disabled
[2026-07-25 16:37:26,386][models.visual_world_model][INFO] - Stop-grad enabled: True
[2026-07-25 16:37:26,386][models.visual_world_model][INFO] - VCReg enabled: False, apply_to=enc, std_coeff=0.0, cov_coeff=0.0
[2026-07-25 16:37:26,386][models.visual_world_model][INFO] - Model emb_dim: 28
[timing] setup_model_s=3.299
eval_seed:  [3001, 3301, 3601, 3901, 4201, 4501, 4801, 5101, 5401, 5701]
Dumped plan targets to /opt/dlami/nvme/home/jupyter-deuk-c4e4/pusht-reproduction/straightening_reproduction/plan/mpc_seed_300/chunk_10/plan_targets.pkl
[timing] setup_workspace_s=4.835

MPC iter 0 Eval ------- 
Success rate:  0.0
{'success': array([False, False, False, False, False, False, False, False, False,
       False]), 'state_dist': array([117.7239  , 127.89055 , 209.65692 , 146.43939 , 174.79758 ,
       122.718605, 118.648964, 200.44598 , 133.15121 , 210.453   ],
      dtype=float32)}
self.is_success:  [False False False False False False False False False False]

MPC iter 1 Eval ------- 
Success rate:  0.0
{'success': array([False, False, False, False, False, False, False, False, False,
       False]), 'state_dist': array([118.15752, 103.77239, 277.41226, 158.68425, 143.07573,  69.10467,
        98.68132, 248.64384,  77.59042, 157.81099], dtype=float32)}
self.is_success:  [False False False False False False False False False False]

MPC iter 2 Eval ------- 
Success rate:  0.1
{'success': array([False, False, False, False, False, False, False, False,  True,
       False]), 'state_dist': array([109.198715,  80.50337 , 249.44106 , 186.53737 , 170.4139  ,
        68.35837 ,  80.524605, 232.08745 ,  47.40462 , 151.00081 ],
      dtype=float32)}
self.is_success:  [False False False False False False False False  True False]

MPC iter 3 Eval ------- 
Success rate:  0.1
{'success': array([False, False, False, False, False, False, False, False,  True,
       False]), 'state_dist': array([ 90.39122 ,  74.94977 , 205.71892 , 200.46301 , 240.06235 ,
        73.52382 ,  54.922436, 315.33978 ,  47.40462 , 220.7763  ],
      dtype=float32)}
self.is_success:  [False False False False False False False False  True False]

MPC iter 4 Eval ------- 
Success rate:  0.4
{'success': array([ True, False, False, False,  True, False, False, False,  True,
        True]), 'state_dist': array([ 85.835335, 199.88876 , 153.58667 , 189.72882 , 248.16418 ,
        40.204475,  47.637375, 144.39363 ,  47.40462 , 174.5445  ],
      dtype=float32)}
self.is_success:  [ True False False False  True False False False  True  True]

MPC iter 5 Eval ------- 
Success rate:  0.7
{'success': array([ True, False, False, False,  True,  True,  True,  True,  True,
        True]), 'state_dist': array([ 85.835335, 114.7548  ,  51.485664,  82.042206, 248.16418 ,
        51.920475,  29.719997, 178.86668 ,  47.40462 , 174.5445  ],
      dtype=float32)}
self.is_success:  [ True False False False  True  True  True  True  True  True]

MPC iter 6 Eval ------- 
Success rate:  0.9
{'success': array([ True, False,  True,  True,  True,  True,  True,  True,  True,
        True]), 'state_dist': array([ 85.835335, 129.34267 ,  36.57965 ,  21.13961 , 248.16418 ,
        51.920475,  29.719997, 178.86668 ,  47.40462 , 174.5445  ],
      dtype=float32)}
self.is_success:  [ True False  True  True  True  True  True  True  True  True]

MPC iter 7 Eval ------- 
Success rate:  0.9
{'success': array([ True, False,  True,  True,  True,  True,  True,  True,  True,
        True]), 'state_dist': array([ 85.835335, 108.29762 ,  36.57965 ,  21.13961 , 248.16418 ,
        51.920475,  29.719997, 178.86668 ,  47.40462 , 174.5445  ],
      dtype=float32)}
self.is_success:  [ True False  True  True  True  True  True  True  True  True]

MPC iter 8 Eval ------- 
Success rate:  0.9
{'success': array([ True, False,  True,  True,  True,  True,  True,  True,  True,
        True]), 'state_dist': array([ 85.835335, 117.7083  ,  36.57965 ,  21.13961 , 248.16418 ,
        51.920475,  29.719997, 178.86668 ,  47.40462 , 174.5445  ],
      dtype=float32)}
self.is_success:  [ True False  True  True  True  True  True  True  True  True]

MPC iter 9 Eval ------- 
Success rate:  0.9
{'success': array([ True, False,  True,  True,  True,  True,  True,  True,  True,
        True]), 'state_dist': array([ 85.835335, 110.562706,  36.57965 ,  21.13961 , 248.16418 ,
        51.920475,  29.719997, 178.86668 ,  47.40462 , 174.5445  ],
      dtype=float32)}
self.is_success:  [ True False  True  True  True  True  True  True  True  True]

MPC iter 10 Eval ------- 
Success rate:  0.9
{'success': array([ True, False,  True,  True,  True,  True,  True,  True,  True,
        True]), 'state_dist': array([ 85.835335, 115.06522 ,  36.57965 ,  21.13961 , 248.16418 ,
        51.920475,  29.719997, 178.86668 ,  47.40462 , 174.5445  ],
      dtype=float32)}
self.is_success:  [ True False  True  True  True  True  True  True  True  True]

MPC iter 11 Eval ------- 
Success rate:  0.9
{'success': array([ True, False,  True,  True,  True,  True,  True,  True,  True,
        True]), 'state_dist': array([ 85.835335, 116.061874,  36.57965 ,  21.13961 , 248.16418 ,
        51.920475,  29.719997, 178.86668 ,  47.40462 , 174.5445  ],
      dtype=float32)}
self.is_success:  [ True False  True  True  True  True  True  True  True  True]

MPC iter 12 Eval ------- 
Success rate:  0.9
{'success': array([ True, False,  True,  True,  True,  True,  True,  True,  True,
        True]), 'state_dist': array([ 85.835335, 115.03935 ,  36.57965 ,  21.13961 , 248.16418 ,
        51.920475,  29.719997, 178.86668 ,  47.40462 , 174.5445  ],
      dtype=float32)}
self.is_success:  [ True False  True  True  True  True  True  True  True  True]

MPC iter 13 Eval ------- 
Success rate:  0.9
{'success': array([ True, False,  True,  True,  True,  True,  True,  True,  True,
        True]), 'state_dist': array([ 85.835335, 115.290115,  36.57965 ,  21.13961 , 248.16418 ,
        51.920475,  29.719997, 178.86668 ,  47.40462 , 174.5445  ],
      dtype=float32)}
self.is_success:  [ True False  True  True  True  True  True  True  True  True]

MPC iter 14 Eval ------- 
Success rate:  0.9
{'success': array([ True, False,  True,  True,  True,  True,  True,  True,  True,
        True]), 'state_dist': array([ 85.835335, 117.5196  ,  36.57965 ,  21.13961 , 248.16418 ,
        51.920475,  29.719997, 178.86668 ,  47.40462 , 174.5445  ],
      dtype=float32)}
self.is_success:  [ True False  True  True  True  True  True  True  True  True]

MPC iter 15 Eval ------- 
Success rate:  0.9
{'success': array([ True, False,  True,  True,  True,  True,  True,  True,  True,
        True]), 'state_dist': array([ 85.835335, 109.133156,  36.57965 ,  21.13961 , 248.16418 ,
        51.920475,  29.719997, 178.86668 ,  47.40462 , 174.5445  ],
      dtype=float32)}
self.is_success:  [ True False  True  True  True  True  True  True  True  True]

MPC iter 16 Eval ------- 
Success rate:  0.9
{'success': array([ True, False,  True,  True,  True,  True,  True,  True,  True,
        True]), 'state_dist': array([ 85.835335, 113.59301 ,  36.57965 ,  21.13961 , 248.16418 ,
        51.920475,  29.719997, 178.86668 ,  47.40462 , 174.5445  ],
      dtype=float32)}
self.is_success:  [ True False  True  True  True  True  True  True  True  True]

MPC iter 17 Eval ------- 
Success rate:  0.9
{'success': array([ True, False,  True,  True,  True,  True,  True,  True,  True,
        True]), 'state_dist': array([ 85.835335, 117.16973 ,  36.57965 ,  21.13961 , 248.16418 ,
        51.920475,  29.719997, 178.86668 ,  47.40462 , 174.5445  ],
      dtype=float32)}
self.is_success:  [ True False  True  True  True  True  True  True  True  True]

MPC iter 18 Eval ------- 
Success rate:  0.9
{'success': array([ True, False,  True,  True,  True,  True,  True,  True,  True,
        True]), 'state_dist': array([ 85.835335, 115.36296 ,  36.57965 ,  21.13961 , 248.16418 ,
        51.920475,  29.719997, 178.86668 ,  47.40462 , 174.5445  ],
      dtype=float32)}
self.is_success:  [ True False  True  True  True  True  True  True  True  True]

MPC iter 19 Eval ------- 
Success rate:  0.9
{'success': array([ True, False,  True,  True,  True,  True,  True,  True,  True,
        True]), 'state_dist': array([ 85.835335, 115.94118 ,  36.57965 ,  21.13961 , 248.16418 ,
        51.920475,  29.719997, 178.86668 ,  47.40462 , 174.5445  ],
      dtype=float32)}
self.is_success:  [ True False  True  True  True  True  True  True  True  True]
Success rate:  0.9
{'success': array([ True, False,  True,  True,  True,  True,  True,  True,  True,
        True]), 'state_dist': array([ 85.835335, 115.94118 ,  36.57965 ,  21.13961 , 248.16418 ,
        51.920475,  29.719997, 178.86668 ,  47.40462 , 174.5445  ],
      dtype=float32)}
[timing] perform_planning_s=449.578
[timing] total_planning_main_s=457.712
