/home/jupyter-deuk-c4e4/.conda/envs/ts310/lib/python3.10/site-packages/wandb/sdk/internal/internal_api.py:30: UserWarning: pkg_resources is deprecated as an API. See https://setuptools.pypa.io/en/latest/pkg_resources.html. The pkg_resources package is slated for removal as early as 2025-11-30. Refrain from using this package or pin to Setuptools<81.
  from pkg_resources import parse_version
/home/jupyter-deuk-c4e4/.conda/envs/ts310/lib/python3.10/site-packages/pkg_resources/__init__.py:3148: DeprecationWarning: Deprecated call to `pkg_resources.declare_namespace('mpl_toolkits')`.
Implementing implicit namespace packages (as specified in PEP 420) is preferred to `pkg_resources.declare_namespace`. See https://setuptools.pypa.io/en/latest/references/keywords.html#keyword-namespace-packages
  declare_namespace(pkg)
/home/jupyter-deuk-c4e4/.conda/envs/ts310/lib/python3.10/site-packages/pkg_resources/__init__.py:3148: DeprecationWarning: Deprecated call to `pkg_resources.declare_namespace('google')`.
Implementing implicit namespace packages (as specified in PEP 420) is preferred to `pkg_resources.declare_namespace`. See https://setuptools.pypa.io/en/latest/references/keywords.html#keyword-namespace-packages
  declare_namespace(pkg)
/home/jupyter-deuk-c4e4/.conda/envs/ts310/lib/python3.10/site-packages/Cython/Distutils/old_build_ext.py:15: DeprecationWarning: dep_util is Deprecated. Use functions from setuptools instead.
  from distutils.dep_util import newer, newer_group
<frozen importlib._bootstrap>:283: DeprecationWarning: the load_module() method is deprecated and slated for removal in Python 3.12; use exec_module() instead
Warning: Mujoco-based envs failed to import. Set the environment variable D4RL_SUPPRESS_IMPORT_ERROR=1 to suppress this message.
No module named 'mjrl'
Warning: Flow failed to import. Set the environment variable D4RL_SUPPRESS_IMPORT_ERROR=1 to suppress this message.
No module named 'flow'
Warning: CARLA failed to import. Set the environment variable D4RL_SUPPRESS_IMPORT_ERROR=1 to suppress this message.
No module named 'carla'
pybullet build time: Jan 29 2025 23:16:28
/home/jupyter-deuk-c4e4/.conda/envs/ts310/lib/python3.10/site-packages/gym/envs/registration.py:595: UserWarning: [33mWARN: Overriding environment maze2d-open-v0[0m
  logger.warn(f"Overriding environment {id}")
/home/jupyter-deuk-c4e4/.conda/envs/ts310/lib/python3.10/site-packages/gym/envs/registration.py:595: UserWarning: [33mWARN: Overriding environment maze2d-umaze-v0[0m
  logger.warn(f"Overriding environment {id}")
/home/jupyter-deuk-c4e4/.conda/envs/ts310/lib/python3.10/site-packages/gym/envs/registration.py:595: UserWarning: [33mWARN: Overriding environment maze2d-medium-v0[0m
  logger.warn(f"Overriding environment {id}")
/home/jupyter-deuk-c4e4/.conda/envs/ts310/lib/python3.10/site-packages/gym/envs/registration.py:595: UserWarning: [33mWARN: Overriding environment maze2d-large-v0[0m
  logger.warn(f"Overriding environment {id}")
/home/jupyter-deuk-c4e4/.conda/envs/ts310/lib/python3.10/site-packages/gym/envs/registration.py:595: UserWarning: [33mWARN: Overriding environment maze2d-umaze-v1[0m
  logger.warn(f"Overriding environment {id}")
/home/jupyter-deuk-c4e4/.conda/envs/ts310/lib/python3.10/site-packages/gym/envs/registration.py:595: UserWarning: [33mWARN: Overriding environment maze2d-medium-v1[0m
  logger.warn(f"Overriding environment {id}")
/home/jupyter-deuk-c4e4/.conda/envs/ts310/lib/python3.10/site-packages/gym/envs/registration.py:595: UserWarning: [33mWARN: Overriding environment maze2d-large-v1[0m
  logger.warn(f"Overriding environment {id}")
/home/jupyter-deuk-c4e4/.conda/envs/ts310/lib/python3.10/site-packages/gym/envs/registration.py:595: UserWarning: [33mWARN: Overriding environment maze2d-eval-umaze-v1[0m
  logger.warn(f"Overriding environment {id}")
/home/jupyter-deuk-c4e4/.conda/envs/ts310/lib/python3.10/site-packages/gym/envs/registration.py:595: UserWarning: [33mWARN: Overriding environment maze2d-eval-medium-v1[0m
  logger.warn(f"Overriding environment {id}")
/home/jupyter-deuk-c4e4/.conda/envs/ts310/lib/python3.10/site-packages/gym/envs/registration.py:595: UserWarning: [33mWARN: Overriding environment maze2d-eval-large-v1[0m
  logger.warn(f"Overriding environment {id}")
/home/jupyter-deuk-c4e4/.conda/envs/ts310/lib/python3.10/site-packages/gym/envs/registration.py:595: UserWarning: [33mWARN: Overriding environment maze2d-open-dense-v0[0m
  logger.warn(f"Overriding environment {id}")
/home/jupyter-deuk-c4e4/.conda/envs/ts310/lib/python3.10/site-packages/gym/envs/registration.py:595: UserWarning: [33mWARN: Overriding environment maze2d-umaze-dense-v0[0m
  logger.warn(f"Overriding environment {id}")
/home/jupyter-deuk-c4e4/.conda/envs/ts310/lib/python3.10/site-packages/gym/envs/registration.py:595: UserWarning: [33mWARN: Overriding environment maze2d-medium-dense-v0[0m
  logger.warn(f"Overriding environment {id}")
/home/jupyter-deuk-c4e4/.conda/envs/ts310/lib/python3.10/site-packages/gym/envs/registration.py:595: UserWarning: [33mWARN: Overriding environment maze2d-large-dense-v0[0m
  logger.warn(f"Overriding environment {id}")
/home/jupyter-deuk-c4e4/.conda/envs/ts310/lib/python3.10/site-packages/gym/envs/registration.py:595: UserWarning: [33mWARN: Overriding environment maze2d-umaze-dense-v1[0m
  logger.warn(f"Overriding environment {id}")
/home/jupyter-deuk-c4e4/.conda/envs/ts310/lib/python3.10/site-packages/gym/envs/registration.py:595: UserWarning: [33mWARN: Overriding environment maze2d-medium-dense-v1[0m
  logger.warn(f"Overriding environment {id}")
/home/jupyter-deuk-c4e4/.conda/envs/ts310/lib/python3.10/site-packages/gym/envs/registration.py:595: UserWarning: [33mWARN: Overriding environment maze2d-large-dense-v1[0m
  logger.warn(f"Overriding environment {id}")
/home/jupyter-deuk-c4e4/.conda/envs/ts310/lib/python3.10/site-packages/gym/envs/registration.py:595: UserWarning: [33mWARN: Overriding environment maze2d-eval-umaze-dense-v1[0m
  logger.warn(f"Overriding environment {id}")
/home/jupyter-deuk-c4e4/.conda/envs/ts310/lib/python3.10/site-packages/gym/envs/registration.py:595: UserWarning: [33mWARN: Overriding environment maze2d-eval-medium-dense-v1[0m
  logger.warn(f"Overriding environment {id}")
/home/jupyter-deuk-c4e4/.conda/envs/ts310/lib/python3.10/site-packages/gym/envs/registration.py:595: UserWarning: [33mWARN: Overriding environment maze2d-eval-large-dense-v1[0m
  logger.warn(f"Overriding environment {id}")
/opt/dlami/nvme/home/jupyter-deuk-c4e4/temporal-straightening/custom_resolvers.py:4: UserWarning: 
The version_base parameter is not specified.
Please specify a compatability version level, or None.
Will assume defaults for version 1.1
  @hydra.main(config_path=None)
[2026-07-25 15:27:48,255][__main__][INFO] - Planning result saved dir: /opt/dlami/nvme/home/jupyter-deuk-c4e4/pusht-reproduction/straightening_reproduction/plan/mpc_seed_100/chunk_20
/home/jupyter-deuk-c4e4/.conda/envs/ts310/lib/python3.10/site-packages/wandb/sdk/internal/internal_api.py:30: UserWarning: pkg_resources is deprecated as an API. See https://setuptools.pypa.io/en/latest/pkg_resources.html. The pkg_resources package is slated for removal as early as 2025-11-30. Refrain from using this package or pin to Setuptools<81.
  from pkg_resources import parse_version
Using cache found in /home/jupyter-deuk-c4e4/.cache/torch/hub/facebookresearch_dinov2_81b2b6419385
Loaded 18685 rollouts
Loaded 21 rollouts
[2026-07-25 15:27:50,748][dinov2][INFO] - using MLP layer as FFN
[2026-07-25 15:27:51,286][models.dino][WARNING] - Unknown projector 'none' for patch tokens; proceeding without projector.
Resuming from epoch 2: /home/jupyter-deuk-c4e4/pusht-reproduction/straightening_reproduction/test/pusht_aggmlpcos1e-1_agg32_projchannel_dim8_hw14_sgTrue_lr1e-05/checkpoints/model_2.pth
[2026-07-25 15:27:51,625][models.visual_world_model][INFO] - num_action_repeat: 1
[2026-07-25 15:27:51,625][models.visual_world_model][INFO] - num_proprio_repeat: 1
[2026-07-25 15:27:51,625][models.visual_world_model][INFO] - proprio encoder: ProprioceptiveEmbedding(
  (patch_embed): Conv1d(4, 10, kernel_size=(1,), stride=(1,))
  (norm): LayerNorm((10,), eps=1e-05, elementwise_affine=True)
)
[2026-07-25 15:27:51,625][models.visual_world_model][INFO] - action encoder: ProprioceptiveEmbedding(
  (patch_embed): Conv1d(10, 10, kernel_size=(1,), stride=(1,))
  (norm): LayerNorm((10,), eps=1e-05, elementwise_affine=True)
)
[2026-07-25 15:27:51,625][models.visual_world_model][INFO] - proprio_dim: 10, after repeat: 10
[2026-07-25 15:27:51,625][models.visual_world_model][INFO] - action_dim: 10, after repeat: 10
[2026-07-25 15:27:51,625][models.visual_world_model][INFO] - emb_dim: 28
[2026-07-25 15:27:51,625][models.visual_world_model][INFO] - Straightening disabled
[2026-07-25 15:27:51,625][models.visual_world_model][INFO] - Speed constancy disabled
[2026-07-25 15:27:51,626][models.visual_world_model][INFO] - Trajectory penalty disabled
[2026-07-25 15:27:51,626][models.visual_world_model][INFO] - Stop-grad enabled: True
[2026-07-25 15:27:51,626][models.visual_world_model][INFO] - VCReg enabled: False, apply_to=enc, std_coeff=0.0, cov_coeff=0.0
[2026-07-25 15:27:51,626][models.visual_world_model][INFO] - Model emb_dim: 28
[timing] setup_model_s=3.373
eval_seed:  [2001, 2101, 2201, 2301, 2401, 2501, 2601, 2701, 2801, 2901]
Dumped plan targets to /opt/dlami/nvme/home/jupyter-deuk-c4e4/pusht-reproduction/straightening_reproduction/plan/mpc_seed_100/chunk_20/plan_targets.pkl
[timing] setup_workspace_s=6.187

MPC iter 0 Eval ------- 
Success rate:  0.0
{'success': array([False, False, False, False, False, False, False, False, False,
       False]), 'state_dist': array([226.53673 , 113.86972 , 232.03252 , 136.8421  , 139.48976 ,
       175.23358 ,  69.933876,  81.253845, 103.64065 , 126.13274 ],
      dtype=float32)}
self.is_success:  [False False False False False False False False False False]

MPC iter 1 Eval ------- 
Success rate:  0.0
{'success': array([False, False, False, False, False, False, False, False, False,
       False]), 'state_dist': array([173.56496 ,  94.94745 , 198.13753 ,  82.13879 , 105.75018 ,
       342.314   ,  60.614754,  82.96911 , 112.29002 , 222.83716 ],
      dtype=float32)}
self.is_success:  [False False False False False False False False False False]

MPC iter 2 Eval ------- 
Success rate:  0.1
{'success': array([False, False, False, False, False, False, False, False,  True,
       False]), 'state_dist': array([115.30359, 195.95186, 156.34885, 230.3871 ,  85.00093, 306.80933,
        42.96765,  74.52361, 135.67635, 190.99397], dtype=float32)}
self.is_success:  [False False False False False False False False  True False]

MPC iter 3 Eval ------- 
Success rate:  0.1
{'success': array([False, False, False, False, False, False, False, False,  True,
       False]), 'state_dist': array([ 65.17973 , 157.50002 , 147.56366 , 111.50772 ,  69.55777 ,
       578.8789  ,  28.924896,  62.224197, 135.67635 , 127.838196],
      dtype=float32)}
self.is_success:  [False False False False False False False False  True False]

MPC iter 4 Eval ------- 
Success rate:  0.5
{'success': array([ True,  True, False, False, False, False, False,  True,  True,
        True]), 'state_dist': array([122.94244 ,  73.559044,  53.728043,  94.14273 ,  98.56036 ,
       400.72946 ,  59.596275,  48.319286, 135.67635 ,  24.761257],
      dtype=float32)}
self.is_success:  [ True  True False False False False False  True  True  True]

MPC iter 5 Eval ------- 
Success rate:  0.6
{'success': array([ True,  True, False,  True, False, False, False,  True,  True,
        True]), 'state_dist': array([122.94244 ,  73.559044, 117.18958 , 240.58179 ,  72.58521 ,
       743.9785  ,  40.075104,  48.319286, 135.67635 ,  24.761257],
      dtype=float32)}
self.is_success:  [ True  True False  True False False False  True  True  True]

MPC iter 6 Eval ------- 
Success rate:  0.9
{'success': array([ True,  True,  True,  True,  True, False,  True,  True,  True,
        True]), 'state_dist': array([122.94244 ,  73.559044,  87.29316 , 240.58179 ,  76.71623 ,
       168.01552 ,  28.245827,  48.319286, 135.67635 ,  24.761257],
      dtype=float32)}
self.is_success:  [ True  True  True  True  True False  True  True  True  True]

MPC iter 7 Eval ------- 
Success rate:  0.9
{'success': array([ True,  True,  True,  True,  True, False,  True,  True,  True,
        True]), 'state_dist': array([122.94244 ,  73.559044,  87.29316 , 240.58179 ,  76.71623 ,
       109.56956 ,  28.245827,  48.319286, 135.67635 ,  24.761257],
      dtype=float32)}
self.is_success:  [ True  True  True  True  True False  True  True  True  True]

MPC iter 8 Eval ------- 
Success rate:  0.9
{'success': array([ True,  True,  True,  True,  True, False,  True,  True,  True,
        True]), 'state_dist': array([122.94244 ,  73.559044,  87.29316 , 240.58179 ,  76.71623 ,
        67.51815 ,  28.245827,  48.319286, 135.67635 ,  24.761257],
      dtype=float32)}
self.is_success:  [ True  True  True  True  True False  True  True  True  True]

MPC iter 9 Eval ------- 
Success rate:  0.9
{'success': array([ True,  True,  True,  True,  True, False,  True,  True,  True,
        True]), 'state_dist': array([122.94244 ,  73.559044,  87.29316 , 240.58179 ,  76.71623 ,
        71.59747 ,  28.245827,  48.319286, 135.67635 ,  24.761257],
      dtype=float32)}
self.is_success:  [ True  True  True  True  True False  True  True  True  True]

MPC iter 10 Eval ------- 
Success rate:  0.9
{'success': array([ True,  True,  True,  True,  True, False,  True,  True,  True,
        True]), 'state_dist': array([122.94244 ,  73.559044,  87.29316 , 240.58179 ,  76.71623 ,
        87.724945,  28.245827,  48.319286, 135.67635 ,  24.761257],
      dtype=float32)}
self.is_success:  [ True  True  True  True  True False  True  True  True  True]

MPC iter 11 Eval ------- 
Success rate:  0.9
{'success': array([ True,  True,  True,  True,  True, False,  True,  True,  True,
        True]), 'state_dist': array([122.94244 ,  73.559044,  87.29316 , 240.58179 ,  76.71623 ,
        96.22005 ,  28.245827,  48.319286, 135.67635 ,  24.761257],
      dtype=float32)}
self.is_success:  [ True  True  True  True  True False  True  True  True  True]

MPC iter 12 Eval ------- 
Success rate:  0.9
{'success': array([ True,  True,  True,  True,  True, False,  True,  True,  True,
        True]), 'state_dist': array([122.94244 ,  73.559044,  87.29316 , 240.58179 ,  76.71623 ,
        88.90728 ,  28.245827,  48.319286, 135.67635 ,  24.761257],
      dtype=float32)}
self.is_success:  [ True  True  True  True  True False  True  True  True  True]

MPC iter 13 Eval ------- 
Success rate:  0.9
{'success': array([ True,  True,  True,  True,  True, False,  True,  True,  True,
        True]), 'state_dist': array([122.94244 ,  73.559044,  87.29316 , 240.58179 ,  76.71623 ,
        91.08956 ,  28.245827,  48.319286, 135.67635 ,  24.761257],
      dtype=float32)}
self.is_success:  [ True  True  True  True  True False  True  True  True  True]

MPC iter 14 Eval ------- 
Success rate:  0.9
{'success': array([ True,  True,  True,  True,  True, False,  True,  True,  True,
        True]), 'state_dist': array([122.94244 ,  73.559044,  87.29316 , 240.58179 ,  76.71623 ,
        91.92799 ,  28.245827,  48.319286, 135.67635 ,  24.761257],
      dtype=float32)}
self.is_success:  [ True  True  True  True  True False  True  True  True  True]

MPC iter 15 Eval ------- 
Success rate:  0.9
{'success': array([ True,  True,  True,  True,  True, False,  True,  True,  True,
        True]), 'state_dist': array([122.94244 ,  73.559044,  87.29316 , 240.58179 ,  76.71623 ,
        91.99225 ,  28.245827,  48.319286, 135.67635 ,  24.761257],
      dtype=float32)}
self.is_success:  [ True  True  True  True  True False  True  True  True  True]

MPC iter 16 Eval ------- 
Success rate:  0.9
{'success': array([ True,  True,  True,  True,  True, False,  True,  True,  True,
        True]), 'state_dist': array([122.94244 ,  73.559044,  87.29316 , 240.58179 ,  76.71623 ,
        91.98876 ,  28.245827,  48.319286, 135.67635 ,  24.761257],
      dtype=float32)}
self.is_success:  [ True  True  True  True  True False  True  True  True  True]

MPC iter 17 Eval ------- 
Success rate:  0.9
{'success': array([ True,  True,  True,  True,  True, False,  True,  True,  True,
        True]), 'state_dist': array([122.94244 ,  73.559044,  87.29316 , 240.58179 ,  76.71623 ,
        92.008575,  28.245827,  48.319286, 135.67635 ,  24.761257],
      dtype=float32)}
self.is_success:  [ True  True  True  True  True False  True  True  True  True]

MPC iter 18 Eval ------- 
Success rate:  0.9
{'success': array([ True,  True,  True,  True,  True, False,  True,  True,  True,
        True]), 'state_dist': array([122.94244 ,  73.559044,  87.29316 , 240.58179 ,  76.71623 ,
        92.02466 ,  28.245827,  48.319286, 135.67635 ,  24.761257],
      dtype=float32)}
self.is_success:  [ True  True  True  True  True False  True  True  True  True]

MPC iter 19 Eval ------- 
Success rate:  0.9
{'success': array([ True,  True,  True,  True,  True, False,  True,  True,  True,
        True]), 'state_dist': array([122.94244 ,  73.559044,  87.29316 , 240.58179 ,  76.71623 ,
        92.00615 ,  28.245827,  48.319286, 135.67635 ,  24.761257],
      dtype=float32)}
self.is_success:  [ True  True  True  True  True False  True  True  True  True]
Success rate:  0.9
{'success': array([ True,  True,  True,  True,  True, False,  True,  True,  True,
        True]), 'state_dist': array([122.94244 ,  73.559044,  87.29316 , 240.58179 ,  76.71623 ,
        92.00615 ,  28.245827,  48.319286, 135.67635 ,  24.761257],
      dtype=float32)}
[timing] perform_planning_s=449.360
[timing] total_planning_main_s=458.919
