/home/jupyter-deuk-c4e4/.conda/envs/ts310/lib/python3.10/site-packages/wandb/sdk/internal/internal_api.py:30: UserWarning: pkg_resources is deprecated as an API. See https://setuptools.pypa.io/en/latest/pkg_resources.html. The pkg_resources package is slated for removal as early as 2025-11-30. Refrain from using this package or pin to Setuptools<81.
  from pkg_resources import parse_version
/home/jupyter-deuk-c4e4/.conda/envs/ts310/lib/python3.10/site-packages/pkg_resources/__init__.py:3148: DeprecationWarning: Deprecated call to `pkg_resources.declare_namespace('mpl_toolkits')`.
Implementing implicit namespace packages (as specified in PEP 420) is preferred to `pkg_resources.declare_namespace`. See https://setuptools.pypa.io/en/latest/references/keywords.html#keyword-namespace-packages
  declare_namespace(pkg)
/home/jupyter-deuk-c4e4/.conda/envs/ts310/lib/python3.10/site-packages/pkg_resources/__init__.py:3148: DeprecationWarning: Deprecated call to `pkg_resources.declare_namespace('google')`.
Implementing implicit namespace packages (as specified in PEP 420) is preferred to `pkg_resources.declare_namespace`. See https://setuptools.pypa.io/en/latest/references/keywords.html#keyword-namespace-packages
  declare_namespace(pkg)
/home/jupyter-deuk-c4e4/.conda/envs/ts310/lib/python3.10/site-packages/Cython/Distutils/old_build_ext.py:15: DeprecationWarning: dep_util is Deprecated. Use functions from setuptools instead.
  from distutils.dep_util import newer, newer_group
<frozen importlib._bootstrap>:283: DeprecationWarning: the load_module() method is deprecated and slated for removal in Python 3.12; use exec_module() instead
Warning: Mujoco-based envs failed to import. Set the environment variable D4RL_SUPPRESS_IMPORT_ERROR=1 to suppress this message.
No module named 'mjrl'
Warning: Flow failed to import. Set the environment variable D4RL_SUPPRESS_IMPORT_ERROR=1 to suppress this message.
No module named 'flow'
Warning: CARLA failed to import. Set the environment variable D4RL_SUPPRESS_IMPORT_ERROR=1 to suppress this message.
No module named 'carla'
pybullet build time: Jan 29 2025 23:16:28
/home/jupyter-deuk-c4e4/.conda/envs/ts310/lib/python3.10/site-packages/gym/envs/registration.py:595: UserWarning: [33mWARN: Overriding environment maze2d-open-v0[0m
  logger.warn(f"Overriding environment {id}")
/home/jupyter-deuk-c4e4/.conda/envs/ts310/lib/python3.10/site-packages/gym/envs/registration.py:595: UserWarning: [33mWARN: Overriding environment maze2d-umaze-v0[0m
  logger.warn(f"Overriding environment {id}")
/home/jupyter-deuk-c4e4/.conda/envs/ts310/lib/python3.10/site-packages/gym/envs/registration.py:595: UserWarning: [33mWARN: Overriding environment maze2d-medium-v0[0m
  logger.warn(f"Overriding environment {id}")
/home/jupyter-deuk-c4e4/.conda/envs/ts310/lib/python3.10/site-packages/gym/envs/registration.py:595: UserWarning: [33mWARN: Overriding environment maze2d-large-v0[0m
  logger.warn(f"Overriding environment {id}")
/home/jupyter-deuk-c4e4/.conda/envs/ts310/lib/python3.10/site-packages/gym/envs/registration.py:595: UserWarning: [33mWARN: Overriding environment maze2d-umaze-v1[0m
  logger.warn(f"Overriding environment {id}")
/home/jupyter-deuk-c4e4/.conda/envs/ts310/lib/python3.10/site-packages/gym/envs/registration.py:595: UserWarning: [33mWARN: Overriding environment maze2d-medium-v1[0m
  logger.warn(f"Overriding environment {id}")
/home/jupyter-deuk-c4e4/.conda/envs/ts310/lib/python3.10/site-packages/gym/envs/registration.py:595: UserWarning: [33mWARN: Overriding environment maze2d-large-v1[0m
  logger.warn(f"Overriding environment {id}")
/home/jupyter-deuk-c4e4/.conda/envs/ts310/lib/python3.10/site-packages/gym/envs/registration.py:595: UserWarning: [33mWARN: Overriding environment maze2d-eval-umaze-v1[0m
  logger.warn(f"Overriding environment {id}")
/home/jupyter-deuk-c4e4/.conda/envs/ts310/lib/python3.10/site-packages/gym/envs/registration.py:595: UserWarning: [33mWARN: Overriding environment maze2d-eval-medium-v1[0m
  logger.warn(f"Overriding environment {id}")
/home/jupyter-deuk-c4e4/.conda/envs/ts310/lib/python3.10/site-packages/gym/envs/registration.py:595: UserWarning: [33mWARN: Overriding environment maze2d-eval-large-v1[0m
  logger.warn(f"Overriding environment {id}")
/home/jupyter-deuk-c4e4/.conda/envs/ts310/lib/python3.10/site-packages/gym/envs/registration.py:595: UserWarning: [33mWARN: Overriding environment maze2d-open-dense-v0[0m
  logger.warn(f"Overriding environment {id}")
/home/jupyter-deuk-c4e4/.conda/envs/ts310/lib/python3.10/site-packages/gym/envs/registration.py:595: UserWarning: [33mWARN: Overriding environment maze2d-umaze-dense-v0[0m
  logger.warn(f"Overriding environment {id}")
/home/jupyter-deuk-c4e4/.conda/envs/ts310/lib/python3.10/site-packages/gym/envs/registration.py:595: UserWarning: [33mWARN: Overriding environment maze2d-medium-dense-v0[0m
  logger.warn(f"Overriding environment {id}")
/home/jupyter-deuk-c4e4/.conda/envs/ts310/lib/python3.10/site-packages/gym/envs/registration.py:595: UserWarning: [33mWARN: Overriding environment maze2d-large-dense-v0[0m
  logger.warn(f"Overriding environment {id}")
/home/jupyter-deuk-c4e4/.conda/envs/ts310/lib/python3.10/site-packages/gym/envs/registration.py:595: UserWarning: [33mWARN: Overriding environment maze2d-umaze-dense-v1[0m
  logger.warn(f"Overriding environment {id}")
/home/jupyter-deuk-c4e4/.conda/envs/ts310/lib/python3.10/site-packages/gym/envs/registration.py:595: UserWarning: [33mWARN: Overriding environment maze2d-medium-dense-v1[0m
  logger.warn(f"Overriding environment {id}")
/home/jupyter-deuk-c4e4/.conda/envs/ts310/lib/python3.10/site-packages/gym/envs/registration.py:595: UserWarning: [33mWARN: Overriding environment maze2d-large-dense-v1[0m
  logger.warn(f"Overriding environment {id}")
/home/jupyter-deuk-c4e4/.conda/envs/ts310/lib/python3.10/site-packages/gym/envs/registration.py:595: UserWarning: [33mWARN: Overriding environment maze2d-eval-umaze-dense-v1[0m
  logger.warn(f"Overriding environment {id}")
/home/jupyter-deuk-c4e4/.conda/envs/ts310/lib/python3.10/site-packages/gym/envs/registration.py:595: UserWarning: [33mWARN: Overriding environment maze2d-eval-medium-dense-v1[0m
  logger.warn(f"Overriding environment {id}")
/home/jupyter-deuk-c4e4/.conda/envs/ts310/lib/python3.10/site-packages/gym/envs/registration.py:595: UserWarning: [33mWARN: Overriding environment maze2d-eval-large-dense-v1[0m
  logger.warn(f"Overriding environment {id}")
/opt/dlami/nvme/home/jupyter-deuk-c4e4/temporal-straightening/custom_resolvers.py:4: UserWarning: 
The version_base parameter is not specified.
Please specify a compatability version level, or None.
Will assume defaults for version 1.1
  @hydra.main(config_path=None)
[2026-07-25 16:29:41,174][__main__][INFO] - Planning result saved dir: /opt/dlami/nvme/home/jupyter-deuk-c4e4/pusht-reproduction/straightening_reproduction/plan/mpc_seed_300/chunk_00
/home/jupyter-deuk-c4e4/.conda/envs/ts310/lib/python3.10/site-packages/wandb/sdk/internal/internal_api.py:30: UserWarning: pkg_resources is deprecated as an API. See https://setuptools.pypa.io/en/latest/pkg_resources.html. The pkg_resources package is slated for removal as early as 2025-11-30. Refrain from using this package or pin to Setuptools<81.
  from pkg_resources import parse_version
Using cache found in /home/jupyter-deuk-c4e4/.cache/torch/hub/facebookresearch_dinov2_81b2b6419385
Loaded 18685 rollouts
Loaded 21 rollouts
[2026-07-25 16:29:43,642][dinov2][INFO] - using MLP layer as FFN
[2026-07-25 16:29:44,049][models.dino][WARNING] - Unknown projector 'none' for patch tokens; proceeding without projector.
Resuming from epoch 2: /home/jupyter-deuk-c4e4/pusht-reproduction/straightening_reproduction/test/pusht_aggmlpcos1e-1_agg32_projchannel_dim8_hw14_sgTrue_lr1e-05/checkpoints/model_2.pth
[2026-07-25 16:29:44,401][models.visual_world_model][INFO] - num_action_repeat: 1
[2026-07-25 16:29:44,401][models.visual_world_model][INFO] - num_proprio_repeat: 1
[2026-07-25 16:29:44,401][models.visual_world_model][INFO] - proprio encoder: ProprioceptiveEmbedding(
  (patch_embed): Conv1d(4, 10, kernel_size=(1,), stride=(1,))
  (norm): LayerNorm((10,), eps=1e-05, elementwise_affine=True)
)
[2026-07-25 16:29:44,401][models.visual_world_model][INFO] - action encoder: ProprioceptiveEmbedding(
  (patch_embed): Conv1d(10, 10, kernel_size=(1,), stride=(1,))
  (norm): LayerNorm((10,), eps=1e-05, elementwise_affine=True)
)
[2026-07-25 16:29:44,401][models.visual_world_model][INFO] - proprio_dim: 10, after repeat: 10
[2026-07-25 16:29:44,401][models.visual_world_model][INFO] - action_dim: 10, after repeat: 10
[2026-07-25 16:29:44,401][models.visual_world_model][INFO] - emb_dim: 28
[2026-07-25 16:29:44,401][models.visual_world_model][INFO] - Straightening disabled
[2026-07-25 16:29:44,401][models.visual_world_model][INFO] - Speed constancy disabled
[2026-07-25 16:29:44,401][models.visual_world_model][INFO] - Trajectory penalty disabled
[2026-07-25 16:29:44,401][models.visual_world_model][INFO] - Stop-grad enabled: True
[2026-07-25 16:29:44,402][models.visual_world_model][INFO] - VCReg enabled: False, apply_to=enc, std_coeff=0.0, cov_coeff=0.0
[2026-07-25 16:29:44,402][models.visual_world_model][INFO] - Model emb_dim: 28
[timing] setup_model_s=3.230
eval_seed:  [1, 301, 601, 901, 1201, 1501, 1801, 2101, 2401, 2701]
Dumped plan targets to /opt/dlami/nvme/home/jupyter-deuk-c4e4/pusht-reproduction/straightening_reproduction/plan/mpc_seed_300/chunk_00/plan_targets.pkl
[timing] setup_workspace_s=4.121

MPC iter 0 Eval ------- 
Success rate:  0.0
{'success': array([False, False, False, False, False, False, False, False, False,
       False]), 'state_dist': array([203.44514, 260.29297,  66.87323, 167.49806, 162.68437, 171.8105 ,
       223.75404,  85.87993, 200.60982, 158.97765], dtype=float32)}
self.is_success:  [False False False False False False False False False False]

MPC iter 1 Eval ------- 
Success rate:  0.0
{'success': array([False, False, False, False, False, False, False, False, False,
       False]), 'state_dist': array([152.41116 , 197.04642 ,  57.513393, 224.31702 , 214.1261  ,
       174.24916 , 168.6963  ,  69.11499 , 164.78876 , 193.08598 ],
      dtype=float32)}
self.is_success:  [False False False False False False False False False False]

MPC iter 2 Eval ------- 
Success rate:  0.0
{'success': array([False, False, False, False, False, False, False, False, False,
       False]), 'state_dist': array([ 89.96279 , 147.56793 ,  51.04285 , 210.56929 , 246.78253 ,
       204.0913  , 106.465454,  41.546684, 165.15074 , 177.5563  ],
      dtype=float32)}
self.is_success:  [False False False False False False False False False False]

MPC iter 3 Eval ------- 
Success rate:  0.1
{'success': array([False, False, False, False, False, False, False,  True, False,
       False]), 'state_dist': array([ 99.39643 ,  86.69928 ,  41.653214, 207.20055 , 227.8319  ,
       231.8946  ,  79.415855,  28.159254, 105.822685, 202.13425 ],
      dtype=float32)}
self.is_success:  [False False False False False False False  True False False]

MPC iter 4 Eval ------- 
Success rate:  0.1
{'success': array([False, False, False, False, False, False, False,  True, False,
       False]), 'state_dist': array([106.59581 , 157.53372 ,  40.085796, 152.59836 , 155.08902 ,
       154.41496 ,  60.605576,  28.159254, 166.8466  , 171.18237 ],
      dtype=float32)}
self.is_success:  [False False False False False False False  True False False]

MPC iter 5 Eval ------- 
Success rate:  0.3
{'success': array([ True, False, False, False, False,  True, False,  True, False,
       False]), 'state_dist': array([ 69.7216  , 146.97151 ,  74.031876, 113.03176 , 153.24821 ,
        89.49359 ,  50.354477,  28.159254, 247.68326 ,  75.1976  ],
      dtype=float32)}
self.is_success:  [ True False False False False  True False  True False False]

MPC iter 6 Eval ------- 
Success rate:  0.8
{'success': array([ True,  True,  True, False,  True,  True,  True,  True, False,
        True]), 'state_dist': array([ 69.7216  ,  59.43489 ,  12.431911, 106.058136, 101.16276 ,
        89.49359 ,  16.619572,  28.159254, 246.95831 ,  56.38749 ],
      dtype=float32)}
self.is_success:  [ True  True  True False  True  True  True  True False  True]

MPC iter 7 Eval ------- 
Success rate:  0.8
{'success': array([ True,  True,  True, False,  True,  True,  True,  True, False,
        True]), 'state_dist': array([ 69.7216  ,  59.43489 ,  12.431911,  95.80386 , 101.16276 ,
        89.49359 ,  16.619572,  28.159254, 289.15988 ,  56.38749 ],
      dtype=float32)}
self.is_success:  [ True  True  True False  True  True  True  True False  True]

MPC iter 8 Eval ------- 
Success rate:  0.8
{'success': array([ True,  True,  True, False,  True,  True,  True,  True, False,
        True]), 'state_dist': array([ 69.7216  ,  59.43489 ,  12.431911,  80.61902 , 101.16276 ,
        89.49359 ,  16.619572,  28.159254, 274.08423 ,  56.38749 ],
      dtype=float32)}
self.is_success:  [ True  True  True False  True  True  True  True False  True]

MPC iter 9 Eval ------- 
Success rate:  0.8
{'success': array([ True,  True,  True, False,  True,  True,  True,  True, False,
        True]), 'state_dist': array([ 69.7216  ,  59.43489 ,  12.431911,  93.201225, 101.16276 ,
        89.49359 ,  16.619572,  28.159254, 281.25735 ,  56.38749 ],
      dtype=float32)}
self.is_success:  [ True  True  True False  True  True  True  True False  True]

MPC iter 10 Eval ------- 
Success rate:  0.8
{'success': array([ True,  True,  True, False,  True,  True,  True,  True, False,
        True]), 'state_dist': array([ 69.7216  ,  59.43489 ,  12.431911,  87.79867 , 101.16276 ,
        89.49359 ,  16.619572,  28.159254, 260.49924 ,  56.38749 ],
      dtype=float32)}
self.is_success:  [ True  True  True False  True  True  True  True False  True]

MPC iter 11 Eval ------- 
Success rate:  0.8
{'success': array([ True,  True,  True, False,  True,  True,  True,  True, False,
        True]), 'state_dist': array([ 69.7216  ,  59.43489 ,  12.431911, 119.147644, 101.16276 ,
        89.49359 ,  16.619572,  28.159254, 254.00642 ,  56.38749 ],
      dtype=float32)}
self.is_success:  [ True  True  True False  True  True  True  True False  True]

MPC iter 12 Eval ------- 
Success rate:  0.8
{'success': array([ True,  True,  True, False,  True,  True,  True,  True, False,
        True]), 'state_dist': array([ 69.7216  ,  59.43489 ,  12.431911, 107.309044, 101.16276 ,
        89.49359 ,  16.619572,  28.159254, 263.2905  ,  56.38749 ],
      dtype=float32)}
self.is_success:  [ True  True  True False  True  True  True  True False  True]

MPC iter 13 Eval ------- 
Success rate:  0.8
{'success': array([ True,  True,  True, False,  True,  True,  True,  True, False,
        True]), 'state_dist': array([ 69.7216  ,  59.43489 ,  12.431911, 105.96945 , 101.16276 ,
        89.49359 ,  16.619572,  28.159254, 312.99213 ,  56.38749 ],
      dtype=float32)}
self.is_success:  [ True  True  True False  True  True  True  True False  True]

MPC iter 14 Eval ------- 
Success rate:  0.8
{'success': array([ True,  True,  True, False,  True,  True,  True,  True, False,
        True]), 'state_dist': array([ 69.7216  ,  59.43489 ,  12.431911,  96.02858 , 101.16276 ,
        89.49359 ,  16.619572,  28.159254, 255.43149 ,  56.38749 ],
      dtype=float32)}
self.is_success:  [ True  True  True False  True  True  True  True False  True]

MPC iter 15 Eval ------- 
Success rate:  0.8
{'success': array([ True,  True,  True, False,  True,  True,  True,  True, False,
        True]), 'state_dist': array([ 69.7216  ,  59.43489 ,  12.431911, 107.50141 , 101.16276 ,
        89.49359 ,  16.619572,  28.159254, 268.6699  ,  56.38749 ],
      dtype=float32)}
self.is_success:  [ True  True  True False  True  True  True  True False  True]

MPC iter 16 Eval ------- 
Success rate:  0.8
{'success': array([ True,  True,  True, False,  True,  True,  True,  True, False,
        True]), 'state_dist': array([ 69.7216  ,  59.43489 ,  12.431911, 114.30195 , 101.16276 ,
        89.49359 ,  16.619572,  28.159254, 273.58832 ,  56.38749 ],
      dtype=float32)}
self.is_success:  [ True  True  True False  True  True  True  True False  True]

MPC iter 17 Eval ------- 
Success rate:  0.8
{'success': array([ True,  True,  True, False,  True,  True,  True,  True, False,
        True]), 'state_dist': array([ 69.7216  ,  59.43489 ,  12.431911, 104.04514 , 101.16276 ,
        89.49359 ,  16.619572,  28.159254, 271.83508 ,  56.38749 ],
      dtype=float32)}
self.is_success:  [ True  True  True False  True  True  True  True False  True]

MPC iter 18 Eval ------- 
Success rate:  0.8
{'success': array([ True,  True,  True, False,  True,  True,  True,  True, False,
        True]), 'state_dist': array([ 69.7216  ,  59.43489 ,  12.431911, 105.31534 , 101.16276 ,
        89.49359 ,  16.619572,  28.159254, 278.9812  ,  56.38749 ],
      dtype=float32)}
self.is_success:  [ True  True  True False  True  True  True  True False  True]

MPC iter 19 Eval ------- 
Success rate:  0.8
{'success': array([ True,  True,  True, False,  True,  True,  True,  True, False,
        True]), 'state_dist': array([ 69.7216  ,  59.43489 ,  12.431911, 115.94351 , 101.16276 ,
        89.49359 ,  16.619572,  28.159254, 272.79388 ,  56.38749 ],
      dtype=float32)}
self.is_success:  [ True  True  True False  True  True  True  True False  True]
Success rate:  0.8
{'success': array([ True,  True,  True, False,  True,  True,  True,  True, False,
        True]), 'state_dist': array([ 69.7216  ,  59.43489 ,  12.431911, 115.94351 , 101.16276 ,
        89.49359 ,  16.619572,  28.159254, 272.79388 ,  56.38749 ],
      dtype=float32)}
[timing] perform_planning_s=449.457
[timing] total_planning_main_s=456.808
