/home/jupyter-deuk-c4e4/.conda/envs/ts310/lib/python3.10/site-packages/wandb/sdk/internal/internal_api.py:30: UserWarning: pkg_resources is deprecated as an API. See https://setuptools.pypa.io/en/latest/pkg_resources.html. The pkg_resources package is slated for removal as early as 2025-11-30. Refrain from using this package or pin to Setuptools<81.
  from pkg_resources import parse_version
/home/jupyter-deuk-c4e4/.conda/envs/ts310/lib/python3.10/site-packages/pkg_resources/__init__.py:3148: DeprecationWarning: Deprecated call to `pkg_resources.declare_namespace('mpl_toolkits')`.
Implementing implicit namespace packages (as specified in PEP 420) is preferred to `pkg_resources.declare_namespace`. See https://setuptools.pypa.io/en/latest/references/keywords.html#keyword-namespace-packages
  declare_namespace(pkg)
/home/jupyter-deuk-c4e4/.conda/envs/ts310/lib/python3.10/site-packages/pkg_resources/__init__.py:3148: DeprecationWarning: Deprecated call to `pkg_resources.declare_namespace('google')`.
Implementing implicit namespace packages (as specified in PEP 420) is preferred to `pkg_resources.declare_namespace`. See https://setuptools.pypa.io/en/latest/references/keywords.html#keyword-namespace-packages
  declare_namespace(pkg)
/home/jupyter-deuk-c4e4/.conda/envs/ts310/lib/python3.10/site-packages/Cython/Distutils/old_build_ext.py:15: DeprecationWarning: dep_util is Deprecated. Use functions from setuptools instead.
  from distutils.dep_util import newer, newer_group
<frozen importlib._bootstrap>:283: DeprecationWarning: the load_module() method is deprecated and slated for removal in Python 3.12; use exec_module() instead
Warning: Mujoco-based envs failed to import. Set the environment variable D4RL_SUPPRESS_IMPORT_ERROR=1 to suppress this message.
No module named 'mjrl'
Warning: Flow failed to import. Set the environment variable D4RL_SUPPRESS_IMPORT_ERROR=1 to suppress this message.
No module named 'flow'
Warning: CARLA failed to import. Set the environment variable D4RL_SUPPRESS_IMPORT_ERROR=1 to suppress this message.
No module named 'carla'
pybullet build time: Jan 29 2025 23:16:28
/home/jupyter-deuk-c4e4/.conda/envs/ts310/lib/python3.10/site-packages/gym/envs/registration.py:595: UserWarning: [33mWARN: Overriding environment maze2d-open-v0[0m
  logger.warn(f"Overriding environment {id}")
/home/jupyter-deuk-c4e4/.conda/envs/ts310/lib/python3.10/site-packages/gym/envs/registration.py:595: UserWarning: [33mWARN: Overriding environment maze2d-umaze-v0[0m
  logger.warn(f"Overriding environment {id}")
/home/jupyter-deuk-c4e4/.conda/envs/ts310/lib/python3.10/site-packages/gym/envs/registration.py:595: UserWarning: [33mWARN: Overriding environment maze2d-medium-v0[0m
  logger.warn(f"Overriding environment {id}")
/home/jupyter-deuk-c4e4/.conda/envs/ts310/lib/python3.10/site-packages/gym/envs/registration.py:595: UserWarning: [33mWARN: Overriding environment maze2d-large-v0[0m
  logger.warn(f"Overriding environment {id}")
/home/jupyter-deuk-c4e4/.conda/envs/ts310/lib/python3.10/site-packages/gym/envs/registration.py:595: UserWarning: [33mWARN: Overriding environment maze2d-umaze-v1[0m
  logger.warn(f"Overriding environment {id}")
/home/jupyter-deuk-c4e4/.conda/envs/ts310/lib/python3.10/site-packages/gym/envs/registration.py:595: UserWarning: [33mWARN: Overriding environment maze2d-medium-v1[0m
  logger.warn(f"Overriding environment {id}")
/home/jupyter-deuk-c4e4/.conda/envs/ts310/lib/python3.10/site-packages/gym/envs/registration.py:595: UserWarning: [33mWARN: Overriding environment maze2d-large-v1[0m
  logger.warn(f"Overriding environment {id}")
/home/jupyter-deuk-c4e4/.conda/envs/ts310/lib/python3.10/site-packages/gym/envs/registration.py:595: UserWarning: [33mWARN: Overriding environment maze2d-eval-umaze-v1[0m
  logger.warn(f"Overriding environment {id}")
/home/jupyter-deuk-c4e4/.conda/envs/ts310/lib/python3.10/site-packages/gym/envs/registration.py:595: UserWarning: [33mWARN: Overriding environment maze2d-eval-medium-v1[0m
  logger.warn(f"Overriding environment {id}")
/home/jupyter-deuk-c4e4/.conda/envs/ts310/lib/python3.10/site-packages/gym/envs/registration.py:595: UserWarning: [33mWARN: Overriding environment maze2d-eval-large-v1[0m
  logger.warn(f"Overriding environment {id}")
/home/jupyter-deuk-c4e4/.conda/envs/ts310/lib/python3.10/site-packages/gym/envs/registration.py:595: UserWarning: [33mWARN: Overriding environment maze2d-open-dense-v0[0m
  logger.warn(f"Overriding environment {id}")
/home/jupyter-deuk-c4e4/.conda/envs/ts310/lib/python3.10/site-packages/gym/envs/registration.py:595: UserWarning: [33mWARN: Overriding environment maze2d-umaze-dense-v0[0m
  logger.warn(f"Overriding environment {id}")
/home/jupyter-deuk-c4e4/.conda/envs/ts310/lib/python3.10/site-packages/gym/envs/registration.py:595: UserWarning: [33mWARN: Overriding environment maze2d-medium-dense-v0[0m
  logger.warn(f"Overriding environment {id}")
/home/jupyter-deuk-c4e4/.conda/envs/ts310/lib/python3.10/site-packages/gym/envs/registration.py:595: UserWarning: [33mWARN: Overriding environment maze2d-large-dense-v0[0m
  logger.warn(f"Overriding environment {id}")
/home/jupyter-deuk-c4e4/.conda/envs/ts310/lib/python3.10/site-packages/gym/envs/registration.py:595: UserWarning: [33mWARN: Overriding environment maze2d-umaze-dense-v1[0m
  logger.warn(f"Overriding environment {id}")
/home/jupyter-deuk-c4e4/.conda/envs/ts310/lib/python3.10/site-packages/gym/envs/registration.py:595: UserWarning: [33mWARN: Overriding environment maze2d-medium-dense-v1[0m
  logger.warn(f"Overriding environment {id}")
/home/jupyter-deuk-c4e4/.conda/envs/ts310/lib/python3.10/site-packages/gym/envs/registration.py:595: UserWarning: [33mWARN: Overriding environment maze2d-large-dense-v1[0m
  logger.warn(f"Overriding environment {id}")
/home/jupyter-deuk-c4e4/.conda/envs/ts310/lib/python3.10/site-packages/gym/envs/registration.py:595: UserWarning: [33mWARN: Overriding environment maze2d-eval-umaze-dense-v1[0m
  logger.warn(f"Overriding environment {id}")
/home/jupyter-deuk-c4e4/.conda/envs/ts310/lib/python3.10/site-packages/gym/envs/registration.py:595: UserWarning: [33mWARN: Overriding environment maze2d-eval-medium-dense-v1[0m
  logger.warn(f"Overriding environment {id}")
/home/jupyter-deuk-c4e4/.conda/envs/ts310/lib/python3.10/site-packages/gym/envs/registration.py:595: UserWarning: [33mWARN: Overriding environment maze2d-eval-large-dense-v1[0m
  logger.warn(f"Overriding environment {id}")
/opt/dlami/nvme/home/jupyter-deuk-c4e4/temporal-straightening/custom_resolvers.py:4: UserWarning: 
The version_base parameter is not specified.
Please specify a compatability version level, or None.
Will assume defaults for version 1.1
  @hydra.main(config_path=None)
[2026-07-25 15:58:55,975][__main__][INFO] - Planning result saved dir: /opt/dlami/nvme/home/jupyter-deuk-c4e4/pusht-reproduction/patch_reproduction/plan/mpc_seed_100/chunk_40
/home/jupyter-deuk-c4e4/.conda/envs/ts310/lib/python3.10/site-packages/wandb/sdk/internal/internal_api.py:30: UserWarning: pkg_resources is deprecated as an API. See https://setuptools.pypa.io/en/latest/pkg_resources.html. The pkg_resources package is slated for removal as early as 2025-11-30. Refrain from using this package or pin to Setuptools<81.
  from pkg_resources import parse_version
Using cache found in /home/jupyter-deuk-c4e4/.cache/torch/hub/facebookresearch_dinov2_81b2b6419385
Loaded 18685 rollouts
Loaded 21 rollouts
[2026-07-25 15:58:58,505][dinov2][INFO] - using MLP layer as FFN
[2026-07-25 15:58:58,929][models.dino][WARNING] - Unknown projector 'none' for patch tokens; proceeding without projector.
Resuming from epoch 2: /home/jupyter-deuk-c4e4/pusht-reproduction/patch_reproduction/test/pusht_False_agg32_projnone_dim384_hw14_sgTrue_lr1e-06/checkpoints/model_2.pth
[2026-07-25 15:58:59,352][models.visual_world_model][INFO] - num_action_repeat: 1
[2026-07-25 15:58:59,352][models.visual_world_model][INFO] - num_proprio_repeat: 1
[2026-07-25 15:58:59,352][models.visual_world_model][INFO] - proprio encoder: ProprioceptiveEmbedding(
  (patch_embed): Conv1d(4, 10, kernel_size=(1,), stride=(1,))
  (norm): LayerNorm((10,), eps=1e-05, elementwise_affine=True)
)
[2026-07-25 15:58:59,352][models.visual_world_model][INFO] - action encoder: ProprioceptiveEmbedding(
  (patch_embed): Conv1d(10, 10, kernel_size=(1,), stride=(1,))
  (norm): LayerNorm((10,), eps=1e-05, elementwise_affine=True)
)
[2026-07-25 15:58:59,352][models.visual_world_model][INFO] - proprio_dim: 10, after repeat: 10
[2026-07-25 15:58:59,352][models.visual_world_model][INFO] - action_dim: 10, after repeat: 10
[2026-07-25 15:58:59,352][models.visual_world_model][INFO] - emb_dim: 404
[2026-07-25 15:58:59,352][models.visual_world_model][INFO] - Straightening disabled
[2026-07-25 15:58:59,352][models.visual_world_model][INFO] - Speed constancy disabled
[2026-07-25 15:58:59,352][models.visual_world_model][INFO] - Trajectory penalty disabled
[2026-07-25 15:58:59,352][models.visual_world_model][INFO] - Stop-grad enabled: True
[2026-07-25 15:58:59,352][models.visual_world_model][INFO] - VCReg enabled: False, apply_to=enc, std_coeff=0.0, cov_coeff=0.0
[2026-07-25 15:58:59,353][models.visual_world_model][INFO] - Model emb_dim: 404
[timing] setup_model_s=3.379
eval_seed:  [4001, 4101, 4201, 4301, 4401, 4501, 4601, 4701, 4801, 4901]
Dumped plan targets to /opt/dlami/nvme/home/jupyter-deuk-c4e4/pusht-reproduction/patch_reproduction/plan/mpc_seed_100/chunk_40/plan_targets.pkl
[timing] setup_workspace_s=6.558

MPC iter 0 Eval ------- 
Success rate:  0.0
{'success': array([False, False, False, False, False, False, False, False, False,
       False]), 'state_dist': array([195.02858, 138.40778, 167.60982,  77.86128, 138.2117 , 215.28714,
       213.85529, 165.92116, 186.41599, 162.04626], dtype=float32)}
self.is_success:  [False False False False False False False False False False]

MPC iter 1 Eval ------- 
Success rate:  0.0
{'success': array([False, False, False, False, False, False, False, False, False,
       False]), 'state_dist': array([181.23785 , 159.38048 , 149.10686 ,  55.260098, 132.31834 ,
       183.78879 , 233.70932 , 160.69247 , 211.19957 , 139.1934  ],
      dtype=float32)}
self.is_success:  [False False False False False False False False False False]

MPC iter 2 Eval ------- 
Success rate:  0.0
{'success': array([False, False, False, False, False, False, False, False, False,
       False]), 'state_dist': array([147.93774, 174.42221, 133.62216, 127.55489, 124.35507, 158.99722,
       253.3628 , 136.55826, 213.64642, 120.23686], dtype=float32)}
self.is_success:  [False False False False False False False False False False]

MPC iter 3 Eval ------- 
Success rate:  0.0
{'success': array([False, False, False, False, False, False, False, False, False,
       False]), 'state_dist': array([ 90.55918 , 122.814415, 222.92697 ,  81.12578 ,  92.14226 ,
       143.21722 , 152.6401  , 118.09953 , 162.56999 , 100.67727 ],
      dtype=float32)}
self.is_success:  [False False False False False False False False False False]

MPC iter 4 Eval ------- 
Success rate:  0.2
{'success': array([ True,  True, False, False, False, False, False, False, False,
       False]), 'state_dist': array([ 19.409138, 115.57093 , 184.42828 ,  76.610756,  44.2715  ,
       166.0873  , 114.41424 ,  79.715126,  47.418785,  67.43087 ],
      dtype=float32)}
self.is_success:  [ True  True False False False False False False False False]

MPC iter 5 Eval ------- 
Success rate:  0.3
{'success': array([ True,  True, False,  True, False, False, False, False, False,
       False]), 'state_dist': array([ 19.409138, 115.57093 , 187.95303 ,  75.27042 ,  24.742487,
       121.79158 ,  93.37068 ,  49.220997,  34.6191  ,  27.619312],
      dtype=float32)}
self.is_success:  [ True  True False  True False False False False False False]

MPC iter 6 Eval ------- 
Success rate:  0.7
{'success': array([ True,  True, False,  True,  True, False,  True,  True,  True,
       False]), 'state_dist': array([ 19.409138, 115.57093 , 174.85649 ,  75.27042 ,  15.277871,
       158.81134 ,  57.886414,  42.972805,  16.037664,  67.671295],
      dtype=float32)}
self.is_success:  [ True  True False  True  True False  True  True  True False]

MPC iter 7 Eval ------- 
Success rate:  0.7
{'success': array([ True,  True, False,  True,  True, False,  True,  True,  True,
       False]), 'state_dist': array([ 19.409138, 115.57093 , 164.04605 ,  75.27042 ,  15.277871,
       124.23999 ,  57.886414,  42.972805,  16.037664,  38.413376],
      dtype=float32)}
self.is_success:  [ True  True False  True  True False  True  True  True False]

MPC iter 8 Eval ------- 
Success rate:  0.8
{'success': array([ True,  True, False,  True,  True, False,  True,  True,  True,
        True]), 'state_dist': array([ 19.409138, 115.57093 , 191.76062 ,  75.27042 ,  15.277871,
       143.47057 ,  57.886414,  42.972805,  16.037664,  19.482416],
      dtype=float32)}
self.is_success:  [ True  True False  True  True False  True  True  True  True]

MPC iter 9 Eval ------- 
Success rate:  0.8
{'success': array([ True,  True, False,  True,  True, False,  True,  True,  True,
        True]), 'state_dist': array([ 19.409138, 115.57093 , 169.75163 ,  75.27042 ,  15.277871,
       116.10457 ,  57.886414,  42.972805,  16.037664,  19.482416],
      dtype=float32)}
self.is_success:  [ True  True False  True  True False  True  True  True  True]

MPC iter 10 Eval ------- 
Success rate:  0.8
{'success': array([ True,  True, False,  True,  True, False,  True,  True,  True,
        True]), 'state_dist': array([ 19.409138, 115.57093 , 183.02458 ,  75.27042 ,  15.277871,
       116.39855 ,  57.886414,  42.972805,  16.037664,  19.482416],
      dtype=float32)}
self.is_success:  [ True  True False  True  True False  True  True  True  True]

MPC iter 11 Eval ------- 
Success rate:  0.8
{'success': array([ True,  True, False,  True,  True, False,  True,  True,  True,
        True]), 'state_dist': array([ 19.409138, 115.57093 , 148.77528 ,  75.27042 ,  15.277871,
       104.9658  ,  57.886414,  42.972805,  16.037664,  19.482416],
      dtype=float32)}
self.is_success:  [ True  True False  True  True False  True  True  True  True]

MPC iter 12 Eval ------- 
Success rate:  0.8
{'success': array([ True,  True, False,  True,  True, False,  True,  True,  True,
        True]), 'state_dist': array([ 19.409138, 115.57093 , 196.60588 ,  75.27042 ,  15.277871,
       105.235374,  57.886414,  42.972805,  16.037664,  19.482416],
      dtype=float32)}
self.is_success:  [ True  True False  True  True False  True  True  True  True]

MPC iter 13 Eval ------- 
Success rate:  0.8
{'success': array([ True,  True, False,  True,  True, False,  True,  True,  True,
        True]), 'state_dist': array([ 19.409138, 115.57093 , 156.3071  ,  75.27042 ,  15.277871,
       102.391075,  57.886414,  42.972805,  16.037664,  19.482416],
      dtype=float32)}
self.is_success:  [ True  True False  True  True False  True  True  True  True]

MPC iter 14 Eval ------- 
Success rate:  0.8
{'success': array([ True,  True, False,  True,  True, False,  True,  True,  True,
        True]), 'state_dist': array([ 19.409138, 115.57093 , 174.3843  ,  75.27042 ,  15.277871,
       111.73957 ,  57.886414,  42.972805,  16.037664,  19.482416],
      dtype=float32)}
self.is_success:  [ True  True False  True  True False  True  True  True  True]

MPC iter 15 Eval ------- 
Success rate:  0.8
{'success': array([ True,  True, False,  True,  True, False,  True,  True,  True,
        True]), 'state_dist': array([ 19.409138, 115.57093 , 187.94864 ,  75.27042 ,  15.277871,
        99.06153 ,  57.886414,  42.972805,  16.037664,  19.482416],
      dtype=float32)}
self.is_success:  [ True  True False  True  True False  True  True  True  True]

MPC iter 16 Eval ------- 
Success rate:  0.8
{'success': array([ True,  True, False,  True,  True, False,  True,  True,  True,
        True]), 'state_dist': array([ 19.409138, 115.57093 , 177.27246 ,  75.27042 ,  15.277871,
        96.76505 ,  57.886414,  42.972805,  16.037664,  19.482416],
      dtype=float32)}
self.is_success:  [ True  True False  True  True False  True  True  True  True]

MPC iter 17 Eval ------- 
Success rate:  0.8
{'success': array([ True,  True, False,  True,  True, False,  True,  True,  True,
        True]), 'state_dist': array([ 19.409138, 115.57093 , 196.26268 ,  75.27042 ,  15.277871,
        93.22242 ,  57.886414,  42.972805,  16.037664,  19.482416],
      dtype=float32)}
self.is_success:  [ True  True False  True  True False  True  True  True  True]

MPC iter 18 Eval ------- 
Success rate:  0.8
{'success': array([ True,  True, False,  True,  True, False,  True,  True,  True,
        True]), 'state_dist': array([ 19.409138, 115.57093 , 185.56894 ,  75.27042 ,  15.277871,
       104.68424 ,  57.886414,  42.972805,  16.037664,  19.482416],
      dtype=float32)}
self.is_success:  [ True  True False  True  True False  True  True  True  True]

MPC iter 19 Eval ------- 
Success rate:  0.8
{'success': array([ True,  True, False,  True,  True, False,  True,  True,  True,
        True]), 'state_dist': array([ 19.409138, 115.57093 , 170.97116 ,  75.27042 ,  15.277871,
       115.19618 ,  57.886414,  42.972805,  16.037664,  19.482416],
      dtype=float32)}
self.is_success:  [ True  True False  True  True False  True  True  True  True]
Success rate:  0.8
{'success': array([ True,  True, False,  True,  True, False,  True,  True,  True,
        True]), 'state_dist': array([ 19.409138, 115.57093 , 170.97116 ,  75.27042 ,  15.277871,
       115.19618 ,  57.886414,  42.972805,  16.037664,  19.482416],
      dtype=float32)}
[timing] perform_planning_s=650.804
[timing] total_planning_main_s=660.741
