/home/jupyter-deuk-c4e4/.conda/envs/ts310/lib/python3.10/site-packages/wandb/sdk/internal/internal_api.py:30: UserWarning: pkg_resources is deprecated as an API. See https://setuptools.pypa.io/en/latest/pkg_resources.html. The pkg_resources package is slated for removal as early as 2025-11-30. Refrain from using this package or pin to Setuptools<81.
  from pkg_resources import parse_version
/home/jupyter-deuk-c4e4/.conda/envs/ts310/lib/python3.10/site-packages/pkg_resources/__init__.py:3148: DeprecationWarning: Deprecated call to `pkg_resources.declare_namespace('mpl_toolkits')`.
Implementing implicit namespace packages (as specified in PEP 420) is preferred to `pkg_resources.declare_namespace`. See https://setuptools.pypa.io/en/latest/references/keywords.html#keyword-namespace-packages
  declare_namespace(pkg)
/home/jupyter-deuk-c4e4/.conda/envs/ts310/lib/python3.10/site-packages/pkg_resources/__init__.py:3148: DeprecationWarning: Deprecated call to `pkg_resources.declare_namespace('google')`.
Implementing implicit namespace packages (as specified in PEP 420) is preferred to `pkg_resources.declare_namespace`. See https://setuptools.pypa.io/en/latest/references/keywords.html#keyword-namespace-packages
  declare_namespace(pkg)
/home/jupyter-deuk-c4e4/.conda/envs/ts310/lib/python3.10/site-packages/Cython/Distutils/old_build_ext.py:15: DeprecationWarning: dep_util is Deprecated. Use functions from setuptools instead.
  from distutils.dep_util import newer, newer_group
<frozen importlib._bootstrap>:283: DeprecationWarning: the load_module() method is deprecated and slated for removal in Python 3.12; use exec_module() instead
Warning: Mujoco-based envs failed to import. Set the environment variable D4RL_SUPPRESS_IMPORT_ERROR=1 to suppress this message.
No module named 'mjrl'
Warning: Flow failed to import. Set the environment variable D4RL_SUPPRESS_IMPORT_ERROR=1 to suppress this message.
No module named 'flow'
Warning: CARLA failed to import. Set the environment variable D4RL_SUPPRESS_IMPORT_ERROR=1 to suppress this message.
No module named 'carla'
pybullet build time: Jan 29 2025 23:16:28
/home/jupyter-deuk-c4e4/.conda/envs/ts310/lib/python3.10/site-packages/gym/envs/registration.py:595: UserWarning: [33mWARN: Overriding environment maze2d-open-v0[0m
  logger.warn(f"Overriding environment {id}")
/home/jupyter-deuk-c4e4/.conda/envs/ts310/lib/python3.10/site-packages/gym/envs/registration.py:595: UserWarning: [33mWARN: Overriding environment maze2d-umaze-v0[0m
  logger.warn(f"Overriding environment {id}")
/home/jupyter-deuk-c4e4/.conda/envs/ts310/lib/python3.10/site-packages/gym/envs/registration.py:595: UserWarning: [33mWARN: Overriding environment maze2d-medium-v0[0m
  logger.warn(f"Overriding environment {id}")
/home/jupyter-deuk-c4e4/.conda/envs/ts310/lib/python3.10/site-packages/gym/envs/registration.py:595: UserWarning: [33mWARN: Overriding environment maze2d-large-v0[0m
  logger.warn(f"Overriding environment {id}")
/home/jupyter-deuk-c4e4/.conda/envs/ts310/lib/python3.10/site-packages/gym/envs/registration.py:595: UserWarning: [33mWARN: Overriding environment maze2d-umaze-v1[0m
  logger.warn(f"Overriding environment {id}")
/home/jupyter-deuk-c4e4/.conda/envs/ts310/lib/python3.10/site-packages/gym/envs/registration.py:595: UserWarning: [33mWARN: Overriding environment maze2d-medium-v1[0m
  logger.warn(f"Overriding environment {id}")
/home/jupyter-deuk-c4e4/.conda/envs/ts310/lib/python3.10/site-packages/gym/envs/registration.py:595: UserWarning: [33mWARN: Overriding environment maze2d-large-v1[0m
  logger.warn(f"Overriding environment {id}")
/home/jupyter-deuk-c4e4/.conda/envs/ts310/lib/python3.10/site-packages/gym/envs/registration.py:595: UserWarning: [33mWARN: Overriding environment maze2d-eval-umaze-v1[0m
  logger.warn(f"Overriding environment {id}")
/home/jupyter-deuk-c4e4/.conda/envs/ts310/lib/python3.10/site-packages/gym/envs/registration.py:595: UserWarning: [33mWARN: Overriding environment maze2d-eval-medium-v1[0m
  logger.warn(f"Overriding environment {id}")
/home/jupyter-deuk-c4e4/.conda/envs/ts310/lib/python3.10/site-packages/gym/envs/registration.py:595: UserWarning: [33mWARN: Overriding environment maze2d-eval-large-v1[0m
  logger.warn(f"Overriding environment {id}")
/home/jupyter-deuk-c4e4/.conda/envs/ts310/lib/python3.10/site-packages/gym/envs/registration.py:595: UserWarning: [33mWARN: Overriding environment maze2d-open-dense-v0[0m
  logger.warn(f"Overriding environment {id}")
/home/jupyter-deuk-c4e4/.conda/envs/ts310/lib/python3.10/site-packages/gym/envs/registration.py:595: UserWarning: [33mWARN: Overriding environment maze2d-umaze-dense-v0[0m
  logger.warn(f"Overriding environment {id}")
/home/jupyter-deuk-c4e4/.conda/envs/ts310/lib/python3.10/site-packages/gym/envs/registration.py:595: UserWarning: [33mWARN: Overriding environment maze2d-medium-dense-v0[0m
  logger.warn(f"Overriding environment {id}")
/home/jupyter-deuk-c4e4/.conda/envs/ts310/lib/python3.10/site-packages/gym/envs/registration.py:595: UserWarning: [33mWARN: Overriding environment maze2d-large-dense-v0[0m
  logger.warn(f"Overriding environment {id}")
/home/jupyter-deuk-c4e4/.conda/envs/ts310/lib/python3.10/site-packages/gym/envs/registration.py:595: UserWarning: [33mWARN: Overriding environment maze2d-umaze-dense-v1[0m
  logger.warn(f"Overriding environment {id}")
/home/jupyter-deuk-c4e4/.conda/envs/ts310/lib/python3.10/site-packages/gym/envs/registration.py:595: UserWarning: [33mWARN: Overriding environment maze2d-medium-dense-v1[0m
  logger.warn(f"Overriding environment {id}")
/home/jupyter-deuk-c4e4/.conda/envs/ts310/lib/python3.10/site-packages/gym/envs/registration.py:595: UserWarning: [33mWARN: Overriding environment maze2d-large-dense-v1[0m
  logger.warn(f"Overriding environment {id}")
/home/jupyter-deuk-c4e4/.conda/envs/ts310/lib/python3.10/site-packages/gym/envs/registration.py:595: UserWarning: [33mWARN: Overriding environment maze2d-eval-umaze-dense-v1[0m
  logger.warn(f"Overriding environment {id}")
/home/jupyter-deuk-c4e4/.conda/envs/ts310/lib/python3.10/site-packages/gym/envs/registration.py:595: UserWarning: [33mWARN: Overriding environment maze2d-eval-medium-dense-v1[0m
  logger.warn(f"Overriding environment {id}")
/home/jupyter-deuk-c4e4/.conda/envs/ts310/lib/python3.10/site-packages/gym/envs/registration.py:595: UserWarning: [33mWARN: Overriding environment maze2d-eval-large-dense-v1[0m
  logger.warn(f"Overriding environment {id}")
/opt/dlami/nvme/home/jupyter-deuk-c4e4/temporal-straightening/custom_resolvers.py:4: UserWarning: 
The version_base parameter is not specified.
Please specify a compatability version level, or None.
Will assume defaults for version 1.1
  @hydra.main(config_path=None)
[2026-07-25 16:32:09,465][__main__][INFO] - Planning result saved dir: /opt/dlami/nvme/home/jupyter-deuk-c4e4/pusht-reproduction/patch_reproduction/plan/mpc_seed_200/chunk_20
/home/jupyter-deuk-c4e4/.conda/envs/ts310/lib/python3.10/site-packages/wandb/sdk/internal/internal_api.py:30: UserWarning: pkg_resources is deprecated as an API. See https://setuptools.pypa.io/en/latest/pkg_resources.html. The pkg_resources package is slated for removal as early as 2025-11-30. Refrain from using this package or pin to Setuptools<81.
  from pkg_resources import parse_version
Using cache found in /home/jupyter-deuk-c4e4/.cache/torch/hub/facebookresearch_dinov2_81b2b6419385
Loaded 18685 rollouts
Loaded 21 rollouts
[2026-07-25 16:32:11,951][dinov2][INFO] - using MLP layer as FFN
[2026-07-25 16:32:12,367][models.dino][WARNING] - Unknown projector 'none' for patch tokens; proceeding without projector.
Resuming from epoch 2: /home/jupyter-deuk-c4e4/pusht-reproduction/patch_reproduction/test/pusht_False_agg32_projnone_dim384_hw14_sgTrue_lr1e-06/checkpoints/model_2.pth
[2026-07-25 16:32:12,787][models.visual_world_model][INFO] - num_action_repeat: 1
[2026-07-25 16:32:12,788][models.visual_world_model][INFO] - num_proprio_repeat: 1
[2026-07-25 16:32:12,788][models.visual_world_model][INFO] - proprio encoder: ProprioceptiveEmbedding(
  (patch_embed): Conv1d(4, 10, kernel_size=(1,), stride=(1,))
  (norm): LayerNorm((10,), eps=1e-05, elementwise_affine=True)
)
[2026-07-25 16:32:12,788][models.visual_world_model][INFO] - action encoder: ProprioceptiveEmbedding(
  (patch_embed): Conv1d(10, 10, kernel_size=(1,), stride=(1,))
  (norm): LayerNorm((10,), eps=1e-05, elementwise_affine=True)
)
[2026-07-25 16:32:12,788][models.visual_world_model][INFO] - proprio_dim: 10, after repeat: 10
[2026-07-25 16:32:12,788][models.visual_world_model][INFO] - action_dim: 10, after repeat: 10
[2026-07-25 16:32:12,788][models.visual_world_model][INFO] - emb_dim: 404
[2026-07-25 16:32:12,788][models.visual_world_model][INFO] - Straightening disabled
[2026-07-25 16:32:12,788][models.visual_world_model][INFO] - Speed constancy disabled
[2026-07-25 16:32:12,788][models.visual_world_model][INFO] - Trajectory penalty disabled
[2026-07-25 16:32:12,788][models.visual_world_model][INFO] - Stop-grad enabled: True
[2026-07-25 16:32:12,788][models.visual_world_model][INFO] - VCReg enabled: False, apply_to=enc, std_coeff=0.0, cov_coeff=0.0
[2026-07-25 16:32:12,788][models.visual_world_model][INFO] - Model emb_dim: 404
[timing] setup_model_s=3.325
eval_seed:  [4001, 4201, 4401, 4601, 4801, 5001, 5201, 5401, 5601, 5801]
Dumped plan targets to /opt/dlami/nvme/home/jupyter-deuk-c4e4/pusht-reproduction/patch_reproduction/plan/mpc_seed_200/chunk_20/plan_targets.pkl
[timing] setup_workspace_s=5.469

MPC iter 0 Eval ------- 
Success rate:  0.0
{'success': array([False, False, False, False, False, False, False, False, False,
       False]), 'state_dist': array([ 85.04171,  88.77112,  99.35767, 183.78145, 209.66763, 134.96434,
       103.2186 ,  77.86128, 245.00885, 145.03699], dtype=float32)}
self.is_success:  [False False False False False False False False False False]

MPC iter 1 Eval ------- 
Success rate:  0.0
{'success': array([False, False, False, False, False, False, False, False, False,
       False]), 'state_dist': array([ 57.983547,  80.338875,  68.1489  , 178.55159 , 212.89915 ,
       105.352036,  72.52478 ,  55.260098, 176.3139  , 150.55522 ],
      dtype=float32)}
self.is_success:  [False False False False False False False False False False]

MPC iter 2 Eval ------- 
Success rate:  0.1
{'success': array([False, False,  True, False, False, False, False, False, False,
       False]), 'state_dist': array([ 44.5777  ,  81.16761 ,  10.302536, 164.95001 , 178.25667 ,
        94.441246,  74.7159  , 127.55489 , 164.42996 , 140.34328 ],
      dtype=float32)}
self.is_success:  [False False  True False False False False False False False]

MPC iter 3 Eval ------- 
Success rate:  0.2
{'success': array([False,  True,  True, False, False, False, False, False, False,
       False]), 'state_dist': array([ 39.33461 , 105.2737  ,  10.302536, 169.25601 , 175.99672 ,
        64.87823 ,  55.920128,  81.12578 , 154.37387 , 164.33604 ],
      dtype=float32)}
self.is_success:  [False  True  True False False False False False False False]

MPC iter 4 Eval ------- 
Success rate:  0.3
{'success': array([False,  True,  True, False, False, False, False, False,  True,
       False]), 'state_dist': array([ 33.76112 , 105.2737  ,  10.302536, 138.10744 , 163.71361 ,
        45.251404,  32.496807,  76.610756,  22.802221,  57.72947 ],
      dtype=float32)}
self.is_success:  [False  True  True False False False False False  True False]

MPC iter 5 Eval ------- 
Success rate:  0.7
{'success': array([ True,  True,  True, False, False,  True,  True,  True,  True,
       False]), 'state_dist': array([ 17.885347, 105.2737  ,  10.302536, 144.565   , 127.16481 ,
        31.895748,  26.6539  ,  75.27042 ,  22.802221,  37.082153],
      dtype=float32)}
self.is_success:  [ True  True  True False False  True  True  True  True False]

MPC iter 6 Eval ------- 
Success rate:  0.8
{'success': array([ True,  True,  True, False, False,  True,  True,  True,  True,
        True]), 'state_dist': array([ 17.885347, 105.2737  ,  10.302536, 122.52285 , 124.35175 ,
        31.895748,  26.6539  ,  75.27042 ,  22.802221,  22.084423],
      dtype=float32)}
self.is_success:  [ True  True  True False False  True  True  True  True  True]

MPC iter 7 Eval ------- 
Success rate:  0.8
{'success': array([ True,  True,  True, False, False,  True,  True,  True,  True,
        True]), 'state_dist': array([ 17.885347, 105.2737  ,  10.302536, 122.17036 , 126.28758 ,
        31.895748,  26.6539  ,  75.27042 ,  22.802221,  22.084423],
      dtype=float32)}
self.is_success:  [ True  True  True False False  True  True  True  True  True]

MPC iter 8 Eval ------- 
Success rate:  0.8
{'success': array([ True,  True,  True, False, False,  True,  True,  True,  True,
        True]), 'state_dist': array([ 17.885347, 105.2737  ,  10.302536, 106.5004  , 126.08848 ,
        31.895748,  26.6539  ,  75.27042 ,  22.802221,  22.084423],
      dtype=float32)}
self.is_success:  [ True  True  True False False  True  True  True  True  True]

MPC iter 9 Eval ------- 
Success rate:  0.8
{'success': array([ True,  True,  True, False, False,  True,  True,  True,  True,
        True]), 'state_dist': array([ 17.885347, 105.2737  ,  10.302536, 107.454094, 125.730415,
        31.895748,  26.6539  ,  75.27042 ,  22.802221,  22.084423],
      dtype=float32)}
self.is_success:  [ True  True  True False False  True  True  True  True  True]

MPC iter 10 Eval ------- 
Success rate:  0.8
{'success': array([ True,  True,  True, False, False,  True,  True,  True,  True,
        True]), 'state_dist': array([ 17.885347, 105.2737  ,  10.302536, 101.83524 , 125.91492 ,
        31.895748,  26.6539  ,  75.27042 ,  22.802221,  22.084423],
      dtype=float32)}
self.is_success:  [ True  True  True False False  True  True  True  True  True]

MPC iter 11 Eval ------- 
Success rate:  0.8
{'success': array([ True,  True,  True, False, False,  True,  True,  True,  True,
        True]), 'state_dist': array([ 17.885347, 105.2737  ,  10.302536, 101.852745, 125.8824  ,
        31.895748,  26.6539  ,  75.27042 ,  22.802221,  22.084423],
      dtype=float32)}
self.is_success:  [ True  True  True False False  True  True  True  True  True]

MPC iter 12 Eval ------- 
Success rate:  0.8
{'success': array([ True,  True,  True, False, False,  True,  True,  True,  True,
        True]), 'state_dist': array([ 17.885347, 105.2737  ,  10.302536, 103.38684 , 127.14091 ,
        31.895748,  26.6539  ,  75.27042 ,  22.802221,  22.084423],
      dtype=float32)}
self.is_success:  [ True  True  True False False  True  True  True  True  True]

MPC iter 13 Eval ------- 
Success rate:  0.8
{'success': array([ True,  True,  True, False, False,  True,  True,  True,  True,
        True]), 'state_dist': array([ 17.885347, 105.2737  ,  10.302536,  97.58304 , 126.043274,
        31.895748,  26.6539  ,  75.27042 ,  22.802221,  22.084423],
      dtype=float32)}
self.is_success:  [ True  True  True False False  True  True  True  True  True]

MPC iter 14 Eval ------- 
Success rate:  0.8
{'success': array([ True,  True,  True, False, False,  True,  True,  True,  True,
        True]), 'state_dist': array([ 17.885347, 105.2737  ,  10.302536, 100.35739 , 127.15012 ,
        31.895748,  26.6539  ,  75.27042 ,  22.802221,  22.084423],
      dtype=float32)}
self.is_success:  [ True  True  True False False  True  True  True  True  True]

MPC iter 15 Eval ------- 
Success rate:  0.8
{'success': array([ True,  True,  True, False, False,  True,  True,  True,  True,
        True]), 'state_dist': array([ 17.885347, 105.2737  ,  10.302536, 100.0363  , 127.0933  ,
        31.895748,  26.6539  ,  75.27042 ,  22.802221,  22.084423],
      dtype=float32)}
self.is_success:  [ True  True  True False False  True  True  True  True  True]

MPC iter 16 Eval ------- 
Success rate:  0.8
{'success': array([ True,  True,  True, False, False,  True,  True,  True,  True,
        True]), 'state_dist': array([ 17.885347, 105.2737  ,  10.302536,  98.07118 , 125.375114,
        31.895748,  26.6539  ,  75.27042 ,  22.802221,  22.084423],
      dtype=float32)}
self.is_success:  [ True  True  True False False  True  True  True  True  True]

MPC iter 17 Eval ------- 
Success rate:  0.8
{'success': array([ True,  True,  True, False, False,  True,  True,  True,  True,
        True]), 'state_dist': array([ 17.885347, 105.2737  ,  10.302536,  99.24323 , 129.44974 ,
        31.895748,  26.6539  ,  75.27042 ,  22.802221,  22.084423],
      dtype=float32)}
self.is_success:  [ True  True  True False False  True  True  True  True  True]

MPC iter 18 Eval ------- 
Success rate:  0.8
{'success': array([ True,  True,  True, False, False,  True,  True,  True,  True,
        True]), 'state_dist': array([ 17.885347, 105.2737  ,  10.302536, 102.43436 , 123.964554,
        31.895748,  26.6539  ,  75.27042 ,  22.802221,  22.084423],
      dtype=float32)}
self.is_success:  [ True  True  True False False  True  True  True  True  True]

MPC iter 19 Eval ------- 
Success rate:  0.8
{'success': array([ True,  True,  True, False, False,  True,  True,  True,  True,
        True]), 'state_dist': array([ 17.885347, 105.2737  ,  10.302536,  94.96889 , 125.24388 ,
        31.895748,  26.6539  ,  75.27042 ,  22.802221,  22.084423],
      dtype=float32)}
self.is_success:  [ True  True  True False False  True  True  True  True  True]
Success rate:  0.8
{'success': array([ True,  True,  True, False, False,  True,  True,  True,  True,
        True]), 'state_dist': array([ 17.885347, 105.2737  ,  10.302536,  94.96889 , 125.24388 ,
        31.895748,  26.6539  ,  75.27042 ,  22.802221,  22.084423],
      dtype=float32)}
[timing] perform_planning_s=650.533
[timing] total_planning_main_s=659.327
