/home/jupyter-deuk-c4e4/.conda/envs/ts310/lib/python3.10/site-packages/wandb/sdk/internal/internal_api.py:30: UserWarning: pkg_resources is deprecated as an API. See https://setuptools.pypa.io/en/latest/pkg_resources.html. The pkg_resources package is slated for removal as early as 2025-11-30. Refrain from using this package or pin to Setuptools<81.
  from pkg_resources import parse_version
/home/jupyter-deuk-c4e4/.conda/envs/ts310/lib/python3.10/site-packages/pkg_resources/__init__.py:3148: DeprecationWarning: Deprecated call to `pkg_resources.declare_namespace('mpl_toolkits')`.
Implementing implicit namespace packages (as specified in PEP 420) is preferred to `pkg_resources.declare_namespace`. See https://setuptools.pypa.io/en/latest/references/keywords.html#keyword-namespace-packages
  declare_namespace(pkg)
/home/jupyter-deuk-c4e4/.conda/envs/ts310/lib/python3.10/site-packages/pkg_resources/__init__.py:3148: DeprecationWarning: Deprecated call to `pkg_resources.declare_namespace('google')`.
Implementing implicit namespace packages (as specified in PEP 420) is preferred to `pkg_resources.declare_namespace`. See https://setuptools.pypa.io/en/latest/references/keywords.html#keyword-namespace-packages
  declare_namespace(pkg)
/home/jupyter-deuk-c4e4/.conda/envs/ts310/lib/python3.10/site-packages/Cython/Distutils/old_build_ext.py:15: DeprecationWarning: dep_util is Deprecated. Use functions from setuptools instead.
  from distutils.dep_util import newer, newer_group
<frozen importlib._bootstrap>:283: DeprecationWarning: the load_module() method is deprecated and slated for removal in Python 3.12; use exec_module() instead
Warning: Mujoco-based envs failed to import. Set the environment variable D4RL_SUPPRESS_IMPORT_ERROR=1 to suppress this message.
No module named 'mjrl'
Warning: Flow failed to import. Set the environment variable D4RL_SUPPRESS_IMPORT_ERROR=1 to suppress this message.
No module named 'flow'
Warning: CARLA failed to import. Set the environment variable D4RL_SUPPRESS_IMPORT_ERROR=1 to suppress this message.
No module named 'carla'
pybullet build time: Jan 29 2025 23:16:28
/home/jupyter-deuk-c4e4/.conda/envs/ts310/lib/python3.10/site-packages/gym/envs/registration.py:595: UserWarning: [33mWARN: Overriding environment maze2d-open-v0[0m
  logger.warn(f"Overriding environment {id}")
/home/jupyter-deuk-c4e4/.conda/envs/ts310/lib/python3.10/site-packages/gym/envs/registration.py:595: UserWarning: [33mWARN: Overriding environment maze2d-umaze-v0[0m
  logger.warn(f"Overriding environment {id}")
/home/jupyter-deuk-c4e4/.conda/envs/ts310/lib/python3.10/site-packages/gym/envs/registration.py:595: UserWarning: [33mWARN: Overriding environment maze2d-medium-v0[0m
  logger.warn(f"Overriding environment {id}")
/home/jupyter-deuk-c4e4/.conda/envs/ts310/lib/python3.10/site-packages/gym/envs/registration.py:595: UserWarning: [33mWARN: Overriding environment maze2d-large-v0[0m
  logger.warn(f"Overriding environment {id}")
/home/jupyter-deuk-c4e4/.conda/envs/ts310/lib/python3.10/site-packages/gym/envs/registration.py:595: UserWarning: [33mWARN: Overriding environment maze2d-umaze-v1[0m
  logger.warn(f"Overriding environment {id}")
/home/jupyter-deuk-c4e4/.conda/envs/ts310/lib/python3.10/site-packages/gym/envs/registration.py:595: UserWarning: [33mWARN: Overriding environment maze2d-medium-v1[0m
  logger.warn(f"Overriding environment {id}")
/home/jupyter-deuk-c4e4/.conda/envs/ts310/lib/python3.10/site-packages/gym/envs/registration.py:595: UserWarning: [33mWARN: Overriding environment maze2d-large-v1[0m
  logger.warn(f"Overriding environment {id}")
/home/jupyter-deuk-c4e4/.conda/envs/ts310/lib/python3.10/site-packages/gym/envs/registration.py:595: UserWarning: [33mWARN: Overriding environment maze2d-eval-umaze-v1[0m
  logger.warn(f"Overriding environment {id}")
/home/jupyter-deuk-c4e4/.conda/envs/ts310/lib/python3.10/site-packages/gym/envs/registration.py:595: UserWarning: [33mWARN: Overriding environment maze2d-eval-medium-v1[0m
  logger.warn(f"Overriding environment {id}")
/home/jupyter-deuk-c4e4/.conda/envs/ts310/lib/python3.10/site-packages/gym/envs/registration.py:595: UserWarning: [33mWARN: Overriding environment maze2d-eval-large-v1[0m
  logger.warn(f"Overriding environment {id}")
/home/jupyter-deuk-c4e4/.conda/envs/ts310/lib/python3.10/site-packages/gym/envs/registration.py:595: UserWarning: [33mWARN: Overriding environment maze2d-open-dense-v0[0m
  logger.warn(f"Overriding environment {id}")
/home/jupyter-deuk-c4e4/.conda/envs/ts310/lib/python3.10/site-packages/gym/envs/registration.py:595: UserWarning: [33mWARN: Overriding environment maze2d-umaze-dense-v0[0m
  logger.warn(f"Overriding environment {id}")
/home/jupyter-deuk-c4e4/.conda/envs/ts310/lib/python3.10/site-packages/gym/envs/registration.py:595: UserWarning: [33mWARN: Overriding environment maze2d-medium-dense-v0[0m
  logger.warn(f"Overriding environment {id}")
/home/jupyter-deuk-c4e4/.conda/envs/ts310/lib/python3.10/site-packages/gym/envs/registration.py:595: UserWarning: [33mWARN: Overriding environment maze2d-large-dense-v0[0m
  logger.warn(f"Overriding environment {id}")
/home/jupyter-deuk-c4e4/.conda/envs/ts310/lib/python3.10/site-packages/gym/envs/registration.py:595: UserWarning: [33mWARN: Overriding environment maze2d-umaze-dense-v1[0m
  logger.warn(f"Overriding environment {id}")
/home/jupyter-deuk-c4e4/.conda/envs/ts310/lib/python3.10/site-packages/gym/envs/registration.py:595: UserWarning: [33mWARN: Overriding environment maze2d-medium-dense-v1[0m
  logger.warn(f"Overriding environment {id}")
/home/jupyter-deuk-c4e4/.conda/envs/ts310/lib/python3.10/site-packages/gym/envs/registration.py:595: UserWarning: [33mWARN: Overriding environment maze2d-large-dense-v1[0m
  logger.warn(f"Overriding environment {id}")
/home/jupyter-deuk-c4e4/.conda/envs/ts310/lib/python3.10/site-packages/gym/envs/registration.py:595: UserWarning: [33mWARN: Overriding environment maze2d-eval-umaze-dense-v1[0m
  logger.warn(f"Overriding environment {id}")
/home/jupyter-deuk-c4e4/.conda/envs/ts310/lib/python3.10/site-packages/gym/envs/registration.py:595: UserWarning: [33mWARN: Overriding environment maze2d-eval-medium-dense-v1[0m
  logger.warn(f"Overriding environment {id}")
/home/jupyter-deuk-c4e4/.conda/envs/ts310/lib/python3.10/site-packages/gym/envs/registration.py:595: UserWarning: [33mWARN: Overriding environment maze2d-eval-large-dense-v1[0m
  logger.warn(f"Overriding environment {id}")
/opt/dlami/nvme/home/jupyter-deuk-c4e4/temporal-straightening/custom_resolvers.py:4: UserWarning: 
The version_base parameter is not specified.
Please specify a compatability version level, or None.
Will assume defaults for version 1.1
  @hydra.main(config_path=None)
[2026-07-25 17:27:32,055][__main__][INFO] - Planning result saved dir: /opt/dlami/nvme/home/jupyter-deuk-c4e4/pusht-reproduction/patch_reproduction/plan/mpc_seed_300/chunk_20
/home/jupyter-deuk-c4e4/.conda/envs/ts310/lib/python3.10/site-packages/wandb/sdk/internal/internal_api.py:30: UserWarning: pkg_resources is deprecated as an API. See https://setuptools.pypa.io/en/latest/pkg_resources.html. The pkg_resources package is slated for removal as early as 2025-11-30. Refrain from using this package or pin to Setuptools<81.
  from pkg_resources import parse_version
Using cache found in /home/jupyter-deuk-c4e4/.cache/torch/hub/facebookresearch_dinov2_81b2b6419385
Loaded 18685 rollouts
Loaded 21 rollouts
[2026-07-25 17:27:34,465][dinov2][INFO] - using MLP layer as FFN
[2026-07-25 17:27:34,870][models.dino][WARNING] - Unknown projector 'none' for patch tokens; proceeding without projector.
Resuming from epoch 2: /home/jupyter-deuk-c4e4/pusht-reproduction/patch_reproduction/test/pusht_False_agg32_projnone_dim384_hw14_sgTrue_lr1e-06/checkpoints/model_2.pth
[2026-07-25 17:27:35,268][models.visual_world_model][INFO] - num_action_repeat: 1
[2026-07-25 17:27:35,268][models.visual_world_model][INFO] - num_proprio_repeat: 1
[2026-07-25 17:27:35,268][models.visual_world_model][INFO] - proprio encoder: ProprioceptiveEmbedding(
  (patch_embed): Conv1d(4, 10, kernel_size=(1,), stride=(1,))
  (norm): LayerNorm((10,), eps=1e-05, elementwise_affine=True)
)
[2026-07-25 17:27:35,268][models.visual_world_model][INFO] - action encoder: ProprioceptiveEmbedding(
  (patch_embed): Conv1d(10, 10, kernel_size=(1,), stride=(1,))
  (norm): LayerNorm((10,), eps=1e-05, elementwise_affine=True)
)
[2026-07-25 17:27:35,268][models.visual_world_model][INFO] - proprio_dim: 10, after repeat: 10
[2026-07-25 17:27:35,268][models.visual_world_model][INFO] - action_dim: 10, after repeat: 10
[2026-07-25 17:27:35,268][models.visual_world_model][INFO] - emb_dim: 404
[2026-07-25 17:27:35,268][models.visual_world_model][INFO] - Straightening disabled
[2026-07-25 17:27:35,268][models.visual_world_model][INFO] - Speed constancy disabled
[2026-07-25 17:27:35,269][models.visual_world_model][INFO] - Trajectory penalty disabled
[2026-07-25 17:27:35,269][models.visual_world_model][INFO] - Stop-grad enabled: True
[2026-07-25 17:27:35,269][models.visual_world_model][INFO] - VCReg enabled: False, apply_to=enc, std_coeff=0.0, cov_coeff=0.0
[2026-07-25 17:27:35,269][models.visual_world_model][INFO] - Model emb_dim: 404
[timing] setup_model_s=3.216
eval_seed:  [6001, 6301, 6601, 6901, 7201, 7501, 7801, 8101, 8401, 8701]
Dumped plan targets to /opt/dlami/nvme/home/jupyter-deuk-c4e4/pusht-reproduction/patch_reproduction/plan/mpc_seed_300/chunk_20/plan_targets.pkl
[timing] setup_workspace_s=5.472

MPC iter 0 Eval ------- 
Success rate:  0.0
{'success': array([False, False, False, False, False, False, False, False, False,
       False]), 'state_dist': array([102.21154, 226.55566, 199.43045, 111.66357, 193.59453, 190.45695,
        92.79489, 268.04498, 167.60982, 206.59741], dtype=float32)}
self.is_success:  [False False False False False False False False False False]

MPC iter 1 Eval ------- 
Success rate:  0.0
{'success': array([False, False, False, False, False, False, False, False, False,
       False]), 'state_dist': array([ 86.00975, 204.72978, 212.93567, 103.37373, 148.26003, 176.945  ,
        72.20099, 275.4168 , 149.10686, 200.68216], dtype=float32)}
self.is_success:  [False False False False False False False False False False]

MPC iter 2 Eval ------- 
Success rate:  0.0
{'success': array([False, False, False, False, False, False, False, False, False,
       False]), 'state_dist': array([ 76.3694 , 155.33405, 203.30829, 134.30609, 118.98358, 162.98479,
        74.20882, 271.91965, 133.62216, 173.895  ], dtype=float32)}
self.is_success:  [False False False False False False False False False False]

MPC iter 3 Eval ------- 
Success rate:  0.0
{'success': array([False, False, False, False, False, False, False, False, False,
       False]), 'state_dist': array([102.38145 , 141.8872  , 158.35695 , 117.51295 ,  65.71344 ,
       189.83759 ,  66.069435, 187.07195 , 222.92697 ,  98.77131 ],
      dtype=float32)}
self.is_success:  [False False False False False False False False False False]

MPC iter 4 Eval ------- 
Success rate:  0.2
{'success': array([False, False,  True, False, False, False, False,  True, False,
       False]), 'state_dist': array([ 52.332058, 136.52536 ,  99.0505  ,  55.59824 ,  36.496494,
        36.016266,  39.20102 ,  64.13684 , 184.42828 ,  44.47853 ],
      dtype=float32)}
self.is_success:  [False False  True False False False False  True False False]

MPC iter 5 Eval ------- 
Success rate:  0.3
{'success': array([False, False,  True, False,  True, False, False,  True, False,
       False]), 'state_dist': array([ 33.180256, 145.00252 ,  99.0505  ,  44.58677 ,  26.926865,
        30.675562,  44.36244 ,  64.13684 , 187.95303 ,  28.56369 ],
      dtype=float32)}
self.is_success:  [False False  True False  True False False  True False False]

MPC iter 6 Eval ------- 
Success rate:  0.5
{'success': array([False, False,  True, False,  True, False,  True,  True, False,
        True]), 'state_dist': array([163.19667 , 139.48163 ,  99.0505  ,  48.81366 ,  26.926865,
        38.444405,  36.24629 ,  64.13684 , 174.85649 ,  19.654129],
      dtype=float32)}
self.is_success:  [False False  True False  True False  True  True False  True]

MPC iter 7 Eval ------- 
Success rate:  0.5
{'success': array([False, False,  True, False,  True, False,  True,  True, False,
        True]), 'state_dist': array([ 89.19467 , 114.69245 ,  99.0505  ,  48.951538,  26.926865,
        28.173203,  36.24629 ,  64.13684 , 164.04605 ,  19.654129],
      dtype=float32)}
self.is_success:  [False False  True False  True False  True  True False  True]

MPC iter 8 Eval ------- 
Success rate:  0.6
{'success': array([False, False,  True,  True,  True, False,  True,  True, False,
        True]), 'state_dist': array([ 59.50288 , 130.71097 ,  99.0505  ,  47.859085,  26.926865,
        29.971985,  36.24629 ,  64.13684 , 191.76062 ,  19.654129],
      dtype=float32)}
self.is_success:  [False False  True  True  True False  True  True False  True]

MPC iter 9 Eval ------- 
Success rate:  0.6
{'success': array([False, False,  True,  True,  True, False,  True,  True, False,
        True]), 'state_dist': array([ 30.18663 , 108.038   ,  99.0505  ,  47.859085,  26.926865,
        30.484352,  36.24629 ,  64.13684 , 169.75163 ,  19.654129],
      dtype=float32)}
self.is_success:  [False False  True  True  True False  True  True False  True]

MPC iter 10 Eval ------- 
Success rate:  0.6
{'success': array([False, False,  True,  True,  True, False,  True,  True, False,
        True]), 'state_dist': array([ 35.322666, 108.59992 ,  99.0505  ,  47.859085,  26.926865,
        30.061255,  36.24629 ,  64.13684 , 183.02458 ,  19.654129],
      dtype=float32)}
self.is_success:  [False False  True  True  True False  True  True False  True]

MPC iter 11 Eval ------- 
Success rate:  0.6
{'success': array([False, False,  True,  True,  True, False,  True,  True, False,
        True]), 'state_dist': array([ 24.342873, 110.08983 ,  99.0505  ,  47.859085,  26.926865,
        28.218193,  36.24629 ,  64.13684 , 148.77528 ,  19.654129],
      dtype=float32)}
self.is_success:  [False False  True  True  True False  True  True False  True]

MPC iter 12 Eval ------- 
Success rate:  0.6
{'success': array([False, False,  True,  True,  True, False,  True,  True, False,
        True]), 'state_dist': array([ 33.927097, 108.82977 ,  99.0505  ,  47.859085,  26.926865,
        28.690426,  36.24629 ,  64.13684 , 196.60588 ,  19.654129],
      dtype=float32)}
self.is_success:  [False False  True  True  True False  True  True False  True]

MPC iter 13 Eval ------- 
Success rate:  0.6
{'success': array([False, False,  True,  True,  True, False,  True,  True, False,
        True]), 'state_dist': array([ 31.512098, 109.25124 ,  99.0505  ,  47.859085,  26.926865,
        28.521843,  36.24629 ,  64.13684 , 156.3071  ,  19.654129],
      dtype=float32)}
self.is_success:  [False False  True  True  True False  True  True False  True]

MPC iter 14 Eval ------- 
Success rate:  0.6
{'success': array([False, False,  True,  True,  True, False,  True,  True, False,
        True]), 'state_dist': array([ 31.162685, 110.40792 ,  99.0505  ,  47.859085,  26.926865,
        27.753345,  36.24629 ,  64.13684 , 174.3843  ,  19.654129],
      dtype=float32)}
self.is_success:  [False False  True  True  True False  True  True False  True]

MPC iter 15 Eval ------- 
Success rate:  0.6
{'success': array([False, False,  True,  True,  True, False,  True,  True, False,
        True]), 'state_dist': array([ 31.610928, 110.4452  ,  99.0505  ,  47.859085,  26.926865,
        29.634449,  36.24629 ,  64.13684 , 187.94864 ,  19.654129],
      dtype=float32)}
self.is_success:  [False False  True  True  True False  True  True False  True]

MPC iter 16 Eval ------- 
Success rate:  0.6
{'success': array([False, False,  True,  True,  True, False,  True,  True, False,
        True]), 'state_dist': array([ 31.600893, 110.331406,  99.0505  ,  47.859085,  26.926865,
        27.451468,  36.24629 ,  64.13684 , 177.27246 ,  19.654129],
      dtype=float32)}
self.is_success:  [False False  True  True  True False  True  True False  True]

MPC iter 17 Eval ------- 
Success rate:  0.6
{'success': array([False, False,  True,  True,  True, False,  True,  True, False,
        True]), 'state_dist': array([ 32.097237, 109.28471 ,  99.0505  ,  47.859085,  26.926865,
        30.804102,  36.24629 ,  64.13684 , 196.26268 ,  19.654129],
      dtype=float32)}
self.is_success:  [False False  True  True  True False  True  True False  True]

MPC iter 18 Eval ------- 
Success rate:  0.6
{'success': array([False, False,  True,  True,  True, False,  True,  True, False,
        True]), 'state_dist': array([ 33.61818 , 108.47391 ,  99.0505  ,  47.859085,  26.926865,
        28.73207 ,  36.24629 ,  64.13684 , 185.56894 ,  19.654129],
      dtype=float32)}
self.is_success:  [False False  True  True  True False  True  True False  True]

MPC iter 19 Eval ------- 
Success rate:  0.6
{'success': array([False, False,  True,  True,  True, False,  True,  True, False,
        True]), 'state_dist': array([ 35.967926, 109.20357 ,  99.0505  ,  47.859085,  26.926865,
        27.927979,  36.24629 ,  64.13684 , 170.97116 ,  19.654129],
      dtype=float32)}
self.is_success:  [False False  True  True  True False  True  True False  True]
Success rate:  0.6
{'success': array([False, False,  True,  True,  True, False,  True,  True, False,
        True]), 'state_dist': array([ 35.967926, 109.20357 ,  99.0505  ,  47.859085,  26.926865,
        27.927979,  36.24629 ,  64.13684 , 170.97116 ,  19.654129],
      dtype=float32)}
[timing] perform_planning_s=650.806
[timing] total_planning_main_s=659.493
