/home/jupyter-deuk-c4e4/.conda/envs/ts310/lib/python3.10/site-packages/wandb/sdk/internal/internal_api.py:30: UserWarning: pkg_resources is deprecated as an API. See https://setuptools.pypa.io/en/latest/pkg_resources.html. The pkg_resources package is slated for removal as early as 2025-11-30. Refrain from using this package or pin to Setuptools<81.
  from pkg_resources import parse_version
/home/jupyter-deuk-c4e4/.conda/envs/ts310/lib/python3.10/site-packages/pkg_resources/__init__.py:3148: DeprecationWarning: Deprecated call to `pkg_resources.declare_namespace('mpl_toolkits')`.
Implementing implicit namespace packages (as specified in PEP 420) is preferred to `pkg_resources.declare_namespace`. See https://setuptools.pypa.io/en/latest/references/keywords.html#keyword-namespace-packages
  declare_namespace(pkg)
/home/jupyter-deuk-c4e4/.conda/envs/ts310/lib/python3.10/site-packages/pkg_resources/__init__.py:3148: DeprecationWarning: Deprecated call to `pkg_resources.declare_namespace('google')`.
Implementing implicit namespace packages (as specified in PEP 420) is preferred to `pkg_resources.declare_namespace`. See https://setuptools.pypa.io/en/latest/references/keywords.html#keyword-namespace-packages
  declare_namespace(pkg)
/home/jupyter-deuk-c4e4/.conda/envs/ts310/lib/python3.10/site-packages/Cython/Distutils/old_build_ext.py:15: DeprecationWarning: dep_util is Deprecated. Use functions from setuptools instead.
  from distutils.dep_util import newer, newer_group
<frozen importlib._bootstrap>:283: DeprecationWarning: the load_module() method is deprecated and slated for removal in Python 3.12; use exec_module() instead
Warning: Mujoco-based envs failed to import. Set the environment variable D4RL_SUPPRESS_IMPORT_ERROR=1 to suppress this message.
No module named 'mjrl'
Warning: Flow failed to import. Set the environment variable D4RL_SUPPRESS_IMPORT_ERROR=1 to suppress this message.
No module named 'flow'
Warning: CARLA failed to import. Set the environment variable D4RL_SUPPRESS_IMPORT_ERROR=1 to suppress this message.
No module named 'carla'
pybullet build time: Jan 29 2025 23:16:28
/home/jupyter-deuk-c4e4/.conda/envs/ts310/lib/python3.10/site-packages/gym/envs/registration.py:595: UserWarning: [33mWARN: Overriding environment maze2d-open-v0[0m
  logger.warn(f"Overriding environment {id}")
/home/jupyter-deuk-c4e4/.conda/envs/ts310/lib/python3.10/site-packages/gym/envs/registration.py:595: UserWarning: [33mWARN: Overriding environment maze2d-umaze-v0[0m
  logger.warn(f"Overriding environment {id}")
/home/jupyter-deuk-c4e4/.conda/envs/ts310/lib/python3.10/site-packages/gym/envs/registration.py:595: UserWarning: [33mWARN: Overriding environment maze2d-medium-v0[0m
  logger.warn(f"Overriding environment {id}")
/home/jupyter-deuk-c4e4/.conda/envs/ts310/lib/python3.10/site-packages/gym/envs/registration.py:595: UserWarning: [33mWARN: Overriding environment maze2d-large-v0[0m
  logger.warn(f"Overriding environment {id}")
/home/jupyter-deuk-c4e4/.conda/envs/ts310/lib/python3.10/site-packages/gym/envs/registration.py:595: UserWarning: [33mWARN: Overriding environment maze2d-umaze-v1[0m
  logger.warn(f"Overriding environment {id}")
/home/jupyter-deuk-c4e4/.conda/envs/ts310/lib/python3.10/site-packages/gym/envs/registration.py:595: UserWarning: [33mWARN: Overriding environment maze2d-medium-v1[0m
  logger.warn(f"Overriding environment {id}")
/home/jupyter-deuk-c4e4/.conda/envs/ts310/lib/python3.10/site-packages/gym/envs/registration.py:595: UserWarning: [33mWARN: Overriding environment maze2d-large-v1[0m
  logger.warn(f"Overriding environment {id}")
/home/jupyter-deuk-c4e4/.conda/envs/ts310/lib/python3.10/site-packages/gym/envs/registration.py:595: UserWarning: [33mWARN: Overriding environment maze2d-eval-umaze-v1[0m
  logger.warn(f"Overriding environment {id}")
/home/jupyter-deuk-c4e4/.conda/envs/ts310/lib/python3.10/site-packages/gym/envs/registration.py:595: UserWarning: [33mWARN: Overriding environment maze2d-eval-medium-v1[0m
  logger.warn(f"Overriding environment {id}")
/home/jupyter-deuk-c4e4/.conda/envs/ts310/lib/python3.10/site-packages/gym/envs/registration.py:595: UserWarning: [33mWARN: Overriding environment maze2d-eval-large-v1[0m
  logger.warn(f"Overriding environment {id}")
/home/jupyter-deuk-c4e4/.conda/envs/ts310/lib/python3.10/site-packages/gym/envs/registration.py:595: UserWarning: [33mWARN: Overriding environment maze2d-open-dense-v0[0m
  logger.warn(f"Overriding environment {id}")
/home/jupyter-deuk-c4e4/.conda/envs/ts310/lib/python3.10/site-packages/gym/envs/registration.py:595: UserWarning: [33mWARN: Overriding environment maze2d-umaze-dense-v0[0m
  logger.warn(f"Overriding environment {id}")
/home/jupyter-deuk-c4e4/.conda/envs/ts310/lib/python3.10/site-packages/gym/envs/registration.py:595: UserWarning: [33mWARN: Overriding environment maze2d-medium-dense-v0[0m
  logger.warn(f"Overriding environment {id}")
/home/jupyter-deuk-c4e4/.conda/envs/ts310/lib/python3.10/site-packages/gym/envs/registration.py:595: UserWarning: [33mWARN: Overriding environment maze2d-large-dense-v0[0m
  logger.warn(f"Overriding environment {id}")
/home/jupyter-deuk-c4e4/.conda/envs/ts310/lib/python3.10/site-packages/gym/envs/registration.py:595: UserWarning: [33mWARN: Overriding environment maze2d-umaze-dense-v1[0m
  logger.warn(f"Overriding environment {id}")
/home/jupyter-deuk-c4e4/.conda/envs/ts310/lib/python3.10/site-packages/gym/envs/registration.py:595: UserWarning: [33mWARN: Overriding environment maze2d-medium-dense-v1[0m
  logger.warn(f"Overriding environment {id}")
/home/jupyter-deuk-c4e4/.conda/envs/ts310/lib/python3.10/site-packages/gym/envs/registration.py:595: UserWarning: [33mWARN: Overriding environment maze2d-large-dense-v1[0m
  logger.warn(f"Overriding environment {id}")
/home/jupyter-deuk-c4e4/.conda/envs/ts310/lib/python3.10/site-packages/gym/envs/registration.py:595: UserWarning: [33mWARN: Overriding environment maze2d-eval-umaze-dense-v1[0m
  logger.warn(f"Overriding environment {id}")
/home/jupyter-deuk-c4e4/.conda/envs/ts310/lib/python3.10/site-packages/gym/envs/registration.py:595: UserWarning: [33mWARN: Overriding environment maze2d-eval-medium-dense-v1[0m
  logger.warn(f"Overriding environment {id}")
/home/jupyter-deuk-c4e4/.conda/envs/ts310/lib/python3.10/site-packages/gym/envs/registration.py:595: UserWarning: [33mWARN: Overriding environment maze2d-eval-large-dense-v1[0m
  logger.warn(f"Overriding environment {id}")
/opt/dlami/nvme/home/jupyter-deuk-c4e4/temporal-straightening/custom_resolvers.py:4: UserWarning: 
The version_base parameter is not specified.
Please specify a compatability version level, or None.
Will assume defaults for version 1.1
  @hydra.main(config_path=None)
[2026-07-25 17:49:41,870][__main__][INFO] - Planning result saved dir: /opt/dlami/nvme/home/jupyter-deuk-c4e4/pusht-reproduction/patch_reproduction/plan/mpc_seed_300/chunk_40
/home/jupyter-deuk-c4e4/.conda/envs/ts310/lib/python3.10/site-packages/wandb/sdk/internal/internal_api.py:30: UserWarning: pkg_resources is deprecated as an API. See https://setuptools.pypa.io/en/latest/pkg_resources.html. The pkg_resources package is slated for removal as early as 2025-11-30. Refrain from using this package or pin to Setuptools<81.
  from pkg_resources import parse_version
Using cache found in /home/jupyter-deuk-c4e4/.cache/torch/hub/facebookresearch_dinov2_81b2b6419385
Loaded 18685 rollouts
Loaded 21 rollouts
[2026-07-25 17:49:44,276][dinov2][INFO] - using MLP layer as FFN
[2026-07-25 17:49:44,681][models.dino][WARNING] - Unknown projector 'none' for patch tokens; proceeding without projector.
Resuming from epoch 2: /home/jupyter-deuk-c4e4/pusht-reproduction/patch_reproduction/test/pusht_False_agg32_projnone_dim384_hw14_sgTrue_lr1e-06/checkpoints/model_2.pth
[2026-07-25 17:49:45,086][models.visual_world_model][INFO] - num_action_repeat: 1
[2026-07-25 17:49:45,086][models.visual_world_model][INFO] - num_proprio_repeat: 1
[2026-07-25 17:49:45,086][models.visual_world_model][INFO] - proprio encoder: ProprioceptiveEmbedding(
  (patch_embed): Conv1d(4, 10, kernel_size=(1,), stride=(1,))
  (norm): LayerNorm((10,), eps=1e-05, elementwise_affine=True)
)
[2026-07-25 17:49:45,086][models.visual_world_model][INFO] - action encoder: ProprioceptiveEmbedding(
  (patch_embed): Conv1d(10, 10, kernel_size=(1,), stride=(1,))
  (norm): LayerNorm((10,), eps=1e-05, elementwise_affine=True)
)
[2026-07-25 17:49:45,086][models.visual_world_model][INFO] - proprio_dim: 10, after repeat: 10
[2026-07-25 17:49:45,086][models.visual_world_model][INFO] - action_dim: 10, after repeat: 10
[2026-07-25 17:49:45,086][models.visual_world_model][INFO] - emb_dim: 404
[2026-07-25 17:49:45,086][models.visual_world_model][INFO] - Straightening disabled
[2026-07-25 17:49:45,086][models.visual_world_model][INFO] - Speed constancy disabled
[2026-07-25 17:49:45,086][models.visual_world_model][INFO] - Trajectory penalty disabled
[2026-07-25 17:49:45,086][models.visual_world_model][INFO] - Stop-grad enabled: True
[2026-07-25 17:49:45,086][models.visual_world_model][INFO] - VCReg enabled: False, apply_to=enc, std_coeff=0.0, cov_coeff=0.0
[2026-07-25 17:49:45,086][models.visual_world_model][INFO] - Model emb_dim: 404
[timing] setup_model_s=3.219
eval_seed:  [12001, 12301, 12601, 12901, 13201, 13501, 13801, 14101, 14401, 14701]
Dumped plan targets to /opt/dlami/nvme/home/jupyter-deuk-c4e4/pusht-reproduction/patch_reproduction/plan/mpc_seed_300/chunk_40/plan_targets.pkl
[timing] setup_workspace_s=6.736

MPC iter 0 Eval ------- 
Success rate:  0.0
{'success': array([False, False, False, False, False, False, False, False, False,
       False]), 'state_dist': array([ 95.27394 , 248.74345 , 247.21593 , 235.9106  ,  77.572075,
       174.31465 , 182.1135  , 279.3281  , 214.6339  , 200.9261  ],
      dtype=float32)}
self.is_success:  [False False False False False False False False False False]

MPC iter 1 Eval ------- 
Success rate:  0.0
{'success': array([False, False, False, False, False, False, False, False, False,
       False]), 'state_dist': array([ 71.069534, 235.53175 , 237.11871 , 202.3977  , 103.73101 ,
       164.40935 , 177.5389  , 281.31497 , 205.82506 , 205.17857 ],
      dtype=float32)}
self.is_success:  [False False False False False False False False False False]

MPC iter 2 Eval ------- 
Success rate:  0.0
{'success': array([False, False, False, False, False, False, False, False, False,
       False]), 'state_dist': array([ 61.126083, 218.5274  , 205.24739 , 167.0313  , 108.1347  ,
       160.17351 , 213.17924 , 225.4093  , 186.69955 , 211.00761 ],
      dtype=float32)}
self.is_success:  [False False False False False False False False False False]

MPC iter 3 Eval ------- 
Success rate:  0.0
{'success': array([False, False, False, False, False, False, False, False, False,
       False]), 'state_dist': array([ 78.290764, 198.85918 , 193.14128 , 199.32959 ,  78.14397 ,
       155.2254  , 196.64798 , 263.20447 , 130.43254 , 109.648224],
      dtype=float32)}
self.is_success:  [False False False False False False False False False False]

MPC iter 4 Eval ------- 
Success rate:  0.3
{'success': array([ True, False, False,  True, False, False, False, False,  True,
       False]), 'state_dist': array([ 46.487423, 182.10477 , 154.71013 ,  84.95979 ,  59.57133 ,
       211.73376 , 126.0478  , 164.94746 ,  50.10306 ,  37.40906 ],
      dtype=float32)}
self.is_success:  [ True False False  True False False False False  True False]

MPC iter 5 Eval ------- 
Success rate:  0.6
{'success': array([ True,  True, False,  True,  True, False,  True, False,  True,
       False]), 'state_dist': array([ 46.487423,  65.46045 , 122.048035,  84.95979 ,  34.581615,
       187.69829 ,  33.508152, 176.31264 ,  50.10306 ,  80.09142 ],
      dtype=float32)}
self.is_success:  [ True  True False  True  True False  True False  True False]

MPC iter 6 Eval ------- 
Success rate:  0.6
{'success': array([ True,  True, False,  True,  True, False,  True, False,  True,
       False]), 'state_dist': array([ 46.487423,  65.46045 , 112.60782 ,  84.95979 ,  34.581615,
       149.53609 ,  33.508152, 138.229   ,  50.10306 ,  59.543816],
      dtype=float32)}
self.is_success:  [ True  True False  True  True False  True False  True False]

MPC iter 7 Eval ------- 
Success rate:  0.7
{'success': array([ True,  True,  True,  True,  True, False,  True, False,  True,
       False]), 'state_dist': array([ 46.487423,  65.46045 ,  34.513103,  84.95979 ,  34.581615,
       131.56758 ,  33.508152, 153.10422 ,  50.10306 ,  54.017273],
      dtype=float32)}
self.is_success:  [ True  True  True  True  True False  True False  True False]

MPC iter 8 Eval ------- 
Success rate:  0.7
{'success': array([ True,  True,  True,  True,  True, False,  True, False,  True,
       False]), 'state_dist': array([ 46.487423,  65.46045 ,  34.513103,  84.95979 ,  34.581615,
       101.63445 ,  33.508152, 161.98622 ,  50.10306 ,  73.23856 ],
      dtype=float32)}
self.is_success:  [ True  True  True  True  True False  True False  True False]

MPC iter 9 Eval ------- 
Success rate:  0.7
{'success': array([ True,  True,  True,  True,  True, False,  True, False,  True,
       False]), 'state_dist': array([ 46.487423,  65.46045 ,  34.513103,  84.95979 ,  34.581615,
       117.46186 ,  33.508152, 133.33725 ,  50.10306 ,  76.271255],
      dtype=float32)}
self.is_success:  [ True  True  True  True  True False  True False  True False]

MPC iter 10 Eval ------- 
Success rate:  0.7
{'success': array([ True,  True,  True,  True,  True, False,  True, False,  True,
       False]), 'state_dist': array([ 46.487423,  65.46045 ,  34.513103,  84.95979 ,  34.581615,
       111.49519 ,  33.508152, 147.01073 ,  50.10306 ,  57.466618],
      dtype=float32)}
self.is_success:  [ True  True  True  True  True False  True False  True False]

MPC iter 11 Eval ------- 
Success rate:  0.7
{'success': array([ True,  True,  True,  True,  True, False,  True, False,  True,
       False]), 'state_dist': array([ 46.487423,  65.46045 ,  34.513103,  84.95979 ,  34.581615,
        98.24003 ,  33.508152, 122.93724 ,  50.10306 ,  64.27323 ],
      dtype=float32)}
self.is_success:  [ True  True  True  True  True False  True False  True False]

MPC iter 12 Eval ------- 
Success rate:  0.7
{'success': array([ True,  True,  True,  True,  True, False,  True, False,  True,
       False]), 'state_dist': array([ 46.487423,  65.46045 ,  34.513103,  84.95979 ,  34.581615,
       112.53762 ,  33.508152, 126.90177 ,  50.10306 ,  57.67902 ],
      dtype=float32)}
self.is_success:  [ True  True  True  True  True False  True False  True False]

MPC iter 13 Eval ------- 
Success rate:  0.7
{'success': array([ True,  True,  True,  True,  True, False,  True, False,  True,
       False]), 'state_dist': array([ 46.487423,  65.46045 ,  34.513103,  84.95979 ,  34.581615,
       120.06032 ,  33.508152, 122.477806,  50.10306 ,  64.013756],
      dtype=float32)}
self.is_success:  [ True  True  True  True  True False  True False  True False]

MPC iter 14 Eval ------- 
Success rate:  0.7
{'success': array([ True,  True,  True,  True,  True, False,  True, False,  True,
       False]), 'state_dist': array([ 46.487423,  65.46045 ,  34.513103,  84.95979 ,  34.581615,
       116.34428 ,  33.508152, 128.06664 ,  50.10306 ,  64.154594],
      dtype=float32)}
self.is_success:  [ True  True  True  True  True False  True False  True False]

MPC iter 15 Eval ------- 
Success rate:  0.7
{'success': array([ True,  True,  True,  True,  True, False,  True, False,  True,
       False]), 'state_dist': array([ 46.487423,  65.46045 ,  34.513103,  84.95979 ,  34.581615,
       113.821335,  33.508152, 127.20069 ,  50.10306 ,  65.18695 ],
      dtype=float32)}
self.is_success:  [ True  True  True  True  True False  True False  True False]

MPC iter 16 Eval ------- 
Success rate:  0.7
{'success': array([ True,  True,  True,  True,  True, False,  True, False,  True,
       False]), 'state_dist': array([ 46.487423,  65.46045 ,  34.513103,  84.95979 ,  34.581615,
       104.8821  ,  33.508152, 124.775826,  50.10306 ,  68.622986],
      dtype=float32)}
self.is_success:  [ True  True  True  True  True False  True False  True False]

MPC iter 17 Eval ------- 
Success rate:  0.7
{'success': array([ True,  True,  True,  True,  True, False,  True, False,  True,
       False]), 'state_dist': array([ 46.487423,  65.46045 ,  34.513103,  84.95979 ,  34.581615,
       118.11927 ,  33.508152, 126.42481 ,  50.10306 ,  65.82345 ],
      dtype=float32)}
self.is_success:  [ True  True  True  True  True False  True False  True False]

MPC iter 18 Eval ------- 
Success rate:  0.7
{'success': array([ True,  True,  True,  True,  True, False,  True, False,  True,
       False]), 'state_dist': array([ 46.487423,  65.46045 ,  34.513103,  84.95979 ,  34.581615,
       114.12098 ,  33.508152, 122.71068 ,  50.10306 ,  53.737457],
      dtype=float32)}
self.is_success:  [ True  True  True  True  True False  True False  True False]

MPC iter 19 Eval ------- 
Success rate:  0.7
{'success': array([ True,  True,  True,  True,  True, False,  True, False,  True,
       False]), 'state_dist': array([ 46.487423,  65.46045 ,  34.513103,  84.95979 ,  34.581615,
       109.514725,  33.508152, 124.16875 ,  50.10306 ,  71.428085],
      dtype=float32)}
self.is_success:  [ True  True  True  True  True False  True False  True False]
Success rate:  0.7
{'success': array([ True,  True,  True,  True,  True, False,  True, False,  True,
       False]), 'state_dist': array([ 46.487423,  65.46045 ,  34.513103,  84.95979 ,  34.581615,
       109.514725,  33.508152, 124.16875 ,  50.10306 ,  71.428085],
      dtype=float32)}
[timing] perform_planning_s=650.965
[timing] total_planning_main_s=660.920
