/home/jupyter-deuk-c4e4/.conda/envs/ts310/lib/python3.10/site-packages/wandb/sdk/internal/internal_api.py:30: UserWarning: pkg_resources is deprecated as an API. See https://setuptools.pypa.io/en/latest/pkg_resources.html. The pkg_resources package is slated for removal as early as 2025-11-30. Refrain from using this package or pin to Setuptools<81.
  from pkg_resources import parse_version
/home/jupyter-deuk-c4e4/.conda/envs/ts310/lib/python3.10/site-packages/pkg_resources/__init__.py:3148: DeprecationWarning: Deprecated call to `pkg_resources.declare_namespace('mpl_toolkits')`.
Implementing implicit namespace packages (as specified in PEP 420) is preferred to `pkg_resources.declare_namespace`. See https://setuptools.pypa.io/en/latest/references/keywords.html#keyword-namespace-packages
  declare_namespace(pkg)
/home/jupyter-deuk-c4e4/.conda/envs/ts310/lib/python3.10/site-packages/pkg_resources/__init__.py:3148: DeprecationWarning: Deprecated call to `pkg_resources.declare_namespace('google')`.
Implementing implicit namespace packages (as specified in PEP 420) is preferred to `pkg_resources.declare_namespace`. See https://setuptools.pypa.io/en/latest/references/keywords.html#keyword-namespace-packages
  declare_namespace(pkg)
/home/jupyter-deuk-c4e4/.conda/envs/ts310/lib/python3.10/site-packages/Cython/Distutils/old_build_ext.py:15: DeprecationWarning: dep_util is Deprecated. Use functions from setuptools instead.
  from distutils.dep_util import newer, newer_group
<frozen importlib._bootstrap>:283: DeprecationWarning: the load_module() method is deprecated and slated for removal in Python 3.12; use exec_module() instead
Warning: Mujoco-based envs failed to import. Set the environment variable D4RL_SUPPRESS_IMPORT_ERROR=1 to suppress this message.
No module named 'mjrl'
Warning: Flow failed to import. Set the environment variable D4RL_SUPPRESS_IMPORT_ERROR=1 to suppress this message.
No module named 'flow'
Warning: CARLA failed to import. Set the environment variable D4RL_SUPPRESS_IMPORT_ERROR=1 to suppress this message.
No module named 'carla'
pybullet build time: Jan 29 2025 23:16:28
/home/jupyter-deuk-c4e4/.conda/envs/ts310/lib/python3.10/site-packages/gym/envs/registration.py:595: UserWarning: [33mWARN: Overriding environment maze2d-open-v0[0m
  logger.warn(f"Overriding environment {id}")
/home/jupyter-deuk-c4e4/.conda/envs/ts310/lib/python3.10/site-packages/gym/envs/registration.py:595: UserWarning: [33mWARN: Overriding environment maze2d-umaze-v0[0m
  logger.warn(f"Overriding environment {id}")
/home/jupyter-deuk-c4e4/.conda/envs/ts310/lib/python3.10/site-packages/gym/envs/registration.py:595: UserWarning: [33mWARN: Overriding environment maze2d-medium-v0[0m
  logger.warn(f"Overriding environment {id}")
/home/jupyter-deuk-c4e4/.conda/envs/ts310/lib/python3.10/site-packages/gym/envs/registration.py:595: UserWarning: [33mWARN: Overriding environment maze2d-large-v0[0m
  logger.warn(f"Overriding environment {id}")
/home/jupyter-deuk-c4e4/.conda/envs/ts310/lib/python3.10/site-packages/gym/envs/registration.py:595: UserWarning: [33mWARN: Overriding environment maze2d-umaze-v1[0m
  logger.warn(f"Overriding environment {id}")
/home/jupyter-deuk-c4e4/.conda/envs/ts310/lib/python3.10/site-packages/gym/envs/registration.py:595: UserWarning: [33mWARN: Overriding environment maze2d-medium-v1[0m
  logger.warn(f"Overriding environment {id}")
/home/jupyter-deuk-c4e4/.conda/envs/ts310/lib/python3.10/site-packages/gym/envs/registration.py:595: UserWarning: [33mWARN: Overriding environment maze2d-large-v1[0m
  logger.warn(f"Overriding environment {id}")
/home/jupyter-deuk-c4e4/.conda/envs/ts310/lib/python3.10/site-packages/gym/envs/registration.py:595: UserWarning: [33mWARN: Overriding environment maze2d-eval-umaze-v1[0m
  logger.warn(f"Overriding environment {id}")
/home/jupyter-deuk-c4e4/.conda/envs/ts310/lib/python3.10/site-packages/gym/envs/registration.py:595: UserWarning: [33mWARN: Overriding environment maze2d-eval-medium-v1[0m
  logger.warn(f"Overriding environment {id}")
/home/jupyter-deuk-c4e4/.conda/envs/ts310/lib/python3.10/site-packages/gym/envs/registration.py:595: UserWarning: [33mWARN: Overriding environment maze2d-eval-large-v1[0m
  logger.warn(f"Overriding environment {id}")
/home/jupyter-deuk-c4e4/.conda/envs/ts310/lib/python3.10/site-packages/gym/envs/registration.py:595: UserWarning: [33mWARN: Overriding environment maze2d-open-dense-v0[0m
  logger.warn(f"Overriding environment {id}")
/home/jupyter-deuk-c4e4/.conda/envs/ts310/lib/python3.10/site-packages/gym/envs/registration.py:595: UserWarning: [33mWARN: Overriding environment maze2d-umaze-dense-v0[0m
  logger.warn(f"Overriding environment {id}")
/home/jupyter-deuk-c4e4/.conda/envs/ts310/lib/python3.10/site-packages/gym/envs/registration.py:595: UserWarning: [33mWARN: Overriding environment maze2d-medium-dense-v0[0m
  logger.warn(f"Overriding environment {id}")
/home/jupyter-deuk-c4e4/.conda/envs/ts310/lib/python3.10/site-packages/gym/envs/registration.py:595: UserWarning: [33mWARN: Overriding environment maze2d-large-dense-v0[0m
  logger.warn(f"Overriding environment {id}")
/home/jupyter-deuk-c4e4/.conda/envs/ts310/lib/python3.10/site-packages/gym/envs/registration.py:595: UserWarning: [33mWARN: Overriding environment maze2d-umaze-dense-v1[0m
  logger.warn(f"Overriding environment {id}")
/home/jupyter-deuk-c4e4/.conda/envs/ts310/lib/python3.10/site-packages/gym/envs/registration.py:595: UserWarning: [33mWARN: Overriding environment maze2d-medium-dense-v1[0m
  logger.warn(f"Overriding environment {id}")
/home/jupyter-deuk-c4e4/.conda/envs/ts310/lib/python3.10/site-packages/gym/envs/registration.py:595: UserWarning: [33mWARN: Overriding environment maze2d-large-dense-v1[0m
  logger.warn(f"Overriding environment {id}")
/home/jupyter-deuk-c4e4/.conda/envs/ts310/lib/python3.10/site-packages/gym/envs/registration.py:595: UserWarning: [33mWARN: Overriding environment maze2d-eval-umaze-dense-v1[0m
  logger.warn(f"Overriding environment {id}")
/home/jupyter-deuk-c4e4/.conda/envs/ts310/lib/python3.10/site-packages/gym/envs/registration.py:595: UserWarning: [33mWARN: Overriding environment maze2d-eval-medium-dense-v1[0m
  logger.warn(f"Overriding environment {id}")
/home/jupyter-deuk-c4e4/.conda/envs/ts310/lib/python3.10/site-packages/gym/envs/registration.py:595: UserWarning: [33mWARN: Overriding environment maze2d-eval-large-dense-v1[0m
  logger.warn(f"Overriding environment {id}")
/opt/dlami/nvme/home/jupyter-deuk-c4e4/temporal-straightening/custom_resolvers.py:4: UserWarning: 
The version_base parameter is not specified.
Please specify a compatability version level, or None.
Will assume defaults for version 1.1
  @hydra.main(config_path=None)
[2026-07-25 17:05:25,002][__main__][INFO] - Planning result saved dir: /opt/dlami/nvme/home/jupyter-deuk-c4e4/pusht-reproduction/patch_reproduction/plan/mpc_seed_300/chunk_00
/home/jupyter-deuk-c4e4/.conda/envs/ts310/lib/python3.10/site-packages/wandb/sdk/internal/internal_api.py:30: UserWarning: pkg_resources is deprecated as an API. See https://setuptools.pypa.io/en/latest/pkg_resources.html. The pkg_resources package is slated for removal as early as 2025-11-30. Refrain from using this package or pin to Setuptools<81.
  from pkg_resources import parse_version
Using cache found in /home/jupyter-deuk-c4e4/.cache/torch/hub/facebookresearch_dinov2_81b2b6419385
Loaded 18685 rollouts
Loaded 21 rollouts
[2026-07-25 17:05:27,427][dinov2][INFO] - using MLP layer as FFN
[2026-07-25 17:05:27,827][models.dino][WARNING] - Unknown projector 'none' for patch tokens; proceeding without projector.
Resuming from epoch 2: /home/jupyter-deuk-c4e4/pusht-reproduction/patch_reproduction/test/pusht_False_agg32_projnone_dim384_hw14_sgTrue_lr1e-06/checkpoints/model_2.pth
[2026-07-25 17:05:28,254][models.visual_world_model][INFO] - num_action_repeat: 1
[2026-07-25 17:05:28,255][models.visual_world_model][INFO] - num_proprio_repeat: 1
[2026-07-25 17:05:28,255][models.visual_world_model][INFO] - proprio encoder: ProprioceptiveEmbedding(
  (patch_embed): Conv1d(4, 10, kernel_size=(1,), stride=(1,))
  (norm): LayerNorm((10,), eps=1e-05, elementwise_affine=True)
)
[2026-07-25 17:05:28,255][models.visual_world_model][INFO] - action encoder: ProprioceptiveEmbedding(
  (patch_embed): Conv1d(10, 10, kernel_size=(1,), stride=(1,))
  (norm): LayerNorm((10,), eps=1e-05, elementwise_affine=True)
)
[2026-07-25 17:05:28,255][models.visual_world_model][INFO] - proprio_dim: 10, after repeat: 10
[2026-07-25 17:05:28,255][models.visual_world_model][INFO] - action_dim: 10, after repeat: 10
[2026-07-25 17:05:28,255][models.visual_world_model][INFO] - emb_dim: 404
[2026-07-25 17:05:28,255][models.visual_world_model][INFO] - Straightening disabled
[2026-07-25 17:05:28,255][models.visual_world_model][INFO] - Speed constancy disabled
[2026-07-25 17:05:28,255][models.visual_world_model][INFO] - Trajectory penalty disabled
[2026-07-25 17:05:28,255][models.visual_world_model][INFO] - Stop-grad enabled: True
[2026-07-25 17:05:28,255][models.visual_world_model][INFO] - VCReg enabled: False, apply_to=enc, std_coeff=0.0, cov_coeff=0.0
[2026-07-25 17:05:28,255][models.visual_world_model][INFO] - Model emb_dim: 404
[timing] setup_model_s=3.255
eval_seed:  [1, 301, 601, 901, 1201, 1501, 1801, 2101, 2401, 2701]
Dumped plan targets to /opt/dlami/nvme/home/jupyter-deuk-c4e4/pusht-reproduction/patch_reproduction/plan/mpc_seed_300/chunk_00/plan_targets.pkl
[timing] setup_workspace_s=4.116

MPC iter 0 Eval ------- 
Success rate:  0.0
{'success': array([False, False, False, False, False, False, False, False, False,
       False]), 'state_dist': array([218.14389, 227.75748,  73.94993, 128.18127, 166.29262, 181.09366,
       215.97533,  84.30322, 211.9353 , 166.12584], dtype=float32)}
self.is_success:  [False False False False False False False False False False]

MPC iter 1 Eval ------- 
Success rate:  0.0
{'success': array([False, False, False, False, False, False, False, False, False,
       False]), 'state_dist': array([199.06676 , 194.0622  ,  62.0804  , 154.42686 , 158.94681 ,
       168.58685 , 171.84483 ,  66.946625, 190.24043 , 143.08803 ],
      dtype=float32)}
self.is_success:  [False False False False False False False False False False]

MPC iter 2 Eval ------- 
Success rate:  0.0
{'success': array([False, False, False, False, False, False, False, False, False,
       False]), 'state_dist': array([171.41896 , 143.79826 ,  52.163025, 167.30861 , 149.95302 ,
       142.39172 , 129.65086 ,  57.55348 , 190.74812 , 193.93182 ],
      dtype=float32)}
self.is_success:  [False False False False False False False False False False]

MPC iter 3 Eval ------- 
Success rate:  0.0
{'success': array([False, False, False, False, False, False, False, False, False,
       False]), 'state_dist': array([201.90955,  86.53852,  48.51439, 196.81369, 156.09589, 184.9112 ,
        79.60682,  51.98075, 152.18875, 168.78526], dtype=float32)}
self.is_success:  [False False False False False False False False False False]

MPC iter 4 Eval ------- 
Success rate:  0.1
{'success': array([False, False, False, False, False, False,  True, False, False,
       False]), 'state_dist': array([113.69645 ,  64.68506 ,  40.780643, 123.61022 , 109.904366,
        35.276287,  28.522526,  37.572033, 159.42116 ,  48.72566 ],
      dtype=float32)}
self.is_success:  [False False False False False False  True False False False]

MPC iter 5 Eval ------- 
Success rate:  0.7
{'success': array([False,  True,  True,  True, False,  True,  True,  True, False,
        True]), 'state_dist': array([105.092125,  43.16928 ,  66.66549 ,  25.738134,  81.38036 ,
        49.650578,  28.522526,  19.876606, 128.69943 ,  22.959463],
      dtype=float32)}
self.is_success:  [False  True  True  True False  True  True  True False  True]

MPC iter 6 Eval ------- 
Success rate:  0.7
{'success': array([False,  True,  True,  True, False,  True,  True,  True, False,
        True]), 'state_dist': array([69.803375, 43.16928 , 66.66549 , 25.738134, 68.15159 , 49.650578,
       28.522526, 19.876606, 72.015816, 22.959463], dtype=float32)}
self.is_success:  [False  True  True  True False  True  True  True False  True]

MPC iter 7 Eval ------- 
Success rate:  0.7
{'success': array([False,  True,  True,  True, False,  True,  True,  True, False,
        True]), 'state_dist': array([132.31668 ,  43.16928 ,  66.66549 ,  25.738134,  73.206505,
        49.650578,  28.522526,  19.876606,  87.1988  ,  22.959463],
      dtype=float32)}
self.is_success:  [False  True  True  True False  True  True  True False  True]

MPC iter 8 Eval ------- 
Success rate:  0.7
{'success': array([False,  True,  True,  True, False,  True,  True,  True, False,
        True]), 'state_dist': array([170.9043  ,  43.16928 ,  66.66549 ,  25.738134,  71.185646,
        49.650578,  28.522526,  19.876606, 105.778404,  22.959463],
      dtype=float32)}
self.is_success:  [False  True  True  True False  True  True  True False  True]

MPC iter 9 Eval ------- 
Success rate:  0.7
{'success': array([False,  True,  True,  True, False,  True,  True,  True, False,
        True]), 'state_dist': array([78.581955, 43.16928 , 66.66549 , 25.738134, 73.232414, 49.650578,
       28.522526, 19.876606, 60.71988 , 22.959463], dtype=float32)}
self.is_success:  [False  True  True  True False  True  True  True False  True]

MPC iter 10 Eval ------- 
Success rate:  0.7
{'success': array([False,  True,  True,  True, False,  True,  True,  True, False,
        True]), 'state_dist': array([99.813   , 43.16928 , 66.66549 , 25.738134, 70.8096  , 49.650578,
       28.522526, 19.876606, 85.60645 , 22.959463], dtype=float32)}
self.is_success:  [False  True  True  True False  True  True  True False  True]

MPC iter 11 Eval ------- 
Success rate:  0.7
{'success': array([False,  True,  True,  True, False,  True,  True,  True, False,
        True]), 'state_dist': array([193.96867 ,  43.16928 ,  66.66549 ,  25.738134,  75.44469 ,
        49.650578,  28.522526,  19.876606,  76.73135 ,  22.959463],
      dtype=float32)}
self.is_success:  [False  True  True  True False  True  True  True False  True]

MPC iter 12 Eval ------- 
Success rate:  0.7
{'success': array([False,  True,  True,  True, False,  True,  True,  True, False,
        True]), 'state_dist': array([97.20109 , 43.16928 , 66.66549 , 25.738134, 74.81203 , 49.650578,
       28.522526, 19.876606, 73.85411 , 22.959463], dtype=float32)}
self.is_success:  [False  True  True  True False  True  True  True False  True]

MPC iter 13 Eval ------- 
Success rate:  0.7
{'success': array([False,  True,  True,  True, False,  True,  True,  True, False,
        True]), 'state_dist': array([ 96.89609 ,  43.16928 ,  66.66549 ,  25.738134,  72.61322 ,
        49.650578,  28.522526,  19.876606, 127.81985 ,  22.959463],
      dtype=float32)}
self.is_success:  [False  True  True  True False  True  True  True False  True]

MPC iter 14 Eval ------- 
Success rate:  0.7
{'success': array([False,  True,  True,  True, False,  True,  True,  True, False,
        True]), 'state_dist': array([98.7979  , 43.16928 , 66.66549 , 25.738134, 74.42962 , 49.650578,
       28.522526, 19.876606, 86.34647 , 22.959463], dtype=float32)}
self.is_success:  [False  True  True  True False  True  True  True False  True]

MPC iter 15 Eval ------- 
Success rate:  0.7
{'success': array([False,  True,  True,  True, False,  True,  True,  True, False,
        True]), 'state_dist': array([130.46724 ,  43.16928 ,  66.66549 ,  25.738134,  74.00688 ,
        49.650578,  28.522526,  19.876606,  77.132454,  22.959463],
      dtype=float32)}
self.is_success:  [False  True  True  True False  True  True  True False  True]

MPC iter 16 Eval ------- 
Success rate:  0.7
{'success': array([False,  True,  True,  True, False,  True,  True,  True, False,
        True]), 'state_dist': array([98.91132 , 43.16928 , 66.66549 , 25.738134, 80.319565, 49.650578,
       28.522526, 19.876606, 96.43685 , 22.959463], dtype=float32)}
self.is_success:  [False  True  True  True False  True  True  True False  True]

MPC iter 17 Eval ------- 
Success rate:  0.7
{'success': array([False,  True,  True,  True, False,  True,  True,  True, False,
        True]), 'state_dist': array([95.33615 , 43.16928 , 66.66549 , 25.738134, 81.99367 , 49.650578,
       28.522526, 19.876606, 65.156456, 22.959463], dtype=float32)}
self.is_success:  [False  True  True  True False  True  True  True False  True]

MPC iter 18 Eval ------- 
Success rate:  0.7
{'success': array([False,  True,  True,  True, False,  True,  True,  True, False,
        True]), 'state_dist': array([ 94.27242 ,  43.16928 ,  66.66549 ,  25.738134,  72.84277 ,
        49.650578,  28.522526,  19.876606, 102.345184,  22.959463],
      dtype=float32)}
self.is_success:  [False  True  True  True False  True  True  True False  True]

MPC iter 19 Eval ------- 
Success rate:  0.7
{'success': array([False,  True,  True,  True, False,  True,  True,  True, False,
        True]), 'state_dist': array([113.30972 ,  43.16928 ,  66.66549 ,  25.738134,  73.659065,
        49.650578,  28.522526,  19.876606,  99.94293 ,  22.959463],
      dtype=float32)}
self.is_success:  [False  True  True  True False  True  True  True False  True]
Success rate:  0.7
{'success': array([False,  True,  True,  True, False,  True,  True,  True, False,
        True]), 'state_dist': array([113.30972 ,  43.16928 ,  66.66549 ,  25.738134,  73.659065,
        49.650578,  28.522526,  19.876606,  99.94293 ,  22.959463],
      dtype=float32)}
[timing] perform_planning_s=650.359
[timing] total_planning_main_s=657.731
