/home/jupyter-deuk-c4e4/.conda/envs/ts310/lib/python3.10/site-packages/wandb/sdk/internal/internal_api.py:30: UserWarning: pkg_resources is deprecated as an API. See https://setuptools.pypa.io/en/latest/pkg_resources.html. The pkg_resources package is slated for removal as early as 2025-11-30. Refrain from using this package or pin to Setuptools<81.
  from pkg_resources import parse_version
/home/jupyter-deuk-c4e4/.conda/envs/ts310/lib/python3.10/site-packages/pkg_resources/__init__.py:3148: DeprecationWarning: Deprecated call to `pkg_resources.declare_namespace('mpl_toolkits')`.
Implementing implicit namespace packages (as specified in PEP 420) is preferred to `pkg_resources.declare_namespace`. See https://setuptools.pypa.io/en/latest/references/keywords.html#keyword-namespace-packages
  declare_namespace(pkg)
/home/jupyter-deuk-c4e4/.conda/envs/ts310/lib/python3.10/site-packages/pkg_resources/__init__.py:3148: DeprecationWarning: Deprecated call to `pkg_resources.declare_namespace('google')`.
Implementing implicit namespace packages (as specified in PEP 420) is preferred to `pkg_resources.declare_namespace`. See https://setuptools.pypa.io/en/latest/references/keywords.html#keyword-namespace-packages
  declare_namespace(pkg)
/home/jupyter-deuk-c4e4/.conda/envs/ts310/lib/python3.10/site-packages/Cython/Distutils/old_build_ext.py:15: DeprecationWarning: dep_util is Deprecated. Use functions from setuptools instead.
  from distutils.dep_util import newer, newer_group
<frozen importlib._bootstrap>:283: DeprecationWarning: the load_module() method is deprecated and slated for removal in Python 3.12; use exec_module() instead
Warning: Mujoco-based envs failed to import. Set the environment variable D4RL_SUPPRESS_IMPORT_ERROR=1 to suppress this message.
No module named 'mjrl'
Warning: Flow failed to import. Set the environment variable D4RL_SUPPRESS_IMPORT_ERROR=1 to suppress this message.
No module named 'flow'
Warning: CARLA failed to import. Set the environment variable D4RL_SUPPRESS_IMPORT_ERROR=1 to suppress this message.
No module named 'carla'
pybullet build time: Jan 29 2025 23:16:28
/home/jupyter-deuk-c4e4/.conda/envs/ts310/lib/python3.10/site-packages/gym/envs/registration.py:595: UserWarning: [33mWARN: Overriding environment maze2d-open-v0[0m
  logger.warn(f"Overriding environment {id}")
/home/jupyter-deuk-c4e4/.conda/envs/ts310/lib/python3.10/site-packages/gym/envs/registration.py:595: UserWarning: [33mWARN: Overriding environment maze2d-umaze-v0[0m
  logger.warn(f"Overriding environment {id}")
/home/jupyter-deuk-c4e4/.conda/envs/ts310/lib/python3.10/site-packages/gym/envs/registration.py:595: UserWarning: [33mWARN: Overriding environment maze2d-medium-v0[0m
  logger.warn(f"Overriding environment {id}")
/home/jupyter-deuk-c4e4/.conda/envs/ts310/lib/python3.10/site-packages/gym/envs/registration.py:595: UserWarning: [33mWARN: Overriding environment maze2d-large-v0[0m
  logger.warn(f"Overriding environment {id}")
/home/jupyter-deuk-c4e4/.conda/envs/ts310/lib/python3.10/site-packages/gym/envs/registration.py:595: UserWarning: [33mWARN: Overriding environment maze2d-umaze-v1[0m
  logger.warn(f"Overriding environment {id}")
/home/jupyter-deuk-c4e4/.conda/envs/ts310/lib/python3.10/site-packages/gym/envs/registration.py:595: UserWarning: [33mWARN: Overriding environment maze2d-medium-v1[0m
  logger.warn(f"Overriding environment {id}")
/home/jupyter-deuk-c4e4/.conda/envs/ts310/lib/python3.10/site-packages/gym/envs/registration.py:595: UserWarning: [33mWARN: Overriding environment maze2d-large-v1[0m
  logger.warn(f"Overriding environment {id}")
/home/jupyter-deuk-c4e4/.conda/envs/ts310/lib/python3.10/site-packages/gym/envs/registration.py:595: UserWarning: [33mWARN: Overriding environment maze2d-eval-umaze-v1[0m
  logger.warn(f"Overriding environment {id}")
/home/jupyter-deuk-c4e4/.conda/envs/ts310/lib/python3.10/site-packages/gym/envs/registration.py:595: UserWarning: [33mWARN: Overriding environment maze2d-eval-medium-v1[0m
  logger.warn(f"Overriding environment {id}")
/home/jupyter-deuk-c4e4/.conda/envs/ts310/lib/python3.10/site-packages/gym/envs/registration.py:595: UserWarning: [33mWARN: Overriding environment maze2d-eval-large-v1[0m
  logger.warn(f"Overriding environment {id}")
/home/jupyter-deuk-c4e4/.conda/envs/ts310/lib/python3.10/site-packages/gym/envs/registration.py:595: UserWarning: [33mWARN: Overriding environment maze2d-open-dense-v0[0m
  logger.warn(f"Overriding environment {id}")
/home/jupyter-deuk-c4e4/.conda/envs/ts310/lib/python3.10/site-packages/gym/envs/registration.py:595: UserWarning: [33mWARN: Overriding environment maze2d-umaze-dense-v0[0m
  logger.warn(f"Overriding environment {id}")
/home/jupyter-deuk-c4e4/.conda/envs/ts310/lib/python3.10/site-packages/gym/envs/registration.py:595: UserWarning: [33mWARN: Overriding environment maze2d-medium-dense-v0[0m
  logger.warn(f"Overriding environment {id}")
/home/jupyter-deuk-c4e4/.conda/envs/ts310/lib/python3.10/site-packages/gym/envs/registration.py:595: UserWarning: [33mWARN: Overriding environment maze2d-large-dense-v0[0m
  logger.warn(f"Overriding environment {id}")
/home/jupyter-deuk-c4e4/.conda/envs/ts310/lib/python3.10/site-packages/gym/envs/registration.py:595: UserWarning: [33mWARN: Overriding environment maze2d-umaze-dense-v1[0m
  logger.warn(f"Overriding environment {id}")
/home/jupyter-deuk-c4e4/.conda/envs/ts310/lib/python3.10/site-packages/gym/envs/registration.py:595: UserWarning: [33mWARN: Overriding environment maze2d-medium-dense-v1[0m
  logger.warn(f"Overriding environment {id}")
/home/jupyter-deuk-c4e4/.conda/envs/ts310/lib/python3.10/site-packages/gym/envs/registration.py:595: UserWarning: [33mWARN: Overriding environment maze2d-large-dense-v1[0m
  logger.warn(f"Overriding environment {id}")
/home/jupyter-deuk-c4e4/.conda/envs/ts310/lib/python3.10/site-packages/gym/envs/registration.py:595: UserWarning: [33mWARN: Overriding environment maze2d-eval-umaze-dense-v1[0m
  logger.warn(f"Overriding environment {id}")
/home/jupyter-deuk-c4e4/.conda/envs/ts310/lib/python3.10/site-packages/gym/envs/registration.py:595: UserWarning: [33mWARN: Overriding environment maze2d-eval-medium-dense-v1[0m
  logger.warn(f"Overriding environment {id}")
/home/jupyter-deuk-c4e4/.conda/envs/ts310/lib/python3.10/site-packages/gym/envs/registration.py:595: UserWarning: [33mWARN: Overriding environment maze2d-eval-large-dense-v1[0m
  logger.warn(f"Overriding environment {id}")
/opt/dlami/nvme/home/jupyter-deuk-c4e4/temporal-straightening/custom_resolvers.py:4: UserWarning: 
The version_base parameter is not specified.
Please specify a compatability version level, or None.
Will assume defaults for version 1.1
  @hydra.main(config_path=None)
[2026-07-25 15:14:31,454][__main__][INFO] - Planning result saved dir: /opt/dlami/nvme/home/jupyter-deuk-c4e4/pusht-reproduction/patch_reproduction/plan/mpc_seed_100/chunk_00
/home/jupyter-deuk-c4e4/.conda/envs/ts310/lib/python3.10/site-packages/wandb/sdk/internal/internal_api.py:30: UserWarning: pkg_resources is deprecated as an API. See https://setuptools.pypa.io/en/latest/pkg_resources.html. The pkg_resources package is slated for removal as early as 2025-11-30. Refrain from using this package or pin to Setuptools<81.
  from pkg_resources import parse_version
Using cache found in /home/jupyter-deuk-c4e4/.cache/torch/hub/facebookresearch_dinov2_81b2b6419385
Loaded 18685 rollouts
Loaded 21 rollouts
[2026-07-25 15:14:33,975][dinov2][INFO] - using MLP layer as FFN
[2026-07-25 15:14:34,378][models.dino][WARNING] - Unknown projector 'none' for patch tokens; proceeding without projector.
Resuming from epoch 2: /home/jupyter-deuk-c4e4/pusht-reproduction/patch_reproduction/test/pusht_False_agg32_projnone_dim384_hw14_sgTrue_lr1e-06/checkpoints/model_2.pth
[2026-07-25 15:14:34,777][models.visual_world_model][INFO] - num_action_repeat: 1
[2026-07-25 15:14:34,778][models.visual_world_model][INFO] - num_proprio_repeat: 1
[2026-07-25 15:14:34,778][models.visual_world_model][INFO] - proprio encoder: ProprioceptiveEmbedding(
  (patch_embed): Conv1d(4, 10, kernel_size=(1,), stride=(1,))
  (norm): LayerNorm((10,), eps=1e-05, elementwise_affine=True)
)
[2026-07-25 15:14:34,778][models.visual_world_model][INFO] - action encoder: ProprioceptiveEmbedding(
  (patch_embed): Conv1d(10, 10, kernel_size=(1,), stride=(1,))
  (norm): LayerNorm((10,), eps=1e-05, elementwise_affine=True)
)
[2026-07-25 15:14:34,778][models.visual_world_model][INFO] - proprio_dim: 10, after repeat: 10
[2026-07-25 15:14:34,778][models.visual_world_model][INFO] - action_dim: 10, after repeat: 10
[2026-07-25 15:14:34,778][models.visual_world_model][INFO] - emb_dim: 404
[2026-07-25 15:14:34,778][models.visual_world_model][INFO] - Straightening disabled
[2026-07-25 15:14:34,778][models.visual_world_model][INFO] - Speed constancy disabled
[2026-07-25 15:14:34,778][models.visual_world_model][INFO] - Trajectory penalty disabled
[2026-07-25 15:14:34,778][models.visual_world_model][INFO] - Stop-grad enabled: True
[2026-07-25 15:14:34,778][models.visual_world_model][INFO] - VCReg enabled: False, apply_to=enc, std_coeff=0.0, cov_coeff=0.0
[2026-07-25 15:14:34,778][models.visual_world_model][INFO] - Model emb_dim: 404
[timing] setup_model_s=3.326
eval_seed:  [1, 101, 201, 301, 401, 501, 601, 701, 801, 901]
Dumped plan targets to /opt/dlami/nvme/home/jupyter-deuk-c4e4/pusht-reproduction/patch_reproduction/plan/mpc_seed_100/chunk_00/plan_targets.pkl
[timing] setup_workspace_s=4.210

MPC iter 0 Eval ------- 
Success rate:  0.0
{'success': array([False, False, False, False, False, False, False, False, False,
       False]), 'state_dist': array([102.563446, 176.89166 , 118.77574 , 185.14865 , 118.37447 ,
       138.67094 , 193.6062  ,  99.05472 ,  90.270195, 100.54256 ],
      dtype=float32)}
self.is_success:  [False False False False False False False False False False]

MPC iter 1 Eval ------- 
Success rate:  0.0
{'success': array([False, False, False, False, False, False, False, False, False,
       False]), 'state_dist': array([101.966805, 292.30222 , 118.17613 , 171.2076  ,  98.841934,
       106.444756, 196.70247 , 126.96562 , 112.42502 ,  73.6938  ],
      dtype=float32)}
self.is_success:  [False False False False False False False False False False]

MPC iter 2 Eval ------- 
Success rate:  0.0
{'success': array([False, False, False, False, False, False, False, False, False,
       False]), 'state_dist': array([107.42792 , 297.06516 , 123.06473 , 136.32637 ,  74.70104 ,
        88.05162 , 178.01152 , 140.31612 , 104.490715,  44.90216 ],
      dtype=float32)}
self.is_success:  [False False False False False False False False False False]

MPC iter 3 Eval ------- 
Success rate:  0.0
{'success': array([False, False, False, False, False, False, False, False, False,
       False]), 'state_dist': array([114.32235 , 222.24698 , 114.11459 ,  84.987656,  70.09262 ,
        71.92836 , 142.34328 , 131.90405 ,  67.84834 ,  25.626228],
      dtype=float32)}
self.is_success:  [False False False False False False False False False False]

MPC iter 4 Eval ------- 
Success rate:  0.3
{'success': array([False, False, False,  True,  True, False, False, False, False,
        True]), 'state_dist': array([ 93.29181 , 159.21072 , 142.08821 ,  18.281595,  44.685326,
        74.67088 , 228.73828 ,  60.201458, 115.26443 ,  46.198986],
      dtype=float32)}
self.is_success:  [False False False  True  True False False False False  True]

MPC iter 5 Eval ------- 
Success rate:  0.5
{'success': array([False,  True, False,  True,  True, False, False,  True, False,
        True]), 'state_dist': array([111.21289  ,  32.580566 , 115.259544 ,  18.281595 ,  44.685326 ,
        69.40242  , 138.10048  ,  14.9244995,  61.380604 ,  46.198986 ],
      dtype=float32)}
self.is_success:  [False  True False  True  True False False  True False  True]

MPC iter 6 Eval ------- 
Success rate:  0.6
{'success': array([False,  True, False,  True,  True, False, False,  True,  True,
        True]), 'state_dist': array([109.86304  ,  32.580566 , 107.02753  ,  18.281595 ,  44.685326 ,
        68.862206 , 133.40279  ,  14.9244995,   7.6076493,  46.198986 ],
      dtype=float32)}
self.is_success:  [False  True False  True  True False False  True  True  True]

MPC iter 7 Eval ------- 
Success rate:  0.6
{'success': array([False,  True, False,  True,  True, False, False,  True,  True,
        True]), 'state_dist': array([ 65.59096  ,  32.580566 ,  93.53545  ,  18.281595 ,  44.685326 ,
        68.19902  , 128.38823  ,  14.9244995,   7.6076493,  46.198986 ],
      dtype=float32)}
self.is_success:  [False  True False  True  True False False  True  True  True]

MPC iter 8 Eval ------- 
Success rate:  0.6
{'success': array([False,  True, False,  True,  True, False, False,  True,  True,
        True]), 'state_dist': array([ 70.35451  ,  32.580566 , 113.164444 ,  18.281595 ,  44.685326 ,
        68.23856  , 119.93681  ,  14.9244995,   7.6076493,  46.198986 ],
      dtype=float32)}
self.is_success:  [False  True False  True  True False False  True  True  True]

MPC iter 9 Eval ------- 
Success rate:  0.6
{'success': array([False,  True, False,  True,  True, False, False,  True,  True,
        True]), 'state_dist': array([ 72.49747  ,  32.580566 , 172.0821   ,  18.281595 ,  44.685326 ,
        68.538605 , 106.29284  ,  14.9244995,   7.6076493,  46.198986 ],
      dtype=float32)}
self.is_success:  [False  True False  True  True False False  True  True  True]

MPC iter 10 Eval ------- 
Success rate:  0.6
{'success': array([False,  True, False,  True,  True, False, False,  True,  True,
        True]), 'state_dist': array([ 71.37654  ,  32.580566 , 140.36441  ,  18.281595 ,  44.685326 ,
        68.32708  ,  80.26595  ,  14.9244995,   7.6076493,  46.198986 ],
      dtype=float32)}
self.is_success:  [False  True False  True  True False False  True  True  True]

MPC iter 11 Eval ------- 
Success rate:  0.7
{'success': array([False,  True,  True,  True,  True, False, False,  True,  True,
        True]), 'state_dist': array([ 68.32659  ,  32.580566 ,  90.81386  ,  18.281595 ,  44.685326 ,
        67.97246  , 114.31426  ,  14.9244995,   7.6076493,  46.198986 ],
      dtype=float32)}
self.is_success:  [False  True  True  True  True False False  True  True  True]

MPC iter 12 Eval ------- 
Success rate:  0.7
{'success': array([False,  True,  True,  True,  True, False, False,  True,  True,
        True]), 'state_dist': array([66.56647  , 32.580566 , 90.81386  , 18.281595 , 44.685326 ,
       68.151115 , 74.56899  , 14.9244995,  7.6076493, 46.198986 ],
      dtype=float32)}
self.is_success:  [False  True  True  True  True False False  True  True  True]

MPC iter 13 Eval ------- 
Success rate:  0.7
{'success': array([False,  True,  True,  True,  True, False, False,  True,  True,
        True]), 'state_dist': array([ 66.53499  ,  32.580566 ,  90.81386  ,  18.281595 ,  44.685326 ,
        68.08287  , 114.564705 ,  14.9244995,   7.6076493,  46.198986 ],
      dtype=float32)}
self.is_success:  [False  True  True  True  True False False  True  True  True]

MPC iter 14 Eval ------- 
Success rate:  0.7
{'success': array([False,  True,  True,  True,  True, False, False,  True,  True,
        True]), 'state_dist': array([66.13027  , 32.580566 , 90.81386  , 18.281595 , 44.685326 ,
       68.07034  , 77.95137  , 14.9244995,  7.6076493, 46.198986 ],
      dtype=float32)}
self.is_success:  [False  True  True  True  True False False  True  True  True]

MPC iter 15 Eval ------- 
Success rate:  0.7
{'success': array([False,  True,  True,  True,  True, False, False,  True,  True,
        True]), 'state_dist': array([ 66.17904  ,  32.580566 ,  90.81386  ,  18.281595 ,  44.685326 ,
        68.08547  , 126.757    ,  14.9244995,   7.6076493,  46.198986 ],
      dtype=float32)}
self.is_success:  [False  True  True  True  True False False  True  True  True]

MPC iter 16 Eval ------- 
Success rate:  0.7
{'success': array([False,  True,  True,  True,  True, False, False,  True,  True,
        True]), 'state_dist': array([66.96076  , 32.580566 , 90.81386  , 18.281595 , 44.685326 ,
       68.081535 , 75.67872  , 14.9244995,  7.6076493, 46.198986 ],
      dtype=float32)}
self.is_success:  [False  True  True  True  True False False  True  True  True]

MPC iter 17 Eval ------- 
Success rate:  0.7
{'success': array([False,  True,  True,  True,  True, False, False,  True,  True,
        True]), 'state_dist': array([ 66.64023  ,  32.580566 ,  90.81386  ,  18.281595 ,  44.685326 ,
        68.08825  , 119.97962  ,  14.9244995,   7.6076493,  46.198986 ],
      dtype=float32)}
self.is_success:  [False  True  True  True  True False False  True  True  True]

MPC iter 18 Eval ------- 
Success rate:  0.7
{'success': array([False,  True,  True,  True,  True, False, False,  True,  True,
        True]), 'state_dist': array([66.73405  , 32.580566 , 90.81386  , 18.281595 , 44.685326 ,
       67.99155  , 77.612724 , 14.9244995,  7.6076493, 46.198986 ],
      dtype=float32)}
self.is_success:  [False  True  True  True  True False False  True  True  True]

MPC iter 19 Eval ------- 
Success rate:  0.7
{'success': array([False,  True,  True,  True,  True, False, False,  True,  True,
        True]), 'state_dist': array([ 66.8358   ,  32.580566 ,  90.81386  ,  18.281595 ,  44.685326 ,
        68.10945  , 118.49317  ,  14.9244995,   7.6076493,  46.198986 ],
      dtype=float32)}
self.is_success:  [False  True  True  True  True False False  True  True  True]
Success rate:  0.7
{'success': array([False,  True,  True,  True,  True, False, False,  True,  True,
        True]), 'state_dist': array([ 66.8358   ,  32.580566 ,  90.81386  ,  18.281595 ,  44.685326 ,
        68.10945  , 118.49317  ,  14.9244995,   7.6076493,  46.198986 ],
      dtype=float32)}
[timing] perform_planning_s=652.060
[timing] total_planning_main_s=659.596
