/home/jupyter-deuk-c4e4/.conda/envs/ts310/lib/python3.10/site-packages/wandb/sdk/internal/internal_api.py:30: UserWarning: pkg_resources is deprecated as an API. See https://setuptools.pypa.io/en/latest/pkg_resources.html. The pkg_resources package is slated for removal as early as 2025-11-30. Refrain from using this package or pin to Setuptools<81.
  from pkg_resources import parse_version
/home/jupyter-deuk-c4e4/.conda/envs/ts310/lib/python3.10/site-packages/pkg_resources/__init__.py:3148: DeprecationWarning: Deprecated call to `pkg_resources.declare_namespace('mpl_toolkits')`.
Implementing implicit namespace packages (as specified in PEP 420) is preferred to `pkg_resources.declare_namespace`. See https://setuptools.pypa.io/en/latest/references/keywords.html#keyword-namespace-packages
  declare_namespace(pkg)
/home/jupyter-deuk-c4e4/.conda/envs/ts310/lib/python3.10/site-packages/pkg_resources/__init__.py:3148: DeprecationWarning: Deprecated call to `pkg_resources.declare_namespace('google')`.
Implementing implicit namespace packages (as specified in PEP 420) is preferred to `pkg_resources.declare_namespace`. See https://setuptools.pypa.io/en/latest/references/keywords.html#keyword-namespace-packages
  declare_namespace(pkg)
/home/jupyter-deuk-c4e4/.conda/envs/ts310/lib/python3.10/site-packages/Cython/Distutils/old_build_ext.py:15: DeprecationWarning: dep_util is Deprecated. Use functions from setuptools instead.
  from distutils.dep_util import newer, newer_group
<frozen importlib._bootstrap>:283: DeprecationWarning: the load_module() method is deprecated and slated for removal in Python 3.12; use exec_module() instead
Warning: Mujoco-based envs failed to import. Set the environment variable D4RL_SUPPRESS_IMPORT_ERROR=1 to suppress this message.
No module named 'mjrl'
Warning: Flow failed to import. Set the environment variable D4RL_SUPPRESS_IMPORT_ERROR=1 to suppress this message.
No module named 'flow'
Warning: CARLA failed to import. Set the environment variable D4RL_SUPPRESS_IMPORT_ERROR=1 to suppress this message.
No module named 'carla'
pybullet build time: Jan 29 2025 23:16:28
/home/jupyter-deuk-c4e4/.conda/envs/ts310/lib/python3.10/site-packages/gym/envs/registration.py:595: UserWarning: [33mWARN: Overriding environment maze2d-open-v0[0m
  logger.warn(f"Overriding environment {id}")
/home/jupyter-deuk-c4e4/.conda/envs/ts310/lib/python3.10/site-packages/gym/envs/registration.py:595: UserWarning: [33mWARN: Overriding environment maze2d-umaze-v0[0m
  logger.warn(f"Overriding environment {id}")
/home/jupyter-deuk-c4e4/.conda/envs/ts310/lib/python3.10/site-packages/gym/envs/registration.py:595: UserWarning: [33mWARN: Overriding environment maze2d-medium-v0[0m
  logger.warn(f"Overriding environment {id}")
/home/jupyter-deuk-c4e4/.conda/envs/ts310/lib/python3.10/site-packages/gym/envs/registration.py:595: UserWarning: [33mWARN: Overriding environment maze2d-large-v0[0m
  logger.warn(f"Overriding environment {id}")
/home/jupyter-deuk-c4e4/.conda/envs/ts310/lib/python3.10/site-packages/gym/envs/registration.py:595: UserWarning: [33mWARN: Overriding environment maze2d-umaze-v1[0m
  logger.warn(f"Overriding environment {id}")
/home/jupyter-deuk-c4e4/.conda/envs/ts310/lib/python3.10/site-packages/gym/envs/registration.py:595: UserWarning: [33mWARN: Overriding environment maze2d-medium-v1[0m
  logger.warn(f"Overriding environment {id}")
/home/jupyter-deuk-c4e4/.conda/envs/ts310/lib/python3.10/site-packages/gym/envs/registration.py:595: UserWarning: [33mWARN: Overriding environment maze2d-large-v1[0m
  logger.warn(f"Overriding environment {id}")
/home/jupyter-deuk-c4e4/.conda/envs/ts310/lib/python3.10/site-packages/gym/envs/registration.py:595: UserWarning: [33mWARN: Overriding environment maze2d-eval-umaze-v1[0m
  logger.warn(f"Overriding environment {id}")
/home/jupyter-deuk-c4e4/.conda/envs/ts310/lib/python3.10/site-packages/gym/envs/registration.py:595: UserWarning: [33mWARN: Overriding environment maze2d-eval-medium-v1[0m
  logger.warn(f"Overriding environment {id}")
/home/jupyter-deuk-c4e4/.conda/envs/ts310/lib/python3.10/site-packages/gym/envs/registration.py:595: UserWarning: [33mWARN: Overriding environment maze2d-eval-large-v1[0m
  logger.warn(f"Overriding environment {id}")
/home/jupyter-deuk-c4e4/.conda/envs/ts310/lib/python3.10/site-packages/gym/envs/registration.py:595: UserWarning: [33mWARN: Overriding environment maze2d-open-dense-v0[0m
  logger.warn(f"Overriding environment {id}")
/home/jupyter-deuk-c4e4/.conda/envs/ts310/lib/python3.10/site-packages/gym/envs/registration.py:595: UserWarning: [33mWARN: Overriding environment maze2d-umaze-dense-v0[0m
  logger.warn(f"Overriding environment {id}")
/home/jupyter-deuk-c4e4/.conda/envs/ts310/lib/python3.10/site-packages/gym/envs/registration.py:595: UserWarning: [33mWARN: Overriding environment maze2d-medium-dense-v0[0m
  logger.warn(f"Overriding environment {id}")
/home/jupyter-deuk-c4e4/.conda/envs/ts310/lib/python3.10/site-packages/gym/envs/registration.py:595: UserWarning: [33mWARN: Overriding environment maze2d-large-dense-v0[0m
  logger.warn(f"Overriding environment {id}")
/home/jupyter-deuk-c4e4/.conda/envs/ts310/lib/python3.10/site-packages/gym/envs/registration.py:595: UserWarning: [33mWARN: Overriding environment maze2d-umaze-dense-v1[0m
  logger.warn(f"Overriding environment {id}")
/home/jupyter-deuk-c4e4/.conda/envs/ts310/lib/python3.10/site-packages/gym/envs/registration.py:595: UserWarning: [33mWARN: Overriding environment maze2d-medium-dense-v1[0m
  logger.warn(f"Overriding environment {id}")
/home/jupyter-deuk-c4e4/.conda/envs/ts310/lib/python3.10/site-packages/gym/envs/registration.py:595: UserWarning: [33mWARN: Overriding environment maze2d-large-dense-v1[0m
  logger.warn(f"Overriding environment {id}")
/home/jupyter-deuk-c4e4/.conda/envs/ts310/lib/python3.10/site-packages/gym/envs/registration.py:595: UserWarning: [33mWARN: Overriding environment maze2d-eval-umaze-dense-v1[0m
  logger.warn(f"Overriding environment {id}")
/home/jupyter-deuk-c4e4/.conda/envs/ts310/lib/python3.10/site-packages/gym/envs/registration.py:595: UserWarning: [33mWARN: Overriding environment maze2d-eval-medium-dense-v1[0m
  logger.warn(f"Overriding environment {id}")
/home/jupyter-deuk-c4e4/.conda/envs/ts310/lib/python3.10/site-packages/gym/envs/registration.py:595: UserWarning: [33mWARN: Overriding environment maze2d-eval-large-dense-v1[0m
  logger.warn(f"Overriding environment {id}")
/opt/dlami/nvme/home/jupyter-deuk-c4e4/temporal-straightening/custom_resolvers.py:4: UserWarning: 
The version_base parameter is not specified.
Please specify a compatability version level, or None.
Will assume defaults for version 1.1
  @hydra.main(config_path=None)
[2026-07-25 15:47:48,350][__main__][INFO] - Planning result saved dir: /opt/dlami/nvme/home/jupyter-deuk-c4e4/pusht-reproduction/patch_reproduction/plan/mpc_seed_100/chunk_30
/home/jupyter-deuk-c4e4/.conda/envs/ts310/lib/python3.10/site-packages/wandb/sdk/internal/internal_api.py:30: UserWarning: pkg_resources is deprecated as an API. See https://setuptools.pypa.io/en/latest/pkg_resources.html. The pkg_resources package is slated for removal as early as 2025-11-30. Refrain from using this package or pin to Setuptools<81.
  from pkg_resources import parse_version
Using cache found in /home/jupyter-deuk-c4e4/.cache/torch/hub/facebookresearch_dinov2_81b2b6419385
Loaded 18685 rollouts
Loaded 21 rollouts
[2026-07-25 15:47:50,823][dinov2][INFO] - using MLP layer as FFN
[2026-07-25 15:47:51,231][models.dino][WARNING] - Unknown projector 'none' for patch tokens; proceeding without projector.
Resuming from epoch 2: /home/jupyter-deuk-c4e4/pusht-reproduction/patch_reproduction/test/pusht_False_agg32_projnone_dim384_hw14_sgTrue_lr1e-06/checkpoints/model_2.pth
[2026-07-25 15:47:51,627][models.visual_world_model][INFO] - num_action_repeat: 1
[2026-07-25 15:47:51,627][models.visual_world_model][INFO] - num_proprio_repeat: 1
[2026-07-25 15:47:51,627][models.visual_world_model][INFO] - proprio encoder: ProprioceptiveEmbedding(
  (patch_embed): Conv1d(4, 10, kernel_size=(1,), stride=(1,))
  (norm): LayerNorm((10,), eps=1e-05, elementwise_affine=True)
)
[2026-07-25 15:47:51,627][models.visual_world_model][INFO] - action encoder: ProprioceptiveEmbedding(
  (patch_embed): Conv1d(10, 10, kernel_size=(1,), stride=(1,))
  (norm): LayerNorm((10,), eps=1e-05, elementwise_affine=True)
)
[2026-07-25 15:47:51,627][models.visual_world_model][INFO] - proprio_dim: 10, after repeat: 10
[2026-07-25 15:47:51,627][models.visual_world_model][INFO] - action_dim: 10, after repeat: 10
[2026-07-25 15:47:51,627][models.visual_world_model][INFO] - emb_dim: 404
[2026-07-25 15:47:51,627][models.visual_world_model][INFO] - Straightening disabled
[2026-07-25 15:47:51,627][models.visual_world_model][INFO] - Speed constancy disabled
[2026-07-25 15:47:51,627][models.visual_world_model][INFO] - Trajectory penalty disabled
[2026-07-25 15:47:51,627][models.visual_world_model][INFO] - Stop-grad enabled: True
[2026-07-25 15:47:51,627][models.visual_world_model][INFO] - VCReg enabled: False, apply_to=enc, std_coeff=0.0, cov_coeff=0.0
[2026-07-25 15:47:51,627][models.visual_world_model][INFO] - Model emb_dim: 404
[timing] setup_model_s=3.279
eval_seed:  [3001, 3101, 3201, 3301, 3401, 3501, 3601, 3701, 3801, 3901]
Dumped plan targets to /opt/dlami/nvme/home/jupyter-deuk-c4e4/pusht-reproduction/patch_reproduction/plan/mpc_seed_100/chunk_30/plan_targets.pkl
[timing] setup_workspace_s=6.125

MPC iter 0 Eval ------- 
Success rate:  0.0
{'success': array([False, False, False, False, False, False, False, False, False,
       False]), 'state_dist': array([246.0346  , 127.20623 , 156.77145 , 359.58997 ,  50.434105,
        68.89384 , 218.12665 , 195.14919 , 116.04629 , 139.41212 ],
      dtype=float32)}
self.is_success:  [False False False False False False False False False False]

MPC iter 1 Eval ------- 
Success rate:  0.0
{'success': array([False, False, False, False, False, False, False, False, False,
       False]), 'state_dist': array([126.38349 , 114.76795 , 148.18475 , 223.88617 ,  56.299416,
        66.119415, 175.97086 , 198.05952 ,  99.076416, 101.935844],
      dtype=float32)}
self.is_success:  [False False False False False False False False False False]

MPC iter 2 Eval ------- 
Success rate:  0.0
{'success': array([False, False, False, False, False, False, False, False, False,
       False]), 'state_dist': array([140.59479 ,  92.280685, 119.72388 , 249.77086 ,  67.5394  ,
        73.09995 , 149.23792 , 197.9671  , 146.77805 , 102.910965],
      dtype=float32)}
self.is_success:  [False False False False False False False False False False]

MPC iter 3 Eval ------- 
Success rate:  0.1
{'success': array([False, False, False, False,  True, False, False, False, False,
       False]), 'state_dist': array([177.19989 ,  69.70738 , 148.88487 , 233.80505 ,  60.051167,
       101.90282 , 282.87375 , 217.66026 , 114.12256 ,  63.892365],
      dtype=float32)}
self.is_success:  [False False False False  True False False False False False]

MPC iter 4 Eval ------- 
Success rate:  0.4
{'success': array([ True, False, False, False,  True,  True, False, False, False,
        True]), 'state_dist': array([ 79.908264,  27.670496, 165.85873 ,  85.455475,  60.051167,
        39.774933, 209.2403  , 192.51567 , 138.82263 ,  60.540127],
      dtype=float32)}
self.is_success:  [ True False False False  True  True False False False  True]

MPC iter 5 Eval ------- 
Success rate:  0.6
{'success': array([ True,  True, False, False,  True,  True, False,  True, False,
        True]), 'state_dist': array([ 79.908264,  35.397686, 118.169   ,  61.202484,  60.051167,
        39.774933, 147.98691 ,  40.476147,  63.59045 ,  60.540127],
      dtype=float32)}
self.is_success:  [ True  True False False  True  True False  True False  True]

MPC iter 6 Eval ------- 
Success rate:  0.6
{'success': array([ True,  True, False, False,  True,  True, False,  True, False,
        True]), 'state_dist': array([ 79.908264,  35.397686, 142.90314 ,  26.814503,  60.051167,
        39.774933, 142.51595 ,  40.476147,  50.95572 ,  60.540127],
      dtype=float32)}
self.is_success:  [ True  True False False  True  True False  True False  True]

MPC iter 7 Eval ------- 
Success rate:  0.7
{'success': array([ True,  True, False,  True,  True,  True, False,  True, False,
        True]), 'state_dist': array([ 79.908264,  35.397686, 118.73024 ,  60.91598 ,  60.051167,
        39.774933, 181.91182 ,  40.476147, 131.22243 ,  60.540127],
      dtype=float32)}
self.is_success:  [ True  True False  True  True  True False  True False  True]

MPC iter 8 Eval ------- 
Success rate:  0.7
{'success': array([ True,  True, False,  True,  True,  True, False,  True, False,
        True]), 'state_dist': array([ 79.908264,  35.397686, 112.73678 ,  60.91598 ,  60.051167,
        39.774933, 119.46601 ,  40.476147, 104.0704  ,  60.540127],
      dtype=float32)}
self.is_success:  [ True  True False  True  True  True False  True False  True]

MPC iter 9 Eval ------- 
Success rate:  0.7
{'success': array([ True,  True, False,  True,  True,  True, False,  True, False,
        True]), 'state_dist': array([ 79.908264,  35.397686, 107.59173 ,  60.91598 ,  60.051167,
        39.774933, 113.758934,  40.476147,  92.95392 ,  60.540127],
      dtype=float32)}
self.is_success:  [ True  True False  True  True  True False  True False  True]

MPC iter 10 Eval ------- 
Success rate:  0.7
{'success': array([ True,  True, False,  True,  True,  True, False,  True, False,
        True]), 'state_dist': array([ 79.908264,  35.397686, 141.81215 ,  60.91598 ,  60.051167,
        39.774933, 116.94703 ,  40.476147,  93.699646,  60.540127],
      dtype=float32)}
self.is_success:  [ True  True False  True  True  True False  True False  True]

MPC iter 11 Eval ------- 
Success rate:  0.7
{'success': array([ True,  True, False,  True,  True,  True, False,  True, False,
        True]), 'state_dist': array([ 79.908264,  35.397686, 121.82027 ,  60.91598 ,  60.051167,
        39.774933, 111.98793 ,  40.476147,  53.195942,  60.540127],
      dtype=float32)}
self.is_success:  [ True  True False  True  True  True False  True False  True]

MPC iter 12 Eval ------- 
Success rate:  0.7
{'success': array([ True,  True, False,  True,  True,  True, False,  True, False,
        True]), 'state_dist': array([ 79.908264,  35.397686, 129.86172 ,  60.91598 ,  60.051167,
        39.774933, 109.67374 ,  40.476147,  45.92924 ,  60.540127],
      dtype=float32)}
self.is_success:  [ True  True False  True  True  True False  True False  True]

MPC iter 13 Eval ------- 
Success rate:  0.8
{'success': array([ True,  True, False,  True,  True,  True, False,  True,  True,
        True]), 'state_dist': array([ 79.908264,  35.397686, 125.753525,  60.91598 ,  60.051167,
        39.774933, 112.57297 ,  40.476147,  41.257103,  60.540127],
      dtype=float32)}
self.is_success:  [ True  True False  True  True  True False  True  True  True]

MPC iter 14 Eval ------- 
Success rate:  0.8
{'success': array([ True,  True, False,  True,  True,  True, False,  True,  True,
        True]), 'state_dist': array([ 79.908264,  35.397686, 127.82821 ,  60.91598 ,  60.051167,
        39.774933,  97.36728 ,  40.476147,  41.257103,  60.540127],
      dtype=float32)}
self.is_success:  [ True  True False  True  True  True False  True  True  True]

MPC iter 15 Eval ------- 
Success rate:  0.8
{'success': array([ True,  True, False,  True,  True,  True, False,  True,  True,
        True]), 'state_dist': array([ 79.908264,  35.397686, 139.02873 ,  60.91598 ,  60.051167,
        39.774933,  95.28671 ,  40.476147,  41.257103,  60.540127],
      dtype=float32)}
self.is_success:  [ True  True False  True  True  True False  True  True  True]

MPC iter 16 Eval ------- 
Success rate:  0.8
{'success': array([ True,  True, False,  True,  True,  True, False,  True,  True,
        True]), 'state_dist': array([ 79.908264,  35.397686, 142.8305  ,  60.91598 ,  60.051167,
        39.774933,  95.431206,  40.476147,  41.257103,  60.540127],
      dtype=float32)}
self.is_success:  [ True  True False  True  True  True False  True  True  True]

MPC iter 17 Eval ------- 
Success rate:  0.8
{'success': array([ True,  True, False,  True,  True,  True, False,  True,  True,
        True]), 'state_dist': array([ 79.908264,  35.397686, 139.13557 ,  60.91598 ,  60.051167,
        39.774933,  98.9057  ,  40.476147,  41.257103,  60.540127],
      dtype=float32)}
self.is_success:  [ True  True False  True  True  True False  True  True  True]

MPC iter 18 Eval ------- 
Success rate:  0.8
{'success': array([ True,  True, False,  True,  True,  True, False,  True,  True,
        True]), 'state_dist': array([ 79.908264,  35.397686, 138.27162 ,  60.91598 ,  60.051167,
        39.774933, 100.160065,  40.476147,  41.257103,  60.540127],
      dtype=float32)}
self.is_success:  [ True  True False  True  True  True False  True  True  True]

MPC iter 19 Eval ------- 
Success rate:  0.8
{'success': array([ True,  True, False,  True,  True,  True, False,  True,  True,
        True]), 'state_dist': array([ 79.908264,  35.397686, 138.86818 ,  60.91598 ,  60.051167,
        39.774933, 112.69033 ,  40.476147,  41.257103,  60.540127],
      dtype=float32)}
self.is_success:  [ True  True False  True  True  True False  True  True  True]
Success rate:  0.8
{'success': array([ True,  True, False,  True,  True,  True, False,  True,  True,
        True]), 'state_dist': array([ 79.908264,  35.397686, 138.86818 ,  60.91598 ,  60.051167,
        39.774933, 112.69033 ,  40.476147,  41.257103,  60.540127],
      dtype=float32)}
[timing] perform_planning_s=651.840
[timing] total_planning_main_s=661.243
