/home/jupyter-deuk-c4e4/.conda/envs/ts310/lib/python3.10/site-packages/wandb/sdk/internal/internal_api.py:30: UserWarning: pkg_resources is deprecated as an API. See https://setuptools.pypa.io/en/latest/pkg_resources.html. The pkg_resources package is slated for removal as early as 2025-11-30. Refrain from using this package or pin to Setuptools<81.
  from pkg_resources import parse_version
/home/jupyter-deuk-c4e4/.conda/envs/ts310/lib/python3.10/site-packages/pkg_resources/__init__.py:3148: DeprecationWarning: Deprecated call to `pkg_resources.declare_namespace('mpl_toolkits')`.
Implementing implicit namespace packages (as specified in PEP 420) is preferred to `pkg_resources.declare_namespace`. See https://setuptools.pypa.io/en/latest/references/keywords.html#keyword-namespace-packages
  declare_namespace(pkg)
/home/jupyter-deuk-c4e4/.conda/envs/ts310/lib/python3.10/site-packages/pkg_resources/__init__.py:3148: DeprecationWarning: Deprecated call to `pkg_resources.declare_namespace('google')`.
Implementing implicit namespace packages (as specified in PEP 420) is preferred to `pkg_resources.declare_namespace`. See https://setuptools.pypa.io/en/latest/references/keywords.html#keyword-namespace-packages
  declare_namespace(pkg)
/home/jupyter-deuk-c4e4/.conda/envs/ts310/lib/python3.10/site-packages/Cython/Distutils/old_build_ext.py:15: DeprecationWarning: dep_util is Deprecated. Use functions from setuptools instead.
  from distutils.dep_util import newer, newer_group
<frozen importlib._bootstrap>:283: DeprecationWarning: the load_module() method is deprecated and slated for removal in Python 3.12; use exec_module() instead
Warning: Mujoco-based envs failed to import. Set the environment variable D4RL_SUPPRESS_IMPORT_ERROR=1 to suppress this message.
No module named 'mjrl'
Warning: Flow failed to import. Set the environment variable D4RL_SUPPRESS_IMPORT_ERROR=1 to suppress this message.
No module named 'flow'
Warning: CARLA failed to import. Set the environment variable D4RL_SUPPRESS_IMPORT_ERROR=1 to suppress this message.
No module named 'carla'
pybullet build time: Jan 29 2025 23:16:28
/home/jupyter-deuk-c4e4/.conda/envs/ts310/lib/python3.10/site-packages/gym/envs/registration.py:595: UserWarning: [33mWARN: Overriding environment maze2d-open-v0[0m
  logger.warn(f"Overriding environment {id}")
/home/jupyter-deuk-c4e4/.conda/envs/ts310/lib/python3.10/site-packages/gym/envs/registration.py:595: UserWarning: [33mWARN: Overriding environment maze2d-umaze-v0[0m
  logger.warn(f"Overriding environment {id}")
/home/jupyter-deuk-c4e4/.conda/envs/ts310/lib/python3.10/site-packages/gym/envs/registration.py:595: UserWarning: [33mWARN: Overriding environment maze2d-medium-v0[0m
  logger.warn(f"Overriding environment {id}")
/home/jupyter-deuk-c4e4/.conda/envs/ts310/lib/python3.10/site-packages/gym/envs/registration.py:595: UserWarning: [33mWARN: Overriding environment maze2d-large-v0[0m
  logger.warn(f"Overriding environment {id}")
/home/jupyter-deuk-c4e4/.conda/envs/ts310/lib/python3.10/site-packages/gym/envs/registration.py:595: UserWarning: [33mWARN: Overriding environment maze2d-umaze-v1[0m
  logger.warn(f"Overriding environment {id}")
/home/jupyter-deuk-c4e4/.conda/envs/ts310/lib/python3.10/site-packages/gym/envs/registration.py:595: UserWarning: [33mWARN: Overriding environment maze2d-medium-v1[0m
  logger.warn(f"Overriding environment {id}")
/home/jupyter-deuk-c4e4/.conda/envs/ts310/lib/python3.10/site-packages/gym/envs/registration.py:595: UserWarning: [33mWARN: Overriding environment maze2d-large-v1[0m
  logger.warn(f"Overriding environment {id}")
/home/jupyter-deuk-c4e4/.conda/envs/ts310/lib/python3.10/site-packages/gym/envs/registration.py:595: UserWarning: [33mWARN: Overriding environment maze2d-eval-umaze-v1[0m
  logger.warn(f"Overriding environment {id}")
/home/jupyter-deuk-c4e4/.conda/envs/ts310/lib/python3.10/site-packages/gym/envs/registration.py:595: UserWarning: [33mWARN: Overriding environment maze2d-eval-medium-v1[0m
  logger.warn(f"Overriding environment {id}")
/home/jupyter-deuk-c4e4/.conda/envs/ts310/lib/python3.10/site-packages/gym/envs/registration.py:595: UserWarning: [33mWARN: Overriding environment maze2d-eval-large-v1[0m
  logger.warn(f"Overriding environment {id}")
/home/jupyter-deuk-c4e4/.conda/envs/ts310/lib/python3.10/site-packages/gym/envs/registration.py:595: UserWarning: [33mWARN: Overriding environment maze2d-open-dense-v0[0m
  logger.warn(f"Overriding environment {id}")
/home/jupyter-deuk-c4e4/.conda/envs/ts310/lib/python3.10/site-packages/gym/envs/registration.py:595: UserWarning: [33mWARN: Overriding environment maze2d-umaze-dense-v0[0m
  logger.warn(f"Overriding environment {id}")
/home/jupyter-deuk-c4e4/.conda/envs/ts310/lib/python3.10/site-packages/gym/envs/registration.py:595: UserWarning: [33mWARN: Overriding environment maze2d-medium-dense-v0[0m
  logger.warn(f"Overriding environment {id}")
/home/jupyter-deuk-c4e4/.conda/envs/ts310/lib/python3.10/site-packages/gym/envs/registration.py:595: UserWarning: [33mWARN: Overriding environment maze2d-large-dense-v0[0m
  logger.warn(f"Overriding environment {id}")
/home/jupyter-deuk-c4e4/.conda/envs/ts310/lib/python3.10/site-packages/gym/envs/registration.py:595: UserWarning: [33mWARN: Overriding environment maze2d-umaze-dense-v1[0m
  logger.warn(f"Overriding environment {id}")
/home/jupyter-deuk-c4e4/.conda/envs/ts310/lib/python3.10/site-packages/gym/envs/registration.py:595: UserWarning: [33mWARN: Overriding environment maze2d-medium-dense-v1[0m
  logger.warn(f"Overriding environment {id}")
/home/jupyter-deuk-c4e4/.conda/envs/ts310/lib/python3.10/site-packages/gym/envs/registration.py:595: UserWarning: [33mWARN: Overriding environment maze2d-large-dense-v1[0m
  logger.warn(f"Overriding environment {id}")
/home/jupyter-deuk-c4e4/.conda/envs/ts310/lib/python3.10/site-packages/gym/envs/registration.py:595: UserWarning: [33mWARN: Overriding environment maze2d-eval-umaze-dense-v1[0m
  logger.warn(f"Overriding environment {id}")
/home/jupyter-deuk-c4e4/.conda/envs/ts310/lib/python3.10/site-packages/gym/envs/registration.py:595: UserWarning: [33mWARN: Overriding environment maze2d-eval-medium-dense-v1[0m
  logger.warn(f"Overriding environment {id}")
/home/jupyter-deuk-c4e4/.conda/envs/ts310/lib/python3.10/site-packages/gym/envs/registration.py:595: UserWarning: [33mWARN: Overriding environment maze2d-eval-large-dense-v1[0m
  logger.warn(f"Overriding environment {id}")
/opt/dlami/nvme/home/jupyter-deuk-c4e4/temporal-straightening/custom_resolvers.py:4: UserWarning: 
The version_base parameter is not specified.
Please specify a compatability version level, or None.
Will assume defaults for version 1.1
  @hydra.main(config_path=None)
[2026-07-25 16:43:13,991][__main__][INFO] - Planning result saved dir: /opt/dlami/nvme/home/jupyter-deuk-c4e4/pusht-reproduction/patch_reproduction/plan/mpc_seed_200/chunk_30
/home/jupyter-deuk-c4e4/.conda/envs/ts310/lib/python3.10/site-packages/wandb/sdk/internal/internal_api.py:30: UserWarning: pkg_resources is deprecated as an API. See https://setuptools.pypa.io/en/latest/pkg_resources.html. The pkg_resources package is slated for removal as early as 2025-11-30. Refrain from using this package or pin to Setuptools<81.
  from pkg_resources import parse_version
Using cache found in /home/jupyter-deuk-c4e4/.cache/torch/hub/facebookresearch_dinov2_81b2b6419385
Loaded 18685 rollouts
Loaded 21 rollouts
[2026-07-25 16:43:16,494][dinov2][INFO] - using MLP layer as FFN
[2026-07-25 16:43:16,924][models.dino][WARNING] - Unknown projector 'none' for patch tokens; proceeding without projector.
Resuming from epoch 2: /home/jupyter-deuk-c4e4/pusht-reproduction/patch_reproduction/test/pusht_False_agg32_projnone_dim384_hw14_sgTrue_lr1e-06/checkpoints/model_2.pth
[2026-07-25 16:43:17,363][models.visual_world_model][INFO] - num_action_repeat: 1
[2026-07-25 16:43:17,363][models.visual_world_model][INFO] - num_proprio_repeat: 1
[2026-07-25 16:43:17,363][models.visual_world_model][INFO] - proprio encoder: ProprioceptiveEmbedding(
  (patch_embed): Conv1d(4, 10, kernel_size=(1,), stride=(1,))
  (norm): LayerNorm((10,), eps=1e-05, elementwise_affine=True)
)
[2026-07-25 16:43:17,363][models.visual_world_model][INFO] - action encoder: ProprioceptiveEmbedding(
  (patch_embed): Conv1d(10, 10, kernel_size=(1,), stride=(1,))
  (norm): LayerNorm((10,), eps=1e-05, elementwise_affine=True)
)
[2026-07-25 16:43:17,364][models.visual_world_model][INFO] - proprio_dim: 10, after repeat: 10
[2026-07-25 16:43:17,364][models.visual_world_model][INFO] - action_dim: 10, after repeat: 10
[2026-07-25 16:43:17,364][models.visual_world_model][INFO] - emb_dim: 404
[2026-07-25 16:43:17,364][models.visual_world_model][INFO] - Straightening disabled
[2026-07-25 16:43:17,364][models.visual_world_model][INFO] - Speed constancy disabled
[2026-07-25 16:43:17,364][models.visual_world_model][INFO] - Trajectory penalty disabled
[2026-07-25 16:43:17,364][models.visual_world_model][INFO] - Stop-grad enabled: True
[2026-07-25 16:43:17,364][models.visual_world_model][INFO] - VCReg enabled: False, apply_to=enc, std_coeff=0.0, cov_coeff=0.0
[2026-07-25 16:43:17,364][models.visual_world_model][INFO] - Model emb_dim: 404
[timing] setup_model_s=3.375
eval_seed:  [6001, 6201, 6401, 6601, 6801, 7001, 7201, 7401, 7601, 7801]
Dumped plan targets to /opt/dlami/nvme/home/jupyter-deuk-c4e4/pusht-reproduction/patch_reproduction/plan/mpc_seed_200/chunk_30/plan_targets.pkl
[timing] setup_workspace_s=5.945

MPC iter 0 Eval ------- 
Success rate:  0.0
{'success': array([False, False, False, False, False, False, False, False, False,
       False]), 'state_dist': array([119.74427 , 168.24835 , 169.97865 , 149.0972  , 102.515396,
        95.623924, 234.9643  , 202.51094 ,  75.068085, 131.1169  ],
      dtype=float32)}
self.is_success:  [False False False False False False False False False False]

MPC iter 1 Eval ------- 
Success rate:  0.0
{'success': array([False, False, False, False, False, False, False, False, False,
       False]), 'state_dist': array([109.71301 , 138.40367 , 156.19124 , 173.94893 ,  77.82359 ,
       119.260864, 188.17671 , 161.31607 ,  78.303925, 169.00662 ],
      dtype=float32)}
self.is_success:  [False False False False False False False False False False]

MPC iter 2 Eval ------- 
Success rate:  0.0
{'success': array([False, False, False, False, False, False, False, False, False,
       False]), 'state_dist': array([107.2316  , 155.38756 , 138.66225 , 180.34286 ,  75.051254,
       121.53993 , 126.97525 , 126.30247 ,  88.84306 , 133.73161 ],
      dtype=float32)}
self.is_success:  [False False False False False False False False False False]

MPC iter 3 Eval ------- 
Success rate:  0.0
{'success': array([False, False, False, False, False, False, False, False, False,
       False]), 'state_dist': array([111.454796, 154.69247 , 144.60083 , 153.72162 ,  74.32805 ,
        93.79088 , 144.12627 ,  90.97522 ,  66.96897 ,  47.839584],
      dtype=float32)}
self.is_success:  [False False False False False False False False False False]

MPC iter 4 Eval ------- 
Success rate:  0.1
{'success': array([False, False, False, False, False, False, False, False,  True,
       False]), 'state_dist': array([ 93.94612 , 183.6054  , 126.8786  ,  99.28515 ,  52.616512,
        67.56255 , 114.71666 ,  59.471317,  30.78321 ,  38.697548],
      dtype=float32)}
self.is_success:  [False False False False False False False False  True False]

MPC iter 5 Eval ------- 
Success rate:  0.3
{'success': array([False, False, False, False,  True, False, False,  True,  True,
       False]), 'state_dist': array([ 69.312386,  41.618465,  46.7133  , 111.25536 ,  47.879204,
        38.510853, 144.52678 ,  23.408777,  30.78321 , 116.706154],
      dtype=float32)}
self.is_success:  [False False False False  True False False  True  True False]

MPC iter 6 Eval ------- 
Success rate:  0.5
{'success': array([False,  True, False, False,  True,  True, False,  True,  True,
       False]), 'state_dist': array([ 47.065235,  23.527946, 132.05457 , 107.14875 ,  47.879204,
        40.841515, 106.463165,  23.408777,  30.78321 ,  89.67174 ],
      dtype=float32)}
self.is_success:  [False  True False False  True  True False  True  True False]

MPC iter 7 Eval ------- 
Success rate:  0.7
{'success': array([ True,  True,  True, False,  True,  True, False,  True,  True,
       False]), 'state_dist': array([106.55123 ,  23.527946,  14.02733 , 103.57809 ,  47.879204,
        40.841515, 104.804825,  23.408777,  30.78321 , 149.62904 ],
      dtype=float32)}
self.is_success:  [ True  True  True False  True  True False  True  True False]

MPC iter 8 Eval ------- 
Success rate:  0.8
{'success': array([ True,  True,  True, False,  True,  True, False,  True,  True,
        True]), 'state_dist': array([106.55123 ,  23.527946,  14.02733 ,  96.1594  ,  47.879204,
        40.841515, 142.62166 ,  23.408777,  30.78321 ,  66.08377 ],
      dtype=float32)}
self.is_success:  [ True  True  True False  True  True False  True  True  True]

MPC iter 9 Eval ------- 
Success rate:  0.8
{'success': array([ True,  True,  True, False,  True,  True, False,  True,  True,
        True]), 'state_dist': array([106.55123 ,  23.527946,  14.02733 ,  93.93652 ,  47.879204,
        40.841515, 183.26448 ,  23.408777,  30.78321 ,  66.08377 ],
      dtype=float32)}
self.is_success:  [ True  True  True False  True  True False  True  True  True]

MPC iter 10 Eval ------- 
Success rate:  0.8
{'success': array([ True,  True,  True, False,  True,  True, False,  True,  True,
        True]), 'state_dist': array([106.55123 ,  23.527946,  14.02733 ,  96.16089 ,  47.879204,
        40.841515, 139.45981 ,  23.408777,  30.78321 ,  66.08377 ],
      dtype=float32)}
self.is_success:  [ True  True  True False  True  True False  True  True  True]

MPC iter 11 Eval ------- 
Success rate:  0.8
{'success': array([ True,  True,  True, False,  True,  True, False,  True,  True,
        True]), 'state_dist': array([106.55123 ,  23.527946,  14.02733 ,  96.93817 ,  47.879204,
        40.841515, 129.0972  ,  23.408777,  30.78321 ,  66.08377 ],
      dtype=float32)}
self.is_success:  [ True  True  True False  True  True False  True  True  True]

MPC iter 12 Eval ------- 
Success rate:  0.8
{'success': array([ True,  True,  True, False,  True,  True, False,  True,  True,
        True]), 'state_dist': array([106.55123 ,  23.527946,  14.02733 ,  98.05463 ,  47.879204,
        40.841515,  58.61116 ,  23.408777,  30.78321 ,  66.08377 ],
      dtype=float32)}
self.is_success:  [ True  True  True False  True  True False  True  True  True]

MPC iter 13 Eval ------- 
Success rate:  0.8
{'success': array([ True,  True,  True, False,  True,  True, False,  True,  True,
        True]), 'state_dist': array([106.55123 ,  23.527946,  14.02733 ,  96.316605,  47.879204,
        40.841515,  60.83044 ,  23.408777,  30.78321 ,  66.08377 ],
      dtype=float32)}
self.is_success:  [ True  True  True False  True  True False  True  True  True]

MPC iter 14 Eval ------- 
Success rate:  0.8
{'success': array([ True,  True,  True, False,  True,  True, False,  True,  True,
        True]), 'state_dist': array([106.55123 ,  23.527946,  14.02733 ,  97.09678 ,  47.879204,
        40.841515,  76.02629 ,  23.408777,  30.78321 ,  66.08377 ],
      dtype=float32)}
self.is_success:  [ True  True  True False  True  True False  True  True  True]

MPC iter 15 Eval ------- 
Success rate:  0.8
{'success': array([ True,  True,  True, False,  True,  True, False,  True,  True,
        True]), 'state_dist': array([106.55123 ,  23.527946,  14.02733 ,  97.97816 ,  47.879204,
        40.841515,  58.7795  ,  23.408777,  30.78321 ,  66.08377 ],
      dtype=float32)}
self.is_success:  [ True  True  True False  True  True False  True  True  True]

MPC iter 16 Eval ------- 
Success rate:  0.8
{'success': array([ True,  True,  True, False,  True,  True, False,  True,  True,
        True]), 'state_dist': array([106.55123 ,  23.527946,  14.02733 ,  99.97306 ,  47.879204,
        40.841515,  58.420803,  23.408777,  30.78321 ,  66.08377 ],
      dtype=float32)}
self.is_success:  [ True  True  True False  True  True False  True  True  True]

MPC iter 17 Eval ------- 
Success rate:  0.8
{'success': array([ True,  True,  True, False,  True,  True, False,  True,  True,
        True]), 'state_dist': array([106.55123 ,  23.527946,  14.02733 ,  98.474014,  47.879204,
        40.841515,  58.140823,  23.408777,  30.78321 ,  66.08377 ],
      dtype=float32)}
self.is_success:  [ True  True  True False  True  True False  True  True  True]

MPC iter 18 Eval ------- 
Success rate:  0.8
{'success': array([ True,  True,  True, False,  True,  True, False,  True,  True,
        True]), 'state_dist': array([106.55123 ,  23.527946,  14.02733 ,  96.586624,  47.879204,
        40.841515,  62.473675,  23.408777,  30.78321 ,  66.08377 ],
      dtype=float32)}
self.is_success:  [ True  True  True False  True  True False  True  True  True]

MPC iter 19 Eval ------- 
Success rate:  0.8
{'success': array([ True,  True,  True, False,  True,  True, False,  True,  True,
        True]), 'state_dist': array([106.55123 ,  23.527946,  14.02733 ,  96.271034,  47.879204,
        40.841515,  57.449097,  23.408777,  30.78321 ,  66.08377 ],
      dtype=float32)}
self.is_success:  [ True  True  True False  True  True False  True  True  True]
Success rate:  0.8
{'success': array([ True,  True,  True, False,  True,  True, False,  True,  True,
        True]), 'state_dist': array([106.55123 ,  23.527946,  14.02733 ,  96.271034,  47.879204,
        40.841515,  57.449097,  23.408777,  30.78321 ,  66.08377 ],
      dtype=float32)}
[timing] perform_planning_s=650.623
[timing] total_planning_main_s=659.943
