/home/jupyter-deuk-c4e4/.conda/envs/ts310/lib/python3.10/site-packages/wandb/sdk/internal/internal_api.py:30: UserWarning: pkg_resources is deprecated as an API. See https://setuptools.pypa.io/en/latest/pkg_resources.html. The pkg_resources package is slated for removal as early as 2025-11-30. Refrain from using this package or pin to Setuptools<81.
  from pkg_resources import parse_version
/home/jupyter-deuk-c4e4/.conda/envs/ts310/lib/python3.10/site-packages/pkg_resources/__init__.py:3148: DeprecationWarning: Deprecated call to `pkg_resources.declare_namespace('mpl_toolkits')`.
Implementing implicit namespace packages (as specified in PEP 420) is preferred to `pkg_resources.declare_namespace`. See https://setuptools.pypa.io/en/latest/references/keywords.html#keyword-namespace-packages
  declare_namespace(pkg)
/home/jupyter-deuk-c4e4/.conda/envs/ts310/lib/python3.10/site-packages/pkg_resources/__init__.py:3148: DeprecationWarning: Deprecated call to `pkg_resources.declare_namespace('google')`.
Implementing implicit namespace packages (as specified in PEP 420) is preferred to `pkg_resources.declare_namespace`. See https://setuptools.pypa.io/en/latest/references/keywords.html#keyword-namespace-packages
  declare_namespace(pkg)
/home/jupyter-deuk-c4e4/.conda/envs/ts310/lib/python3.10/site-packages/Cython/Distutils/old_build_ext.py:15: DeprecationWarning: dep_util is Deprecated. Use functions from setuptools instead.
  from distutils.dep_util import newer, newer_group
<frozen importlib._bootstrap>:283: DeprecationWarning: the load_module() method is deprecated and slated for removal in Python 3.12; use exec_module() instead
Warning: Mujoco-based envs failed to import. Set the environment variable D4RL_SUPPRESS_IMPORT_ERROR=1 to suppress this message.
No module named 'mjrl'
Warning: Flow failed to import. Set the environment variable D4RL_SUPPRESS_IMPORT_ERROR=1 to suppress this message.
No module named 'flow'
Warning: CARLA failed to import. Set the environment variable D4RL_SUPPRESS_IMPORT_ERROR=1 to suppress this message.
No module named 'carla'
pybullet build time: Jan 29 2025 23:16:28
/home/jupyter-deuk-c4e4/.conda/envs/ts310/lib/python3.10/site-packages/gym/envs/registration.py:595: UserWarning: [33mWARN: Overriding environment maze2d-open-v0[0m
  logger.warn(f"Overriding environment {id}")
/home/jupyter-deuk-c4e4/.conda/envs/ts310/lib/python3.10/site-packages/gym/envs/registration.py:595: UserWarning: [33mWARN: Overriding environment maze2d-umaze-v0[0m
  logger.warn(f"Overriding environment {id}")
/home/jupyter-deuk-c4e4/.conda/envs/ts310/lib/python3.10/site-packages/gym/envs/registration.py:595: UserWarning: [33mWARN: Overriding environment maze2d-medium-v0[0m
  logger.warn(f"Overriding environment {id}")
/home/jupyter-deuk-c4e4/.conda/envs/ts310/lib/python3.10/site-packages/gym/envs/registration.py:595: UserWarning: [33mWARN: Overriding environment maze2d-large-v0[0m
  logger.warn(f"Overriding environment {id}")
/home/jupyter-deuk-c4e4/.conda/envs/ts310/lib/python3.10/site-packages/gym/envs/registration.py:595: UserWarning: [33mWARN: Overriding environment maze2d-umaze-v1[0m
  logger.warn(f"Overriding environment {id}")
/home/jupyter-deuk-c4e4/.conda/envs/ts310/lib/python3.10/site-packages/gym/envs/registration.py:595: UserWarning: [33mWARN: Overriding environment maze2d-medium-v1[0m
  logger.warn(f"Overriding environment {id}")
/home/jupyter-deuk-c4e4/.conda/envs/ts310/lib/python3.10/site-packages/gym/envs/registration.py:595: UserWarning: [33mWARN: Overriding environment maze2d-large-v1[0m
  logger.warn(f"Overriding environment {id}")
/home/jupyter-deuk-c4e4/.conda/envs/ts310/lib/python3.10/site-packages/gym/envs/registration.py:595: UserWarning: [33mWARN: Overriding environment maze2d-eval-umaze-v1[0m
  logger.warn(f"Overriding environment {id}")
/home/jupyter-deuk-c4e4/.conda/envs/ts310/lib/python3.10/site-packages/gym/envs/registration.py:595: UserWarning: [33mWARN: Overriding environment maze2d-eval-medium-v1[0m
  logger.warn(f"Overriding environment {id}")
/home/jupyter-deuk-c4e4/.conda/envs/ts310/lib/python3.10/site-packages/gym/envs/registration.py:595: UserWarning: [33mWARN: Overriding environment maze2d-eval-large-v1[0m
  logger.warn(f"Overriding environment {id}")
/home/jupyter-deuk-c4e4/.conda/envs/ts310/lib/python3.10/site-packages/gym/envs/registration.py:595: UserWarning: [33mWARN: Overriding environment maze2d-open-dense-v0[0m
  logger.warn(f"Overriding environment {id}")
/home/jupyter-deuk-c4e4/.conda/envs/ts310/lib/python3.10/site-packages/gym/envs/registration.py:595: UserWarning: [33mWARN: Overriding environment maze2d-umaze-dense-v0[0m
  logger.warn(f"Overriding environment {id}")
/home/jupyter-deuk-c4e4/.conda/envs/ts310/lib/python3.10/site-packages/gym/envs/registration.py:595: UserWarning: [33mWARN: Overriding environment maze2d-medium-dense-v0[0m
  logger.warn(f"Overriding environment {id}")
/home/jupyter-deuk-c4e4/.conda/envs/ts310/lib/python3.10/site-packages/gym/envs/registration.py:595: UserWarning: [33mWARN: Overriding environment maze2d-large-dense-v0[0m
  logger.warn(f"Overriding environment {id}")
/home/jupyter-deuk-c4e4/.conda/envs/ts310/lib/python3.10/site-packages/gym/envs/registration.py:595: UserWarning: [33mWARN: Overriding environment maze2d-umaze-dense-v1[0m
  logger.warn(f"Overriding environment {id}")
/home/jupyter-deuk-c4e4/.conda/envs/ts310/lib/python3.10/site-packages/gym/envs/registration.py:595: UserWarning: [33mWARN: Overriding environment maze2d-medium-dense-v1[0m
  logger.warn(f"Overriding environment {id}")
/home/jupyter-deuk-c4e4/.conda/envs/ts310/lib/python3.10/site-packages/gym/envs/registration.py:595: UserWarning: [33mWARN: Overriding environment maze2d-large-dense-v1[0m
  logger.warn(f"Overriding environment {id}")
/home/jupyter-deuk-c4e4/.conda/envs/ts310/lib/python3.10/site-packages/gym/envs/registration.py:595: UserWarning: [33mWARN: Overriding environment maze2d-eval-umaze-dense-v1[0m
  logger.warn(f"Overriding environment {id}")
/home/jupyter-deuk-c4e4/.conda/envs/ts310/lib/python3.10/site-packages/gym/envs/registration.py:595: UserWarning: [33mWARN: Overriding environment maze2d-eval-medium-dense-v1[0m
  logger.warn(f"Overriding environment {id}")
/home/jupyter-deuk-c4e4/.conda/envs/ts310/lib/python3.10/site-packages/gym/envs/registration.py:595: UserWarning: [33mWARN: Overriding environment maze2d-eval-large-dense-v1[0m
  logger.warn(f"Overriding environment {id}")
/opt/dlami/nvme/home/jupyter-deuk-c4e4/temporal-straightening/custom_resolvers.py:4: UserWarning: 
The version_base parameter is not specified.
Please specify a compatability version level, or None.
Will assume defaults for version 1.1
  @hydra.main(config_path=None)
[2026-07-25 16:21:05,664][__main__][INFO] - Planning result saved dir: /opt/dlami/nvme/home/jupyter-deuk-c4e4/pusht-reproduction/patch_reproduction/plan/mpc_seed_200/chunk_10
/home/jupyter-deuk-c4e4/.conda/envs/ts310/lib/python3.10/site-packages/wandb/sdk/internal/internal_api.py:30: UserWarning: pkg_resources is deprecated as an API. See https://setuptools.pypa.io/en/latest/pkg_resources.html. The pkg_resources package is slated for removal as early as 2025-11-30. Refrain from using this package or pin to Setuptools<81.
  from pkg_resources import parse_version
Using cache found in /home/jupyter-deuk-c4e4/.cache/torch/hub/facebookresearch_dinov2_81b2b6419385
Loaded 18685 rollouts
Loaded 21 rollouts
[2026-07-25 16:21:08,115][dinov2][INFO] - using MLP layer as FFN
[2026-07-25 16:21:08,516][models.dino][WARNING] - Unknown projector 'none' for patch tokens; proceeding without projector.
Resuming from epoch 2: /home/jupyter-deuk-c4e4/pusht-reproduction/patch_reproduction/test/pusht_False_agg32_projnone_dim384_hw14_sgTrue_lr1e-06/checkpoints/model_2.pth
[2026-07-25 16:21:08,926][models.visual_world_model][INFO] - num_action_repeat: 1
[2026-07-25 16:21:08,926][models.visual_world_model][INFO] - num_proprio_repeat: 1
[2026-07-25 16:21:08,926][models.visual_world_model][INFO] - proprio encoder: ProprioceptiveEmbedding(
  (patch_embed): Conv1d(4, 10, kernel_size=(1,), stride=(1,))
  (norm): LayerNorm((10,), eps=1e-05, elementwise_affine=True)
)
[2026-07-25 16:21:08,926][models.visual_world_model][INFO] - action encoder: ProprioceptiveEmbedding(
  (patch_embed): Conv1d(10, 10, kernel_size=(1,), stride=(1,))
  (norm): LayerNorm((10,), eps=1e-05, elementwise_affine=True)
)
[2026-07-25 16:21:08,926][models.visual_world_model][INFO] - proprio_dim: 10, after repeat: 10
[2026-07-25 16:21:08,926][models.visual_world_model][INFO] - action_dim: 10, after repeat: 10
[2026-07-25 16:21:08,926][models.visual_world_model][INFO] - emb_dim: 404
[2026-07-25 16:21:08,926][models.visual_world_model][INFO] - Straightening disabled
[2026-07-25 16:21:08,926][models.visual_world_model][INFO] - Speed constancy disabled
[2026-07-25 16:21:08,926][models.visual_world_model][INFO] - Trajectory penalty disabled
[2026-07-25 16:21:08,926][models.visual_world_model][INFO] - Stop-grad enabled: True
[2026-07-25 16:21:08,926][models.visual_world_model][INFO] - VCReg enabled: False, apply_to=enc, std_coeff=0.0, cov_coeff=0.0
[2026-07-25 16:21:08,926][models.visual_world_model][INFO] - Model emb_dim: 404
[timing] setup_model_s=3.264
eval_seed:  [2001, 2201, 2401, 2601, 2801, 3001, 3201, 3401, 3601, 3801]
Dumped plan targets to /opt/dlami/nvme/home/jupyter-deuk-c4e4/pusht-reproduction/patch_reproduction/plan/mpc_seed_200/chunk_10/plan_targets.pkl
[timing] setup_workspace_s=4.697

MPC iter 0 Eval ------- 
Success rate:  0.0
{'success': array([False, False, False, False, False, False, False, False, False,
       False]), 'state_dist': array([118.77574, 275.96805, 184.0024 , 169.36104,  91.54884, 245.31764,
       151.16519,  95.79875,  92.05199, 128.95416], dtype=float32)}
self.is_success:  [False False False False False False False False False False]

MPC iter 1 Eval ------- 
Success rate:  0.0
{'success': array([False, False, False, False, False, False, False, False, False,
       False]), 'state_dist': array([118.17613 , 242.24689 , 186.57962 , 129.16745 ,  69.96314 ,
       262.25818 , 165.09485 , 114.070045,  99.48126 , 117.62817 ],
      dtype=float32)}
self.is_success:  [False False False False False False False False False False]

MPC iter 2 Eval ------- 
Success rate:  0.0
{'success': array([False, False, False, False, False, False, False, False, False,
       False]), 'state_dist': array([123.06473 , 263.08664 , 191.1574  ,  95.77707 ,  49.084164,
       250.68344 , 142.90585 , 124.82965 ,  93.98477 , 127.87179 ],
      dtype=float32)}
self.is_success:  [False False False False False False False False False False]

MPC iter 3 Eval ------- 
Success rate:  0.0
{'success': array([False, False, False, False, False, False, False, False, False,
       False]), 'state_dist': array([114.11459 , 243.09062 , 189.38524 ,  78.39062 ,  34.53679 ,
       184.68828 , 122.207664, 137.25589 ,  63.56125 ,  73.001945],
      dtype=float32)}
self.is_success:  [False False False False False False False False False False]

MPC iter 4 Eval ------- 
Success rate:  0.2
{'success': array([False,  True, False, False, False, False,  True, False, False,
       False]), 'state_dist': array([142.08821 ,  76.79461 , 193.67645 ,  70.32665 ,  45.536312,
       130.73698 ,  40.12551 ,  72.593445,  36.597786,  30.601555],
      dtype=float32)}
self.is_success:  [False  True False False False False  True False False False]

MPC iter 5 Eval ------- 
Success rate:  0.5
{'success': array([False,  True, False, False, False,  True,  True, False,  True,
        True]), 'state_dist': array([115.259544,  76.79461 , 141.78386 ,  22.12645 ,  25.385136,
        91.422554,  40.12551 ,  68.72413 ,  17.99198 ,  32.13418 ],
      dtype=float32)}
self.is_success:  [False  True False False False  True  True False  True  True]

MPC iter 6 Eval ------- 
Success rate:  0.7
{'success': array([False,  True, False,  True,  True,  True,  True, False,  True,
        True]), 'state_dist': array([107.02753 ,  76.79461 , 144.86058 ,  20.795855,  25.000229,
        91.422554,  40.12551 ,  74.75747 ,  17.99198 ,  32.13418 ],
      dtype=float32)}
self.is_success:  [False  True False  True  True  True  True False  True  True]

MPC iter 7 Eval ------- 
Success rate:  0.7
{'success': array([False,  True, False,  True,  True,  True,  True, False,  True,
        True]), 'state_dist': array([ 93.53545 ,  76.79461 , 122.44274 ,  20.795855,  25.000229,
        91.422554,  40.12551 ,  64.26618 ,  17.99198 ,  32.13418 ],
      dtype=float32)}
self.is_success:  [False  True False  True  True  True  True False  True  True]

MPC iter 8 Eval ------- 
Success rate:  0.7
{'success': array([False,  True, False,  True,  True,  True,  True, False,  True,
        True]), 'state_dist': array([113.164444,  76.79461 , 103.25687 ,  20.795855,  25.000229,
        91.422554,  40.12551 ,  67.94805 ,  17.99198 ,  32.13418 ],
      dtype=float32)}
self.is_success:  [False  True False  True  True  True  True False  True  True]

MPC iter 9 Eval ------- 
Success rate:  0.7
{'success': array([False,  True, False,  True,  True,  True,  True, False,  True,
        True]), 'state_dist': array([172.0821  ,  76.79461 , 108.18503 ,  20.795855,  25.000229,
        91.422554,  40.12551 ,  69.06385 ,  17.99198 ,  32.13418 ],
      dtype=float32)}
self.is_success:  [False  True False  True  True  True  True False  True  True]

MPC iter 10 Eval ------- 
Success rate:  0.7
{'success': array([False,  True, False,  True,  True,  True,  True, False,  True,
        True]), 'state_dist': array([140.36441 ,  76.79461 ,  99.99823 ,  20.795855,  25.000229,
        91.422554,  40.12551 ,  65.73915 ,  17.99198 ,  32.13418 ],
      dtype=float32)}
self.is_success:  [False  True False  True  True  True  True False  True  True]

MPC iter 11 Eval ------- 
Success rate:  0.8
{'success': array([ True,  True, False,  True,  True,  True,  True, False,  True,
        True]), 'state_dist': array([90.81386 , 76.79461 , 98.9569  , 20.795855, 25.000229, 91.422554,
       40.12551 , 70.96953 , 17.99198 , 32.13418 ], dtype=float32)}
self.is_success:  [ True  True False  True  True  True  True False  True  True]

MPC iter 12 Eval ------- 
Success rate:  0.8
{'success': array([ True,  True, False,  True,  True,  True,  True, False,  True,
        True]), 'state_dist': array([90.81386 , 76.79461 , 95.89088 , 20.795855, 25.000229, 91.422554,
       40.12551 , 66.56704 , 17.99198 , 32.13418 ], dtype=float32)}
self.is_success:  [ True  True False  True  True  True  True False  True  True]

MPC iter 13 Eval ------- 
Success rate:  0.8
{'success': array([ True,  True, False,  True,  True,  True,  True, False,  True,
        True]), 'state_dist': array([90.81386 , 76.79461 , 98.296425, 20.795855, 25.000229, 91.422554,
       40.12551 , 69.76687 , 17.99198 , 32.13418 ], dtype=float32)}
self.is_success:  [ True  True False  True  True  True  True False  True  True]

MPC iter 14 Eval ------- 
Success rate:  0.8
{'success': array([ True,  True, False,  True,  True,  True,  True, False,  True,
        True]), 'state_dist': array([90.81386 , 76.79461 , 94.21251 , 20.795855, 25.000229, 91.422554,
       40.12551 , 68.10951 , 17.99198 , 32.13418 ], dtype=float32)}
self.is_success:  [ True  True False  True  True  True  True False  True  True]

MPC iter 15 Eval ------- 
Success rate:  0.8
{'success': array([ True,  True, False,  True,  True,  True,  True, False,  True,
        True]), 'state_dist': array([90.81386 , 76.79461 , 96.33191 , 20.795855, 25.000229, 91.422554,
       40.12551 , 68.626   , 17.99198 , 32.13418 ], dtype=float32)}
self.is_success:  [ True  True False  True  True  True  True False  True  True]

MPC iter 16 Eval ------- 
Success rate:  0.8
{'success': array([ True,  True, False,  True,  True,  True,  True, False,  True,
        True]), 'state_dist': array([90.81386 , 76.79461 , 94.72567 , 20.795855, 25.000229, 91.422554,
       40.12551 , 68.514626, 17.99198 , 32.13418 ], dtype=float32)}
self.is_success:  [ True  True False  True  True  True  True False  True  True]

MPC iter 17 Eval ------- 
Success rate:  0.8
{'success': array([ True,  True, False,  True,  True,  True,  True, False,  True,
        True]), 'state_dist': array([90.81386 , 76.79461 , 96.48664 , 20.795855, 25.000229, 91.422554,
       40.12551 , 65.85011 , 17.99198 , 32.13418 ], dtype=float32)}
self.is_success:  [ True  True False  True  True  True  True False  True  True]

MPC iter 18 Eval ------- 
Success rate:  0.8
{'success': array([ True,  True, False,  True,  True,  True,  True, False,  True,
        True]), 'state_dist': array([90.81386 , 76.79461 , 94.652725, 20.795855, 25.000229, 91.422554,
       40.12551 , 70.185394, 17.99198 , 32.13418 ], dtype=float32)}
self.is_success:  [ True  True False  True  True  True  True False  True  True]

MPC iter 19 Eval ------- 
Success rate:  0.8
{'success': array([ True,  True, False,  True,  True,  True,  True, False,  True,
        True]), 'state_dist': array([90.81386 , 76.79461 , 94.88289 , 20.795855, 25.000229, 91.422554,
       40.12551 , 64.58763 , 17.99198 , 32.13418 ], dtype=float32)}
self.is_success:  [ True  True False  True  True  True  True False  True  True]
Success rate:  0.8
{'success': array([ True,  True, False,  True,  True,  True,  True, False,  True,
        True]), 'state_dist': array([90.81386 , 76.79461 , 94.88289 , 20.795855, 25.000229, 91.422554,
       40.12551 , 64.58763 , 17.99198 , 32.13418 ], dtype=float32)}
[timing] perform_planning_s=650.598
[timing] total_planning_main_s=658.560
