/home/jupyter-deuk-c4e4/.conda/envs/ts310/lib/python3.10/site-packages/wandb/sdk/internal/internal_api.py:30: UserWarning: pkg_resources is deprecated as an API. See https://setuptools.pypa.io/en/latest/pkg_resources.html. The pkg_resources package is slated for removal as early as 2025-11-30. Refrain from using this package or pin to Setuptools<81.
  from pkg_resources import parse_version
/home/jupyter-deuk-c4e4/.conda/envs/ts310/lib/python3.10/site-packages/pkg_resources/__init__.py:3148: DeprecationWarning: Deprecated call to `pkg_resources.declare_namespace('mpl_toolkits')`.
Implementing implicit namespace packages (as specified in PEP 420) is preferred to `pkg_resources.declare_namespace`. See https://setuptools.pypa.io/en/latest/references/keywords.html#keyword-namespace-packages
  declare_namespace(pkg)
/home/jupyter-deuk-c4e4/.conda/envs/ts310/lib/python3.10/site-packages/pkg_resources/__init__.py:3148: DeprecationWarning: Deprecated call to `pkg_resources.declare_namespace('google')`.
Implementing implicit namespace packages (as specified in PEP 420) is preferred to `pkg_resources.declare_namespace`. See https://setuptools.pypa.io/en/latest/references/keywords.html#keyword-namespace-packages
  declare_namespace(pkg)
/home/jupyter-deuk-c4e4/.conda/envs/ts310/lib/python3.10/site-packages/Cython/Distutils/old_build_ext.py:15: DeprecationWarning: dep_util is Deprecated. Use functions from setuptools instead.
  from distutils.dep_util import newer, newer_group
<frozen importlib._bootstrap>:283: DeprecationWarning: the load_module() method is deprecated and slated for removal in Python 3.12; use exec_module() instead
Warning: Mujoco-based envs failed to import. Set the environment variable D4RL_SUPPRESS_IMPORT_ERROR=1 to suppress this message.
No module named 'mjrl'
Warning: Flow failed to import. Set the environment variable D4RL_SUPPRESS_IMPORT_ERROR=1 to suppress this message.
No module named 'flow'
Warning: CARLA failed to import. Set the environment variable D4RL_SUPPRESS_IMPORT_ERROR=1 to suppress this message.
No module named 'carla'
pybullet build time: Jan 29 2025 23:16:28
/home/jupyter-deuk-c4e4/.conda/envs/ts310/lib/python3.10/site-packages/gym/envs/registration.py:595: UserWarning: [33mWARN: Overriding environment maze2d-open-v0[0m
  logger.warn(f"Overriding environment {id}")
/home/jupyter-deuk-c4e4/.conda/envs/ts310/lib/python3.10/site-packages/gym/envs/registration.py:595: UserWarning: [33mWARN: Overriding environment maze2d-umaze-v0[0m
  logger.warn(f"Overriding environment {id}")
/home/jupyter-deuk-c4e4/.conda/envs/ts310/lib/python3.10/site-packages/gym/envs/registration.py:595: UserWarning: [33mWARN: Overriding environment maze2d-medium-v0[0m
  logger.warn(f"Overriding environment {id}")
/home/jupyter-deuk-c4e4/.conda/envs/ts310/lib/python3.10/site-packages/gym/envs/registration.py:595: UserWarning: [33mWARN: Overriding environment maze2d-large-v0[0m
  logger.warn(f"Overriding environment {id}")
/home/jupyter-deuk-c4e4/.conda/envs/ts310/lib/python3.10/site-packages/gym/envs/registration.py:595: UserWarning: [33mWARN: Overriding environment maze2d-umaze-v1[0m
  logger.warn(f"Overriding environment {id}")
/home/jupyter-deuk-c4e4/.conda/envs/ts310/lib/python3.10/site-packages/gym/envs/registration.py:595: UserWarning: [33mWARN: Overriding environment maze2d-medium-v1[0m
  logger.warn(f"Overriding environment {id}")
/home/jupyter-deuk-c4e4/.conda/envs/ts310/lib/python3.10/site-packages/gym/envs/registration.py:595: UserWarning: [33mWARN: Overriding environment maze2d-large-v1[0m
  logger.warn(f"Overriding environment {id}")
/home/jupyter-deuk-c4e4/.conda/envs/ts310/lib/python3.10/site-packages/gym/envs/registration.py:595: UserWarning: [33mWARN: Overriding environment maze2d-eval-umaze-v1[0m
  logger.warn(f"Overriding environment {id}")
/home/jupyter-deuk-c4e4/.conda/envs/ts310/lib/python3.10/site-packages/gym/envs/registration.py:595: UserWarning: [33mWARN: Overriding environment maze2d-eval-medium-v1[0m
  logger.warn(f"Overriding environment {id}")
/home/jupyter-deuk-c4e4/.conda/envs/ts310/lib/python3.10/site-packages/gym/envs/registration.py:595: UserWarning: [33mWARN: Overriding environment maze2d-eval-large-v1[0m
  logger.warn(f"Overriding environment {id}")
/home/jupyter-deuk-c4e4/.conda/envs/ts310/lib/python3.10/site-packages/gym/envs/registration.py:595: UserWarning: [33mWARN: Overriding environment maze2d-open-dense-v0[0m
  logger.warn(f"Overriding environment {id}")
/home/jupyter-deuk-c4e4/.conda/envs/ts310/lib/python3.10/site-packages/gym/envs/registration.py:595: UserWarning: [33mWARN: Overriding environment maze2d-umaze-dense-v0[0m
  logger.warn(f"Overriding environment {id}")
/home/jupyter-deuk-c4e4/.conda/envs/ts310/lib/python3.10/site-packages/gym/envs/registration.py:595: UserWarning: [33mWARN: Overriding environment maze2d-medium-dense-v0[0m
  logger.warn(f"Overriding environment {id}")
/home/jupyter-deuk-c4e4/.conda/envs/ts310/lib/python3.10/site-packages/gym/envs/registration.py:595: UserWarning: [33mWARN: Overriding environment maze2d-large-dense-v0[0m
  logger.warn(f"Overriding environment {id}")
/home/jupyter-deuk-c4e4/.conda/envs/ts310/lib/python3.10/site-packages/gym/envs/registration.py:595: UserWarning: [33mWARN: Overriding environment maze2d-umaze-dense-v1[0m
  logger.warn(f"Overriding environment {id}")
/home/jupyter-deuk-c4e4/.conda/envs/ts310/lib/python3.10/site-packages/gym/envs/registration.py:595: UserWarning: [33mWARN: Overriding environment maze2d-medium-dense-v1[0m
  logger.warn(f"Overriding environment {id}")
/home/jupyter-deuk-c4e4/.conda/envs/ts310/lib/python3.10/site-packages/gym/envs/registration.py:595: UserWarning: [33mWARN: Overriding environment maze2d-large-dense-v1[0m
  logger.warn(f"Overriding environment {id}")
/home/jupyter-deuk-c4e4/.conda/envs/ts310/lib/python3.10/site-packages/gym/envs/registration.py:595: UserWarning: [33mWARN: Overriding environment maze2d-eval-umaze-dense-v1[0m
  logger.warn(f"Overriding environment {id}")
/home/jupyter-deuk-c4e4/.conda/envs/ts310/lib/python3.10/site-packages/gym/envs/registration.py:595: UserWarning: [33mWARN: Overriding environment maze2d-eval-medium-dense-v1[0m
  logger.warn(f"Overriding environment {id}")
/home/jupyter-deuk-c4e4/.conda/envs/ts310/lib/python3.10/site-packages/gym/envs/registration.py:595: UserWarning: [33mWARN: Overriding environment maze2d-eval-large-dense-v1[0m
  logger.warn(f"Overriding environment {id}")
/opt/dlami/nvme/home/jupyter-deuk-c4e4/temporal-straightening/custom_resolvers.py:4: UserWarning: 
The version_base parameter is not specified.
Please specify a compatability version level, or None.
Will assume defaults for version 1.1
  @hydra.main(config_path=None)
[2026-07-25 15:33:19,106][__main__][INFO] - Planning result saved dir: /opt/dlami/nvme/home/jupyter-deuk-c4e4/pusht-reproduction/cls_reproduction/plan/mpc_seed_300/chunk_10
/home/jupyter-deuk-c4e4/.conda/envs/ts310/lib/python3.10/site-packages/wandb/sdk/internal/internal_api.py:30: UserWarning: pkg_resources is deprecated as an API. See https://setuptools.pypa.io/en/latest/pkg_resources.html. The pkg_resources package is slated for removal as early as 2025-11-30. Refrain from using this package or pin to Setuptools<81.
  from pkg_resources import parse_version
Using cache found in /home/jupyter-deuk-c4e4/.cache/torch/hub/facebookresearch_dinov2_81b2b6419385
Loaded 18685 rollouts
Loaded 21 rollouts
[2026-07-25 15:33:21,634][dinov2][INFO] - using MLP layer as FFN
[2026-07-25 15:33:22,354][models.dino][WARNING] - Unknown projector 'none' for patch tokens; proceeding without projector.
Resuming from epoch 2: /home/jupyter-deuk-c4e4/pusht-reproduction/cls_reproduction/test/pusht_False_agg32_projnone_dim384_hw14_sgTrue_lr1e-06/checkpoints/model_2.pth
[2026-07-25 15:33:22,766][models.visual_world_model][INFO] - num_action_repeat: 1
[2026-07-25 15:33:22,766][models.visual_world_model][INFO] - num_proprio_repeat: 1
[2026-07-25 15:33:22,766][models.visual_world_model][INFO] - proprio encoder: ProprioceptiveEmbedding(
  (patch_embed): Conv1d(4, 10, kernel_size=(1,), stride=(1,))
  (norm): LayerNorm((10,), eps=1e-05, elementwise_affine=True)
)
[2026-07-25 15:33:22,766][models.visual_world_model][INFO] - action encoder: ProprioceptiveEmbedding(
  (patch_embed): Conv1d(10, 10, kernel_size=(1,), stride=(1,))
  (norm): LayerNorm((10,), eps=1e-05, elementwise_affine=True)
)
[2026-07-25 15:33:22,766][models.visual_world_model][INFO] - proprio_dim: 10, after repeat: 10
[2026-07-25 15:33:22,767][models.visual_world_model][INFO] - action_dim: 10, after repeat: 10
[2026-07-25 15:33:22,767][models.visual_world_model][INFO] - emb_dim: 404
[2026-07-25 15:33:22,767][models.visual_world_model][INFO] - Straightening disabled
[2026-07-25 15:33:22,767][models.visual_world_model][INFO] - Speed constancy disabled
[2026-07-25 15:33:22,767][models.visual_world_model][INFO] - Trajectory penalty disabled
[2026-07-25 15:33:22,767][models.visual_world_model][INFO] - Stop-grad enabled: True
[2026-07-25 15:33:22,767][models.visual_world_model][INFO] - VCReg enabled: False, apply_to=enc, std_coeff=0.0, cov_coeff=0.0
[2026-07-25 15:33:22,767][models.visual_world_model][INFO] - Model emb_dim: 404
[timing] setup_model_s=3.663
eval_seed:  [3001, 3301, 3601, 3901, 4201, 4501, 4801, 5101, 5401, 5701]
Dumped plan targets to /opt/dlami/nvme/home/jupyter-deuk-c4e4/pusht-reproduction/cls_reproduction/plan/mpc_seed_300/chunk_10/plan_targets.pkl
[timing] setup_workspace_s=4.730

MPC iter 0 Eval ------- 
Success rate:  0.0
{'success': array([False, False, False, False, False, False, False, False, False,
       False]), 'state_dist': array([126.83085, 134.73936, 200.4172 , 155.33946, 197.25249, 127.55454,
       123.79743, 210.16388, 123.26386, 201.16159], dtype=float32)}
self.is_success:  [False False False False False False False False False False]

MPC iter 1 Eval ------- 
Success rate:  0.0
{'success': array([False, False, False, False, False, False, False, False, False,
       False]), 'state_dist': array([ 82.566666, 122.45828 , 218.94487 , 151.77635 , 168.584   ,
        69.83602 , 130.1594  , 199.67891 ,  89.1546  , 160.29472 ],
      dtype=float32)}
self.is_success:  [False False False False False False False False False False]

MPC iter 2 Eval ------- 
Success rate:  0.0
{'success': array([False, False, False, False, False, False, False, False, False,
       False]), 'state_dist': array([ 78.52991,  85.51115, 192.44487, 133.91371, 160.19133,  48.58893,
        91.54162, 183.4162 ,  73.15585, 171.39484], dtype=float32)}
self.is_success:  [False False False False False False False False False False]

MPC iter 3 Eval ------- 
Success rate:  0.0
{'success': array([False, False, False, False, False, False, False, False, False,
       False]), 'state_dist': array([114.43986 , 111.30566 , 151.15425 , 374.61978 , 232.1408  ,
       144.85541 , 104.89674 , 138.34377 ,  68.990425, 106.53369 ],
      dtype=float32)}
self.is_success:  [False False False False False False False False False False]

MPC iter 4 Eval ------- 
Success rate:  0.2
{'success': array([False, False, False, False, False,  True, False, False,  True,
       False]), 'state_dist': array([155.89006 ,  77.4482  , 148.92215 ,  67.879196, 166.58324 ,
       168.88618 , 178.6859  ,  89.16154 , 147.25452 ,  70.54947 ],
      dtype=float32)}
self.is_success:  [False False False False False  True False False  True False]

MPC iter 5 Eval ------- 
Success rate:  0.2
{'success': array([False, False, False, False, False,  True, False, False,  True,
       False]), 'state_dist': array([ 68.526146, 171.92613 , 228.7967  , 119.98152 , 103.06862 ,
       168.88618 , 111.76105 , 170.52577 , 147.25452 , 119.54749 ],
      dtype=float32)}
self.is_success:  [False False False False False  True False False  True False]

MPC iter 6 Eval ------- 
Success rate:  0.3
{'success': array([ True, False, False, False, False,  True, False, False,  True,
       False]), 'state_dist': array([ 37.193367,  72.23157 , 125.10767 ,  72.35774 ,  47.306606,
       168.88618 , 143.33943 ,  42.372536, 147.25452 , 107.97394 ],
      dtype=float32)}
self.is_success:  [ True False False False False  True False False  True False]

MPC iter 7 Eval ------- 
Success rate:  0.3
{'success': array([ True, False, False, False, False,  True, False, False,  True,
       False]), 'state_dist': array([ 37.193367,  69.72986 ,  97.21847 ,  66.727875,  45.506817,
       168.88618 , 191.55333 , 109.17017 , 147.25452 , 114.03034 ],
      dtype=float32)}
self.is_success:  [ True False False False False  True False False  True False]

MPC iter 8 Eval ------- 
Success rate:  0.3
{'success': array([ True, False, False, False, False,  True, False, False,  True,
       False]), 'state_dist': array([ 37.193367,  75.72886 , 111.00064 ,  54.91712 ,  45.288197,
       168.88618 , 147.61786 , 126.11533 , 147.25452 , 115.97916 ],
      dtype=float32)}
self.is_success:  [ True False False False False  True False False  True False]

MPC iter 9 Eval ------- 
Success rate:  0.3
{'success': array([ True, False, False, False, False,  True, False, False,  True,
       False]), 'state_dist': array([ 37.193367,  76.49714 ,  88.251366,  69.663414,  45.59099 ,
       168.88618 ,  77.58715 , 162.00838 , 147.25452 , 111.78735 ],
      dtype=float32)}
self.is_success:  [ True False False False False  True False False  True False]

MPC iter 10 Eval ------- 
Success rate:  0.3
{'success': array([ True, False, False, False, False,  True, False, False,  True,
       False]), 'state_dist': array([ 37.193367,  78.11504 , 111.68288 ,  77.370346,  47.904804,
       168.88618 ,  58.402733, 106.99562 , 147.25452 , 111.809685],
      dtype=float32)}
self.is_success:  [ True False False False False  True False False  True False]

MPC iter 11 Eval ------- 
Success rate:  0.3
{'success': array([ True, False, False, False, False,  True, False, False,  True,
       False]), 'state_dist': array([ 37.193367,  78.11333 , 108.65001 ,  64.33351 ,  46.33081 ,
       168.88618 ,  45.426662,  82.5235  , 147.25452 , 110.30888 ],
      dtype=float32)}
self.is_success:  [ True False False False False  True False False  True False]

MPC iter 12 Eval ------- 
Success rate:  0.3
{'success': array([ True, False, False, False, False,  True, False, False,  True,
       False]), 'state_dist': array([ 37.193367,  85.284096, 109.1849  ,  75.787415,  45.778393,
       168.88618 ,  31.807213,  75.76961 , 147.25452 , 109.0943  ],
      dtype=float32)}
self.is_success:  [ True False False False False  True False False  True False]

MPC iter 13 Eval ------- 
Success rate:  0.3
{'success': array([ True, False, False, False, False,  True, False, False,  True,
       False]), 'state_dist': array([ 37.193367,  82.596596, 110.21457 ,  74.479935,  46.229305,
       168.88618 ,  37.547207,  59.385765, 147.25452 , 111.127625],
      dtype=float32)}
self.is_success:  [ True False False False False  True False False  True False]

MPC iter 14 Eval ------- 
Success rate:  0.3
{'success': array([ True, False, False, False, False,  True, False, False,  True,
       False]), 'state_dist': array([ 37.193367, 109.38287 , 111.11474 ,  87.15232 ,  46.51019 ,
       168.88618 ,  47.014954,  74.320755, 147.25452 , 110.13636 ],
      dtype=float32)}
self.is_success:  [ True False False False False  True False False  True False]

MPC iter 15 Eval ------- 
Success rate:  0.3
{'success': array([ True, False, False, False, False,  True, False, False,  True,
       False]), 'state_dist': array([ 37.193367,  82.38372 , 105.71094 ,  75.86575 ,  45.388683,
       168.88618 ,  52.62508 ,  71.75633 , 147.25452 , 114.89844 ],
      dtype=float32)}
self.is_success:  [ True False False False False  True False False  True False]

MPC iter 16 Eval ------- 
Success rate:  0.3
{'success': array([ True, False, False, False, False,  True, False, False,  True,
       False]), 'state_dist': array([ 37.193367,  77.08894 , 137.34471 ,  77.82364 ,  46.76264 ,
       168.88618 ,  46.482117,  66.67469 , 147.25452 , 110.2086  ],
      dtype=float32)}
self.is_success:  [ True False False False False  True False False  True False]

MPC iter 17 Eval ------- 
Success rate:  0.3
{'success': array([ True, False, False, False, False,  True, False, False,  True,
       False]), 'state_dist': array([ 37.193367,  74.695404, 110.5115  ,  77.52556 ,  45.856964,
       168.88618 ,  41.36162 ,  62.737324, 147.25452 , 110.58207 ],
      dtype=float32)}
self.is_success:  [ True False False False False  True False False  True False]

MPC iter 18 Eval ------- 
Success rate:  0.3
{'success': array([ True, False, False, False, False,  True, False, False,  True,
       False]), 'state_dist': array([ 37.193367,  76.05148 , 102.289604,  78.35517 ,  45.85781 ,
       168.88618 ,  37.730545,  63.850647, 147.25452 , 108.972374],
      dtype=float32)}
self.is_success:  [ True False False False False  True False False  True False]

MPC iter 19 Eval ------- 
Success rate:  0.3
{'success': array([ True, False, False, False, False,  True, False, False,  True,
       False]), 'state_dist': array([ 37.193367,  78.46214 , 100.781265,  81.4883  ,  47.95731 ,
       168.88618 ,  36.32869 ,  66.31324 , 147.25452 , 110.88311 ],
      dtype=float32)}
self.is_success:  [ True False False False False  True False False  True False]
Success rate:  0.3
{'success': array([ True, False, False, False, False,  True, False, False,  True,
       False]), 'state_dist': array([ 37.193367,  78.46214 , 100.781265,  81.4883  ,  47.95731 ,
       168.88618 ,  36.32869 ,  66.31324 , 147.25452 , 110.88311 ],
      dtype=float32)}
[timing] perform_planning_s=117.717
[timing] total_planning_main_s=126.110
