/home/jupyter-deuk-c4e4/.conda/envs/ts310/lib/python3.10/site-packages/wandb/sdk/internal/internal_api.py:30: UserWarning: pkg_resources is deprecated as an API. See https://setuptools.pypa.io/en/latest/pkg_resources.html. The pkg_resources package is slated for removal as early as 2025-11-30. Refrain from using this package or pin to Setuptools<81.
  from pkg_resources import parse_version
/home/jupyter-deuk-c4e4/.conda/envs/ts310/lib/python3.10/site-packages/pkg_resources/__init__.py:3148: DeprecationWarning: Deprecated call to `pkg_resources.declare_namespace('mpl_toolkits')`.
Implementing implicit namespace packages (as specified in PEP 420) is preferred to `pkg_resources.declare_namespace`. See https://setuptools.pypa.io/en/latest/references/keywords.html#keyword-namespace-packages
  declare_namespace(pkg)
/home/jupyter-deuk-c4e4/.conda/envs/ts310/lib/python3.10/site-packages/pkg_resources/__init__.py:3148: DeprecationWarning: Deprecated call to `pkg_resources.declare_namespace('google')`.
Implementing implicit namespace packages (as specified in PEP 420) is preferred to `pkg_resources.declare_namespace`. See https://setuptools.pypa.io/en/latest/references/keywords.html#keyword-namespace-packages
  declare_namespace(pkg)
/home/jupyter-deuk-c4e4/.conda/envs/ts310/lib/python3.10/site-packages/Cython/Distutils/old_build_ext.py:15: DeprecationWarning: dep_util is Deprecated. Use functions from setuptools instead.
  from distutils.dep_util import newer, newer_group
<frozen importlib._bootstrap>:283: DeprecationWarning: the load_module() method is deprecated and slated for removal in Python 3.12; use exec_module() instead
Warning: Mujoco-based envs failed to import. Set the environment variable D4RL_SUPPRESS_IMPORT_ERROR=1 to suppress this message.
No module named 'mjrl'
Warning: Flow failed to import. Set the environment variable D4RL_SUPPRESS_IMPORT_ERROR=1 to suppress this message.
No module named 'flow'
Warning: CARLA failed to import. Set the environment variable D4RL_SUPPRESS_IMPORT_ERROR=1 to suppress this message.
No module named 'carla'
pybullet build time: Jan 29 2025 23:16:28
/home/jupyter-deuk-c4e4/.conda/envs/ts310/lib/python3.10/site-packages/gym/envs/registration.py:595: UserWarning: [33mWARN: Overriding environment maze2d-open-v0[0m
  logger.warn(f"Overriding environment {id}")
/home/jupyter-deuk-c4e4/.conda/envs/ts310/lib/python3.10/site-packages/gym/envs/registration.py:595: UserWarning: [33mWARN: Overriding environment maze2d-umaze-v0[0m
  logger.warn(f"Overriding environment {id}")
/home/jupyter-deuk-c4e4/.conda/envs/ts310/lib/python3.10/site-packages/gym/envs/registration.py:595: UserWarning: [33mWARN: Overriding environment maze2d-medium-v0[0m
  logger.warn(f"Overriding environment {id}")
/home/jupyter-deuk-c4e4/.conda/envs/ts310/lib/python3.10/site-packages/gym/envs/registration.py:595: UserWarning: [33mWARN: Overriding environment maze2d-large-v0[0m
  logger.warn(f"Overriding environment {id}")
/home/jupyter-deuk-c4e4/.conda/envs/ts310/lib/python3.10/site-packages/gym/envs/registration.py:595: UserWarning: [33mWARN: Overriding environment maze2d-umaze-v1[0m
  logger.warn(f"Overriding environment {id}")
/home/jupyter-deuk-c4e4/.conda/envs/ts310/lib/python3.10/site-packages/gym/envs/registration.py:595: UserWarning: [33mWARN: Overriding environment maze2d-medium-v1[0m
  logger.warn(f"Overriding environment {id}")
/home/jupyter-deuk-c4e4/.conda/envs/ts310/lib/python3.10/site-packages/gym/envs/registration.py:595: UserWarning: [33mWARN: Overriding environment maze2d-large-v1[0m
  logger.warn(f"Overriding environment {id}")
/home/jupyter-deuk-c4e4/.conda/envs/ts310/lib/python3.10/site-packages/gym/envs/registration.py:595: UserWarning: [33mWARN: Overriding environment maze2d-eval-umaze-v1[0m
  logger.warn(f"Overriding environment {id}")
/home/jupyter-deuk-c4e4/.conda/envs/ts310/lib/python3.10/site-packages/gym/envs/registration.py:595: UserWarning: [33mWARN: Overriding environment maze2d-eval-medium-v1[0m
  logger.warn(f"Overriding environment {id}")
/home/jupyter-deuk-c4e4/.conda/envs/ts310/lib/python3.10/site-packages/gym/envs/registration.py:595: UserWarning: [33mWARN: Overriding environment maze2d-eval-large-v1[0m
  logger.warn(f"Overriding environment {id}")
/home/jupyter-deuk-c4e4/.conda/envs/ts310/lib/python3.10/site-packages/gym/envs/registration.py:595: UserWarning: [33mWARN: Overriding environment maze2d-open-dense-v0[0m
  logger.warn(f"Overriding environment {id}")
/home/jupyter-deuk-c4e4/.conda/envs/ts310/lib/python3.10/site-packages/gym/envs/registration.py:595: UserWarning: [33mWARN: Overriding environment maze2d-umaze-dense-v0[0m
  logger.warn(f"Overriding environment {id}")
/home/jupyter-deuk-c4e4/.conda/envs/ts310/lib/python3.10/site-packages/gym/envs/registration.py:595: UserWarning: [33mWARN: Overriding environment maze2d-medium-dense-v0[0m
  logger.warn(f"Overriding environment {id}")
/home/jupyter-deuk-c4e4/.conda/envs/ts310/lib/python3.10/site-packages/gym/envs/registration.py:595: UserWarning: [33mWARN: Overriding environment maze2d-large-dense-v0[0m
  logger.warn(f"Overriding environment {id}")
/home/jupyter-deuk-c4e4/.conda/envs/ts310/lib/python3.10/site-packages/gym/envs/registration.py:595: UserWarning: [33mWARN: Overriding environment maze2d-umaze-dense-v1[0m
  logger.warn(f"Overriding environment {id}")
/home/jupyter-deuk-c4e4/.conda/envs/ts310/lib/python3.10/site-packages/gym/envs/registration.py:595: UserWarning: [33mWARN: Overriding environment maze2d-medium-dense-v1[0m
  logger.warn(f"Overriding environment {id}")
/home/jupyter-deuk-c4e4/.conda/envs/ts310/lib/python3.10/site-packages/gym/envs/registration.py:595: UserWarning: [33mWARN: Overriding environment maze2d-large-dense-v1[0m
  logger.warn(f"Overriding environment {id}")
/home/jupyter-deuk-c4e4/.conda/envs/ts310/lib/python3.10/site-packages/gym/envs/registration.py:595: UserWarning: [33mWARN: Overriding environment maze2d-eval-umaze-dense-v1[0m
  logger.warn(f"Overriding environment {id}")
/home/jupyter-deuk-c4e4/.conda/envs/ts310/lib/python3.10/site-packages/gym/envs/registration.py:595: UserWarning: [33mWARN: Overriding environment maze2d-eval-medium-dense-v1[0m
  logger.warn(f"Overriding environment {id}")
/home/jupyter-deuk-c4e4/.conda/envs/ts310/lib/python3.10/site-packages/gym/envs/registration.py:595: UserWarning: [33mWARN: Overriding environment maze2d-eval-large-dense-v1[0m
  logger.warn(f"Overriding environment {id}")
/opt/dlami/nvme/home/jupyter-deuk-c4e4/temporal-straightening/custom_resolvers.py:4: UserWarning: 
The version_base parameter is not specified.
Please specify a compatability version level, or None.
Will assume defaults for version 1.1
  @hydra.main(config_path=None)
[2026-07-25 15:21:53,300][__main__][INFO] - Planning result saved dir: /opt/dlami/nvme/home/jupyter-deuk-c4e4/pusht-reproduction/cls_reproduction/plan/mpc_seed_200/chunk_10
/home/jupyter-deuk-c4e4/.conda/envs/ts310/lib/python3.10/site-packages/wandb/sdk/internal/internal_api.py:30: UserWarning: pkg_resources is deprecated as an API. See https://setuptools.pypa.io/en/latest/pkg_resources.html. The pkg_resources package is slated for removal as early as 2025-11-30. Refrain from using this package or pin to Setuptools<81.
  from pkg_resources import parse_version
Using cache found in /home/jupyter-deuk-c4e4/.cache/torch/hub/facebookresearch_dinov2_81b2b6419385
Loaded 18685 rollouts
Loaded 21 rollouts
[2026-07-25 15:21:55,790][dinov2][INFO] - using MLP layer as FFN
[2026-07-25 15:21:56,256][models.dino][WARNING] - Unknown projector 'none' for patch tokens; proceeding without projector.
Resuming from epoch 2: /home/jupyter-deuk-c4e4/pusht-reproduction/cls_reproduction/test/pusht_False_agg32_projnone_dim384_hw14_sgTrue_lr1e-06/checkpoints/model_2.pth
[2026-07-25 15:21:56,648][models.visual_world_model][INFO] - num_action_repeat: 1
[2026-07-25 15:21:56,648][models.visual_world_model][INFO] - num_proprio_repeat: 1
[2026-07-25 15:21:56,648][models.visual_world_model][INFO] - proprio encoder: ProprioceptiveEmbedding(
  (patch_embed): Conv1d(4, 10, kernel_size=(1,), stride=(1,))
  (norm): LayerNorm((10,), eps=1e-05, elementwise_affine=True)
)
[2026-07-25 15:21:56,649][models.visual_world_model][INFO] - action encoder: ProprioceptiveEmbedding(
  (patch_embed): Conv1d(10, 10, kernel_size=(1,), stride=(1,))
  (norm): LayerNorm((10,), eps=1e-05, elementwise_affine=True)
)
[2026-07-25 15:21:56,649][models.visual_world_model][INFO] - proprio_dim: 10, after repeat: 10
[2026-07-25 15:21:56,649][models.visual_world_model][INFO] - action_dim: 10, after repeat: 10
[2026-07-25 15:21:56,649][models.visual_world_model][INFO] - emb_dim: 404
[2026-07-25 15:21:56,649][models.visual_world_model][INFO] - Straightening disabled
[2026-07-25 15:21:56,649][models.visual_world_model][INFO] - Speed constancy disabled
[2026-07-25 15:21:56,649][models.visual_world_model][INFO] - Trajectory penalty disabled
[2026-07-25 15:21:56,649][models.visual_world_model][INFO] - Stop-grad enabled: True
[2026-07-25 15:21:56,649][models.visual_world_model][INFO] - VCReg enabled: False, apply_to=enc, std_coeff=0.0, cov_coeff=0.0
[2026-07-25 15:21:56,649][models.visual_world_model][INFO] - Model emb_dim: 404
[timing] setup_model_s=3.350
eval_seed:  [2001, 2201, 2401, 2601, 2801, 3001, 3201, 3401, 3601, 3801]
Dumped plan targets to /opt/dlami/nvme/home/jupyter-deuk-c4e4/pusht-reproduction/cls_reproduction/plan/mpc_seed_200/chunk_10/plan_targets.pkl
[timing] setup_workspace_s=4.760

MPC iter 0 Eval ------- 
Success rate:  0.0
{'success': array([False, False, False, False, False, False, False, False, False,
       False]), 'state_dist': array([118.78914, 253.17438, 171.99936, 154.05406, 103.50794, 236.72572,
       154.62708,  72.63491, 129.04764, 155.23007], dtype=float32)}
self.is_success:  [False False False False False False False False False False]

MPC iter 1 Eval ------- 
Success rate:  0.0
{'success': array([False, False, False, False, False, False, False, False, False,
       False]), 'state_dist': array([118.65683 , 240.03224 , 149.93118 , 126.22764 , 114.908356,
       178.06456 , 140.14142 ,  79.62169 , 163.55756 , 103.72779 ],
      dtype=float32)}
self.is_success:  [False False False False False False False False False False]

MPC iter 2 Eval ------- 
Success rate:  0.0
{'success': array([False, False, False, False, False, False, False, False, False,
       False]), 'state_dist': array([ 98.0633  , 232.12515 , 170.25185 , 100.952705,  49.301598,
       173.61943 , 161.00777 ,  66.68487 , 217.92152 , 138.02954 ],
      dtype=float32)}
self.is_success:  [False False False False False False False False False False]

MPC iter 3 Eval ------- 
Success rate:  0.1
{'success': array([False, False, False, False,  True, False, False, False, False,
       False]), 'state_dist': array([342.29587 , 215.20743 , 156.52258 ,  57.027157,  20.927523,
       220.29893 , 178.06065 ,  63.86206 , 149.20496 , 181.20247 ],
      dtype=float32)}
self.is_success:  [False False False False  True False False False False False]

MPC iter 4 Eval ------- 
Success rate:  0.1
{'success': array([False, False, False, False,  True, False, False, False, False,
       False]), 'state_dist': array([ 89.82895 , 131.20616 , 394.95535 ,  97.31664 ,  20.927523,
        81.57189 ,  61.847702,  66.78016 , 291.7198  ,  75.94035 ],
      dtype=float32)}
self.is_success:  [False False False False  True False False False False False]

MPC iter 5 Eval ------- 
Success rate:  0.2
{'success': array([False, False, False, False,  True, False,  True, False, False,
       False]), 'state_dist': array([129.16565 , 130.85962 , 183.1872  ,  67.86575 ,  20.927523,
        64.44885 ,  26.806442, 128.82143 , 163.77121 ,  75.118614],
      dtype=float32)}
self.is_success:  [False False False False  True False  True False False False]

MPC iter 6 Eval ------- 
Success rate:  0.2
{'success': array([False, False, False, False,  True, False,  True, False, False,
       False]), 'state_dist': array([ 31.833025,  47.276955, 168.52553 ,  48.60167 ,  20.927523,
        33.327446,  26.806442,  74.9782  ,  86.952545,  72.26329 ],
      dtype=float32)}
self.is_success:  [False False False False  True False  True False False False]

MPC iter 7 Eval ------- 
Success rate:  0.4
{'success': array([ True,  True, False, False,  True, False,  True, False, False,
       False]), 'state_dist': array([ 27.511663,  40.534203, 168.24663 ,  78.78663 ,  20.927523,
        31.831373,  26.806442,  56.843056,  68.5861  ,  76.77231 ],
      dtype=float32)}
self.is_success:  [ True  True False False  True False  True False False False]

MPC iter 8 Eval ------- 
Success rate:  0.4
{'success': array([ True,  True, False, False,  True, False,  True, False, False,
       False]), 'state_dist': array([ 27.511663,  40.534203, 170.92227 ,  39.457466,  20.927523,
        36.66279 ,  26.806442, 197.20012 ,  69.34319 ,  78.27147 ],
      dtype=float32)}
self.is_success:  [ True  True False False  True False  True False False False]

MPC iter 9 Eval ------- 
Success rate:  0.4
{'success': array([ True,  True, False, False,  True, False,  True, False, False,
       False]), 'state_dist': array([ 27.511663,  40.534203, 176.99637 ,  51.485474,  20.927523,
        31.378471,  26.806442, 149.40323 ,  48.4651  ,  78.70105 ],
      dtype=float32)}
self.is_success:  [ True  True False False  True False  True False False False]

MPC iter 10 Eval ------- 
Success rate:  0.5
{'success': array([ True,  True, False, False,  True, False,  True, False,  True,
       False]), 'state_dist': array([ 27.511663,  40.534203, 190.62068 ,  36.69873 ,  20.927523,
        32.685856,  26.806442, 105.03687 ,  39.490856,  76.2279  ],
      dtype=float32)}
self.is_success:  [ True  True False False  True False  True False  True False]

MPC iter 11 Eval ------- 
Success rate:  0.5
{'success': array([ True,  True, False, False,  True, False,  True, False,  True,
       False]), 'state_dist': array([ 27.511663,  40.534203, 179.53621 ,  49.91776 ,  20.927523,
        33.983585,  26.806442, 114.41842 ,  39.490856,  79.0002  ],
      dtype=float32)}
self.is_success:  [ True  True False False  True False  True False  True False]

MPC iter 12 Eval ------- 
Success rate:  0.5
{'success': array([ True,  True, False, False,  True, False,  True, False,  True,
       False]), 'state_dist': array([ 27.511663,  40.534203, 174.99669 ,  50.27019 ,  20.927523,
        28.65421 ,  26.806442,  69.15013 ,  39.490856,  75.11779 ],
      dtype=float32)}
self.is_success:  [ True  True False False  True False  True False  True False]

MPC iter 13 Eval ------- 
Success rate:  0.5
{'success': array([ True,  True, False, False,  True, False,  True, False,  True,
       False]), 'state_dist': array([ 27.511663,  40.534203, 180.83502 ,  50.87097 ,  20.927523,
        29.921577,  26.806442,  82.91052 ,  39.490856,  74.10825 ],
      dtype=float32)}
self.is_success:  [ True  True False False  True False  True False  True False]

MPC iter 14 Eval ------- 
Success rate:  0.5
{'success': array([ True,  True, False, False,  True, False,  True, False,  True,
       False]), 'state_dist': array([ 27.511663,  40.534203, 186.53403 ,  33.86321 ,  20.927523,
        32.21846 ,  26.806442,  65.28641 ,  39.490856,  74.93524 ],
      dtype=float32)}
self.is_success:  [ True  True False False  True False  True False  True False]

MPC iter 15 Eval ------- 
Success rate:  0.5
{'success': array([ True,  True, False, False,  True, False,  True, False,  True,
       False]), 'state_dist': array([ 27.511663,  40.534203, 187.36324 ,  47.815014,  20.927523,
        35.56525 ,  26.806442, 195.86137 ,  39.490856,  70.45058 ],
      dtype=float32)}
self.is_success:  [ True  True False False  True False  True False  True False]

MPC iter 16 Eval ------- 
Success rate:  0.5
{'success': array([ True,  True, False, False,  True, False,  True, False,  True,
       False]), 'state_dist': array([ 27.511663,  40.534203, 188.14714 ,  44.053497,  20.927523,
        34.699055,  26.806442, 122.27159 ,  39.490856,  70.92249 ],
      dtype=float32)}
self.is_success:  [ True  True False False  True False  True False  True False]

MPC iter 17 Eval ------- 
Success rate:  0.5
{'success': array([ True,  True, False, False,  True, False,  True, False,  True,
       False]), 'state_dist': array([ 27.511663,  40.534203, 189.59337 ,  48.639683,  20.927523,
        32.941086,  26.806442, 114.87611 ,  39.490856,  74.621284],
      dtype=float32)}
self.is_success:  [ True  True False False  True False  True False  True False]

MPC iter 18 Eval ------- 
Success rate:  0.5
{'success': array([ True,  True, False, False,  True, False,  True, False,  True,
       False]), 'state_dist': array([ 27.511663,  40.534203, 190.9805  ,  42.908398,  20.927523,
        33.38623 ,  26.806442, 161.81514 ,  39.490856,  74.8697  ],
      dtype=float32)}
self.is_success:  [ True  True False False  True False  True False  True False]

MPC iter 19 Eval ------- 
Success rate:  0.5
{'success': array([ True,  True, False, False,  True, False,  True, False,  True,
       False]), 'state_dist': array([ 27.511663,  40.534203, 195.0342  ,  46.793564,  20.927523,
        32.05899 ,  26.806442, 156.91592 ,  39.490856,  71.62886 ],
      dtype=float32)}
self.is_success:  [ True  True False False  True False  True False  True False]
Success rate:  0.5
{'success': array([ True,  True, False, False,  True, False,  True, False,  True,
       False]), 'state_dist': array([ 27.511663,  40.534203, 195.0342  ,  46.793564,  20.927523,
        32.05899 ,  26.806442, 156.91592 ,  39.490856,  71.62886 ],
      dtype=float32)}
[timing] perform_planning_s=124.296
[timing] total_planning_main_s=132.406
