/home/jupyter-deuk-c4e4/.conda/envs/ts310/lib/python3.10/site-packages/wandb/sdk/internal/internal_api.py:30: UserWarning: pkg_resources is deprecated as an API. See https://setuptools.pypa.io/en/latest/pkg_resources.html. The pkg_resources package is slated for removal as early as 2025-11-30. Refrain from using this package or pin to Setuptools<81.
  from pkg_resources import parse_version
/home/jupyter-deuk-c4e4/.conda/envs/ts310/lib/python3.10/site-packages/pkg_resources/__init__.py:3148: DeprecationWarning: Deprecated call to `pkg_resources.declare_namespace('mpl_toolkits')`.
Implementing implicit namespace packages (as specified in PEP 420) is preferred to `pkg_resources.declare_namespace`. See https://setuptools.pypa.io/en/latest/references/keywords.html#keyword-namespace-packages
  declare_namespace(pkg)
/home/jupyter-deuk-c4e4/.conda/envs/ts310/lib/python3.10/site-packages/pkg_resources/__init__.py:3148: DeprecationWarning: Deprecated call to `pkg_resources.declare_namespace('google')`.
Implementing implicit namespace packages (as specified in PEP 420) is preferred to `pkg_resources.declare_namespace`. See https://setuptools.pypa.io/en/latest/references/keywords.html#keyword-namespace-packages
  declare_namespace(pkg)
/home/jupyter-deuk-c4e4/.conda/envs/ts310/lib/python3.10/site-packages/Cython/Distutils/old_build_ext.py:15: DeprecationWarning: dep_util is Deprecated. Use functions from setuptools instead.
  from distutils.dep_util import newer, newer_group
<frozen importlib._bootstrap>:283: DeprecationWarning: the load_module() method is deprecated and slated for removal in Python 3.12; use exec_module() instead
Warning: Mujoco-based envs failed to import. Set the environment variable D4RL_SUPPRESS_IMPORT_ERROR=1 to suppress this message.
No module named 'mjrl'
Warning: Flow failed to import. Set the environment variable D4RL_SUPPRESS_IMPORT_ERROR=1 to suppress this message.
No module named 'flow'
Warning: CARLA failed to import. Set the environment variable D4RL_SUPPRESS_IMPORT_ERROR=1 to suppress this message.
No module named 'carla'
pybullet build time: Jan 29 2025 23:16:28
/home/jupyter-deuk-c4e4/.conda/envs/ts310/lib/python3.10/site-packages/gym/envs/registration.py:595: UserWarning: [33mWARN: Overriding environment maze2d-open-v0[0m
  logger.warn(f"Overriding environment {id}")
/home/jupyter-deuk-c4e4/.conda/envs/ts310/lib/python3.10/site-packages/gym/envs/registration.py:595: UserWarning: [33mWARN: Overriding environment maze2d-umaze-v0[0m
  logger.warn(f"Overriding environment {id}")
/home/jupyter-deuk-c4e4/.conda/envs/ts310/lib/python3.10/site-packages/gym/envs/registration.py:595: UserWarning: [33mWARN: Overriding environment maze2d-medium-v0[0m
  logger.warn(f"Overriding environment {id}")
/home/jupyter-deuk-c4e4/.conda/envs/ts310/lib/python3.10/site-packages/gym/envs/registration.py:595: UserWarning: [33mWARN: Overriding environment maze2d-large-v0[0m
  logger.warn(f"Overriding environment {id}")
/home/jupyter-deuk-c4e4/.conda/envs/ts310/lib/python3.10/site-packages/gym/envs/registration.py:595: UserWarning: [33mWARN: Overriding environment maze2d-umaze-v1[0m
  logger.warn(f"Overriding environment {id}")
/home/jupyter-deuk-c4e4/.conda/envs/ts310/lib/python3.10/site-packages/gym/envs/registration.py:595: UserWarning: [33mWARN: Overriding environment maze2d-medium-v1[0m
  logger.warn(f"Overriding environment {id}")
/home/jupyter-deuk-c4e4/.conda/envs/ts310/lib/python3.10/site-packages/gym/envs/registration.py:595: UserWarning: [33mWARN: Overriding environment maze2d-large-v1[0m
  logger.warn(f"Overriding environment {id}")
/home/jupyter-deuk-c4e4/.conda/envs/ts310/lib/python3.10/site-packages/gym/envs/registration.py:595: UserWarning: [33mWARN: Overriding environment maze2d-eval-umaze-v1[0m
  logger.warn(f"Overriding environment {id}")
/home/jupyter-deuk-c4e4/.conda/envs/ts310/lib/python3.10/site-packages/gym/envs/registration.py:595: UserWarning: [33mWARN: Overriding environment maze2d-eval-medium-v1[0m
  logger.warn(f"Overriding environment {id}")
/home/jupyter-deuk-c4e4/.conda/envs/ts310/lib/python3.10/site-packages/gym/envs/registration.py:595: UserWarning: [33mWARN: Overriding environment maze2d-eval-large-v1[0m
  logger.warn(f"Overriding environment {id}")
/home/jupyter-deuk-c4e4/.conda/envs/ts310/lib/python3.10/site-packages/gym/envs/registration.py:595: UserWarning: [33mWARN: Overriding environment maze2d-open-dense-v0[0m
  logger.warn(f"Overriding environment {id}")
/home/jupyter-deuk-c4e4/.conda/envs/ts310/lib/python3.10/site-packages/gym/envs/registration.py:595: UserWarning: [33mWARN: Overriding environment maze2d-umaze-dense-v0[0m
  logger.warn(f"Overriding environment {id}")
/home/jupyter-deuk-c4e4/.conda/envs/ts310/lib/python3.10/site-packages/gym/envs/registration.py:595: UserWarning: [33mWARN: Overriding environment maze2d-medium-dense-v0[0m
  logger.warn(f"Overriding environment {id}")
/home/jupyter-deuk-c4e4/.conda/envs/ts310/lib/python3.10/site-packages/gym/envs/registration.py:595: UserWarning: [33mWARN: Overriding environment maze2d-large-dense-v0[0m
  logger.warn(f"Overriding environment {id}")
/home/jupyter-deuk-c4e4/.conda/envs/ts310/lib/python3.10/site-packages/gym/envs/registration.py:595: UserWarning: [33mWARN: Overriding environment maze2d-umaze-dense-v1[0m
  logger.warn(f"Overriding environment {id}")
/home/jupyter-deuk-c4e4/.conda/envs/ts310/lib/python3.10/site-packages/gym/envs/registration.py:595: UserWarning: [33mWARN: Overriding environment maze2d-medium-dense-v1[0m
  logger.warn(f"Overriding environment {id}")
/home/jupyter-deuk-c4e4/.conda/envs/ts310/lib/python3.10/site-packages/gym/envs/registration.py:595: UserWarning: [33mWARN: Overriding environment maze2d-large-dense-v1[0m
  logger.warn(f"Overriding environment {id}")
/home/jupyter-deuk-c4e4/.conda/envs/ts310/lib/python3.10/site-packages/gym/envs/registration.py:595: UserWarning: [33mWARN: Overriding environment maze2d-eval-umaze-dense-v1[0m
  logger.warn(f"Overriding environment {id}")
/home/jupyter-deuk-c4e4/.conda/envs/ts310/lib/python3.10/site-packages/gym/envs/registration.py:595: UserWarning: [33mWARN: Overriding environment maze2d-eval-medium-dense-v1[0m
  logger.warn(f"Overriding environment {id}")
/home/jupyter-deuk-c4e4/.conda/envs/ts310/lib/python3.10/site-packages/gym/envs/registration.py:595: UserWarning: [33mWARN: Overriding environment maze2d-eval-large-dense-v1[0m
  logger.warn(f"Overriding environment {id}")
/opt/dlami/nvme/home/jupyter-deuk-c4e4/temporal-straightening/custom_resolvers.py:4: UserWarning: 
The version_base parameter is not specified.
Please specify a compatability version level, or None.
Will assume defaults for version 1.1
  @hydra.main(config_path=None)
[2026-07-25 15:24:10,892][__main__][INFO] - Planning result saved dir: /opt/dlami/nvme/home/jupyter-deuk-c4e4/pusht-reproduction/cls_reproduction/plan/mpc_seed_200/chunk_20
/home/jupyter-deuk-c4e4/.conda/envs/ts310/lib/python3.10/site-packages/wandb/sdk/internal/internal_api.py:30: UserWarning: pkg_resources is deprecated as an API. See https://setuptools.pypa.io/en/latest/pkg_resources.html. The pkg_resources package is slated for removal as early as 2025-11-30. Refrain from using this package or pin to Setuptools<81.
  from pkg_resources import parse_version
Using cache found in /home/jupyter-deuk-c4e4/.cache/torch/hub/facebookresearch_dinov2_81b2b6419385
Loaded 18685 rollouts
Loaded 21 rollouts
[2026-07-25 15:24:13,382][dinov2][INFO] - using MLP layer as FFN
[2026-07-25 15:24:13,877][models.dino][WARNING] - Unknown projector 'none' for patch tokens; proceeding without projector.
Resuming from epoch 2: /home/jupyter-deuk-c4e4/pusht-reproduction/cls_reproduction/test/pusht_False_agg32_projnone_dim384_hw14_sgTrue_lr1e-06/checkpoints/model_2.pth
[2026-07-25 15:24:14,268][models.visual_world_model][INFO] - num_action_repeat: 1
[2026-07-25 15:24:14,268][models.visual_world_model][INFO] - num_proprio_repeat: 1
[2026-07-25 15:24:14,268][models.visual_world_model][INFO] - proprio encoder: ProprioceptiveEmbedding(
  (patch_embed): Conv1d(4, 10, kernel_size=(1,), stride=(1,))
  (norm): LayerNorm((10,), eps=1e-05, elementwise_affine=True)
)
[2026-07-25 15:24:14,268][models.visual_world_model][INFO] - action encoder: ProprioceptiveEmbedding(
  (patch_embed): Conv1d(10, 10, kernel_size=(1,), stride=(1,))
  (norm): LayerNorm((10,), eps=1e-05, elementwise_affine=True)
)
[2026-07-25 15:24:14,268][models.visual_world_model][INFO] - proprio_dim: 10, after repeat: 10
[2026-07-25 15:24:14,268][models.visual_world_model][INFO] - action_dim: 10, after repeat: 10
[2026-07-25 15:24:14,268][models.visual_world_model][INFO] - emb_dim: 404
[2026-07-25 15:24:14,268][models.visual_world_model][INFO] - Straightening disabled
[2026-07-25 15:24:14,268][models.visual_world_model][INFO] - Speed constancy disabled
[2026-07-25 15:24:14,268][models.visual_world_model][INFO] - Trajectory penalty disabled
[2026-07-25 15:24:14,268][models.visual_world_model][INFO] - Stop-grad enabled: True
[2026-07-25 15:24:14,268][models.visual_world_model][INFO] - VCReg enabled: False, apply_to=enc, std_coeff=0.0, cov_coeff=0.0
[2026-07-25 15:24:14,268][models.visual_world_model][INFO] - Model emb_dim: 404
[timing] setup_model_s=3.378
eval_seed:  [4001, 4201, 4401, 4601, 4801, 5001, 5201, 5401, 5601, 5801]
Dumped plan targets to /opt/dlami/nvme/home/jupyter-deuk-c4e4/pusht-reproduction/cls_reproduction/plan/mpc_seed_200/chunk_20/plan_targets.pkl
[timing] setup_workspace_s=5.636

MPC iter 0 Eval ------- 
Success rate:  0.0
{'success': array([False, False, False, False, False, False, False, False, False,
       False]), 'state_dist': array([ 90.350525, 115.74102 ,  99.16617 , 244.52797 , 198.91881 ,
       126.17361 , 139.26915 , 106.04035 , 295.89777 , 187.84741 ],
      dtype=float32)}
self.is_success:  [False False False False False False False False False False]

MPC iter 1 Eval ------- 
Success rate:  0.0
{'success': array([False, False, False, False, False, False, False, False, False,
       False]), 'state_dist': array([ 67.06249 , 102.408295,  91.52806 , 198.9212  , 153.15796 ,
        96.779724, 207.17908 , 120.77345 , 294.3017  , 118.35514 ],
      dtype=float32)}
self.is_success:  [False False False False False False False False False False]

MPC iter 2 Eval ------- 
Success rate:  0.0
{'success': array([False, False, False, False, False, False, False, False, False,
       False]), 'state_dist': array([ 67.56992, 112.01236,  83.328  , 219.34273, 144.9131 , 105.43117,
       185.2758 , 136.23727, 151.92122, 289.8086 ], dtype=float32)}
self.is_success:  [False False False False False False False False False False]

MPC iter 3 Eval ------- 
Success rate:  0.0
{'success': array([False, False, False, False, False, False, False, False, False,
       False]), 'state_dist': array([ 58.750042, 168.61206 ,  65.86459 , 138.54121 , 148.27197 ,
       169.33208 , 241.30621 , 172.69858 , 150.59914 , 272.41156 ],
      dtype=float32)}
self.is_success:  [False False False False False False False False False False]

MPC iter 4 Eval ------- 
Success rate:  0.3
{'success': array([False, False,  True,  True, False,  True, False, False, False,
       False]), 'state_dist': array([ 53.22438, 168.19322,  95.21253, 119.62051, 202.91574, 101.76366,
       238.66675, 178.09125, 316.91647, 160.96384], dtype=float32)}
self.is_success:  [False False  True  True False  True False False False False]

MPC iter 5 Eval ------- 
Success rate:  0.3
{'success': array([False, False,  True,  True, False,  True, False, False, False,
       False]), 'state_dist': array([ 47.702965, 111.70931 ,  95.21253 , 119.62051 , 133.73695 ,
       101.76366 ,  62.817043, 101.35692 ,  70.33592 ,  81.02404 ],
      dtype=float32)}
self.is_success:  [False False  True  True False  True False False False False]

MPC iter 6 Eval ------- 
Success rate:  0.5
{'success': array([ True, False,  True,  True, False,  True,  True, False, False,
       False]), 'state_dist': array([ 12.010147,  23.720722,  95.21253 , 119.62051 , 123.670616,
       101.76366 ,  41.579666,  71.697365, 148.98329 ,  64.99506 ],
      dtype=float32)}
self.is_success:  [ True False  True  True False  True  True False False False]

MPC iter 7 Eval ------- 
Success rate:  0.5
{'success': array([ True, False,  True,  True, False,  True,  True, False, False,
       False]), 'state_dist': array([ 12.010147,  35.748592,  95.21253 , 119.62051 , 126.391495,
       101.76366 ,  41.579666,  53.918865, 134.89954 ,  65.18109 ],
      dtype=float32)}
self.is_success:  [ True False  True  True False  True  True False False False]

MPC iter 8 Eval ------- 
Success rate:  0.5
{'success': array([ True, False,  True,  True, False,  True,  True, False, False,
       False]), 'state_dist': array([ 12.010147,  32.119995,  95.21253 , 119.62051 , 127.311264,
       101.76366 ,  41.579666,  59.12794 , 118.924484,  73.95102 ],
      dtype=float32)}
self.is_success:  [ True False  True  True False  True  True False False False]

MPC iter 9 Eval ------- 
Success rate:  0.5
{'success': array([ True, False,  True,  True, False,  True,  True, False, False,
       False]), 'state_dist': array([ 12.010147,  46.323067,  95.21253 , 119.62051 , 123.64363 ,
       101.76366 ,  41.579666,  68.9055  ,  80.906136,  86.28506 ],
      dtype=float32)}
self.is_success:  [ True False  True  True False  True  True False False False]

MPC iter 10 Eval ------- 
Success rate:  0.5
{'success': array([ True, False,  True,  True, False,  True,  True, False, False,
       False]), 'state_dist': array([ 12.010147,  55.189213,  95.21253 , 119.62051 , 123.8301  ,
       101.76366 ,  41.579666,  54.7931  ,  83.36649 ,  69.61545 ],
      dtype=float32)}
self.is_success:  [ True False  True  True False  True  True False False False]

MPC iter 11 Eval ------- 
Success rate:  0.5
{'success': array([ True, False,  True,  True, False,  True,  True, False, False,
       False]), 'state_dist': array([ 12.010147,  52.01078 ,  95.21253 , 119.62051 , 123.65067 ,
       101.76366 ,  41.579666,  52.395023,  83.0449  ,  66.48629 ],
      dtype=float32)}
self.is_success:  [ True False  True  True False  True  True False False False]

MPC iter 12 Eval ------- 
Success rate:  0.5
{'success': array([ True, False,  True,  True, False,  True,  True, False, False,
       False]), 'state_dist': array([ 12.010147,  40.42241 ,  95.21253 , 119.62051 , 123.42714 ,
       101.76366 ,  41.579666,  54.91989 ,  69.17761 ,  76.24178 ],
      dtype=float32)}
self.is_success:  [ True False  True  True False  True  True False False False]

MPC iter 13 Eval ------- 
Success rate:  0.5
{'success': array([ True, False,  True,  True, False,  True,  True, False, False,
       False]), 'state_dist': array([ 12.010147,  48.53328 ,  95.21253 , 119.62051 , 125.09167 ,
       101.76366 ,  41.579666,  59.19164 ,  91.094086,  80.858986],
      dtype=float32)}
self.is_success:  [ True False  True  True False  True  True False False False]

MPC iter 14 Eval ------- 
Success rate:  0.5
{'success': array([ True, False,  True,  True, False,  True,  True, False, False,
       False]), 'state_dist': array([ 12.010147,  49.236187,  95.21253 , 119.62051 , 130.28418 ,
       101.76366 ,  41.579666,  67.0834  ,  73.27871 ,  75.36349 ],
      dtype=float32)}
self.is_success:  [ True False  True  True False  True  True False False False]

MPC iter 15 Eval ------- 
Success rate:  0.5
{'success': array([ True, False,  True,  True, False,  True,  True, False, False,
       False]), 'state_dist': array([ 12.010147,  39.638733,  95.21253 , 119.62051 , 130.39407 ,
       101.76366 ,  41.579666,  60.086147,  62.265324,  62.54653 ],
      dtype=float32)}
self.is_success:  [ True False  True  True False  True  True False False False]

MPC iter 16 Eval ------- 
Success rate:  0.5
{'success': array([ True, False,  True,  True, False,  True,  True, False, False,
       False]), 'state_dist': array([ 12.010147,  43.086506,  95.21253 , 119.62051 , 127.856026,
       101.76366 ,  41.579666,  55.61343 ,  58.306934,  76.05889 ],
      dtype=float32)}
self.is_success:  [ True False  True  True False  True  True False False False]

MPC iter 17 Eval ------- 
Success rate:  0.5
{'success': array([ True, False,  True,  True, False,  True,  True, False, False,
       False]), 'state_dist': array([ 12.010147,  39.961185,  95.21253 , 119.62051 , 124.427635,
       101.76366 ,  41.579666,  54.886093,  68.65419 ,  76.463684],
      dtype=float32)}
self.is_success:  [ True False  True  True False  True  True False False False]

MPC iter 18 Eval ------- 
Success rate:  0.5
{'success': array([ True, False,  True,  True, False,  True,  True, False, False,
       False]), 'state_dist': array([ 12.010147,  48.99251 ,  95.21253 , 119.62051 , 123.53703 ,
       101.76366 ,  41.579666,  63.28044 ,  60.395473,  65.85012 ],
      dtype=float32)}
self.is_success:  [ True False  True  True False  True  True False False False]

MPC iter 19 Eval ------- 
Success rate:  0.5
{'success': array([ True, False,  True,  True, False,  True,  True, False, False,
       False]), 'state_dist': array([ 12.010147,  42.29522 ,  95.21253 , 119.62051 , 122.629265,
       101.76366 ,  41.579666,  63.58736 ,  63.934586,  66.707664],
      dtype=float32)}
self.is_success:  [ True False  True  True False  True  True False False False]
Success rate:  0.5
{'success': array([ True, False,  True,  True, False,  True,  True, False, False,
       False]), 'state_dist': array([ 12.010147,  42.29522 ,  95.21253 , 119.62051 , 122.629265,
       101.76366 ,  41.579666,  63.58736 ,  63.934586,  66.707664],
      dtype=float32)}
[timing] perform_planning_s=123.066
[timing] total_planning_main_s=132.080
