/home/jupyter-deuk-c4e4/.conda/envs/ts310/lib/python3.10/site-packages/wandb/sdk/internal/internal_api.py:30: UserWarning: pkg_resources is deprecated as an API. See https://setuptools.pypa.io/en/latest/pkg_resources.html. The pkg_resources package is slated for removal as early as 2025-11-30. Refrain from using this package or pin to Setuptools<81.
  from pkg_resources import parse_version
/home/jupyter-deuk-c4e4/.conda/envs/ts310/lib/python3.10/site-packages/pkg_resources/__init__.py:3148: DeprecationWarning: Deprecated call to `pkg_resources.declare_namespace('mpl_toolkits')`.
Implementing implicit namespace packages (as specified in PEP 420) is preferred to `pkg_resources.declare_namespace`. See https://setuptools.pypa.io/en/latest/references/keywords.html#keyword-namespace-packages
  declare_namespace(pkg)
/home/jupyter-deuk-c4e4/.conda/envs/ts310/lib/python3.10/site-packages/pkg_resources/__init__.py:3148: DeprecationWarning: Deprecated call to `pkg_resources.declare_namespace('google')`.
Implementing implicit namespace packages (as specified in PEP 420) is preferred to `pkg_resources.declare_namespace`. See https://setuptools.pypa.io/en/latest/references/keywords.html#keyword-namespace-packages
  declare_namespace(pkg)
/home/jupyter-deuk-c4e4/.conda/envs/ts310/lib/python3.10/site-packages/Cython/Distutils/old_build_ext.py:15: DeprecationWarning: dep_util is Deprecated. Use functions from setuptools instead.
  from distutils.dep_util import newer, newer_group
<frozen importlib._bootstrap>:283: DeprecationWarning: the load_module() method is deprecated and slated for removal in Python 3.12; use exec_module() instead
Warning: Mujoco-based envs failed to import. Set the environment variable D4RL_SUPPRESS_IMPORT_ERROR=1 to suppress this message.
No module named 'mjrl'
Warning: Flow failed to import. Set the environment variable D4RL_SUPPRESS_IMPORT_ERROR=1 to suppress this message.
No module named 'flow'
Warning: CARLA failed to import. Set the environment variable D4RL_SUPPRESS_IMPORT_ERROR=1 to suppress this message.
No module named 'carla'
pybullet build time: Jan 29 2025 23:16:28
/home/jupyter-deuk-c4e4/.conda/envs/ts310/lib/python3.10/site-packages/gym/envs/registration.py:595: UserWarning: [33mWARN: Overriding environment maze2d-open-v0[0m
  logger.warn(f"Overriding environment {id}")
/home/jupyter-deuk-c4e4/.conda/envs/ts310/lib/python3.10/site-packages/gym/envs/registration.py:595: UserWarning: [33mWARN: Overriding environment maze2d-umaze-v0[0m
  logger.warn(f"Overriding environment {id}")
/home/jupyter-deuk-c4e4/.conda/envs/ts310/lib/python3.10/site-packages/gym/envs/registration.py:595: UserWarning: [33mWARN: Overriding environment maze2d-medium-v0[0m
  logger.warn(f"Overriding environment {id}")
/home/jupyter-deuk-c4e4/.conda/envs/ts310/lib/python3.10/site-packages/gym/envs/registration.py:595: UserWarning: [33mWARN: Overriding environment maze2d-large-v0[0m
  logger.warn(f"Overriding environment {id}")
/home/jupyter-deuk-c4e4/.conda/envs/ts310/lib/python3.10/site-packages/gym/envs/registration.py:595: UserWarning: [33mWARN: Overriding environment maze2d-umaze-v1[0m
  logger.warn(f"Overriding environment {id}")
/home/jupyter-deuk-c4e4/.conda/envs/ts310/lib/python3.10/site-packages/gym/envs/registration.py:595: UserWarning: [33mWARN: Overriding environment maze2d-medium-v1[0m
  logger.warn(f"Overriding environment {id}")
/home/jupyter-deuk-c4e4/.conda/envs/ts310/lib/python3.10/site-packages/gym/envs/registration.py:595: UserWarning: [33mWARN: Overriding environment maze2d-large-v1[0m
  logger.warn(f"Overriding environment {id}")
/home/jupyter-deuk-c4e4/.conda/envs/ts310/lib/python3.10/site-packages/gym/envs/registration.py:595: UserWarning: [33mWARN: Overriding environment maze2d-eval-umaze-v1[0m
  logger.warn(f"Overriding environment {id}")
/home/jupyter-deuk-c4e4/.conda/envs/ts310/lib/python3.10/site-packages/gym/envs/registration.py:595: UserWarning: [33mWARN: Overriding environment maze2d-eval-medium-v1[0m
  logger.warn(f"Overriding environment {id}")
/home/jupyter-deuk-c4e4/.conda/envs/ts310/lib/python3.10/site-packages/gym/envs/registration.py:595: UserWarning: [33mWARN: Overriding environment maze2d-eval-large-v1[0m
  logger.warn(f"Overriding environment {id}")
/home/jupyter-deuk-c4e4/.conda/envs/ts310/lib/python3.10/site-packages/gym/envs/registration.py:595: UserWarning: [33mWARN: Overriding environment maze2d-open-dense-v0[0m
  logger.warn(f"Overriding environment {id}")
/home/jupyter-deuk-c4e4/.conda/envs/ts310/lib/python3.10/site-packages/gym/envs/registration.py:595: UserWarning: [33mWARN: Overriding environment maze2d-umaze-dense-v0[0m
  logger.warn(f"Overriding environment {id}")
/home/jupyter-deuk-c4e4/.conda/envs/ts310/lib/python3.10/site-packages/gym/envs/registration.py:595: UserWarning: [33mWARN: Overriding environment maze2d-medium-dense-v0[0m
  logger.warn(f"Overriding environment {id}")
/home/jupyter-deuk-c4e4/.conda/envs/ts310/lib/python3.10/site-packages/gym/envs/registration.py:595: UserWarning: [33mWARN: Overriding environment maze2d-large-dense-v0[0m
  logger.warn(f"Overriding environment {id}")
/home/jupyter-deuk-c4e4/.conda/envs/ts310/lib/python3.10/site-packages/gym/envs/registration.py:595: UserWarning: [33mWARN: Overriding environment maze2d-umaze-dense-v1[0m
  logger.warn(f"Overriding environment {id}")
/home/jupyter-deuk-c4e4/.conda/envs/ts310/lib/python3.10/site-packages/gym/envs/registration.py:595: UserWarning: [33mWARN: Overriding environment maze2d-medium-dense-v1[0m
  logger.warn(f"Overriding environment {id}")
/home/jupyter-deuk-c4e4/.conda/envs/ts310/lib/python3.10/site-packages/gym/envs/registration.py:595: UserWarning: [33mWARN: Overriding environment maze2d-large-dense-v1[0m
  logger.warn(f"Overriding environment {id}")
/home/jupyter-deuk-c4e4/.conda/envs/ts310/lib/python3.10/site-packages/gym/envs/registration.py:595: UserWarning: [33mWARN: Overriding environment maze2d-eval-umaze-dense-v1[0m
  logger.warn(f"Overriding environment {id}")
/home/jupyter-deuk-c4e4/.conda/envs/ts310/lib/python3.10/site-packages/gym/envs/registration.py:595: UserWarning: [33mWARN: Overriding environment maze2d-eval-medium-dense-v1[0m
  logger.warn(f"Overriding environment {id}")
/home/jupyter-deuk-c4e4/.conda/envs/ts310/lib/python3.10/site-packages/gym/envs/registration.py:595: UserWarning: [33mWARN: Overriding environment maze2d-eval-large-dense-v1[0m
  logger.warn(f"Overriding environment {id}")
/opt/dlami/nvme/home/jupyter-deuk-c4e4/temporal-straightening/custom_resolvers.py:4: UserWarning: 
The version_base parameter is not specified.
Please specify a compatability version level, or None.
Will assume defaults for version 1.1
  @hydra.main(config_path=None)
[2026-07-25 15:26:28,216][__main__][INFO] - Planning result saved dir: /opt/dlami/nvme/home/jupyter-deuk-c4e4/pusht-reproduction/cls_reproduction/plan/mpc_seed_200/chunk_30
/home/jupyter-deuk-c4e4/.conda/envs/ts310/lib/python3.10/site-packages/wandb/sdk/internal/internal_api.py:30: UserWarning: pkg_resources is deprecated as an API. See https://setuptools.pypa.io/en/latest/pkg_resources.html. The pkg_resources package is slated for removal as early as 2025-11-30. Refrain from using this package or pin to Setuptools<81.
  from pkg_resources import parse_version
Using cache found in /home/jupyter-deuk-c4e4/.cache/torch/hub/facebookresearch_dinov2_81b2b6419385
Loaded 18685 rollouts
Loaded 21 rollouts
[2026-07-25 15:26:30,709][dinov2][INFO] - using MLP layer as FFN
[2026-07-25 15:26:31,110][models.dino][WARNING] - Unknown projector 'none' for patch tokens; proceeding without projector.
Resuming from epoch 2: /home/jupyter-deuk-c4e4/pusht-reproduction/cls_reproduction/test/pusht_False_agg32_projnone_dim384_hw14_sgTrue_lr1e-06/checkpoints/model_2.pth
[2026-07-25 15:26:31,501][models.visual_world_model][INFO] - num_action_repeat: 1
[2026-07-25 15:26:31,501][models.visual_world_model][INFO] - num_proprio_repeat: 1
[2026-07-25 15:26:31,501][models.visual_world_model][INFO] - proprio encoder: ProprioceptiveEmbedding(
  (patch_embed): Conv1d(4, 10, kernel_size=(1,), stride=(1,))
  (norm): LayerNorm((10,), eps=1e-05, elementwise_affine=True)
)
[2026-07-25 15:26:31,501][models.visual_world_model][INFO] - action encoder: ProprioceptiveEmbedding(
  (patch_embed): Conv1d(10, 10, kernel_size=(1,), stride=(1,))
  (norm): LayerNorm((10,), eps=1e-05, elementwise_affine=True)
)
[2026-07-25 15:26:31,501][models.visual_world_model][INFO] - proprio_dim: 10, after repeat: 10
[2026-07-25 15:26:31,501][models.visual_world_model][INFO] - action_dim: 10, after repeat: 10
[2026-07-25 15:26:31,502][models.visual_world_model][INFO] - emb_dim: 404
[2026-07-25 15:26:31,502][models.visual_world_model][INFO] - Straightening disabled
[2026-07-25 15:26:31,502][models.visual_world_model][INFO] - Speed constancy disabled
[2026-07-25 15:26:31,502][models.visual_world_model][INFO] - Trajectory penalty disabled
[2026-07-25 15:26:31,502][models.visual_world_model][INFO] - Stop-grad enabled: True
[2026-07-25 15:26:31,502][models.visual_world_model][INFO] - VCReg enabled: False, apply_to=enc, std_coeff=0.0, cov_coeff=0.0
[2026-07-25 15:26:31,502][models.visual_world_model][INFO] - Model emb_dim: 404
[timing] setup_model_s=3.288
eval_seed:  [6001, 6201, 6401, 6601, 6801, 7001, 7201, 7401, 7601, 7801]
Dumped plan targets to /opt/dlami/nvme/home/jupyter-deuk-c4e4/pusht-reproduction/cls_reproduction/plan/mpc_seed_200/chunk_30/plan_targets.pkl
[timing] setup_workspace_s=5.941

MPC iter 0 Eval ------- 
Success rate:  0.0
{'success': array([False, False, False, False, False, False, False, False, False,
       False]), 'state_dist': array([131.26332 , 162.99007 , 171.05714 , 124.191605,  98.7432  ,
       174.16196 , 221.92938 , 187.269   ,  84.36743 ,  89.23702 ],
      dtype=float32)}
self.is_success:  [False False False False False False False False False False]

MPC iter 1 Eval ------- 
Success rate:  0.0
{'success': array([False, False, False, False, False, False, False, False, False,
       False]), 'state_dist': array([138.35757 , 169.69568 , 163.58456 ,  99.36529 ,  99.85039 ,
       251.80281 , 172.71436 , 138.45627 , 112.84051 ,  83.139984],
      dtype=float32)}
self.is_success:  [False False False False False False False False False False]

MPC iter 2 Eval ------- 
Success rate:  0.0
{'success': array([False, False, False, False, False, False, False, False, False,
       False]), 'state_dist': array([188.35362 , 167.59154 , 126.47611 ,  62.02277 ,  88.79053 ,
       298.4297  , 152.49023 , 137.23422 , 109.75564 ,  92.980286],
      dtype=float32)}
self.is_success:  [False False False False False False False False False False]

MPC iter 3 Eval ------- 
Success rate:  0.0
{'success': array([False, False, False, False, False, False, False, False, False,
       False]), 'state_dist': array([183.72679 , 132.28465 , 177.23242 ,  56.560112,  90.49645 ,
       314.76807 , 281.46857 , 116.59656 , 136.18285 ,  84.168724],
      dtype=float32)}
self.is_success:  [False False False False False False False False False False]

MPC iter 4 Eval ------- 
Success rate:  0.0
{'success': array([False, False, False, False, False, False, False, False, False,
       False]), 'state_dist': array([ 80.4756  ,  58.80316 , 143.92877 ,  58.71167 ,  58.748917,
       154.96756 , 261.73386 ,  93.02711 , 106.189125, 233.80406 ],
      dtype=float32)}
self.is_success:  [False False False False False False False False False False]

MPC iter 5 Eval ------- 
Success rate:  0.0
{'success': array([False, False, False, False, False, False, False, False, False,
       False]), 'state_dist': array([ 52.18909 ,  78.92199 ,  67.96752 ,  35.66231 ,  64.665306,
       181.17122 ,  89.35642 ,  45.586754, 102.33683 , 125.41092 ],
      dtype=float32)}
self.is_success:  [False False False False False False False False False False]

MPC iter 6 Eval ------- 
Success rate:  0.1
{'success': array([False, False, False,  True, False, False, False, False, False,
       False]), 'state_dist': array([ 41.136116,  91.663475,  47.87171 ,  21.14324 ,  84.12992 ,
        74.42739 , 121.9059  ,  39.585846,  39.73441 ,  44.691895],
      dtype=float32)}
self.is_success:  [False False False  True False False False False False False]

MPC iter 7 Eval ------- 
Success rate:  0.3
{'success': array([False, False, False,  True, False, False, False,  True,  True,
       False]), 'state_dist': array([ 53.437862,  47.923183,  42.221104,  21.14324 ,  70.618454,
        39.602066, 101.49358 ,  14.092727,  48.192867,  42.505047],
      dtype=float32)}
self.is_success:  [False False False  True False False False  True  True False]

MPC iter 8 Eval ------- 
Success rate:  0.3
{'success': array([False, False, False,  True, False, False, False,  True,  True,
       False]), 'state_dist': array([ 58.561577,  33.032673,  49.67169 ,  21.14324 ,  74.80686 ,
        45.87383 , 157.26414 ,  14.092727,  48.192867,  44.914444],
      dtype=float32)}
self.is_success:  [False False False  True False False False  True  True False]

MPC iter 9 Eval ------- 
Success rate:  0.4
{'success': array([False, False, False,  True,  True, False, False,  True,  True,
       False]), 'state_dist': array([ 63.479088,  65.7912  ,  44.130657,  21.14324 ,  27.040546,
        92.808754, 238.5496  ,  14.092727,  48.192867,  45.605038],
      dtype=float32)}
self.is_success:  [False False False  True  True False False  True  True False]

MPC iter 10 Eval ------- 
Success rate:  0.5
{'success': array([ True, False, False,  True,  True, False, False,  True,  True,
       False]), 'state_dist': array([ 50.179043,  39.91375 ,  45.544205,  21.14324 ,  27.040546,
        36.07126 , 226.84314 ,  14.092727,  48.192867,  44.940277],
      dtype=float32)}
self.is_success:  [ True False False  True  True False False  True  True False]

MPC iter 11 Eval ------- 
Success rate:  0.5
{'success': array([ True, False, False,  True,  True, False, False,  True,  True,
       False]), 'state_dist': array([ 50.179043,  47.297142,  49.6389  ,  21.14324 ,  27.040546,
        82.269035, 143.91919 ,  14.092727,  48.192867,  45.864418],
      dtype=float32)}
self.is_success:  [ True False False  True  True False False  True  True False]

MPC iter 12 Eval ------- 
Success rate:  0.5
{'success': array([ True, False, False,  True,  True, False, False,  True,  True,
       False]), 'state_dist': array([ 50.179043,  41.35883 ,  48.32603 ,  21.14324 ,  27.040546,
        60.262917, 227.9918  ,  14.092727,  48.192867,  45.71084 ],
      dtype=float32)}
self.is_success:  [ True False False  True  True False False  True  True False]

MPC iter 13 Eval ------- 
Success rate:  0.5
{'success': array([ True, False, False,  True,  True, False, False,  True,  True,
       False]), 'state_dist': array([ 50.179043,  49.30996 ,  46.58207 ,  21.14324 ,  27.040546,
        46.714783, 104.2062  ,  14.092727,  48.192867,  45.766003],
      dtype=float32)}
self.is_success:  [ True False False  True  True False False  True  True False]

MPC iter 14 Eval ------- 
Success rate:  0.5
{'success': array([ True, False, False,  True,  True, False, False,  True,  True,
       False]), 'state_dist': array([ 50.179043,  42.92954 ,  48.324078,  21.14324 ,  27.040546,
        68.863396, 101.151276,  14.092727,  48.192867,  45.786705],
      dtype=float32)}
self.is_success:  [ True False False  True  True False False  True  True False]

MPC iter 15 Eval ------- 
Success rate:  0.5
{'success': array([ True, False, False,  True,  True, False, False,  True,  True,
       False]), 'state_dist': array([ 50.179043,  54.81561 ,  51.79882 ,  21.14324 ,  27.040546,
        64.4906  , 119.17112 ,  14.092727,  48.192867,  46.025093],
      dtype=float32)}
self.is_success:  [ True False False  True  True False False  True  True False]

MPC iter 16 Eval ------- 
Success rate:  0.5
{'success': array([ True, False, False,  True,  True, False, False,  True,  True,
       False]), 'state_dist': array([ 50.179043,  62.473408,  42.745884,  21.14324 ,  27.040546,
        49.028515, 192.77782 ,  14.092727,  48.192867,  45.823757],
      dtype=float32)}
self.is_success:  [ True False False  True  True False False  True  True False]

MPC iter 17 Eval ------- 
Success rate:  0.5
{'success': array([ True, False, False,  True,  True, False, False,  True,  True,
       False]), 'state_dist': array([ 50.179043,  51.222   ,  45.665997,  21.14324 ,  27.040546,
        60.29877 , 130.5993  ,  14.092727,  48.192867,  45.623142],
      dtype=float32)}
self.is_success:  [ True False False  True  True False False  True  True False]

MPC iter 18 Eval ------- 
Success rate:  0.5
{'success': array([ True, False, False,  True,  True, False, False,  True,  True,
       False]), 'state_dist': array([ 50.179043,  50.33275 ,  42.075695,  21.14324 ,  27.040546,
        52.818974, 142.24747 ,  14.092727,  48.192867,  45.491615],
      dtype=float32)}
self.is_success:  [ True False False  True  True False False  True  True False]

MPC iter 19 Eval ------- 
Success rate:  0.5
{'success': array([ True, False, False,  True,  True, False, False,  True,  True,
       False]), 'state_dist': array([ 50.179043,  51.49675 ,  46.70605 ,  21.14324 ,  27.040546,
        50.533955, 127.8876  ,  14.092727,  48.192867,  45.447083],
      dtype=float32)}
self.is_success:  [ True False False  True  True False False  True  True False]
Success rate:  0.5
{'success': array([ True, False, False,  True,  True, False, False,  True,  True,
       False]), 'state_dist': array([ 50.179043,  51.49675 ,  46.70605 ,  21.14324 ,  27.040546,
        50.533955, 127.8876  ,  14.092727,  48.192867,  45.447083],
      dtype=float32)}
[timing] perform_planning_s=127.111
[timing] total_planning_main_s=136.340
