/home/jupyter-deuk-c4e4/.conda/envs/ts310/lib/python3.10/site-packages/wandb/sdk/internal/internal_api.py:30: UserWarning: pkg_resources is deprecated as an API. See https://setuptools.pypa.io/en/latest/pkg_resources.html. The pkg_resources package is slated for removal as early as 2025-11-30. Refrain from using this package or pin to Setuptools<81.
  from pkg_resources import parse_version
/home/jupyter-deuk-c4e4/.conda/envs/ts310/lib/python3.10/site-packages/pkg_resources/__init__.py:3148: DeprecationWarning: Deprecated call to `pkg_resources.declare_namespace('mpl_toolkits')`.
Implementing implicit namespace packages (as specified in PEP 420) is preferred to `pkg_resources.declare_namespace`. See https://setuptools.pypa.io/en/latest/references/keywords.html#keyword-namespace-packages
  declare_namespace(pkg)
/home/jupyter-deuk-c4e4/.conda/envs/ts310/lib/python3.10/site-packages/pkg_resources/__init__.py:3148: DeprecationWarning: Deprecated call to `pkg_resources.declare_namespace('google')`.
Implementing implicit namespace packages (as specified in PEP 420) is preferred to `pkg_resources.declare_namespace`. See https://setuptools.pypa.io/en/latest/references/keywords.html#keyword-namespace-packages
  declare_namespace(pkg)
/home/jupyter-deuk-c4e4/.conda/envs/ts310/lib/python3.10/site-packages/Cython/Distutils/old_build_ext.py:15: DeprecationWarning: dep_util is Deprecated. Use functions from setuptools instead.
  from distutils.dep_util import newer, newer_group
<frozen importlib._bootstrap>:283: DeprecationWarning: the load_module() method is deprecated and slated for removal in Python 3.12; use exec_module() instead
Warning: Mujoco-based envs failed to import. Set the environment variable D4RL_SUPPRESS_IMPORT_ERROR=1 to suppress this message.
No module named 'mjrl'
Warning: Flow failed to import. Set the environment variable D4RL_SUPPRESS_IMPORT_ERROR=1 to suppress this message.
No module named 'flow'
Warning: CARLA failed to import. Set the environment variable D4RL_SUPPRESS_IMPORT_ERROR=1 to suppress this message.
No module named 'carla'
pybullet build time: Jan 29 2025 23:16:28
/home/jupyter-deuk-c4e4/.conda/envs/ts310/lib/python3.10/site-packages/gym/envs/registration.py:595: UserWarning: [33mWARN: Overriding environment maze2d-open-v0[0m
  logger.warn(f"Overriding environment {id}")
/home/jupyter-deuk-c4e4/.conda/envs/ts310/lib/python3.10/site-packages/gym/envs/registration.py:595: UserWarning: [33mWARN: Overriding environment maze2d-umaze-v0[0m
  logger.warn(f"Overriding environment {id}")
/home/jupyter-deuk-c4e4/.conda/envs/ts310/lib/python3.10/site-packages/gym/envs/registration.py:595: UserWarning: [33mWARN: Overriding environment maze2d-medium-v0[0m
  logger.warn(f"Overriding environment {id}")
/home/jupyter-deuk-c4e4/.conda/envs/ts310/lib/python3.10/site-packages/gym/envs/registration.py:595: UserWarning: [33mWARN: Overriding environment maze2d-large-v0[0m
  logger.warn(f"Overriding environment {id}")
/home/jupyter-deuk-c4e4/.conda/envs/ts310/lib/python3.10/site-packages/gym/envs/registration.py:595: UserWarning: [33mWARN: Overriding environment maze2d-umaze-v1[0m
  logger.warn(f"Overriding environment {id}")
/home/jupyter-deuk-c4e4/.conda/envs/ts310/lib/python3.10/site-packages/gym/envs/registration.py:595: UserWarning: [33mWARN: Overriding environment maze2d-medium-v1[0m
  logger.warn(f"Overriding environment {id}")
/home/jupyter-deuk-c4e4/.conda/envs/ts310/lib/python3.10/site-packages/gym/envs/registration.py:595: UserWarning: [33mWARN: Overriding environment maze2d-large-v1[0m
  logger.warn(f"Overriding environment {id}")
/home/jupyter-deuk-c4e4/.conda/envs/ts310/lib/python3.10/site-packages/gym/envs/registration.py:595: UserWarning: [33mWARN: Overriding environment maze2d-eval-umaze-v1[0m
  logger.warn(f"Overriding environment {id}")
/home/jupyter-deuk-c4e4/.conda/envs/ts310/lib/python3.10/site-packages/gym/envs/registration.py:595: UserWarning: [33mWARN: Overriding environment maze2d-eval-medium-v1[0m
  logger.warn(f"Overriding environment {id}")
/home/jupyter-deuk-c4e4/.conda/envs/ts310/lib/python3.10/site-packages/gym/envs/registration.py:595: UserWarning: [33mWARN: Overriding environment maze2d-eval-large-v1[0m
  logger.warn(f"Overriding environment {id}")
/home/jupyter-deuk-c4e4/.conda/envs/ts310/lib/python3.10/site-packages/gym/envs/registration.py:595: UserWarning: [33mWARN: Overriding environment maze2d-open-dense-v0[0m
  logger.warn(f"Overriding environment {id}")
/home/jupyter-deuk-c4e4/.conda/envs/ts310/lib/python3.10/site-packages/gym/envs/registration.py:595: UserWarning: [33mWARN: Overriding environment maze2d-umaze-dense-v0[0m
  logger.warn(f"Overriding environment {id}")
/home/jupyter-deuk-c4e4/.conda/envs/ts310/lib/python3.10/site-packages/gym/envs/registration.py:595: UserWarning: [33mWARN: Overriding environment maze2d-medium-dense-v0[0m
  logger.warn(f"Overriding environment {id}")
/home/jupyter-deuk-c4e4/.conda/envs/ts310/lib/python3.10/site-packages/gym/envs/registration.py:595: UserWarning: [33mWARN: Overriding environment maze2d-large-dense-v0[0m
  logger.warn(f"Overriding environment {id}")
/home/jupyter-deuk-c4e4/.conda/envs/ts310/lib/python3.10/site-packages/gym/envs/registration.py:595: UserWarning: [33mWARN: Overriding environment maze2d-umaze-dense-v1[0m
  logger.warn(f"Overriding environment {id}")
/home/jupyter-deuk-c4e4/.conda/envs/ts310/lib/python3.10/site-packages/gym/envs/registration.py:595: UserWarning: [33mWARN: Overriding environment maze2d-medium-dense-v1[0m
  logger.warn(f"Overriding environment {id}")
/home/jupyter-deuk-c4e4/.conda/envs/ts310/lib/python3.10/site-packages/gym/envs/registration.py:595: UserWarning: [33mWARN: Overriding environment maze2d-large-dense-v1[0m
  logger.warn(f"Overriding environment {id}")
/home/jupyter-deuk-c4e4/.conda/envs/ts310/lib/python3.10/site-packages/gym/envs/registration.py:595: UserWarning: [33mWARN: Overriding environment maze2d-eval-umaze-dense-v1[0m
  logger.warn(f"Overriding environment {id}")
/home/jupyter-deuk-c4e4/.conda/envs/ts310/lib/python3.10/site-packages/gym/envs/registration.py:595: UserWarning: [33mWARN: Overriding environment maze2d-eval-medium-dense-v1[0m
  logger.warn(f"Overriding environment {id}")
/home/jupyter-deuk-c4e4/.conda/envs/ts310/lib/python3.10/site-packages/gym/envs/registration.py:595: UserWarning: [33mWARN: Overriding environment maze2d-eval-large-dense-v1[0m
  logger.warn(f"Overriding environment {id}")
/opt/dlami/nvme/home/jupyter-deuk-c4e4/temporal-straightening/custom_resolvers.py:4: UserWarning: 
The version_base parameter is not specified.
Please specify a compatability version level, or None.
Will assume defaults for version 1.1
  @hydra.main(config_path=None)
[2026-07-25 15:35:30,683][__main__][INFO] - Planning result saved dir: /opt/dlami/nvme/home/jupyter-deuk-c4e4/pusht-reproduction/cls_reproduction/plan/mpc_seed_300/chunk_20
/home/jupyter-deuk-c4e4/.conda/envs/ts310/lib/python3.10/site-packages/wandb/sdk/internal/internal_api.py:30: UserWarning: pkg_resources is deprecated as an API. See https://setuptools.pypa.io/en/latest/pkg_resources.html. The pkg_resources package is slated for removal as early as 2025-11-30. Refrain from using this package or pin to Setuptools<81.
  from pkg_resources import parse_version
Using cache found in /home/jupyter-deuk-c4e4/.cache/torch/hub/facebookresearch_dinov2_81b2b6419385
Loaded 18685 rollouts
Loaded 21 rollouts
[2026-07-25 15:35:33,160][dinov2][INFO] - using MLP layer as FFN
[2026-07-25 15:35:33,586][models.dino][WARNING] - Unknown projector 'none' for patch tokens; proceeding without projector.
Resuming from epoch 2: /home/jupyter-deuk-c4e4/pusht-reproduction/cls_reproduction/test/pusht_False_agg32_projnone_dim384_hw14_sgTrue_lr1e-06/checkpoints/model_2.pth
[2026-07-25 15:35:34,011][models.visual_world_model][INFO] - num_action_repeat: 1
[2026-07-25 15:35:34,011][models.visual_world_model][INFO] - num_proprio_repeat: 1
[2026-07-25 15:35:34,012][models.visual_world_model][INFO] - proprio encoder: ProprioceptiveEmbedding(
  (patch_embed): Conv1d(4, 10, kernel_size=(1,), stride=(1,))
  (norm): LayerNorm((10,), eps=1e-05, elementwise_affine=True)
)
[2026-07-25 15:35:34,012][models.visual_world_model][INFO] - action encoder: ProprioceptiveEmbedding(
  (patch_embed): Conv1d(10, 10, kernel_size=(1,), stride=(1,))
  (norm): LayerNorm((10,), eps=1e-05, elementwise_affine=True)
)
[2026-07-25 15:35:34,012][models.visual_world_model][INFO] - proprio_dim: 10, after repeat: 10
[2026-07-25 15:35:34,012][models.visual_world_model][INFO] - action_dim: 10, after repeat: 10
[2026-07-25 15:35:34,012][models.visual_world_model][INFO] - emb_dim: 404
[2026-07-25 15:35:34,012][models.visual_world_model][INFO] - Straightening disabled
[2026-07-25 15:35:34,012][models.visual_world_model][INFO] - Speed constancy disabled
[2026-07-25 15:35:34,012][models.visual_world_model][INFO] - Trajectory penalty disabled
[2026-07-25 15:35:34,012][models.visual_world_model][INFO] - Stop-grad enabled: True
[2026-07-25 15:35:34,012][models.visual_world_model][INFO] - VCReg enabled: False, apply_to=enc, std_coeff=0.0, cov_coeff=0.0
[2026-07-25 15:35:34,012][models.visual_world_model][INFO] - Model emb_dim: 404
[timing] setup_model_s=3.332
eval_seed:  [6001, 6301, 6601, 6901, 7201, 7501, 7801, 8101, 8401, 8701]
Dumped plan targets to /opt/dlami/nvme/home/jupyter-deuk-c4e4/pusht-reproduction/cls_reproduction/plan/mpc_seed_300/chunk_20/plan_targets.pkl
[timing] setup_workspace_s=6.553

MPC iter 0 Eval ------- 
Success rate:  0.0
{'success': array([False, False, False, False, False, False, False, False, False,
       False]), 'state_dist': array([128.06963, 202.05217, 193.59474,  97.49956, 200.35884, 197.73044,
       173.50996, 308.0682 , 170.94376, 183.26967], dtype=float32)}
self.is_success:  [False False False False False False False False False False]

MPC iter 1 Eval ------- 
Success rate:  0.0
{'success': array([False, False, False, False, False, False, False, False, False,
       False]), 'state_dist': array([113.775406, 175.1716  , 213.71022 , 120.69948 , 155.06998 ,
       167.35017 , 169.29184 , 286.38242 , 140.62486 , 159.17264 ],
      dtype=float32)}
self.is_success:  [False False False False False False False False False False]

MPC iter 2 Eval ------- 
Success rate:  0.0
{'success': array([False, False, False, False, False, False, False, False, False,
       False]), 'state_dist': array([123.660995, 122.09023 , 199.38397 , 102.25882 , 111.549904,
       132.88745 , 209.80739 , 202.16582 , 133.25864 , 168.35732 ],
      dtype=float32)}
self.is_success:  [False False False False False False False False False False]

MPC iter 3 Eval ------- 
Success rate:  0.0
{'success': array([False, False, False, False, False, False, False, False, False,
       False]), 'state_dist': array([145.39429, 147.89679, 205.48811, 143.26512,  83.34386, 160.1171 ,
       318.85648, 179.64713, 268.5781 , 167.76054], dtype=float32)}
self.is_success:  [False False False False False False False False False False]

MPC iter 4 Eval ------- 
Success rate:  0.1
{'success': array([False, False, False, False,  True, False, False, False, False,
       False]), 'state_dist': array([157.43391 , 228.7671  , 116.14143 , 183.28296 ,  66.41156 ,
        59.228146, 193.11974 , 138.72029 , 144.15195 ,  87.76573 ],
      dtype=float32)}
self.is_success:  [False False False False  True False False False False False]

MPC iter 5 Eval ------- 
Success rate:  0.2
{'success': array([False, False,  True, False,  True, False, False, False, False,
       False]), 'state_dist': array([131.45001 , 164.71497 ,  23.923088, 110.26311 ,  66.41156 ,
        40.43783 , 182.01207 ,  46.27331 , 119.00659 ,  36.914978],
      dtype=float32)}
self.is_success:  [False False  True False  True False False False False False]

MPC iter 6 Eval ------- 
Success rate:  0.3
{'success': array([False, False,  True, False,  True, False, False, False, False,
        True]), 'state_dist': array([121.505005, 160.40721 ,  23.923088,  22.319494,  66.41156 ,
        31.263493,  53.031437,  51.336212, 106.30742 ,  37.353416],
      dtype=float32)}
self.is_success:  [False False  True False  True False False False False  True]

MPC iter 7 Eval ------- 
Success rate:  0.3
{'success': array([False, False,  True, False,  True, False, False, False, False,
        True]), 'state_dist': array([113.01634 , 165.7741  ,  23.923088,  43.607635,  66.41156 ,
        34.216946,  28.696178,  52.703342, 117.88484 ,  37.353416],
      dtype=float32)}
self.is_success:  [False False  True False  True False False False False  True]

MPC iter 8 Eval ------- 
Success rate:  0.4
{'success': array([False, False,  True,  True,  True, False, False, False, False,
        True]), 'state_dist': array([104.81417 , 159.21608 ,  23.923088,  45.715286,  66.41156 ,
        33.60538 ,  27.45031 ,  50.685215, 107.51922 ,  37.353416],
      dtype=float32)}
self.is_success:  [False False  True  True  True False False False False  True]

MPC iter 9 Eval ------- 
Success rate:  0.4
{'success': array([False, False,  True,  True,  True, False, False, False, False,
        True]), 'state_dist': array([102.54695 , 185.5921  ,  23.923088,  45.715286,  66.41156 ,
        32.1335  ,  28.273247,  50.94668 , 108.37188 ,  37.353416],
      dtype=float32)}
self.is_success:  [False False  True  True  True False False False False  True]

MPC iter 10 Eval ------- 
Success rate:  0.5
{'success': array([False, False,  True,  True,  True, False,  True, False, False,
        True]), 'state_dist': array([103.37457 , 156.58922 ,  23.923088,  45.715286,  66.41156 ,
        30.882988,  28.46046 ,  52.363274, 107.97451 ,  37.353416],
      dtype=float32)}
self.is_success:  [False False  True  True  True False  True False False  True]

MPC iter 11 Eval ------- 
Success rate:  0.5
{'success': array([False, False,  True,  True,  True, False,  True, False, False,
        True]), 'state_dist': array([103.51789 , 157.5966  ,  23.923088,  45.715286,  66.41156 ,
        33.189   ,  28.46046 ,  51.084   , 109.78443 ,  37.353416],
      dtype=float32)}
self.is_success:  [False False  True  True  True False  True False False  True]

MPC iter 12 Eval ------- 
Success rate:  0.5
{'success': array([False, False,  True,  True,  True, False,  True, False, False,
        True]), 'state_dist': array([104.25742 , 188.15863 ,  23.923088,  45.715286,  66.41156 ,
        31.190338,  28.46046 ,  50.05349 , 108.54062 ,  37.353416],
      dtype=float32)}
self.is_success:  [False False  True  True  True False  True False False  True]

MPC iter 13 Eval ------- 
Success rate:  0.5
{'success': array([False, False,  True,  True,  True, False,  True, False, False,
        True]), 'state_dist': array([106.20296 , 167.87894 ,  23.923088,  45.715286,  66.41156 ,
        30.768974,  28.46046 ,  52.666885, 107.72102 ,  37.353416],
      dtype=float32)}
self.is_success:  [False False  True  True  True False  True False False  True]

MPC iter 14 Eval ------- 
Success rate:  0.5
{'success': array([False, False,  True,  True,  True, False,  True, False, False,
        True]), 'state_dist': array([103.158676, 165.38129 ,  23.923088,  45.715286,  66.41156 ,
        33.159283,  28.46046 ,  49.4779  , 107.70265 ,  37.353416],
      dtype=float32)}
self.is_success:  [False False  True  True  True False  True False False  True]

MPC iter 15 Eval ------- 
Success rate:  0.5
{'success': array([False, False,  True,  True,  True, False,  True, False, False,
        True]), 'state_dist': array([105.92009 , 165.24362 ,  23.923088,  45.715286,  66.41156 ,
        31.634453,  28.46046 ,  51.14896 , 109.17628 ,  37.353416],
      dtype=float32)}
self.is_success:  [False False  True  True  True False  True False False  True]

MPC iter 16 Eval ------- 
Success rate:  0.5
{'success': array([False, False,  True,  True,  True, False,  True, False, False,
        True]), 'state_dist': array([104.57266 , 164.60466 ,  23.923088,  45.715286,  66.41156 ,
        33.426636,  28.46046 ,  51.10422 , 109.41664 ,  37.353416],
      dtype=float32)}
self.is_success:  [False False  True  True  True False  True False False  True]

MPC iter 17 Eval ------- 
Success rate:  0.5
{'success': array([False, False,  True,  True,  True, False,  True, False, False,
        True]), 'state_dist': array([105.39653 , 167.15526 ,  23.923088,  45.715286,  66.41156 ,
        32.28668 ,  28.46046 ,  52.104095, 110.37662 ,  37.353416],
      dtype=float32)}
self.is_success:  [False False  True  True  True False  True False False  True]

MPC iter 18 Eval ------- 
Success rate:  0.5
{'success': array([False, False,  True,  True,  True, False,  True, False, False,
        True]), 'state_dist': array([105.84804 , 174.45038 ,  23.923088,  45.715286,  66.41156 ,
        30.806828,  28.46046 ,  50.726765, 108.19323 ,  37.353416],
      dtype=float32)}
self.is_success:  [False False  True  True  True False  True False False  True]

MPC iter 19 Eval ------- 
Success rate:  0.5
{'success': array([False, False,  True,  True,  True, False,  True, False, False,
        True]), 'state_dist': array([102.59017 , 173.69304 ,  23.923088,  45.715286,  66.41156 ,
        32.322456,  28.46046 ,  50.521152, 115.25972 ,  37.353416],
      dtype=float32)}
self.is_success:  [False False  True  True  True False  True False False  True]
Success rate:  0.5
{'success': array([False, False,  True,  True,  True, False,  True, False, False,
        True]), 'state_dist': array([102.59017 , 173.69304 ,  23.923088,  45.715286,  66.41156 ,
        32.322456,  28.46046 ,  50.521152, 115.25972 ,  37.353416],
      dtype=float32)}
[timing] perform_planning_s=115.311
[timing] total_planning_main_s=125.196
